2026-01-15 00:20:55,166 - temporal_gateway.logging_config - INFO - {'log_file': '/home/jaskirat/Documents/comfyautomate/temporal_gateway/logs/gateway_20260114_185055.log', 'level': 'info', 'event': 'Logging configured', 'logger': 'temporal_gateway.logging_config', 'timestamp': '2026-01-14T18:50:55.166557Z'}
2026-01-15 00:20:55,175 - temporal_gateway.registry - INFO - WorkflowRegistry initialized: /home/jaskirat/Documents/comfyautomate/templates
2026-01-15 00:20:55,176 - temporal_gateway.registry - INFO - ✓ fluxdev: Loading from override file
2026-01-15 00:20:55,177 - temporal_gateway.registry - INFO -   Loaded 13 parameters from override file
2026-01-15 00:20:55,179 - temporal_gateway.registry - INFO - ✓ firstEndTovideo: Loading from override file
2026-01-15 00:20:55,180 - temporal_gateway.registry - INFO -   Loaded 44 parameters from override file
2026-01-15 00:20:55,181 - temporal_gateway.registry - INFO - ✓ image_qwen_edit: Loading from override file
2026-01-15 00:20:55,182 - temporal_gateway.registry - INFO -   Loaded 27 parameters from override file
2026-01-15 00:20:55,184 - temporal_gateway.registry - INFO - ✓ video_wan2_2_14B_fun_camera_test: Loading from override file
2026-01-15 00:20:55,186 - temporal_gateway.registry - INFO -   Loaded 49 parameters from override file
2026-01-15 00:20:55,187 - temporal_gateway.registry - INFO - ✓ qwen_image_edit: Loading from override file
2026-01-15 00:20:55,188 - temporal_gateway.registry - INFO -   Loaded 25 parameters from override file
2026-01-15 00:20:55,190 - temporal_gateway.registry - INFO - ✓ video_wan2_2_14B_i2v: Loading from override file
2026-01-15 00:20:55,191 - temporal_gateway.registry - INFO -   Loaded 43 parameters from override file
2026-01-15 00:20:55,192 - temporal_gateway.registry - INFO - ✓ imageSave: Loading from override file
2026-01-15 00:20:55,194 - temporal_gateway.registry - INFO -   Loaded 9 parameters from override file
2026-01-15 00:20:55,195 - temporal_gateway.registry - INFO - Discovery complete: 7 workflows, 0 generated, 7 loaded, 0 regenerated
2026-01-15 00:20:55,197 - temporal_gateway.registry - INFO - ✓ fluxdev: Loading from override file
2026-01-15 00:20:55,198 - temporal_gateway.registry - INFO -   Loaded 13 parameters from override file
2026-01-15 00:20:55,200 - temporal_gateway.registry - INFO - ✓ firstEndTovideo: Loading from override file
2026-01-15 00:20:55,201 - temporal_gateway.registry - INFO -   Loaded 44 parameters from override file
2026-01-15 00:20:55,202 - temporal_gateway.registry - INFO - ✓ image_qwen_edit: Loading from override file
2026-01-15 00:20:55,204 - temporal_gateway.registry - INFO -   Loaded 27 parameters from override file
2026-01-15 00:20:55,205 - temporal_gateway.registry - INFO - ✓ video_wan2_2_14B_fun_camera_test: Loading from override file
2026-01-15 00:20:55,207 - temporal_gateway.registry - INFO -   Loaded 49 parameters from override file
2026-01-15 00:20:55,208 - temporal_gateway.registry - INFO - ✓ qwen_image_edit: Loading from override file
2026-01-15 00:20:55,210 - temporal_gateway.registry - INFO -   Loaded 25 parameters from override file
2026-01-15 00:20:55,211 - temporal_gateway.registry - INFO - ✓ video_wan2_2_14B_i2v: Loading from override file
2026-01-15 00:20:55,212 - temporal_gateway.registry - INFO -   Loaded 43 parameters from override file
2026-01-15 00:20:55,213 - temporal_gateway.registry - INFO - ✓ imageSave: Loading from override file
2026-01-15 00:20:55,214 - temporal_gateway.registry - INFO -   Loaded 9 parameters from override file
2026-01-15 00:20:55,215 - temporal_gateway.registry - INFO - Discovery complete: 7 workflows, 0 generated, 7 loaded, 0 regenerated
2026-01-15 00:20:55,216 - temporal_gateway.clients.approval.routes - INFO - Approval service initialized with Temporal client
2026-01-15 00:20:55,255 - temporal_gateway.services.broadcast - INFO - Created broadcast instance for redis://localhost:6379
2026-01-15 00:20:55,258 - temporal_gateway.services.broadcast - INFO - Broadcast connected to Redis
2026-01-15 00:20:55,259 - temporal_gateway.logging_config - INFO - {'event': '============================================================', 'level': 'info', 'logger': 'temporal_gateway.logging_config', 'timestamp': '2026-01-14T18:50:55.259167Z'}
2026-01-15 00:20:55,260 - temporal_gateway.logging_config - INFO - {'event': '🚀 Temporal Gateway Started', 'level': 'info', 'logger': 'temporal_gateway.logging_config', 'timestamp': '2026-01-14T18:50:55.260471Z'}
2026-01-15 00:20:55,261 - temporal_gateway.logging_config - INFO - {'event': '============================================================', 'level': 'info', 'logger': 'temporal_gateway.logging_config', 'timestamp': '2026-01-14T18:50:55.261735Z'}
2026-01-15 00:20:55,263 - temporal_gateway.logging_config - INFO - {'host': 'localhost:7233', 'event': 'Connected to Temporal', 'level': 'info', 'logger': 'temporal_gateway.logging_config', 'timestamp': '2026-01-14T18:50:55.263212Z'}
2026-01-15 00:20:55,264 - temporal_gateway.logging_config - INFO - {'url': 'http://localhost:8001', 'event': 'Gateway API', 'level': 'info', 'logger': 'temporal_gateway.logging_config', 'timestamp': '2026-01-14T18:50:55.264475Z'}
2026-01-15 00:20:55,265 - temporal_gateway.logging_config - INFO - {'url': 'http://localhost:8233', 'event': 'Temporal UI', 'level': 'info', 'logger': 'temporal_gateway.logging_config', 'timestamp': '2026-01-14T18:50:55.265698Z'}
2026-01-15 00:20:55,267 - temporal_gateway.logging_config - INFO - {'count': 7, 'event': 'Workflows discovered', 'level': 'info', 'logger': 'temporal_gateway.logging_config', 'timestamp': '2026-01-14T18:50:55.266984Z'}
2026-01-15 00:20:55,268 - temporal_gateway.logging_config - INFO - {'path': '/home/jaskirat/Documents/comfyautomate/temporal_gateway/logs/gateway_20260114_185055.log', 'event': 'Log file', 'level': 'info', 'logger': 'temporal_gateway.logging_config', 'timestamp': '2026-01-14T18:50:55.268579Z'}
2026-01-15 00:20:55,270 - temporal_gateway.logging_config - INFO - {'event': '============================================================', 'level': 'info', 'logger': 'temporal_gateway.logging_config', 'timestamp': '2026-01-14T18:50:55.270059Z'}
2026-01-15 00:21:19,453 - temporal_gateway.services.broadcast - INFO - Broadcast disconnected from Redis
