2026-01-04 11:53:30,790 - temporal_gateway.logging_config - INFO - {'log_file': '/home/jaskirat/Documents/comfyautomate/temporal_gateway/logs/gateway_20260104_062330.log', 'level': 'info', 'event': 'Logging configured', 'logger': 'temporal_gateway.logging_config', 'timestamp': '2026-01-04T06:23:30.790484Z'}
2026-01-04 11:53:30,797 - temporal_gateway.workflow_registry - INFO - WorkflowRegistry initialized: /home/jaskirat/Documents/comfyautomate/workflows
2026-01-04 11:53:30,799 - temporal_gateway.workflow_registry - INFO - ✓ firstEndTovideo: Loading from override file
2026-01-04 11:53:30,800 - temporal_gateway.workflow_registry - INFO -   Loaded 44 parameters from override file
2026-01-04 11:53:30,802 - temporal_gateway.workflow_registry - INFO - ✓ video_wan2_2_14B_fun_camera_test: Loading from override file
2026-01-04 11:53:30,803 - temporal_gateway.workflow_registry - INFO -   Loaded 49 parameters from override file
2026-01-04 11:53:30,804 - temporal_gateway.workflow_registry - INFO - ✓ qwen_image_edit: Loading from override file
2026-01-04 11:53:30,805 - temporal_gateway.workflow_registry - INFO -   Loaded 25 parameters from override file
2026-01-04 11:53:30,807 - temporal_gateway.workflow_registry - INFO - ✓ video_wan2_2_14B_i2v: Loading from override file
2026-01-04 11:53:30,808 - temporal_gateway.workflow_registry - INFO -   Loaded 43 parameters from override file
2026-01-04 11:53:30,809 - temporal_gateway.workflow_registry - INFO - ✓ imageSave: Loading from override file
2026-01-04 11:53:30,810 - temporal_gateway.workflow_registry - INFO -   Loaded 9 parameters from override file
2026-01-04 11:53:30,811 - temporal_gateway.workflow_registry - INFO - Discovery complete: 5 workflows, 0 generated, 5 loaded, 0 regenerated
2026-01-04 11:53:30,813 - temporal_gateway.workflow_registry - INFO - ✓ firstEndTovideo: Loading from override file
2026-01-04 11:53:30,814 - temporal_gateway.workflow_registry - INFO -   Loaded 44 parameters from override file
2026-01-04 11:53:30,816 - temporal_gateway.workflow_registry - INFO - ✓ video_wan2_2_14B_fun_camera_test: Loading from override file
2026-01-04 11:53:30,817 - temporal_gateway.workflow_registry - INFO -   Loaded 49 parameters from override file
2026-01-04 11:53:30,818 - temporal_gateway.workflow_registry - INFO - ✓ qwen_image_edit: Loading from override file
2026-01-04 11:53:30,820 - temporal_gateway.workflow_registry - INFO -   Loaded 25 parameters from override file
2026-01-04 11:53:30,821 - temporal_gateway.workflow_registry - INFO - ✓ video_wan2_2_14B_i2v: Loading from override file
2026-01-04 11:53:30,822 - temporal_gateway.workflow_registry - INFO -   Loaded 43 parameters from override file
2026-01-04 11:53:30,824 - temporal_gateway.workflow_registry - INFO - ✓ imageSave: Loading from override file
2026-01-04 11:53:30,824 - temporal_gateway.workflow_registry - INFO -   Loaded 9 parameters from override file
2026-01-04 11:53:30,825 - temporal_gateway.workflow_registry - INFO - Discovery complete: 5 workflows, 0 generated, 5 loaded, 0 regenerated
2026-01-04 11:53:30,826 - temporal_gateway.clients.approval.routes - INFO - Approval service initialized with Temporal client
2026-01-04 11:53:30,827 - temporal_gateway.logging_config - INFO - {'event': '============================================================', 'level': 'info', 'logger': 'temporal_gateway.logging_config', 'timestamp': '2026-01-04T06:23:30.827752Z'}
2026-01-04 11:53:30,829 - temporal_gateway.logging_config - INFO - {'event': '🚀 Temporal Gateway Started', 'level': 'info', 'logger': 'temporal_gateway.logging_config', 'timestamp': '2026-01-04T06:23:30.829400Z'}
2026-01-04 11:53:30,831 - temporal_gateway.logging_config - INFO - {'event': '============================================================', 'level': 'info', 'logger': 'temporal_gateway.logging_config', 'timestamp': '2026-01-04T06:23:30.831072Z'}
2026-01-04 11:53:30,832 - temporal_gateway.logging_config - INFO - {'host': 'localhost:7233', 'event': 'Connected to Temporal', 'level': 'info', 'logger': 'temporal_gateway.logging_config', 'timestamp': '2026-01-04T06:23:30.832575Z'}
2026-01-04 11:53:30,834 - temporal_gateway.logging_config - INFO - {'url': 'http://localhost:8001', 'event': 'Gateway API', 'level': 'info', 'logger': 'temporal_gateway.logging_config', 'timestamp': '2026-01-04T06:23:30.834019Z'}
2026-01-04 11:53:30,835 - temporal_gateway.logging_config - INFO - {'url': 'http://localhost:8233', 'event': 'Temporal UI', 'level': 'info', 'logger': 'temporal_gateway.logging_config', 'timestamp': '2026-01-04T06:23:30.835490Z'}
2026-01-04 11:53:30,836 - temporal_gateway.logging_config - INFO - {'count': 5, 'event': 'Workflows discovered', 'level': 'info', 'logger': 'temporal_gateway.logging_config', 'timestamp': '2026-01-04T06:23:30.836800Z'}
2026-01-04 11:53:30,838 - temporal_gateway.logging_config - INFO - {'path': '/home/jaskirat/Documents/comfyautomate/temporal_gateway/logs/gateway_20260104_062330.log', 'event': 'Log file', 'level': 'info', 'logger': 'temporal_gateway.logging_config', 'timestamp': '2026-01-04T06:23:30.837974Z'}
2026-01-04 11:53:30,839 - temporal_gateway.logging_config - INFO - {'event': '============================================================', 'level': 'info', 'logger': 'temporal_gateway.logging_config', 'timestamp': '2026-01-04T06:23:30.839243Z'}
2026-01-04 11:53:41,465 - temporal_gateway.clients.approval.routes - INFO - Approving token Y8fN22u9dof5LUcc... with service that has client: True
2026-01-04 11:53:41,503 - temporal_gateway.clients.approval.service - INFO - Sent approval signal to workflow chain-image-edit-to-video-pipeline-966094d2-0a37-4b60-970b-918ff0be6523 for step extract_frame1: decision=approved, decided_by=test-user
2026-01-04 11:53:41,505 - temporal_gateway.clients.approval.routes - INFO - Approve result: {'status': 'approved', 'approval_request_id': 'aed4afd9-1991-4732-a71d-504d65c25719', 'decided_by': 'test-user', 'workflow_signaled': True}
2026-01-04 11:53:41,514 - temporal_gateway.clients.approval.routes - INFO - Approving token 3Uc8XfACwJaZw2UY... with service that has client: True
2026-01-04 11:53:41,527 - temporal_gateway.clients.approval.service - INFO - Sent approval signal to workflow chain-image-edit-to-video-pipeline-966094d2-0a37-4b60-970b-918ff0be6523 for step extract_frame2: decision=approved, decided_by=test-user
2026-01-04 11:53:41,529 - temporal_gateway.clients.approval.routes - INFO - Approve result: {'status': 'approved', 'approval_request_id': '5bab2cf9-26f4-4438-ac28-b4760cf27539', 'decided_by': 'test-user', 'workflow_signaled': True}
2026-01-04 11:54:47,949 - temporal_gateway.clients.approval.routes - INFO - Approving token VspdBj7Wh4YEI9gr... with service that has client: True
2026-01-04 11:54:47,959 - temporal_gateway.clients.approval.service - INFO - Sent approval signal to workflow chain-image-edit-to-video-pipeline-966094d2-0a37-4b60-970b-918ff0be6523 for step edit_frame2: decision=approved, decided_by=test-user
2026-01-04 11:54:47,960 - temporal_gateway.clients.approval.routes - INFO - Approve result: {'status': 'approved', 'approval_request_id': '3723e9e1-73da-4a2c-ae03-3bdef0878a45', 'decided_by': 'test-user', 'workflow_signaled': True}
2026-01-04 11:55:18,158 - temporal_gateway.clients.approval.routes - INFO - Approving token 7VuBxTmHWfj5OpJ2... with service that has client: True
2026-01-04 11:55:18,192 - temporal_gateway.clients.approval.service - INFO - Sent approval signal to workflow chain-image-edit-to-video-pipeline-966094d2-0a37-4b60-970b-918ff0be6523 for step edit_frame1: decision=approved, decided_by=test-user
2026-01-04 11:55:18,195 - temporal_gateway.clients.approval.routes - INFO - Approve result: {'status': 'approved', 'approval_request_id': 'de046dd1-d6a1-4d07-82c6-ce07608ca633', 'decided_by': 'test-user', 'workflow_signaled': True}
2026-01-04 12:00:42,277 - temporal_gateway.clients.approval.routes - INFO - Approving token 3qd2j3E-FPuVSSGN... with service that has client: True
2026-01-04 12:00:42,289 - temporal_gateway.clients.approval.service - INFO - Sent approval signal to workflow chain-image-edit-to-video-pipeline-966094d2-0a37-4b60-970b-918ff0be6523 for step create_video: decision=approved, decided_by=test-user
2026-01-04 12:00:42,291 - temporal_gateway.clients.approval.routes - INFO - Approve result: {'status': 'approved', 'approval_request_id': 'c08d79ba-adde-463f-9f33-d1a1b2dbc1b3', 'decided_by': 'test-user', 'workflow_signaled': True}
2026-01-04 12:00:56,518 - temporal_gateway.clients.approval.routes - INFO - Approving token k25IdgWdR91on078... with service that has client: True
2026-01-04 12:00:56,531 - temporal_gateway.clients.approval.service - INFO - Sent approval signal to workflow chain-image-edit-to-video-pipeline-7835bacc-170c-43a4-ac97-0ca965184b24 for step extract_frame1: decision=approved, decided_by=test-user
2026-01-04 12:00:56,533 - temporal_gateway.clients.approval.routes - INFO - Approve result: {'status': 'approved', 'approval_request_id': 'b1bd3d16-9c17-4852-8c32-1a16688647c5', 'decided_by': 'test-user', 'workflow_signaled': True}
2026-01-04 12:00:56,542 - temporal_gateway.clients.approval.routes - INFO - Approving token OC0ck6ORThtnccWw... with service that has client: True
2026-01-04 12:00:56,556 - temporal_gateway.clients.approval.service - INFO - Sent approval signal to workflow chain-image-edit-to-video-pipeline-7835bacc-170c-43a4-ac97-0ca965184b24 for step extract_frame2: decision=approved, decided_by=test-user
2026-01-04 12:00:56,559 - temporal_gateway.clients.approval.routes - INFO - Approve result: {'status': 'approved', 'approval_request_id': '853333f9-c5fb-446d-a30a-7973f7001d3c', 'decided_by': 'test-user', 'workflow_signaled': True}
2026-01-04 12:02:00,986 - temporal_gateway.clients.approval.service - INFO - Sent approval signal to workflow chain-image-edit-to-video-pipeline-7835bacc-170c-43a4-ac97-0ca965184b24 for step edit_frame2: decision=rejected, decided_by=test-user
2026-01-04 12:02:31,173 - temporal_gateway.clients.approval.routes - INFO - Approving token SnPQ5QRWtVGNraZ1... with service that has client: True
2026-01-04 12:02:31,214 - temporal_gateway.clients.approval.service - INFO - Sent approval signal to workflow chain-image-edit-to-video-pipeline-7835bacc-170c-43a4-ac97-0ca965184b24 for step edit_frame1: decision=approved, decided_by=test-user
2026-01-04 12:02:31,222 - temporal_gateway.clients.approval.routes - INFO - Approve result: {'status': 'approved', 'approval_request_id': '5ea08d66-8aa0-4e2f-bc1f-3cf0fbf20575', 'decided_by': 'test-user', 'workflow_signaled': True}
2026-01-04 12:03:03,432 - temporal_gateway.clients.approval.routes - INFO - Approving token PDzklbgolI_cp7Ub... with service that has client: True
2026-01-04 12:03:03,444 - temporal_gateway.clients.approval.service - INFO - Sent approval signal to workflow chain-image-edit-to-video-pipeline-7835bacc-170c-43a4-ac97-0ca965184b24 for step edit_frame2: decision=approved, decided_by=test-user
2026-01-04 12:03:03,446 - temporal_gateway.clients.approval.routes - INFO - Approve result: {'status': 'approved', 'approval_request_id': '69f8b2f8-a39f-402e-9566-d191676f2ed2', 'decided_by': 'test-user', 'workflow_signaled': True}
2026-01-04 12:08:23,534 - temporal_gateway.clients.approval.routes - INFO - Approving token u6_rNpiQpzSCyPLJ... with service that has client: True
2026-01-04 12:08:23,569 - temporal_gateway.clients.approval.service - INFO - Sent approval signal to workflow chain-image-edit-to-video-pipeline-7835bacc-170c-43a4-ac97-0ca965184b24 for step create_video: decision=approved, decided_by=test-user
2026-01-04 12:08:23,572 - temporal_gateway.clients.approval.routes - INFO - Approve result: {'status': 'approved', 'approval_request_id': 'a87f180c-da5a-4632-a409-e2e72b62e91a', 'decided_by': 'test-user', 'workflow_signaled': True}
2026-01-04 12:18:36,714 - temporal_gateway.clients.approval.routes - INFO - Approving token ygDjJ_ya21tpCu_D... with service that has client: True
2026-01-04 12:18:36,750 - temporal_gateway.clients.approval.service - INFO - Sent approval signal to workflow chain-image-edit-to-video-pipeline-e1ecfa4a-347f-4e2f-aa5b-2582281dc3cb for step extract_frame2: decision=approved, decided_by=test-user
2026-01-04 12:18:36,752 - temporal_gateway.clients.approval.routes - INFO - Approve result: {'status': 'approved', 'approval_request_id': 'e049ff71-26d5-44e5-8f5b-302f06075d4d', 'decided_by': 'test-user', 'workflow_signaled': True}
2026-01-04 12:18:36,759 - temporal_gateway.clients.approval.routes - INFO - Approving token u-WsHnvjRefT9VwA... with service that has client: True
2026-01-04 12:18:36,772 - temporal_gateway.clients.approval.service - INFO - Sent approval signal to workflow chain-image-edit-to-video-pipeline-e1ecfa4a-347f-4e2f-aa5b-2582281dc3cb for step extract_frame1: decision=approved, decided_by=test-user
2026-01-04 12:18:36,773 - temporal_gateway.clients.approval.routes - INFO - Approve result: {'status': 'approved', 'approval_request_id': '36c662dc-0529-4b8d-a29e-544681d1f0e4', 'decided_by': 'test-user', 'workflow_signaled': True}
2026-01-04 12:19:43,197 - temporal_gateway.clients.approval.routes - INFO - Approving token _PIae8-7_g1WcpJP... with service that has client: True
2026-01-04 12:19:43,229 - temporal_gateway.clients.approval.service - INFO - Sent approval signal to workflow chain-image-edit-to-video-pipeline-e1ecfa4a-347f-4e2f-aa5b-2582281dc3cb for step edit_frame2: decision=approved, decided_by=test-user
2026-01-04 12:19:43,231 - temporal_gateway.clients.approval.routes - INFO - Approve result: {'status': 'approved', 'approval_request_id': 'b99915e8-c6e2-47f2-9c9e-1f9119dc8e11', 'decided_by': 'test-user', 'workflow_signaled': True}
2026-01-04 12:20:13,459 - temporal_gateway.clients.approval.routes - INFO - Approving token 0IZKi5NI-1pJKQ24... with service that has client: True
2026-01-04 12:20:13,488 - temporal_gateway.clients.approval.service - INFO - Sent approval signal to workflow chain-image-edit-to-video-pipeline-e1ecfa4a-347f-4e2f-aa5b-2582281dc3cb for step edit_frame1: decision=approved, decided_by=test-user
2026-01-04 12:20:13,490 - temporal_gateway.clients.approval.routes - INFO - Approve result: {'status': 'approved', 'approval_request_id': '3a906bfa-563f-47d7-962b-381d5a8d0b1e', 'decided_by': 'test-user', 'workflow_signaled': True}
2026-01-04 12:25:33,563 - temporal_gateway.clients.approval.routes - INFO - Approving token FLp5B4mZgldDUM4Q... with service that has client: True
2026-01-04 12:25:33,595 - temporal_gateway.clients.approval.service - INFO - Sent approval signal to workflow chain-image-edit-to-video-pipeline-e1ecfa4a-347f-4e2f-aa5b-2582281dc3cb for step create_video: decision=approved, decided_by=test-user
2026-01-04 12:25:33,597 - temporal_gateway.clients.approval.routes - INFO - Approve result: {'status': 'approved', 'approval_request_id': '4c21936c-34a3-4c9d-b70b-a0c27920efae', 'decided_by': 'test-user', 'workflow_signaled': True}
2026-01-06 16:54:15,101 - temporal_gateway.clients.approval.routes - INFO - Approving token djs_SUdfb27RmteZ... with service that has client: True
2026-01-06 16:54:15,133 - temporal_gateway.clients.approval.service - INFO - Sent approval signal to workflow chain-image-edit-to-video-pipeline-92a10d96-89b2-4ca7-9ca9-439ee8fbb261 for step extract_frame1: decision=approved, decided_by=test-user
2026-01-06 16:54:15,135 - temporal_gateway.clients.approval.routes - INFO - Approve result: {'status': 'approved', 'approval_request_id': '83006648-5f31-4436-8435-50f299df62f8', 'decided_by': 'test-user', 'workflow_signaled': True}
2026-01-06 16:54:15,145 - temporal_gateway.clients.approval.routes - INFO - Approving token tvf0k3AxCkZEOA0t... with service that has client: True
2026-01-06 16:54:15,161 - temporal_gateway.clients.approval.service - INFO - Sent approval signal to workflow chain-image-edit-to-video-pipeline-92a10d96-89b2-4ca7-9ca9-439ee8fbb261 for step extract_frame2: decision=approved, decided_by=test-user
2026-01-06 16:54:15,163 - temporal_gateway.clients.approval.routes - INFO - Approve result: {'status': 'approved', 'approval_request_id': '85ca1e45-c97f-4eab-bb4e-1717ab05a203', 'decided_by': 'test-user', 'workflow_signaled': True}
2026-01-06 16:55:17,462 - temporal_gateway.clients.approval.routes - INFO - Approving token JF64oicI8nTl5aAQ... with service that has client: True
2026-01-06 16:55:17,474 - temporal_gateway.clients.approval.service - INFO - Sent approval signal to workflow chain-image-edit-to-video-pipeline-92a10d96-89b2-4ca7-9ca9-439ee8fbb261 for step edit_frame1: decision=approved, decided_by=test-user
2026-01-06 16:55:17,476 - temporal_gateway.clients.approval.routes - INFO - Approve result: {'status': 'approved', 'approval_request_id': '5093a771-ef08-45c7-99dc-0c3e0573c092', 'decided_by': 'test-user', 'workflow_signaled': True}
2026-01-06 16:55:51,723 - temporal_gateway.clients.approval.routes - INFO - Approving token 3syJnCmKR-Ih10Wh... with service that has client: True
2026-01-06 16:55:51,748 - temporal_gateway.clients.approval.service - INFO - Sent approval signal to workflow chain-image-edit-to-video-pipeline-92a10d96-89b2-4ca7-9ca9-439ee8fbb261 for step edit_frame2: decision=approved, decided_by=test-user
2026-01-06 16:55:51,750 - temporal_gateway.clients.approval.routes - INFO - Approve result: {'status': 'approved', 'approval_request_id': 'a6ae0eb6-3d92-411c-8fde-09fec00ef844', 'decided_by': 'test-user', 'workflow_signaled': True}
2026-01-06 17:01:37,353 - temporal_gateway.clients.approval.routes - INFO - Approving token _t6BYVC-9ZYm1bpJ... with service that has client: True
2026-01-06 17:01:37,367 - temporal_gateway.clients.approval.service - INFO - Sent approval signal to workflow chain-image-edit-to-video-pipeline-92a10d96-89b2-4ca7-9ca9-439ee8fbb261 for step create_video: decision=approved, decided_by=test-user
2026-01-06 17:01:37,370 - temporal_gateway.clients.approval.routes - INFO - Approve result: {'status': 'approved', 'approval_request_id': '85d4d795-16ca-410c-ad0a-2819cfd75fee', 'decided_by': 'test-user', 'workflow_signaled': True}
2026-01-06 17:01:51,605 - temporal_gateway.clients.approval.routes - INFO - Approving token oqdAqgiev0MYeLwy... with service that has client: True
2026-01-06 17:01:51,619 - temporal_gateway.clients.approval.service - INFO - Sent approval signal to workflow chain-image-edit-to-video-pipeline-2e363da6-a0cb-49e6-8da9-75fed0c9b837 for step extract_frame1: decision=approved, decided_by=test-user
2026-01-06 17:01:51,621 - temporal_gateway.clients.approval.routes - INFO - Approve result: {'status': 'approved', 'approval_request_id': '81223a8d-0690-4184-bca6-c368dc1f45c8', 'decided_by': 'test-user', 'workflow_signaled': True}
2026-01-06 17:01:51,630 - temporal_gateway.clients.approval.routes - INFO - Approving token 2xonkzjY0Xg-Kghf... with service that has client: True
2026-01-06 17:01:51,644 - temporal_gateway.clients.approval.service - INFO - Sent approval signal to workflow chain-image-edit-to-video-pipeline-2e363da6-a0cb-49e6-8da9-75fed0c9b837 for step extract_frame2: decision=approved, decided_by=test-user
2026-01-06 17:01:51,645 - temporal_gateway.clients.approval.routes - INFO - Approve result: {'status': 'approved', 'approval_request_id': 'e64a1a2c-ddbc-4c06-8800-8aa80938a597', 'decided_by': 'test-user', 'workflow_signaled': True}
2026-01-06 17:02:58,029 - temporal_gateway.clients.approval.service - INFO - Sent approval signal to workflow chain-image-edit-to-video-pipeline-2e363da6-a0cb-49e6-8da9-75fed0c9b837 for step edit_frame2: decision=rejected, decided_by=test-user
2026-01-06 17:03:32,238 - temporal_gateway.clients.approval.routes - INFO - Approving token W3NDnk2SdUIDoiQ0... with service that has client: True
2026-01-06 17:03:32,252 - temporal_gateway.clients.approval.service - INFO - Sent approval signal to workflow chain-image-edit-to-video-pipeline-2e363da6-a0cb-49e6-8da9-75fed0c9b837 for step edit_frame1: decision=approved, decided_by=test-user
2026-01-06 17:03:32,255 - temporal_gateway.clients.approval.routes - INFO - Approve result: {'status': 'approved', 'approval_request_id': 'f8eb395f-b0f3-4739-889c-5dfbe7b1c0fc', 'decided_by': 'test-user', 'workflow_signaled': True}
2026-01-06 17:04:04,412 - temporal_gateway.clients.approval.routes - INFO - Approving token 9GKusf5zzUOnP1_A... with service that has client: True
2026-01-06 17:04:04,424 - temporal_gateway.clients.approval.service - INFO - Sent approval signal to workflow chain-image-edit-to-video-pipeline-2e363da6-a0cb-49e6-8da9-75fed0c9b837 for step edit_frame2: decision=approved, decided_by=test-user
2026-01-06 17:04:04,427 - temporal_gateway.clients.approval.routes - INFO - Approve result: {'status': 'approved', 'approval_request_id': 'a57b756a-95a8-47f1-8b6a-4d802b166537', 'decided_by': 'test-user', 'workflow_signaled': True}
2026-01-06 17:09:33,662 - temporal_gateway.clients.approval.routes - INFO - Approving token bPO4ty6eyM15sMHH... with service that has client: True
2026-01-06 17:09:33,672 - temporal_gateway.clients.approval.service - INFO - Sent approval signal to workflow chain-image-edit-to-video-pipeline-2e363da6-a0cb-49e6-8da9-75fed0c9b837 for step create_video: decision=approved, decided_by=test-user
2026-01-06 17:09:33,674 - temporal_gateway.clients.approval.routes - INFO - Approve result: {'status': 'approved', 'approval_request_id': '93e42ad6-65c3-4b0e-8b0c-a08354ead91b', 'decided_by': 'test-user', 'workflow_signaled': True}
2026-01-06 17:19:46,467 - temporal_gateway.clients.approval.routes - INFO - Approving token eDAV4JEh_d0PZWfB... with service that has client: True
2026-01-06 17:19:46,495 - temporal_gateway.clients.approval.service - INFO - Sent approval signal to workflow chain-image-edit-to-video-pipeline-7ad76919-0c33-42c2-ba36-f439477860e5 for step extract_frame2: decision=approved, decided_by=test-user
2026-01-06 17:19:46,497 - temporal_gateway.clients.approval.routes - INFO - Approve result: {'status': 'approved', 'approval_request_id': '76f894df-b81b-45af-8519-2252e15e5d28', 'decided_by': 'test-user', 'workflow_signaled': True}
2026-01-06 17:19:46,504 - temporal_gateway.clients.approval.routes - INFO - Approving token DupN2XUQBKH3uwGP... with service that has client: True
2026-01-06 17:19:46,514 - temporal_gateway.clients.approval.service - INFO - Sent approval signal to workflow chain-image-edit-to-video-pipeline-7ad76919-0c33-42c2-ba36-f439477860e5 for step extract_frame1: decision=approved, decided_by=test-user
2026-01-06 17:19:46,516 - temporal_gateway.clients.approval.routes - INFO - Approve result: {'status': 'approved', 'approval_request_id': 'fce0eb80-df6a-4a6c-8a08-032f0349a529', 'decided_by': 'test-user', 'workflow_signaled': True}
2026-01-06 17:20:48,829 - temporal_gateway.clients.approval.routes - INFO - Approving token xynOGBxlxy1zYvy-... with service that has client: True
2026-01-06 17:20:48,840 - temporal_gateway.clients.approval.service - INFO - Sent approval signal to workflow chain-image-edit-to-video-pipeline-7ad76919-0c33-42c2-ba36-f439477860e5 for step edit_frame1: decision=approved, decided_by=test-user
2026-01-06 17:20:48,843 - temporal_gateway.clients.approval.routes - INFO - Approve result: {'status': 'approved', 'approval_request_id': 'bcfb1910-6d1a-44ec-8e12-7de467341ad8', 'decided_by': 'test-user', 'workflow_signaled': True}
2026-01-06 17:21:20,946 - temporal_gateway.clients.approval.routes - INFO - Approving token MziafoxXCofQCYGu... with service that has client: True
2026-01-06 17:21:20,961 - temporal_gateway.clients.approval.service - INFO - Sent approval signal to workflow chain-image-edit-to-video-pipeline-7ad76919-0c33-42c2-ba36-f439477860e5 for step edit_frame2: decision=approved, decided_by=test-user
2026-01-06 17:21:20,963 - temporal_gateway.clients.approval.routes - INFO - Approve result: {'status': 'approved', 'approval_request_id': '7fe41f0b-dc0d-4b0a-a4e3-6e891cd3ab27', 'decided_by': 'test-user', 'workflow_signaled': True}
2026-01-06 17:26:48,524 - temporal_gateway.clients.approval.routes - INFO - Approving token ix_SS-BLGd6BK-at... with service that has client: True
2026-01-06 17:26:48,534 - temporal_gateway.clients.approval.service - INFO - Sent approval signal to workflow chain-image-edit-to-video-pipeline-7ad76919-0c33-42c2-ba36-f439477860e5 for step create_video: decision=approved, decided_by=test-user
2026-01-06 17:26:48,537 - temporal_gateway.clients.approval.routes - INFO - Approve result: {'status': 'approved', 'approval_request_id': '5ad02403-a544-442c-9a7c-a76a7b8e22ce', 'decided_by': 'test-user', 'workflow_signaled': True}
2026-01-06 17:29:48,423 - temporal_gateway.clients.approval.routes - INFO - Approving token voH0vZiwQF840BC3... with service that has client: True
2026-01-06 17:29:48,437 - temporal_gateway.clients.approval.service - INFO - Sent approval signal to workflow chain-image-edit-to-video-pipeline-a4ed6472-fbb8-48bf-8255-4f132355067b for step extract_frame1: decision=approved, decided_by=test-user
2026-01-06 17:29:48,439 - temporal_gateway.clients.approval.routes - INFO - Approve result: {'status': 'approved', 'approval_request_id': '36f1f068-81fd-4a65-beaf-33390656ded2', 'decided_by': 'test-user', 'workflow_signaled': True}
2026-01-06 17:29:48,448 - temporal_gateway.clients.approval.routes - INFO - Approving token dXoa9WKuK0sm6qU2... with service that has client: True
2026-01-06 17:29:48,461 - temporal_gateway.clients.approval.service - INFO - Sent approval signal to workflow chain-image-edit-to-video-pipeline-a4ed6472-fbb8-48bf-8255-4f132355067b for step extract_frame2: decision=approved, decided_by=test-user
2026-01-06 17:29:48,463 - temporal_gateway.clients.approval.routes - INFO - Approve result: {'status': 'approved', 'approval_request_id': '1fba8f7e-16c2-49e0-809c-a6ccbee33bb3', 'decided_by': 'test-user', 'workflow_signaled': True}
2026-01-06 17:30:52,866 - temporal_gateway.clients.approval.routes - INFO - Approving token B7YNzHD5-OLCBXXK... with service that has client: True
2026-01-06 17:30:52,899 - temporal_gateway.clients.approval.service - INFO - Sent approval signal to workflow chain-image-edit-to-video-pipeline-a4ed6472-fbb8-48bf-8255-4f132355067b for step edit_frame1: decision=approved, decided_by=test-user
2026-01-06 17:30:52,901 - temporal_gateway.clients.approval.routes - INFO - Approve result: {'status': 'approved', 'approval_request_id': '4a96cca4-7522-4451-9625-d253e3bc061f', 'decided_by': 'test-user', 'workflow_signaled': True}
2026-01-06 17:31:25,126 - temporal_gateway.clients.approval.routes - INFO - Approving token GdV-8_C_i4WOoNc1... with service that has client: True
2026-01-06 17:31:25,135 - temporal_gateway.clients.approval.service - INFO - Sent approval signal to workflow chain-image-edit-to-video-pipeline-a4ed6472-fbb8-48bf-8255-4f132355067b for step edit_frame2: decision=approved, decided_by=test-user
2026-01-06 17:31:25,136 - temporal_gateway.clients.approval.routes - INFO - Approve result: {'status': 'approved', 'approval_request_id': 'a1e5ddea-d83d-4b9a-a869-27116f7e5a3d', 'decided_by': 'test-user', 'workflow_signaled': True}
2026-01-06 17:40:05,486 - temporal_gateway.clients.approval.routes - INFO - Approving token 9geWTvlpzI12yfAh... with service that has client: True
2026-01-06 17:40:05,497 - temporal_gateway.clients.approval.service - INFO - Sent approval signal to workflow chain-image-edit-to-video-pipeline-a4ed6472-fbb8-48bf-8255-4f132355067b for step create_video: decision=approved, decided_by=test-user
2026-01-06 17:40:05,499 - temporal_gateway.clients.approval.routes - INFO - Approve result: {'status': 'approved', 'approval_request_id': '1e312ee4-93c8-4870-8f7f-35244570d43b', 'decided_by': 'test-user', 'workflow_signaled': True}
2026-01-06 17:40:11,547 - temporal_gateway.clients.approval.routes - INFO - Approving token bEAEkxE5gNFcnhyU... with service that has client: True
2026-01-06 17:40:11,579 - temporal_gateway.clients.approval.service - INFO - Sent approval signal to workflow chain-image-edit-to-video-pipeline-3e606dc9-5931-4496-b75d-a8a234390f88 for step extract_frame2: decision=approved, decided_by=test-user
2026-01-06 17:40:11,581 - temporal_gateway.clients.approval.routes - INFO - Approve result: {'status': 'approved', 'approval_request_id': '1d08abac-536d-4b5d-886d-e473c3af7d52', 'decided_by': 'test-user', 'workflow_signaled': True}
2026-01-06 17:40:11,589 - temporal_gateway.clients.approval.routes - INFO - Approving token 4Ik5z9toKKDKzcVB... with service that has client: True
2026-01-06 17:40:11,599 - temporal_gateway.clients.approval.service - INFO - Sent approval signal to workflow chain-image-edit-to-video-pipeline-3e606dc9-5931-4496-b75d-a8a234390f88 for step extract_frame1: decision=approved, decided_by=test-user
2026-01-06 17:40:11,601 - temporal_gateway.clients.approval.routes - INFO - Approve result: {'status': 'approved', 'approval_request_id': '96a59203-5fe9-4bfb-804f-69e6236d6eb9', 'decided_by': 'test-user', 'workflow_signaled': True}
2026-01-06 17:41:46,980 - temporal_gateway.clients.approval.routes - INFO - Approving token iEfyvh0daU3wXAoT... with service that has client: True
2026-01-06 17:41:47,001 - temporal_gateway.clients.approval.service - INFO - Sent approval signal to workflow chain-image-edit-to-video-pipeline-4ca3af17-64df-478c-b9a6-fd9d6c8fd301 for step extract_frame2: decision=approved, decided_by=test-user
2026-01-06 17:41:47,003 - temporal_gateway.clients.approval.routes - INFO - Approve result: {'status': 'approved', 'approval_request_id': '6ebb4a15-4adf-40a1-b047-5f8a7f0c7a94', 'decided_by': 'test-user', 'workflow_signaled': True}
2026-01-06 17:41:47,014 - temporal_gateway.clients.approval.routes - INFO - Approving token pBsRoAQkNI6IZmbr... with service that has client: True
2026-01-06 17:41:47,031 - temporal_gateway.clients.approval.service - INFO - Sent approval signal to workflow chain-image-edit-to-video-pipeline-4ca3af17-64df-478c-b9a6-fd9d6c8fd301 for step extract_frame1: decision=approved, decided_by=test-user
2026-01-06 17:41:47,033 - temporal_gateway.clients.approval.routes - INFO - Approve result: {'status': 'approved', 'approval_request_id': '79949ae4-a870-4776-95ad-0f1433ce6388', 'decided_by': 'test-user', 'workflow_signaled': True}
2026-01-06 17:43:21,288 - temporal_gateway.clients.approval.routes - INFO - Approving token 7KwookIBwZukOhrj... with service that has client: True
2026-01-06 17:43:21,331 - temporal_gateway.clients.approval.service - INFO - Sent approval signal to workflow chain-image-edit-to-video-pipeline-901986c4-40b4-47f3-bf19-1cedc0467190 for step extract_frame1: decision=approved, decided_by=test-user
2026-01-06 17:43:21,334 - temporal_gateway.clients.approval.routes - INFO - Approve result: {'status': 'approved', 'approval_request_id': '91130fa5-3e08-403b-99b9-12ecf74af6f7', 'decided_by': 'test-user', 'workflow_signaled': True}
2026-01-06 17:43:21,342 - temporal_gateway.clients.approval.routes - INFO - Approving token _bLd1MVnYRL0cl4n... with service that has client: True
2026-01-06 17:43:21,357 - temporal_gateway.clients.approval.service - INFO - Sent approval signal to workflow chain-image-edit-to-video-pipeline-901986c4-40b4-47f3-bf19-1cedc0467190 for step extract_frame2: decision=approved, decided_by=test-user
2026-01-06 17:43:21,359 - temporal_gateway.clients.approval.routes - INFO - Approve result: {'status': 'approved', 'approval_request_id': '190074f4-1312-4fda-80c2-7b2f5628e03b', 'decided_by': 'test-user', 'workflow_signaled': True}
2026-01-06 17:44:27,805 - temporal_gateway.clients.approval.routes - INFO - Approving token T8dtTJPaYr8y72Lw... with service that has client: True
2026-01-06 17:44:27,844 - temporal_gateway.clients.approval.service - INFO - Sent approval signal to workflow chain-image-edit-to-video-pipeline-901986c4-40b4-47f3-bf19-1cedc0467190 for step edit_frame2: decision=approved, decided_by=test-user
2026-01-06 17:44:27,846 - temporal_gateway.clients.approval.routes - INFO - Approve result: {'status': 'approved', 'approval_request_id': 'ab36a380-cfb0-4409-8b9d-b1f778193cba', 'decided_by': 'test-user', 'workflow_signaled': True}
2026-01-06 17:45:00,047 - temporal_gateway.clients.approval.routes - INFO - Approving token xGFm_O7SV3pN3YoQ... with service that has client: True
2026-01-06 17:45:00,078 - temporal_gateway.clients.approval.service - INFO - Sent approval signal to workflow chain-image-edit-to-video-pipeline-901986c4-40b4-47f3-bf19-1cedc0467190 for step edit_frame1: decision=approved, decided_by=test-user
2026-01-06 17:45:00,081 - temporal_gateway.clients.approval.routes - INFO - Approve result: {'status': 'approved', 'approval_request_id': '2732185f-40cd-4323-962b-6d8dae35e1fb', 'decided_by': 'test-user', 'workflow_signaled': True}
2026-01-06 17:50:52,824 - temporal_gateway.clients.approval.routes - INFO - Approving token csidTfjawsx0wCBh... with service that has client: True
2026-01-06 17:50:52,862 - temporal_gateway.clients.approval.service - INFO - Sent approval signal to workflow chain-image-edit-to-video-pipeline-b076f87d-3661-46e0-9f4a-38a41988731f for step extract_frame1: decision=approved, decided_by=test-user
2026-01-06 17:50:52,866 - temporal_gateway.clients.approval.routes - INFO - Approve result: {'status': 'approved', 'approval_request_id': 'c1b9865f-6aae-4715-b5de-c8b8e4547d07', 'decided_by': 'test-user', 'workflow_signaled': True}
2026-01-06 17:50:52,877 - temporal_gateway.clients.approval.routes - INFO - Approving token JAi7Sa2t-oy6WNwc... with service that has client: True
2026-01-06 17:50:52,889 - temporal_gateway.clients.approval.service - INFO - Sent approval signal to workflow chain-image-edit-to-video-pipeline-b076f87d-3661-46e0-9f4a-38a41988731f for step extract_frame2: decision=approved, decided_by=test-user
2026-01-06 17:50:52,891 - temporal_gateway.clients.approval.routes - INFO - Approve result: {'status': 'approved', 'approval_request_id': '4dcf2ba6-fdce-4d34-ab1c-0eaa1a9fbdb7', 'decided_by': 'test-user', 'workflow_signaled': True}
2026-01-06 17:51:47,234 - temporal_gateway.clients.approval.routes - INFO - Approving token vKhxq-3yBbHpF3Wj... with service that has client: True
2026-01-06 17:51:47,244 - temporal_gateway.clients.approval.service - INFO - Sent approval signal to workflow chain-image-edit-to-video-pipeline-b076f87d-3661-46e0-9f4a-38a41988731f for step edit_frame1: decision=approved, decided_by=test-user
2026-01-06 17:51:47,246 - temporal_gateway.clients.approval.routes - INFO - Approve result: {'status': 'approved', 'approval_request_id': 'f2579b13-754d-4256-a31d-32153a1dabda', 'decided_by': 'test-user', 'workflow_signaled': True}
2026-01-06 17:52:15,413 - temporal_gateway.clients.approval.routes - INFO - Approving token PpmvLG9QXtkkvM-I... with service that has client: True
2026-01-06 17:52:15,435 - temporal_gateway.clients.approval.service - INFO - Sent approval signal to workflow chain-image-edit-to-video-pipeline-b076f87d-3661-46e0-9f4a-38a41988731f for step edit_frame2: decision=approved, decided_by=test-user
2026-01-06 17:52:15,437 - temporal_gateway.clients.approval.routes - INFO - Approve result: {'status': 'approved', 'approval_request_id': 'eea6ed26-cd84-4364-bbeb-a21cb8945a65', 'decided_by': 'test-user', 'workflow_signaled': True}
2026-01-06 17:57:47,560 - temporal_gateway.clients.approval.routes - INFO - Approving token IwvbGVFcmJqMLV90... with service that has client: True
2026-01-06 17:57:47,570 - temporal_gateway.clients.approval.service - INFO - Sent approval signal to workflow chain-image-edit-to-video-pipeline-b076f87d-3661-46e0-9f4a-38a41988731f for step create_video: decision=approved, decided_by=test-user
2026-01-06 17:57:47,572 - temporal_gateway.clients.approval.routes - INFO - Approve result: {'status': 'approved', 'approval_request_id': '6fa09bc1-4945-4636-a63a-25f6150e767b', 'decided_by': 'test-user', 'workflow_signaled': True}
2026-01-06 17:59:44,249 - temporal_gateway.clients.approval.routes - INFO - Approving token ojZVuHSn3ua-XsC9... with service that has client: True
2026-01-06 17:59:44,265 - temporal_gateway.clients.approval.service - INFO - Sent approval signal to workflow chain-image-edit-to-video-pipeline-5750d88d-0828-4b52-bf8f-74e3a1f5b112 for step extract_frame1: decision=approved, decided_by=test-user
2026-01-06 17:59:44,267 - temporal_gateway.clients.approval.routes - INFO - Approve result: {'status': 'approved', 'approval_request_id': 'a0d7dac3-ccd2-4287-b1f6-49d9a0291e4b', 'decided_by': 'test-user', 'workflow_signaled': True}
2026-01-06 17:59:44,278 - temporal_gateway.clients.approval.routes - INFO - Approving token BlXWMNB-eaA8uNHY... with service that has client: True
2026-01-06 17:59:44,294 - temporal_gateway.clients.approval.service - INFO - Sent approval signal to workflow chain-image-edit-to-video-pipeline-5750d88d-0828-4b52-bf8f-74e3a1f5b112 for step extract_frame2: decision=approved, decided_by=test-user
2026-01-06 17:59:44,296 - temporal_gateway.clients.approval.routes - INFO - Approve result: {'status': 'approved', 'approval_request_id': '0e41e518-beb1-4c5b-a650-f452703a1aed', 'decided_by': 'test-user', 'workflow_signaled': True}
2026-01-06 18:00:36,644 - temporal_gateway.clients.approval.routes - INFO - Approving token O84Sfy45QGWNyzc_... with service that has client: True
2026-01-06 18:00:36,661 - temporal_gateway.clients.approval.service - INFO - Sent approval signal to workflow chain-image-edit-to-video-pipeline-5750d88d-0828-4b52-bf8f-74e3a1f5b112 for step edit_frame2: decision=approved, decided_by=test-user
2026-01-06 18:00:36,664 - temporal_gateway.clients.approval.routes - INFO - Approve result: {'status': 'approved', 'approval_request_id': '41512ffa-39d9-43ff-a7d2-2dd134eff6ea', 'decided_by': 'test-user', 'workflow_signaled': True}
2026-01-06 18:01:04,831 - temporal_gateway.clients.approval.routes - INFO - Approving token CwgaWsmKm-msm3ZC... with service that has client: True
2026-01-06 18:01:04,841 - temporal_gateway.clients.approval.service - INFO - Sent approval signal to workflow chain-image-edit-to-video-pipeline-5750d88d-0828-4b52-bf8f-74e3a1f5b112 for step edit_frame1: decision=approved, decided_by=test-user
2026-01-06 18:01:04,843 - temporal_gateway.clients.approval.routes - INFO - Approve result: {'status': 'approved', 'approval_request_id': 'a9f8e5f0-3f33-4ead-b62b-3de496bb4578', 'decided_by': 'test-user', 'workflow_signaled': True}
2026-01-06 18:06:18,762 - temporal_gateway.clients.approval.routes - INFO - Approving token _0JLhtO-9TRLKUfn... with service that has client: True
2026-01-06 18:06:18,794 - temporal_gateway.clients.approval.service - INFO - Sent approval signal to workflow chain-image-edit-to-video-pipeline-5750d88d-0828-4b52-bf8f-74e3a1f5b112 for step create_video: decision=approved, decided_by=test-user
2026-01-06 18:06:18,795 - temporal_gateway.clients.approval.routes - INFO - Approve result: {'status': 'approved', 'approval_request_id': '1f2f6669-cfa0-40f8-aee4-fe0bd5fc2faf', 'decided_by': 'test-user', 'workflow_signaled': True}
2026-01-06 18:08:47,684 - temporal_gateway.clients.approval.routes - INFO - Approving token xz9UoYu-ESt7suwu... with service that has client: True
2026-01-06 18:08:47,716 - temporal_gateway.clients.approval.service - INFO - Sent approval signal to workflow chain-image-edit-to-video-pipeline-d21a1e0e-44c6-41a8-b7fc-45b21bfc0024 for step extract_frame1: decision=approved, decided_by=test-user
2026-01-06 18:08:47,719 - temporal_gateway.clients.approval.routes - INFO - Approve result: {'status': 'approved', 'approval_request_id': '9254f73a-e599-440d-b1a9-423479fb6746', 'decided_by': 'test-user', 'workflow_signaled': True}
2026-01-06 18:08:47,730 - temporal_gateway.clients.approval.routes - INFO - Approving token CM2pXUWa_5RZMerB... with service that has client: True
2026-01-06 18:08:47,745 - temporal_gateway.clients.approval.service - INFO - Sent approval signal to workflow chain-image-edit-to-video-pipeline-d21a1e0e-44c6-41a8-b7fc-45b21bfc0024 for step extract_frame2: decision=approved, decided_by=test-user
2026-01-06 18:08:47,747 - temporal_gateway.clients.approval.routes - INFO - Approve result: {'status': 'approved', 'approval_request_id': '78b779ed-87bf-4e86-bcd2-165ccfc22853', 'decided_by': 'test-user', 'workflow_signaled': True}
2026-01-06 18:09:42,124 - temporal_gateway.clients.approval.routes - INFO - Approving token OepQ4nQfWR6m9p1g... with service that has client: True
2026-01-06 18:09:42,144 - temporal_gateway.clients.approval.service - INFO - Sent approval signal to workflow chain-image-edit-to-video-pipeline-d21a1e0e-44c6-41a8-b7fc-45b21bfc0024 for step edit_frame1: decision=approved, decided_by=test-user
2026-01-06 18:09:42,146 - temporal_gateway.clients.approval.routes - INFO - Approve result: {'status': 'approved', 'approval_request_id': 'cafd8f94-0b54-4991-a8c9-696c94e16032', 'decided_by': 'test-user', 'workflow_signaled': True}
2026-01-06 18:10:08,308 - temporal_gateway.clients.approval.routes - INFO - Approving token ryTAOeCYCRIuFvDU... with service that has client: True
2026-01-06 18:10:08,348 - temporal_gateway.clients.approval.service - INFO - Sent approval signal to workflow chain-image-edit-to-video-pipeline-d21a1e0e-44c6-41a8-b7fc-45b21bfc0024 for step edit_frame2: decision=approved, decided_by=test-user
2026-01-06 18:10:08,350 - temporal_gateway.clients.approval.routes - INFO - Approve result: {'status': 'approved', 'approval_request_id': '9361124e-7585-4604-a960-2093085fb925', 'decided_by': 'test-user', 'workflow_signaled': True}
2026-01-06 18:15:20,338 - temporal_gateway.clients.approval.routes - INFO - Approving token wWRZhrk3jPoV1P4k... with service that has client: True
2026-01-06 18:15:20,352 - temporal_gateway.clients.approval.service - INFO - Sent approval signal to workflow chain-image-edit-to-video-pipeline-d21a1e0e-44c6-41a8-b7fc-45b21bfc0024 for step create_video: decision=approved, decided_by=test-user
2026-01-06 18:15:20,354 - temporal_gateway.clients.approval.routes - INFO - Approve result: {'status': 'approved', 'approval_request_id': '443245c6-550e-4405-8f2f-38a9928929f5', 'decided_by': 'test-user', 'workflow_signaled': True}
