2026-01-06 18:46:45,359 - temporal_gateway.logging_config - INFO - {'log_file': '/home/jaskirat/Documents/comfyautomate/temporal_gateway/logs/gateway_20260106_131645.log', 'level': 'info', 'event': 'Logging configured', 'logger': 'temporal_gateway.logging_config', 'timestamp': '2026-01-06T13:16:45.359428Z'}
2026-01-06 18:46:45,365 - temporal_gateway.workflow_registry - INFO - WorkflowRegistry initialized: /home/jaskirat/Documents/comfyautomate/workflows
2026-01-06 18:46:45,368 - temporal_gateway.workflow_registry - INFO - ✓ firstEndTovideo: Loading from override file
2026-01-06 18:46:45,369 - temporal_gateway.workflow_registry - INFO -   Loaded 44 parameters from override file
2026-01-06 18:46:45,373 - temporal_gateway.workflow_registry - INFO - ✓ video_wan2_2_14B_fun_camera_test: Loading from override file
2026-01-06 18:46:45,374 - temporal_gateway.workflow_registry - INFO -   Loaded 49 parameters from override file
2026-01-06 18:46:45,376 - temporal_gateway.workflow_registry - INFO - ✓ qwen_image_edit: Loading from override file
2026-01-06 18:46:45,377 - temporal_gateway.workflow_registry - INFO -   Loaded 25 parameters from override file
2026-01-06 18:46:45,378 - temporal_gateway.workflow_registry - INFO - ✓ video_wan2_2_14B_i2v: Loading from override file
2026-01-06 18:46:45,379 - temporal_gateway.workflow_registry - INFO -   Loaded 43 parameters from override file
2026-01-06 18:46:45,380 - temporal_gateway.workflow_registry - INFO - ✓ imageSave: Loading from override file
2026-01-06 18:46:45,381 - temporal_gateway.workflow_registry - INFO -   Loaded 9 parameters from override file
2026-01-06 18:46:45,382 - temporal_gateway.workflow_registry - INFO - Discovery complete: 5 workflows, 0 generated, 5 loaded, 0 regenerated
2026-01-06 18:46:45,384 - temporal_gateway.workflow_registry - INFO - ✓ firstEndTovideo: Loading from override file
2026-01-06 18:46:45,385 - temporal_gateway.workflow_registry - INFO -   Loaded 44 parameters from override file
2026-01-06 18:46:45,386 - temporal_gateway.workflow_registry - INFO - ✓ video_wan2_2_14B_fun_camera_test: Loading from override file
2026-01-06 18:46:45,387 - temporal_gateway.workflow_registry - INFO -   Loaded 49 parameters from override file
2026-01-06 18:46:45,389 - temporal_gateway.workflow_registry - INFO - ✓ qwen_image_edit: Loading from override file
2026-01-06 18:46:45,390 - temporal_gateway.workflow_registry - INFO -   Loaded 25 parameters from override file
2026-01-06 18:46:45,392 - temporal_gateway.workflow_registry - INFO - ✓ video_wan2_2_14B_i2v: Loading from override file
2026-01-06 18:46:45,393 - temporal_gateway.workflow_registry - INFO -   Loaded 43 parameters from override file
2026-01-06 18:46:45,394 - temporal_gateway.workflow_registry - INFO - ✓ imageSave: Loading from override file
2026-01-06 18:46:45,395 - temporal_gateway.workflow_registry - INFO -   Loaded 9 parameters from override file
2026-01-06 18:46:45,396 - temporal_gateway.workflow_registry - INFO - Discovery complete: 5 workflows, 0 generated, 5 loaded, 0 regenerated
2026-01-06 18:46:45,397 - temporal_gateway.clients.approval.routes - INFO - Approval service initialized with Temporal client
2026-01-06 18:46:45,398 - temporal_gateway.logging_config - INFO - {'event': '============================================================', 'level': 'info', 'logger': 'temporal_gateway.logging_config', 'timestamp': '2026-01-06T13:16:45.398095Z'}
2026-01-06 18:46:45,399 - temporal_gateway.logging_config - INFO - {'event': '🚀 Temporal Gateway Started', 'level': 'info', 'logger': 'temporal_gateway.logging_config', 'timestamp': '2026-01-06T13:16:45.399329Z'}
2026-01-06 18:46:45,400 - temporal_gateway.logging_config - INFO - {'event': '============================================================', 'level': 'info', 'logger': 'temporal_gateway.logging_config', 'timestamp': '2026-01-06T13:16:45.400794Z'}
2026-01-06 18:46:45,402 - temporal_gateway.logging_config - INFO - {'host': 'localhost:7233', 'event': 'Connected to Temporal', 'level': 'info', 'logger': 'temporal_gateway.logging_config', 'timestamp': '2026-01-06T13:16:45.402208Z'}
2026-01-06 18:46:45,403 - temporal_gateway.logging_config - INFO - {'url': 'http://localhost:8001', 'event': 'Gateway API', 'level': 'info', 'logger': 'temporal_gateway.logging_config', 'timestamp': '2026-01-06T13:16:45.403437Z'}
2026-01-06 18:46:45,404 - temporal_gateway.logging_config - INFO - {'url': 'http://localhost:8233', 'event': 'Temporal UI', 'level': 'info', 'logger': 'temporal_gateway.logging_config', 'timestamp': '2026-01-06T13:16:45.404715Z'}
2026-01-06 18:46:45,406 - temporal_gateway.logging_config - INFO - {'count': 5, 'event': 'Workflows discovered', 'level': 'info', 'logger': 'temporal_gateway.logging_config', 'timestamp': '2026-01-06T13:16:45.406549Z'}
2026-01-06 18:46:45,408 - temporal_gateway.logging_config - INFO - {'path': '/home/jaskirat/Documents/comfyautomate/temporal_gateway/logs/gateway_20260106_131645.log', 'event': 'Log file', 'level': 'info', 'logger': 'temporal_gateway.logging_config', 'timestamp': '2026-01-06T13:16:45.408032Z'}
2026-01-06 18:46:45,409 - temporal_gateway.logging_config - INFO - {'event': '============================================================', 'level': 'info', 'logger': 'temporal_gateway.logging_config', 'timestamp': '2026-01-06T13:16:45.409456Z'}
