2026-01-15 00:41:37,265 - temporal_gateway.logging_config - INFO - {'log_file': '/home/jaskirat/Documents/comfyautomate/temporal_gateway/logs/gateway_20260114_191137.log', 'level': 'info', 'event': 'Logging configured', 'logger': 'temporal_gateway.logging_config', 'timestamp': '2026-01-14T19:11:37.265655Z'}
2026-01-15 00:41:37,273 - temporal_gateway.registry - INFO - WorkflowRegistry initialized: /home/jaskirat/Documents/comfyautomate/templates
2026-01-15 00:41:37,275 - temporal_gateway.registry - INFO - ✓ fluxdev: Loading from override file
2026-01-15 00:41:37,276 - temporal_gateway.registry - INFO -   Loaded 13 parameters from override file
2026-01-15 00:41:37,277 - temporal_gateway.registry - INFO - ✓ firstEndTovideo: Loading from override file
2026-01-15 00:41:37,279 - temporal_gateway.registry - INFO -   Loaded 44 parameters from override file
2026-01-15 00:41:37,281 - temporal_gateway.registry - INFO - ✓ image_qwen_edit: Loading from override file
2026-01-15 00:41:37,282 - temporal_gateway.registry - INFO -   Loaded 27 parameters from override file
2026-01-15 00:41:37,285 - temporal_gateway.registry - INFO - ✓ video_wan2_2_14B_fun_camera_test: Loading from override file
2026-01-15 00:41:37,286 - temporal_gateway.registry - INFO -   Loaded 49 parameters from override file
2026-01-15 00:41:37,288 - temporal_gateway.registry - INFO - ✓ qwen_image_edit: Loading from override file
2026-01-15 00:41:37,289 - temporal_gateway.registry - INFO -   Loaded 25 parameters from override file
2026-01-15 00:41:37,290 - temporal_gateway.registry - INFO - ✓ video_wan2_2_14B_i2v: Loading from override file
2026-01-15 00:41:37,291 - temporal_gateway.registry - INFO -   Loaded 43 parameters from override file
2026-01-15 00:41:37,293 - temporal_gateway.registry - INFO - ✓ imageSave: Loading from override file
2026-01-15 00:41:37,294 - temporal_gateway.registry - INFO -   Loaded 9 parameters from override file
2026-01-15 00:41:37,295 - temporal_gateway.registry - INFO - Discovery complete: 7 workflows, 0 generated, 7 loaded, 0 regenerated
2026-01-15 00:41:37,297 - temporal_gateway.registry - INFO - ✓ fluxdev: Loading from override file
2026-01-15 00:41:37,298 - temporal_gateway.registry - INFO -   Loaded 13 parameters from override file
2026-01-15 00:41:37,300 - temporal_gateway.registry - INFO - ✓ firstEndTovideo: Loading from override file
2026-01-15 00:41:37,301 - temporal_gateway.registry - INFO -   Loaded 44 parameters from override file
2026-01-15 00:41:37,303 - temporal_gateway.registry - INFO - ✓ image_qwen_edit: Loading from override file
2026-01-15 00:41:37,304 - temporal_gateway.registry - INFO -   Loaded 27 parameters from override file
2026-01-15 00:41:37,305 - temporal_gateway.registry - INFO - ✓ video_wan2_2_14B_fun_camera_test: Loading from override file
2026-01-15 00:41:37,307 - temporal_gateway.registry - INFO -   Loaded 49 parameters from override file
2026-01-15 00:41:37,308 - temporal_gateway.registry - INFO - ✓ qwen_image_edit: Loading from override file
2026-01-15 00:41:37,309 - temporal_gateway.registry - INFO -   Loaded 25 parameters from override file
2026-01-15 00:41:37,310 - temporal_gateway.registry - INFO - ✓ video_wan2_2_14B_i2v: Loading from override file
2026-01-15 00:41:37,312 - temporal_gateway.registry - INFO -   Loaded 43 parameters from override file
2026-01-15 00:41:37,314 - temporal_gateway.registry - INFO - ✓ imageSave: Loading from override file
2026-01-15 00:41:37,316 - temporal_gateway.registry - INFO -   Loaded 9 parameters from override file
2026-01-15 00:41:37,317 - temporal_gateway.registry - INFO - Discovery complete: 7 workflows, 0 generated, 7 loaded, 0 regenerated
2026-01-15 00:41:37,318 - temporal_gateway.clients.approval.routes - INFO - Approval service initialized with Temporal client
2026-01-15 00:41:37,358 - temporal_gateway.services.broadcast - INFO - Created broadcast instance for redis://localhost:6379
2026-01-15 00:41:37,361 - temporal_gateway.services.broadcast - INFO - Broadcast connected to Redis
2026-01-15 00:41:37,363 - temporal_gateway.logging_config - INFO - {'event': '============================================================', 'level': 'info', 'logger': 'temporal_gateway.logging_config', 'timestamp': '2026-01-14T19:11:37.363150Z'}
2026-01-15 00:41:37,364 - temporal_gateway.logging_config - INFO - {'event': '🚀 Temporal Gateway Started', 'level': 'info', 'logger': 'temporal_gateway.logging_config', 'timestamp': '2026-01-14T19:11:37.364605Z'}
2026-01-15 00:41:37,366 - temporal_gateway.logging_config - INFO - {'event': '============================================================', 'level': 'info', 'logger': 'temporal_gateway.logging_config', 'timestamp': '2026-01-14T19:11:37.366059Z'}
2026-01-15 00:41:37,367 - temporal_gateway.logging_config - INFO - {'host': 'localhost:7233', 'event': 'Connected to Temporal', 'level': 'info', 'logger': 'temporal_gateway.logging_config', 'timestamp': '2026-01-14T19:11:37.367721Z'}
2026-01-15 00:41:37,369 - temporal_gateway.logging_config - INFO - {'url': 'http://localhost:8001', 'event': 'Gateway API', 'level': 'info', 'logger': 'temporal_gateway.logging_config', 'timestamp': '2026-01-14T19:11:37.369055Z'}
2026-01-15 00:41:37,370 - temporal_gateway.logging_config - INFO - {'url': 'http://localhost:8233', 'event': 'Temporal UI', 'level': 'info', 'logger': 'temporal_gateway.logging_config', 'timestamp': '2026-01-14T19:11:37.370322Z'}
2026-01-15 00:41:37,371 - temporal_gateway.logging_config - INFO - {'count': 7, 'event': 'Workflows discovered', 'level': 'info', 'logger': 'temporal_gateway.logging_config', 'timestamp': '2026-01-14T19:11:37.371536Z'}
2026-01-15 00:41:37,372 - temporal_gateway.logging_config - INFO - {'path': '/home/jaskirat/Documents/comfyautomate/temporal_gateway/logs/gateway_20260114_191137.log', 'event': 'Log file', 'level': 'info', 'logger': 'temporal_gateway.logging_config', 'timestamp': '2026-01-14T19:11:37.372809Z'}
2026-01-15 00:41:37,374 - temporal_gateway.logging_config - INFO - {'event': '============================================================', 'level': 'info', 'logger': 'temporal_gateway.logging_config', 'timestamp': '2026-01-14T19:11:37.374143Z'}
2026-01-15 00:41:49,422 - temporal_gateway.clients.approval.routes - INFO - Approving token hoanJa99TvkSJSsV... with service that has client: True
2026-01-15 00:41:49,482 - temporal_gateway.clients.approval.service - INFO - Sent approval signal to job chain-image-edit-to-video-pipeline-c544ce1f-b051-49d8-bbb7-4e882b0dff7c for step create_video: decision=approved, decided_by=cli-user
2026-01-15 00:41:49,485 - temporal_gateway.clients.approval.routes - INFO - Approve result: {'status': 'approved', 'approval_request_id': '332d990b-e2c6-4c27-b87e-2893788ab1a5', 'decided_by': 'cli-user', 'workflow_signaled': True}
2026-01-15 00:41:51,500 - __main__ - INFO - {'event': 'SSE client subscribing to chain:6704aa7a-9653-4351-9877-80ad2e5d127a', 'level': 'info', 'logger': '__main__', 'timestamp': '2026-01-14T19:11:51.500915Z'}
2026-01-15 00:41:51,506 - __main__ - INFO - {'event': 'Starting SSE subscription for chain:6704aa7a-9653-4351-9877-80ad2e5d127a', 'level': 'info', 'logger': '__main__', 'timestamp': '2026-01-14T19:11:51.506458Z'}
2026-01-15 00:41:55,385 - __main__ - INFO - {'event': 'SSE sending event: approval_requested for chain:6704aa7a-9653-4351-9877-80ad2e5d127a', 'level': 'info', 'logger': '__main__', 'timestamp': '2026-01-14T19:11:55.385710Z'}
2026-01-15 00:41:55,456 - __main__ - INFO - {'event': 'SSE sending event: approval_requested for chain:6704aa7a-9653-4351-9877-80ad2e5d127a', 'level': 'info', 'logger': '__main__', 'timestamp': '2026-01-14T19:11:55.456099Z'}
2026-01-15 00:41:58,004 - temporal_gateway.clients.approval.routes - INFO - Approving token 3Bx-pPEYl4x4jIqO... with service that has client: True
2026-01-15 00:41:58,031 - temporal_gateway.clients.approval.service - INFO - Sent approval signal to job chain-image-edit-to-video-pipeline-d317a3be-8c1b-4a5f-8c21-ff528cab7efe for step extract_frame2: decision=approved, decided_by=cli-user
2026-01-15 00:41:58,033 - temporal_gateway.clients.approval.routes - INFO - Approve result: {'status': 'approved', 'approval_request_id': '87989258-b94d-40c3-ade6-36661eec4a28', 'decided_by': 'cli-user', 'workflow_signaled': True}
2026-01-15 00:41:58,063 - __main__ - INFO - {'event': 'SSE sending event: step_completed for chain:6704aa7a-9653-4351-9877-80ad2e5d127a', 'level': 'info', 'logger': '__main__', 'timestamp': '2026-01-14T19:11:58.063718Z'}
2026-01-15 00:41:59,336 - temporal_gateway.clients.approval.routes - INFO - Approving token 1SnEoWWwAHW3z41I... with service that has client: True
2026-01-15 00:41:59,375 - temporal_gateway.clients.approval.service - INFO - Sent approval signal to job chain-image-edit-to-video-pipeline-d317a3be-8c1b-4a5f-8c21-ff528cab7efe for step extract_frame1: decision=approved, decided_by=cli-user
2026-01-15 00:41:59,380 - temporal_gateway.clients.approval.routes - INFO - Approve result: {'status': 'approved', 'approval_request_id': '1e613469-e99b-4203-a2ff-f119f7b5d52f', 'decided_by': 'cli-user', 'workflow_signaled': True}
2026-01-15 00:41:59,415 - __main__ - INFO - {'event': 'SSE sending event: step_completed for chain:6704aa7a-9653-4351-9877-80ad2e5d127a', 'level': 'info', 'logger': '__main__', 'timestamp': '2026-01-14T19:11:59.415397Z'}
2026-01-15 00:42:50,895 - __main__ - INFO - {'event': 'SSE sending event: approval_requested for chain:6704aa7a-9653-4351-9877-80ad2e5d127a', 'level': 'info', 'logger': '__main__', 'timestamp': '2026-01-14T19:12:50.895179Z'}
2026-01-15 00:43:17,573 - __main__ - INFO - {'event': 'SSE sending event: approval_requested for chain:6704aa7a-9653-4351-9877-80ad2e5d127a', 'level': 'info', 'logger': '__main__', 'timestamp': '2026-01-14T19:13:17.573933Z'}
