2026-01-04 11:18:34,891 - temporal_gateway.logging_config - INFO - {'log_file': '/home/jaskirat/Documents/comfyautomate/temporal_gateway/logs/gateway_20260104_054834.log', 'level': 'info', 'event': 'Logging configured', 'logger': 'temporal_gateway.logging_config', 'timestamp': '2026-01-04T05:48:34.891827Z'}
2026-01-04 11:18:34,898 - temporal_gateway.workflow_registry - INFO - WorkflowRegistry initialized: /home/jaskirat/Documents/comfyautomate/workflows
2026-01-04 11:18:34,901 - temporal_gateway.workflow_registry - INFO - ✓ firstEndTovideo: Loading from override file
2026-01-04 11:18:34,902 - temporal_gateway.workflow_registry - INFO -   Loaded 44 parameters from override file
2026-01-04 11:18:34,904 - temporal_gateway.workflow_registry - INFO - ✓ video_wan2_2_14B_fun_camera_test: Loading from override file
2026-01-04 11:18:34,906 - temporal_gateway.workflow_registry - INFO -   Loaded 49 parameters from override file
2026-01-04 11:18:34,908 - temporal_gateway.workflow_registry - INFO - ✓ qwen_image_edit: Loading from override file
2026-01-04 11:18:34,909 - temporal_gateway.workflow_registry - INFO -   Loaded 25 parameters from override file
2026-01-04 11:18:34,911 - temporal_gateway.workflow_registry - INFO - ✓ video_wan2_2_14B_i2v: Loading from override file
2026-01-04 11:18:34,912 - temporal_gateway.workflow_registry - INFO -   Loaded 43 parameters from override file
2026-01-04 11:18:34,914 - temporal_gateway.workflow_registry - INFO - ✓ imageSave: Loading from override file
2026-01-04 11:18:34,915 - temporal_gateway.workflow_registry - INFO -   Loaded 9 parameters from override file
2026-01-04 11:18:34,916 - temporal_gateway.workflow_registry - INFO - Discovery complete: 5 workflows, 0 generated, 5 loaded, 0 regenerated
2026-01-04 11:18:34,917 - temporal_gateway.workflow_registry - INFO - ✓ firstEndTovideo: Loading from override file
2026-01-04 11:18:34,918 - temporal_gateway.workflow_registry - INFO -   Loaded 44 parameters from override file
2026-01-04 11:18:34,920 - temporal_gateway.workflow_registry - INFO - ✓ video_wan2_2_14B_fun_camera_test: Loading from override file
2026-01-04 11:18:34,921 - temporal_gateway.workflow_registry - INFO -   Loaded 49 parameters from override file
2026-01-04 11:18:34,923 - temporal_gateway.workflow_registry - INFO - ✓ qwen_image_edit: Loading from override file
2026-01-04 11:18:34,924 - temporal_gateway.workflow_registry - INFO -   Loaded 25 parameters from override file
2026-01-04 11:18:34,926 - temporal_gateway.workflow_registry - INFO - ✓ video_wan2_2_14B_i2v: Loading from override file
2026-01-04 11:18:34,927 - temporal_gateway.workflow_registry - INFO -   Loaded 43 parameters from override file
2026-01-04 11:18:34,929 - temporal_gateway.workflow_registry - INFO - ✓ imageSave: Loading from override file
2026-01-04 11:18:34,930 - temporal_gateway.workflow_registry - INFO -   Loaded 9 parameters from override file
2026-01-04 11:18:34,931 - temporal_gateway.workflow_registry - INFO - Discovery complete: 5 workflows, 0 generated, 5 loaded, 0 regenerated
2026-01-04 11:18:34,932 - temporal_gateway.clients.approval.routes - INFO - Approval service initialized with Temporal client
2026-01-04 11:18:34,933 - temporal_gateway.logging_config - INFO - {'event': '============================================================', 'level': 'info', 'logger': 'temporal_gateway.logging_config', 'timestamp': '2026-01-04T05:48:34.933039Z'}
2026-01-04 11:18:34,934 - temporal_gateway.logging_config - INFO - {'event': '🚀 Temporal Gateway Started', 'level': 'info', 'logger': 'temporal_gateway.logging_config', 'timestamp': '2026-01-04T05:48:34.934230Z'}
2026-01-04 11:18:34,935 - temporal_gateway.logging_config - INFO - {'event': '============================================================', 'level': 'info', 'logger': 'temporal_gateway.logging_config', 'timestamp': '2026-01-04T05:48:34.935475Z'}
2026-01-04 11:18:34,936 - temporal_gateway.logging_config - INFO - {'host': 'localhost:7233', 'event': 'Connected to Temporal', 'level': 'info', 'logger': 'temporal_gateway.logging_config', 'timestamp': '2026-01-04T05:48:34.936710Z'}
2026-01-04 11:18:34,938 - temporal_gateway.logging_config - INFO - {'url': 'http://localhost:8001', 'event': 'Gateway API', 'level': 'info', 'logger': 'temporal_gateway.logging_config', 'timestamp': '2026-01-04T05:48:34.938108Z'}
2026-01-04 11:18:34,939 - temporal_gateway.logging_config - INFO - {'url': 'http://localhost:8233', 'event': 'Temporal UI', 'level': 'info', 'logger': 'temporal_gateway.logging_config', 'timestamp': '2026-01-04T05:48:34.939719Z'}
2026-01-04 11:18:34,941 - temporal_gateway.logging_config - INFO - {'count': 5, 'event': 'Workflows discovered', 'level': 'info', 'logger': 'temporal_gateway.logging_config', 'timestamp': '2026-01-04T05:48:34.941697Z'}
2026-01-04 11:18:34,943 - temporal_gateway.logging_config - INFO - {'path': '/home/jaskirat/Documents/comfyautomate/temporal_gateway/logs/gateway_20260104_054834.log', 'event': 'Log file', 'level': 'info', 'logger': 'temporal_gateway.logging_config', 'timestamp': '2026-01-04T05:48:34.943214Z'}
2026-01-04 11:18:34,944 - temporal_gateway.logging_config - INFO - {'event': '============================================================', 'level': 'info', 'logger': 'temporal_gateway.logging_config', 'timestamp': '2026-01-04T05:48:34.944933Z'}
2026-01-04 11:18:58,714 - temporal_gateway.clients.approval.routes - INFO - Approving token rxI3l9IWVjZJCZu5... with service that has client: True
2026-01-04 11:18:58,729 - temporal_gateway.clients.approval.service - INFO - Sent approval signal to workflow chain-image-edit-to-video-pipeline-b51ef399-e446-4a49-b5b4-403818a86aab for step create_video: decision=approved, decided_by=test-user
2026-01-04 11:18:58,732 - temporal_gateway.clients.approval.routes - INFO - Approve result: {'status': 'approved', 'approval_request_id': 'b1b282eb-8ddf-4509-88ca-c9f82ed82238', 'decided_by': 'test-user', 'workflow_signaled': True}
2026-01-04 11:19:04,774 - temporal_gateway.clients.approval.routes - INFO - Approving token 63NlZlerxvLcph0D... with service that has client: True
2026-01-04 11:19:04,796 - temporal_gateway.clients.approval.service - INFO - Sent approval signal to workflow chain-image-edit-to-video-pipeline-19f47291-f801-4787-8797-754d08ff6ab3 for step extract_frame2: decision=approved, decided_by=test-user
2026-01-04 11:19:04,799 - temporal_gateway.clients.approval.routes - INFO - Approve result: {'status': 'approved', 'approval_request_id': '0f9b0dd6-7aa4-4ec0-b606-0db5399e4fdc', 'decided_by': 'test-user', 'workflow_signaled': True}
2026-01-04 11:19:04,810 - temporal_gateway.clients.approval.routes - INFO - Approving token 4bmjhbKt-r3nYmPL... with service that has client: True
2026-01-04 11:19:04,824 - temporal_gateway.clients.approval.service - INFO - Sent approval signal to workflow chain-image-edit-to-video-pipeline-19f47291-f801-4787-8797-754d08ff6ab3 for step extract_frame1: decision=approved, decided_by=test-user
2026-01-04 11:19:04,827 - temporal_gateway.clients.approval.routes - INFO - Approve result: {'status': 'approved', 'approval_request_id': '5071c5e0-528c-4c33-9f11-8eb7903a1631', 'decided_by': 'test-user', 'workflow_signaled': True}
2026-01-04 11:20:09,167 - temporal_gateway.clients.approval.routes - INFO - Approving token 3yjkdf_t2RVtylCE... with service that has client: True
2026-01-04 11:20:09,180 - temporal_gateway.clients.approval.service - INFO - Sent approval signal to workflow chain-image-edit-to-video-pipeline-19f47291-f801-4787-8797-754d08ff6ab3 for step edit_frame1: decision=approved, decided_by=test-user
2026-01-04 11:20:09,182 - temporal_gateway.clients.approval.routes - INFO - Approve result: {'status': 'approved', 'approval_request_id': 'ef56acad-6b92-4eb9-9ff1-4e49f028ad20', 'decided_by': 'test-user', 'workflow_signaled': True}
2026-01-04 11:20:39,301 - temporal_gateway.clients.approval.routes - INFO - Approving token J8k3S6ghzXGfGYOv... with service that has client: True
2026-01-04 11:20:39,312 - temporal_gateway.clients.approval.service - INFO - Sent approval signal to workflow chain-image-edit-to-video-pipeline-19f47291-f801-4787-8797-754d08ff6ab3 for step edit_frame2: decision=approved, decided_by=test-user
2026-01-04 11:20:39,314 - temporal_gateway.clients.approval.routes - INFO - Approve result: {'status': 'approved', 'approval_request_id': 'c0a82fbd-baee-4cba-8559-25b88b2ccb05', 'decided_by': 'test-user', 'workflow_signaled': True}
2026-01-04 11:26:39,532 - temporal_gateway.clients.approval.routes - INFO - Approving token enras0RQv_GlSbBM... with service that has client: True
2026-01-04 11:26:39,545 - temporal_gateway.clients.approval.service - INFO - Sent approval signal to workflow chain-image-edit-to-video-pipeline-19f47291-f801-4787-8797-754d08ff6ab3 for step create_video: decision=approved, decided_by=manual-approval
2026-01-04 11:26:39,547 - temporal_gateway.clients.approval.routes - INFO - Approve result: {'status': 'approved', 'approval_request_id': '76c1de2f-10a6-44a0-920a-c92f7a4ac13a', 'decided_by': 'manual-approval', 'workflow_signaled': True}
2026-01-04 11:26:52,522 - temporal_gateway.clients.approval.routes - INFO - Approving token OGY7s4EwrLeSgGjx... with service that has client: True
2026-01-04 11:26:52,533 - temporal_gateway.clients.approval.service - INFO - Sent approval signal to workflow chain-image-edit-to-video-pipeline-3a0dc922-e2e8-490c-b597-8bda807f6d76 for step extract_frame1: decision=approved, decided_by=test-user
2026-01-04 11:26:52,535 - temporal_gateway.clients.approval.routes - INFO - Approve result: {'status': 'approved', 'approval_request_id': '525766f5-4650-47ca-8e6e-ba31b8bae61c', 'decided_by': 'test-user', 'workflow_signaled': True}
2026-01-04 11:26:52,546 - temporal_gateway.clients.approval.routes - INFO - Approving token QW0elX1ed2-g0kqc... with service that has client: True
2026-01-04 11:26:52,561 - temporal_gateway.clients.approval.service - INFO - Sent approval signal to workflow chain-image-edit-to-video-pipeline-3a0dc922-e2e8-490c-b597-8bda807f6d76 for step extract_frame2: decision=approved, decided_by=test-user
2026-01-04 11:26:52,563 - temporal_gateway.clients.approval.routes - INFO - Approve result: {'status': 'approved', 'approval_request_id': '71e852ee-b0c5-4b27-aeb0-659f4182147e', 'decided_by': 'test-user', 'workflow_signaled': True}
2026-01-04 11:27:55,001 - temporal_gateway.clients.approval.service - INFO - Sent approval signal to workflow chain-image-edit-to-video-pipeline-3a0dc922-e2e8-490c-b597-8bda807f6d76 for step edit_frame1: decision=rejected, decided_by=test-user
2026-01-04 11:28:25,171 - temporal_gateway.clients.approval.routes - INFO - Approving token z5q4r1ziEBn__qX9... with service that has client: True
2026-01-04 11:28:25,186 - temporal_gateway.clients.approval.service - INFO - Sent approval signal to workflow chain-image-edit-to-video-pipeline-3a0dc922-e2e8-490c-b597-8bda807f6d76 for step edit_frame2: decision=approved, decided_by=test-user
2026-01-04 11:28:25,188 - temporal_gateway.clients.approval.routes - INFO - Approve result: {'status': 'approved', 'approval_request_id': '0522619b-8a19-4050-bf75-57b68eed3c8a', 'decided_by': 'test-user', 'workflow_signaled': True}
2026-01-04 11:28:57,307 - temporal_gateway.clients.approval.routes - INFO - Approving token 0Gssm5ElOUeMB4f3... with service that has client: True
2026-01-04 11:28:57,318 - temporal_gateway.clients.approval.service - INFO - Sent approval signal to workflow chain-image-edit-to-video-pipeline-3a0dc922-e2e8-490c-b597-8bda807f6d76 for step edit_frame1: decision=approved, decided_by=test-user
2026-01-04 11:28:57,320 - temporal_gateway.clients.approval.routes - INFO - Approve result: {'status': 'approved', 'approval_request_id': '81630212-10a5-447f-bb86-9e67f2c0165d', 'decided_by': 'test-user', 'workflow_signaled': True}
2026-01-04 11:41:05,827 - temporal_gateway.clients.approval.routes - INFO - Approving token xtAwqePmMHHB4Vdc... with service that has client: True
2026-01-04 11:41:05,837 - temporal_gateway.clients.approval.service - INFO - Sent approval signal to workflow chain-image-edit-to-video-pipeline-3a0dc922-e2e8-490c-b597-8bda807f6d76 for step create_video: decision=approved, decided_by=test-user
2026-01-04 11:41:05,839 - temporal_gateway.clients.approval.routes - INFO - Approve result: {'status': 'approved', 'approval_request_id': '56b78b31-739b-4c25-aafc-e0794e176370', 'decided_by': 'test-user', 'workflow_signaled': True}
2026-01-04 11:41:11,868 - temporal_gateway.clients.approval.routes - INFO - Approving token shDeai4S9PjPYoIp... with service that has client: True
2026-01-04 11:41:11,880 - temporal_gateway.clients.approval.service - INFO - Sent approval signal to workflow chain-image-edit-to-video-pipeline-1553793e-7b00-42e4-9597-bd743dde1e8c for step extract_frame2: decision=approved, decided_by=test-user
2026-01-04 11:41:11,882 - temporal_gateway.clients.approval.routes - INFO - Approve result: {'status': 'approved', 'approval_request_id': 'b3b4501d-f7a9-434f-bd73-855fc639fccc', 'decided_by': 'test-user', 'workflow_signaled': True}
2026-01-04 11:41:11,890 - temporal_gateway.clients.approval.routes - INFO - Approving token r9tZQVNuQuYHL6th... with service that has client: True
2026-01-04 11:41:11,900 - temporal_gateway.clients.approval.service - INFO - Sent approval signal to workflow chain-image-edit-to-video-pipeline-1553793e-7b00-42e4-9597-bd743dde1e8c for step extract_frame1: decision=approved, decided_by=test-user
2026-01-04 11:41:11,902 - temporal_gateway.clients.approval.routes - INFO - Approve result: {'status': 'approved', 'approval_request_id': '237f6f57-9651-487c-9994-4ec9b40f7720', 'decided_by': 'test-user', 'workflow_signaled': True}
2026-01-04 11:42:14,291 - temporal_gateway.clients.approval.routes - INFO - Approving token 27MBpug7SVxwD3-1... with service that has client: True
2026-01-04 11:42:14,306 - temporal_gateway.clients.approval.service - INFO - Sent approval signal to workflow chain-image-edit-to-video-pipeline-1553793e-7b00-42e4-9597-bd743dde1e8c for step edit_frame1: decision=approved, decided_by=test-user
2026-01-04 11:42:14,308 - temporal_gateway.clients.approval.routes - INFO - Approve result: {'status': 'approved', 'approval_request_id': '0c938b4f-ca25-47a9-aacb-f6960eddf9bf', 'decided_by': 'test-user', 'workflow_signaled': True}
2026-01-04 11:42:44,485 - temporal_gateway.clients.approval.routes - INFO - Approving token b0SBf-UO5PpEhUVK... with service that has client: True
2026-01-04 11:42:44,517 - temporal_gateway.clients.approval.service - INFO - Sent approval signal to workflow chain-image-edit-to-video-pipeline-1553793e-7b00-42e4-9597-bd743dde1e8c for step edit_frame2: decision=approved, decided_by=test-user
2026-01-04 11:42:44,519 - temporal_gateway.clients.approval.routes - INFO - Approve result: {'status': 'approved', 'approval_request_id': 'e9dc954a-8048-49e8-ae24-b06ed592ce5d', 'decided_by': 'test-user', 'workflow_signaled': True}
2026-01-04 11:49:02,183 - temporal_gateway.clients.approval.routes - INFO - Approving token TxE_wla6Isk_6fgD... with service that has client: True
2026-01-04 11:49:02,193 - temporal_gateway.clients.approval.service - INFO - Sent approval signal to workflow chain-image-edit-to-video-pipeline-1553793e-7b00-42e4-9597-bd743dde1e8c for step create_video: decision=approved, decided_by=auto-approval
2026-01-04 11:49:02,196 - temporal_gateway.clients.approval.routes - INFO - Approve result: {'status': 'approved', 'approval_request_id': 'f8b3fa21-9f70-42ab-adc6-79b957e111f1', 'decided_by': 'auto-approval', 'workflow_signaled': True}
