2026-01-20 15:28:34,497 - temporal_gateway.logging_config - INFO - {'log_file': '/home/jaskirat/Documents/comfyautomate/temporal_gateway/logs/gateway_20260120_095834.log', 'level': 'info', 'event': 'Logging configured', 'logger': 'temporal_gateway.logging_config', 'timestamp': '2026-01-20T09:58:34.497336Z'}
2026-01-20 15:28:34,503 - temporal_gateway.registry - INFO - WorkflowRegistry initialized: /home/jaskirat/Documents/comfyautomate/templates
2026-01-20 15:28:34,505 - temporal_gateway.registry - INFO - ✓ fluxdev: Loading from override file
2026-01-20 15:28:34,506 - temporal_gateway.registry - INFO -   Loaded 13 parameters from override file
2026-01-20 15:28:34,507 - temporal_gateway.registry - INFO - ✓ firstEndTovideo: Loading from override file
2026-01-20 15:28:34,508 - temporal_gateway.registry - INFO -   Loaded 44 parameters from override file
2026-01-20 15:28:34,510 - temporal_gateway.registry - INFO - ✓ image_qwen_edit: Loading from override file
2026-01-20 15:28:34,511 - temporal_gateway.registry - INFO -   Loaded 27 parameters from override file
2026-01-20 15:28:34,513 - temporal_gateway.registry - INFO - ✓ video_wan2_2_14B_fun_camera_test: Loading from override file
2026-01-20 15:28:34,514 - temporal_gateway.registry - INFO -   Loaded 49 parameters from override file
2026-01-20 15:28:34,516 - temporal_gateway.registry - INFO - ✓ qwen_image_edit: Loading from override file
2026-01-20 15:28:34,517 - temporal_gateway.registry - INFO -   Loaded 25 parameters from override file
2026-01-20 15:28:34,519 - temporal_gateway.registry - INFO - ✓ video_wan2_2_14B_i2v: Loading from override file
2026-01-20 15:28:34,520 - temporal_gateway.registry - INFO -   Loaded 43 parameters from override file
2026-01-20 15:28:34,521 - temporal_gateway.registry - INFO - ✓ imageSave: Loading from override file
2026-01-20 15:28:34,522 - temporal_gateway.registry - INFO -   Loaded 9 parameters from override file
2026-01-20 15:28:34,523 - temporal_gateway.registry - INFO - Discovery complete: 7 workflows, 0 generated, 7 loaded, 0 regenerated
2026-01-20 15:28:34,525 - temporal_gateway.registry - INFO - ✓ fluxdev: Loading from override file
2026-01-20 15:28:34,526 - temporal_gateway.registry - INFO -   Loaded 13 parameters from override file
2026-01-20 15:28:34,528 - temporal_gateway.registry - INFO - ✓ firstEndTovideo: Loading from override file
2026-01-20 15:28:34,529 - temporal_gateway.registry - INFO -   Loaded 44 parameters from override file
2026-01-20 15:28:34,531 - temporal_gateway.registry - INFO - ✓ image_qwen_edit: Loading from override file
2026-01-20 15:28:34,532 - temporal_gateway.registry - INFO -   Loaded 27 parameters from override file
2026-01-20 15:28:34,533 - temporal_gateway.registry - INFO - ✓ video_wan2_2_14B_fun_camera_test: Loading from override file
2026-01-20 15:28:34,534 - temporal_gateway.registry - INFO -   Loaded 49 parameters from override file
2026-01-20 15:28:34,536 - temporal_gateway.registry - INFO - ✓ qwen_image_edit: Loading from override file
2026-01-20 15:28:34,537 - temporal_gateway.registry - INFO -   Loaded 25 parameters from override file
2026-01-20 15:28:34,538 - temporal_gateway.registry - INFO - ✓ video_wan2_2_14B_i2v: Loading from override file
2026-01-20 15:28:34,539 - temporal_gateway.registry - INFO -   Loaded 43 parameters from override file
2026-01-20 15:28:34,540 - temporal_gateway.registry - INFO - ✓ imageSave: Loading from override file
2026-01-20 15:28:34,541 - temporal_gateway.registry - INFO -   Loaded 9 parameters from override file
2026-01-20 15:28:34,542 - temporal_gateway.registry - INFO - Discovery complete: 7 workflows, 0 generated, 7 loaded, 0 regenerated
2026-01-20 15:28:34,543 - temporal_gateway.clients.approval.routes - INFO - Approval service initialized with Temporal client
2026-01-20 15:28:34,581 - temporal_gateway.services.broadcast - INFO - Created broadcast instance for redis://localhost:6379
2026-01-20 15:28:34,584 - temporal_gateway.services.broadcast - INFO - Broadcast connected to Redis
2026-01-20 15:28:34,585 - temporal_gateway.logging_config - INFO - {'event': '============================================================', 'level': 'info', 'logger': 'temporal_gateway.logging_config', 'timestamp': '2026-01-20T09:58:34.585366Z'}
2026-01-20 15:28:34,586 - temporal_gateway.logging_config - INFO - {'event': '🚀 Temporal Gateway Started', 'level': 'info', 'logger': 'temporal_gateway.logging_config', 'timestamp': '2026-01-20T09:58:34.586615Z'}
2026-01-20 15:28:34,587 - temporal_gateway.logging_config - INFO - {'event': '============================================================', 'level': 'info', 'logger': 'temporal_gateway.logging_config', 'timestamp': '2026-01-20T09:58:34.587911Z'}
2026-01-20 15:28:34,589 - temporal_gateway.logging_config - INFO - {'host': 'localhost:7233', 'event': 'Connected to Temporal', 'level': 'info', 'logger': 'temporal_gateway.logging_config', 'timestamp': '2026-01-20T09:58:34.589292Z'}
2026-01-20 15:28:34,590 - temporal_gateway.logging_config - INFO - {'url': 'http://localhost:8001', 'event': 'Gateway API', 'level': 'info', 'logger': 'temporal_gateway.logging_config', 'timestamp': '2026-01-20T09:58:34.590679Z'}
2026-01-20 15:28:34,592 - temporal_gateway.logging_config - INFO - {'url': 'http://localhost:8233', 'event': 'Temporal UI', 'level': 'info', 'logger': 'temporal_gateway.logging_config', 'timestamp': '2026-01-20T09:58:34.592223Z'}
2026-01-20 15:28:34,593 - temporal_gateway.logging_config - INFO - {'count': 7, 'event': 'Workflows discovered', 'level': 'info', 'logger': 'temporal_gateway.logging_config', 'timestamp': '2026-01-20T09:58:34.593797Z'}
2026-01-20 15:28:34,595 - temporal_gateway.logging_config - INFO - {'path': '/home/jaskirat/Documents/comfyautomate/temporal_gateway/logs/gateway_20260120_095834.log', 'event': 'Log file', 'level': 'info', 'logger': 'temporal_gateway.logging_config', 'timestamp': '2026-01-20T09:58:34.595389Z'}
2026-01-20 15:28:34,596 - temporal_gateway.logging_config - INFO - {'event': '============================================================', 'level': 'info', 'logger': 'temporal_gateway.logging_config', 'timestamp': '2026-01-20T09:58:34.596816Z'}
2026-01-20 15:28:48,256 - __main__ - INFO - {'event': 'SSE client subscribing to chain:4940ec2d-6ca6-42cb-8c87-15230eabfb2c', 'level': 'info', 'logger': '__main__', 'timestamp': '2026-01-20T09:58:48.256379Z'}
2026-01-20 15:28:48,261 - __main__ - INFO - {'event': 'Starting SSE subscription for chain:4940ec2d-6ca6-42cb-8c87-15230eabfb2c', 'level': 'info', 'logger': '__main__', 'timestamp': '2026-01-20T09:58:48.261332Z'}
2026-01-20 15:28:49,310 - __main__ - INFO - {'event': 'SSE sending event: step_completed for chain:4940ec2d-6ca6-42cb-8c87-15230eabfb2c', 'level': 'info', 'logger': '__main__', 'timestamp': '2026-01-20T09:58:49.310844Z'}
2026-01-20 15:29:40,550 - __main__ - INFO - {'event': 'SSE sending event: approval_requested for chain:4940ec2d-6ca6-42cb-8c87-15230eabfb2c', 'level': 'info', 'logger': '__main__', 'timestamp': '2026-01-20T09:59:40.550320Z'}
2026-01-20 15:29:53,626 - temporal_gateway.clients.approval.routes - INFO - Approving token RZIO0yU8CE2QNqxP... with service that has client: True
2026-01-20 15:29:53,645 - temporal_gateway.clients.approval.service - INFO - Sent approval signal to job chain-image-edit-to-video-pipeline-regen-850d6d02-b357-4cb9-b832-6ce0b32fed37 for step edit_frame2: decision=approved, decided_by=cli-user
2026-01-20 15:29:53,647 - temporal_gateway.clients.approval.routes - INFO - Approve result: {'status': 'approved', 'approval_request_id': '2cd0b2eb-21ed-4396-b5c0-ed12b5e93308', 'decided_by': 'cli-user', 'workflow_signaled': True}
2026-01-20 15:29:53,679 - __main__ - INFO - {'event': 'SSE sending event: step_completed for chain:4940ec2d-6ca6-42cb-8c87-15230eabfb2c', 'level': 'info', 'logger': '__main__', 'timestamp': '2026-01-20T09:59:53.679580Z'}
2026-01-20 15:35:15,390 - __main__ - INFO - {'event': 'SSE sending event: approval_requested for chain:4940ec2d-6ca6-42cb-8c87-15230eabfb2c', 'level': 'info', 'logger': '__main__', 'timestamp': '2026-01-20T10:05:15.390829Z'}
