2026-01-13 11:00:46,914 - temporal_gateway.logging_config - INFO - {'log_file': '/home/jaskirat/Documents/comfyautomate/temporal_gateway/logs/gateway_20260113_053046.log', 'level': 'info', 'event': 'Logging configured', 'logger': 'temporal_gateway.logging_config', 'timestamp': '2026-01-13T05:30:46.914650Z'}
2026-01-13 11:00:46,933 - temporal_gateway.registry - INFO - WorkflowRegistry initialized: /home/jaskirat/Documents/comfyautomate/templates
2026-01-13 11:00:46,935 - temporal_gateway.registry - INFO - ✓ fluxdev: Loading from override file
2026-01-13 11:00:46,937 - temporal_gateway.registry - INFO -   Loaded 13 parameters from override file
2026-01-13 11:00:46,939 - temporal_gateway.registry - INFO - ✓ firstEndTovideo: Loading from override file
2026-01-13 11:00:46,941 - temporal_gateway.registry - INFO -   Loaded 44 parameters from override file
2026-01-13 11:00:46,945 - temporal_gateway.registry - INFO - ✓ image_qwen_edit: Loading from override file
2026-01-13 11:00:46,947 - temporal_gateway.registry - INFO -   Loaded 27 parameters from override file
2026-01-13 11:00:46,950 - temporal_gateway.registry - INFO - ✓ video_wan2_2_14B_fun_camera_test: Loading from override file
2026-01-13 11:00:46,952 - temporal_gateway.registry - INFO -   Loaded 49 parameters from override file
2026-01-13 11:00:46,954 - temporal_gateway.registry - INFO - ✓ qwen_image_edit: Loading from override file
2026-01-13 11:00:46,955 - temporal_gateway.registry - INFO -   Loaded 25 parameters from override file
2026-01-13 11:00:46,957 - temporal_gateway.registry - INFO - ✓ video_wan2_2_14B_i2v: Loading from override file
2026-01-13 11:00:46,959 - temporal_gateway.registry - INFO -   Loaded 43 parameters from override file
2026-01-13 11:00:46,960 - temporal_gateway.registry - INFO - ✓ imageSave: Loading from override file
2026-01-13 11:00:46,962 - temporal_gateway.registry - INFO -   Loaded 9 parameters from override file
2026-01-13 11:00:46,963 - temporal_gateway.registry - INFO - Discovery complete: 7 workflows, 0 generated, 7 loaded, 0 regenerated
2026-01-13 11:00:46,965 - temporal_gateway.registry - INFO - ✓ fluxdev: Loading from override file
2026-01-13 11:00:46,966 - temporal_gateway.registry - INFO -   Loaded 13 parameters from override file
2026-01-13 11:00:46,968 - temporal_gateway.registry - INFO - ✓ firstEndTovideo: Loading from override file
2026-01-13 11:00:46,970 - temporal_gateway.registry - INFO -   Loaded 44 parameters from override file
2026-01-13 11:00:46,972 - temporal_gateway.registry - INFO - ✓ image_qwen_edit: Loading from override file
2026-01-13 11:00:46,974 - temporal_gateway.registry - INFO -   Loaded 27 parameters from override file
2026-01-13 11:00:46,976 - temporal_gateway.registry - INFO - ✓ video_wan2_2_14B_fun_camera_test: Loading from override file
2026-01-13 11:00:46,978 - temporal_gateway.registry - INFO -   Loaded 49 parameters from override file
2026-01-13 11:00:46,980 - temporal_gateway.registry - INFO - ✓ qwen_image_edit: Loading from override file
2026-01-13 11:00:46,982 - temporal_gateway.registry - INFO -   Loaded 25 parameters from override file
2026-01-13 11:00:46,983 - temporal_gateway.registry - INFO - ✓ video_wan2_2_14B_i2v: Loading from override file
2026-01-13 11:00:46,985 - temporal_gateway.registry - INFO -   Loaded 43 parameters from override file
2026-01-13 11:00:46,986 - temporal_gateway.registry - INFO - ✓ imageSave: Loading from override file
2026-01-13 11:00:46,988 - temporal_gateway.registry - INFO -   Loaded 9 parameters from override file
2026-01-13 11:00:46,990 - temporal_gateway.registry - INFO - Discovery complete: 7 workflows, 0 generated, 7 loaded, 0 regenerated
2026-01-13 11:00:46,991 - temporal_gateway.clients.approval.routes - INFO - Approval service initialized with Temporal client
2026-01-13 11:00:47,038 - temporal_gateway.services.broadcast - INFO - Created broadcast instance for redis://localhost:6379
2026-01-13 11:00:47,041 - temporal_gateway.services.broadcast - INFO - Broadcast connected to Redis
2026-01-13 11:00:47,042 - temporal_gateway.logging_config - INFO - {'event': '============================================================', 'level': 'info', 'logger': 'temporal_gateway.logging_config', 'timestamp': '2026-01-13T05:30:47.042333Z'}
2026-01-13 11:00:47,043 - temporal_gateway.logging_config - INFO - {'event': '🚀 Temporal Gateway Started', 'level': 'info', 'logger': 'temporal_gateway.logging_config', 'timestamp': '2026-01-13T05:30:47.043593Z'}
2026-01-13 11:00:47,045 - temporal_gateway.logging_config - INFO - {'event': '============================================================', 'level': 'info', 'logger': 'temporal_gateway.logging_config', 'timestamp': '2026-01-13T05:30:47.045148Z'}
2026-01-13 11:00:47,047 - temporal_gateway.logging_config - INFO - {'host': 'localhost:7233', 'event': 'Connected to Temporal', 'level': 'info', 'logger': 'temporal_gateway.logging_config', 'timestamp': '2026-01-13T05:30:47.047242Z'}
2026-01-13 11:00:47,048 - temporal_gateway.logging_config - INFO - {'url': 'http://localhost:8001', 'event': 'Gateway API', 'level': 'info', 'logger': 'temporal_gateway.logging_config', 'timestamp': '2026-01-13T05:30:47.048909Z'}
2026-01-13 11:00:47,050 - temporal_gateway.logging_config - INFO - {'url': 'http://localhost:8233', 'event': 'Temporal UI', 'level': 'info', 'logger': 'temporal_gateway.logging_config', 'timestamp': '2026-01-13T05:30:47.050650Z'}
2026-01-13 11:00:47,052 - temporal_gateway.logging_config - INFO - {'count': 7, 'event': 'Workflows discovered', 'level': 'info', 'logger': 'temporal_gateway.logging_config', 'timestamp': '2026-01-13T05:30:47.052190Z'}
2026-01-13 11:00:47,053 - temporal_gateway.logging_config - INFO - {'path': '/home/jaskirat/Documents/comfyautomate/temporal_gateway/logs/gateway_20260113_053046.log', 'event': 'Log file', 'level': 'info', 'logger': 'temporal_gateway.logging_config', 'timestamp': '2026-01-13T05:30:47.053562Z'}
2026-01-13 11:00:47,054 - temporal_gateway.logging_config - INFO - {'event': '============================================================', 'level': 'info', 'logger': 'temporal_gateway.logging_config', 'timestamp': '2026-01-13T05:30:47.054915Z'}
2026-01-13 11:01:14,933 - temporal_gateway.services.broadcast - INFO - Broadcast disconnected from Redis
