2026-01-13 11:51:33,149 - temporal_gateway.logging_config - INFO - {'log_file': '/home/jaskirat/Documents/comfyautomate/temporal_gateway/logs/gateway_20260113_062133.log', 'level': 'info', 'event': 'Logging configured', 'logger': 'temporal_gateway.logging_config', 'timestamp': '2026-01-13T06:21:33.149384Z'}
2026-01-13 11:51:33,156 - temporal_gateway.registry - INFO - WorkflowRegistry initialized: /home/jaskirat/Documents/comfyautomate/templates
2026-01-13 11:51:33,158 - temporal_gateway.registry - INFO - ✓ fluxdev: Loading from override file
2026-01-13 11:51:33,159 - temporal_gateway.registry - INFO -   Loaded 13 parameters from override file
2026-01-13 11:51:33,161 - temporal_gateway.registry - INFO - ✓ firstEndTovideo: Loading from override file
2026-01-13 11:51:33,162 - temporal_gateway.registry - INFO -   Loaded 44 parameters from override file
2026-01-13 11:51:33,163 - temporal_gateway.registry - INFO - ✓ image_qwen_edit: Loading from override file
2026-01-13 11:51:33,165 - temporal_gateway.registry - INFO -   Loaded 27 parameters from override file
2026-01-13 11:51:33,166 - temporal_gateway.registry - INFO - ✓ video_wan2_2_14B_fun_camera_test: Loading from override file
2026-01-13 11:51:33,168 - temporal_gateway.registry - INFO -   Loaded 49 parameters from override file
2026-01-13 11:51:33,169 - temporal_gateway.registry - INFO - ✓ qwen_image_edit: Loading from override file
2026-01-13 11:51:33,170 - temporal_gateway.registry - INFO -   Loaded 25 parameters from override file
2026-01-13 11:51:33,171 - temporal_gateway.registry - INFO - ✓ video_wan2_2_14B_i2v: Loading from override file
2026-01-13 11:51:33,172 - temporal_gateway.registry - INFO -   Loaded 43 parameters from override file
2026-01-13 11:51:33,174 - temporal_gateway.registry - INFO - ✓ imageSave: Loading from override file
2026-01-13 11:51:33,175 - temporal_gateway.registry - INFO -   Loaded 9 parameters from override file
2026-01-13 11:51:33,176 - temporal_gateway.registry - INFO - Discovery complete: 7 workflows, 0 generated, 7 loaded, 0 regenerated
2026-01-13 11:51:33,177 - temporal_gateway.registry - INFO - ✓ fluxdev: Loading from override file
2026-01-13 11:51:33,178 - temporal_gateway.registry - INFO -   Loaded 13 parameters from override file
2026-01-13 11:51:33,180 - temporal_gateway.registry - INFO - ✓ firstEndTovideo: Loading from override file
2026-01-13 11:51:33,181 - temporal_gateway.registry - INFO -   Loaded 44 parameters from override file
2026-01-13 11:51:33,182 - temporal_gateway.registry - INFO - ✓ image_qwen_edit: Loading from override file
2026-01-13 11:51:33,183 - temporal_gateway.registry - INFO -   Loaded 27 parameters from override file
2026-01-13 11:51:33,185 - temporal_gateway.registry - INFO - ✓ video_wan2_2_14B_fun_camera_test: Loading from override file
2026-01-13 11:51:33,186 - temporal_gateway.registry - INFO -   Loaded 49 parameters from override file
2026-01-13 11:51:33,187 - temporal_gateway.registry - INFO - ✓ qwen_image_edit: Loading from override file
2026-01-13 11:51:33,189 - temporal_gateway.registry - INFO -   Loaded 25 parameters from override file
2026-01-13 11:51:33,190 - temporal_gateway.registry - INFO - ✓ video_wan2_2_14B_i2v: Loading from override file
2026-01-13 11:51:33,192 - temporal_gateway.registry - INFO -   Loaded 43 parameters from override file
2026-01-13 11:51:33,193 - temporal_gateway.registry - INFO - ✓ imageSave: Loading from override file
2026-01-13 11:51:33,194 - temporal_gateway.registry - INFO -   Loaded 9 parameters from override file
2026-01-13 11:51:33,195 - temporal_gateway.registry - INFO - Discovery complete: 7 workflows, 0 generated, 7 loaded, 0 regenerated
2026-01-13 11:51:33,196 - temporal_gateway.clients.approval.routes - INFO - Approval service initialized with Temporal client
2026-01-13 11:51:33,233 - temporal_gateway.services.broadcast - INFO - Created broadcast instance for redis://localhost:6379
2026-01-13 11:51:33,235 - temporal_gateway.services.broadcast - INFO - Broadcast connected to Redis
2026-01-13 11:51:33,236 - temporal_gateway.logging_config - INFO - {'event': '============================================================', 'level': 'info', 'logger': 'temporal_gateway.logging_config', 'timestamp': '2026-01-13T06:21:33.236791Z'}
2026-01-13 11:51:33,238 - temporal_gateway.logging_config - INFO - {'event': '🚀 Temporal Gateway Started', 'level': 'info', 'logger': 'temporal_gateway.logging_config', 'timestamp': '2026-01-13T06:21:33.238107Z'}
2026-01-13 11:51:33,239 - temporal_gateway.logging_config - INFO - {'event': '============================================================', 'level': 'info', 'logger': 'temporal_gateway.logging_config', 'timestamp': '2026-01-13T06:21:33.239677Z'}
2026-01-13 11:51:33,241 - temporal_gateway.logging_config - INFO - {'host': 'localhost:7233', 'event': 'Connected to Temporal', 'level': 'info', 'logger': 'temporal_gateway.logging_config', 'timestamp': '2026-01-13T06:21:33.241397Z'}
2026-01-13 11:51:33,242 - temporal_gateway.logging_config - INFO - {'url': 'http://localhost:8001', 'event': 'Gateway API', 'level': 'info', 'logger': 'temporal_gateway.logging_config', 'timestamp': '2026-01-13T06:21:33.242812Z'}
2026-01-13 11:51:33,244 - temporal_gateway.logging_config - INFO - {'url': 'http://localhost:8233', 'event': 'Temporal UI', 'level': 'info', 'logger': 'temporal_gateway.logging_config', 'timestamp': '2026-01-13T06:21:33.244175Z'}
2026-01-13 11:51:33,245 - temporal_gateway.logging_config - INFO - {'count': 7, 'event': 'Workflows discovered', 'level': 'info', 'logger': 'temporal_gateway.logging_config', 'timestamp': '2026-01-13T06:21:33.245499Z'}
2026-01-13 11:51:33,246 - temporal_gateway.logging_config - INFO - {'path': '/home/jaskirat/Documents/comfyautomate/temporal_gateway/logs/gateway_20260113_062133.log', 'event': 'Log file', 'level': 'info', 'logger': 'temporal_gateway.logging_config', 'timestamp': '2026-01-13T06:21:33.246753Z'}
2026-01-13 11:51:33,248 - temporal_gateway.logging_config - INFO - {'event': '============================================================', 'level': 'info', 'logger': 'temporal_gateway.logging_config', 'timestamp': '2026-01-13T06:21:33.248177Z'}
2026-01-13 11:51:37,420 - __main__ - INFO - {'event': 'SSE client subscribing to chain:37db8b48-3392-4f6c-b7d3-69696e7b1451', 'level': 'info', 'logger': '__main__', 'timestamp': '2026-01-13T06:21:37.420723Z'}
2026-01-13 11:51:37,428 - __main__ - INFO - {'event': 'Starting SSE subscription for chain:37db8b48-3392-4f6c-b7d3-69696e7b1451', 'level': 'info', 'logger': '__main__', 'timestamp': '2026-01-13T06:21:37.428243Z'}
2026-01-13 11:51:40,097 - __main__ - INFO - {'event': 'SSE sending event: approval_requested for chain:37db8b48-3392-4f6c-b7d3-69696e7b1451', 'level': 'info', 'logger': '__main__', 'timestamp': '2026-01-13T06:21:40.097899Z'}
2026-01-13 11:51:40,400 - __main__ - INFO - {'event': 'SSE sending event: approval_requested for chain:37db8b48-3392-4f6c-b7d3-69696e7b1451', 'level': 'info', 'logger': '__main__', 'timestamp': '2026-01-13T06:21:40.400825Z'}
2026-01-13 11:54:56,160 - temporal_gateway.services.broadcast - INFO - Broadcast disconnected from Redis
