2026-01-15 00:21:49,592 - temporal_gateway.logging_config - INFO - {'log_file': '/home/jaskirat/Documents/comfyautomate/temporal_gateway/logs/gateway_20260114_185149.log', 'level': 'info', 'event': 'Logging configured', 'logger': 'temporal_gateway.logging_config', 'timestamp': '2026-01-14T18:51:49.592026Z'}
2026-01-15 00:21:49,653 - temporal_gateway.registry - INFO - WorkflowRegistry initialized: /home/jaskirat/Documents/comfyautomate/templates
2026-01-15 00:21:49,664 - temporal_gateway.registry - INFO - ✓ fluxdev: Loading from override file
2026-01-15 00:21:49,672 - temporal_gateway.registry - INFO -   Loaded 13 parameters from override file
2026-01-15 00:21:49,684 - temporal_gateway.registry - INFO - ✓ firstEndTovideo: Loading from override file
2026-01-15 00:21:49,693 - temporal_gateway.registry - INFO -   Loaded 44 parameters from override file
2026-01-15 00:21:49,705 - temporal_gateway.registry - INFO - ✓ image_qwen_edit: Loading from override file
2026-01-15 00:21:49,714 - temporal_gateway.registry - INFO -   Loaded 27 parameters from override file
2026-01-15 00:21:49,727 - temporal_gateway.registry - INFO - ✓ video_wan2_2_14B_fun_camera_test: Loading from override file
2026-01-15 00:21:49,736 - temporal_gateway.registry - INFO -   Loaded 49 parameters from override file
2026-01-15 00:21:49,747 - temporal_gateway.registry - INFO - ✓ qwen_image_edit: Loading from override file
2026-01-15 00:21:49,755 - temporal_gateway.registry - INFO -   Loaded 25 parameters from override file
2026-01-15 00:21:49,765 - temporal_gateway.registry - INFO - ✓ video_wan2_2_14B_i2v: Loading from override file
2026-01-15 00:21:49,773 - temporal_gateway.registry - INFO -   Loaded 43 parameters from override file
2026-01-15 00:21:49,781 - temporal_gateway.registry - INFO - ✓ imageSave: Loading from override file
2026-01-15 00:21:49,789 - temporal_gateway.registry - INFO -   Loaded 9 parameters from override file
2026-01-15 00:21:49,795 - temporal_gateway.registry - INFO - Discovery complete: 7 workflows, 0 generated, 7 loaded, 0 regenerated
2026-01-15 00:21:49,805 - temporal_gateway.registry - INFO - ✓ fluxdev: Loading from override file
2026-01-15 00:21:49,813 - temporal_gateway.registry - INFO -   Loaded 13 parameters from override file
2026-01-15 00:21:49,822 - temporal_gateway.registry - INFO - ✓ firstEndTovideo: Loading from override file
2026-01-15 00:21:49,830 - temporal_gateway.registry - INFO -   Loaded 44 parameters from override file
2026-01-15 00:21:49,839 - temporal_gateway.registry - INFO - ✓ image_qwen_edit: Loading from override file
2026-01-15 00:21:49,846 - temporal_gateway.registry - INFO -   Loaded 27 parameters from override file
2026-01-15 00:21:49,856 - temporal_gateway.registry - INFO - ✓ video_wan2_2_14B_fun_camera_test: Loading from override file
2026-01-15 00:21:49,864 - temporal_gateway.registry - INFO -   Loaded 49 parameters from override file
2026-01-15 00:21:49,873 - temporal_gateway.registry - INFO - ✓ qwen_image_edit: Loading from override file
2026-01-15 00:21:49,880 - temporal_gateway.registry - INFO -   Loaded 25 parameters from override file
2026-01-15 00:21:49,890 - temporal_gateway.registry - INFO - ✓ video_wan2_2_14B_i2v: Loading from override file
2026-01-15 00:21:49,897 - temporal_gateway.registry - INFO -   Loaded 43 parameters from override file
2026-01-15 00:21:49,905 - temporal_gateway.registry - INFO - ✓ imageSave: Loading from override file
2026-01-15 00:21:49,913 - temporal_gateway.registry - INFO -   Loaded 9 parameters from override file
2026-01-15 00:21:49,921 - temporal_gateway.registry - INFO - Discovery complete: 7 workflows, 0 generated, 7 loaded, 0 regenerated
2026-01-15 00:21:49,938 - temporal_gateway.clients.approval.routes - INFO - Approval service initialized with Temporal client
2026-01-15 00:21:50,168 - temporal_gateway.services.broadcast - INFO - Created broadcast instance for redis://localhost:6379
2026-01-15 00:21:50,180 - temporal_gateway.services.broadcast - INFO - Broadcast connected to Redis
2026-01-15 00:21:50,186 - temporal_gateway.logging_config - INFO - {'event': '============================================================', 'level': 'info', 'logger': 'temporal_gateway.logging_config', 'timestamp': '2026-01-14T18:51:50.186765Z'}
2026-01-15 00:21:50,195 - temporal_gateway.logging_config - INFO - {'event': '🚀 Temporal Gateway Started', 'level': 'info', 'logger': 'temporal_gateway.logging_config', 'timestamp': '2026-01-14T18:51:50.195499Z'}
2026-01-15 00:21:50,204 - temporal_gateway.logging_config - INFO - {'event': '============================================================', 'level': 'info', 'logger': 'temporal_gateway.logging_config', 'timestamp': '2026-01-14T18:51:50.204133Z'}
2026-01-15 00:21:50,213 - temporal_gateway.logging_config - INFO - {'host': 'localhost:7233', 'event': 'Connected to Temporal', 'level': 'info', 'logger': 'temporal_gateway.logging_config', 'timestamp': '2026-01-14T18:51:50.213233Z'}
2026-01-15 00:21:50,222 - temporal_gateway.logging_config - INFO - {'url': 'http://localhost:8001', 'event': 'Gateway API', 'level': 'info', 'logger': 'temporal_gateway.logging_config', 'timestamp': '2026-01-14T18:51:50.222005Z'}
2026-01-15 00:21:50,230 - temporal_gateway.logging_config - INFO - {'url': 'http://localhost:8233', 'event': 'Temporal UI', 'level': 'info', 'logger': 'temporal_gateway.logging_config', 'timestamp': '2026-01-14T18:51:50.230803Z'}
2026-01-15 00:21:50,239 - temporal_gateway.logging_config - INFO - {'count': 7, 'event': 'Workflows discovered', 'level': 'info', 'logger': 'temporal_gateway.logging_config', 'timestamp': '2026-01-14T18:51:50.239815Z'}
2026-01-15 00:21:50,248 - temporal_gateway.logging_config - INFO - {'path': '/home/jaskirat/Documents/comfyautomate/temporal_gateway/logs/gateway_20260114_185149.log', 'event': 'Log file', 'level': 'info', 'logger': 'temporal_gateway.logging_config', 'timestamp': '2026-01-14T18:51:50.248624Z'}
2026-01-15 00:21:50,257 - temporal_gateway.logging_config - INFO - {'event': '============================================================', 'level': 'info', 'logger': 'temporal_gateway.logging_config', 'timestamp': '2026-01-14T18:51:50.257592Z'}
2026-01-15 00:24:11,568 - temporal_gateway.services.broadcast - INFO - Broadcast disconnected from Redis
