2026-01-12 20:02:27,787 - temporal_gateway.logging_config - INFO - {'log_file': '/home/jaskirat/Documents/comfyautomate/temporal_gateway/logs/gateway_20260112_143227.log', 'level': 'info', 'event': 'Logging configured', 'logger': 'temporal_gateway.logging_config', 'timestamp': '2026-01-12T14:32:27.787388Z'}
2026-01-12 20:02:27,804 - temporal_gateway.registry - INFO - WorkflowRegistry initialized: /home/jaskirat/Documents/comfyautomate/templates
2026-01-12 20:02:27,805 - temporal_gateway.registry - INFO - ✓ fluxdev: Loading from override file
2026-01-12 20:02:27,807 - temporal_gateway.registry - INFO -   Loaded 13 parameters from override file
2026-01-12 20:02:27,808 - temporal_gateway.registry - INFO - ✓ firstEndTovideo: Loading from override file
2026-01-12 20:02:27,810 - temporal_gateway.registry - INFO -   Loaded 44 parameters from override file
2026-01-12 20:02:27,811 - temporal_gateway.registry - INFO - ✓ image_qwen_edit: Loading from override file
2026-01-12 20:02:27,813 - temporal_gateway.registry - INFO -   Loaded 27 parameters from override file
2026-01-12 20:02:27,814 - temporal_gateway.registry - INFO - ✓ video_wan2_2_14B_fun_camera_test: Loading from override file
2026-01-12 20:02:27,816 - temporal_gateway.registry - INFO -   Loaded 49 parameters from override file
2026-01-12 20:02:27,817 - temporal_gateway.registry - INFO - ✓ qwen_image_edit: Loading from override file
2026-01-12 20:02:27,818 - temporal_gateway.registry - INFO -   Loaded 25 parameters from override file
2026-01-12 20:02:27,820 - temporal_gateway.registry - INFO - ✓ video_wan2_2_14B_i2v: Loading from override file
2026-01-12 20:02:27,821 - temporal_gateway.registry - INFO -   Loaded 43 parameters from override file
2026-01-12 20:02:27,822 - temporal_gateway.registry - INFO - ✓ imageSave: Loading from override file
2026-01-12 20:02:27,823 - temporal_gateway.registry - INFO -   Loaded 9 parameters from override file
2026-01-12 20:02:27,824 - temporal_gateway.registry - INFO - Discovery complete: 7 workflows, 0 generated, 7 loaded, 0 regenerated
2026-01-12 20:02:27,826 - temporal_gateway.registry - INFO - ✓ fluxdev: Loading from override file
2026-01-12 20:02:27,828 - temporal_gateway.registry - INFO -   Loaded 13 parameters from override file
2026-01-12 20:02:27,829 - temporal_gateway.registry - INFO - ✓ firstEndTovideo: Loading from override file
2026-01-12 20:02:27,830 - temporal_gateway.registry - INFO -   Loaded 44 parameters from override file
2026-01-12 20:02:27,832 - temporal_gateway.registry - INFO - ✓ image_qwen_edit: Loading from override file
2026-01-12 20:02:27,833 - temporal_gateway.registry - INFO -   Loaded 27 parameters from override file
2026-01-12 20:02:27,834 - temporal_gateway.registry - INFO - ✓ video_wan2_2_14B_fun_camera_test: Loading from override file
2026-01-12 20:02:27,835 - temporal_gateway.registry - INFO -   Loaded 49 parameters from override file
2026-01-12 20:02:27,836 - temporal_gateway.registry - INFO - ✓ qwen_image_edit: Loading from override file
2026-01-12 20:02:27,837 - temporal_gateway.registry - INFO -   Loaded 25 parameters from override file
2026-01-12 20:02:27,839 - temporal_gateway.registry - INFO - ✓ video_wan2_2_14B_i2v: Loading from override file
2026-01-12 20:02:27,840 - temporal_gateway.registry - INFO -   Loaded 43 parameters from override file
2026-01-12 20:02:27,842 - temporal_gateway.registry - INFO - ✓ imageSave: Loading from override file
2026-01-12 20:02:27,843 - temporal_gateway.registry - INFO -   Loaded 9 parameters from override file
2026-01-12 20:02:27,844 - temporal_gateway.registry - INFO - Discovery complete: 7 workflows, 0 generated, 7 loaded, 0 regenerated
2026-01-12 20:02:27,845 - temporal_gateway.clients.approval.routes - INFO - Approval service initialized with Temporal client
2026-01-12 20:02:27,893 - temporal_gateway.services.broadcast - INFO - Created broadcast instance for redis://localhost:6379
2026-01-12 20:02:27,898 - temporal_gateway.services.broadcast - INFO - Broadcast connected to Redis
2026-01-12 20:02:27,899 - temporal_gateway.logging_config - INFO - {'event': '============================================================', 'level': 'info', 'logger': 'temporal_gateway.logging_config', 'timestamp': '2026-01-12T14:32:27.899753Z'}
2026-01-12 20:02:27,901 - temporal_gateway.logging_config - INFO - {'event': '🚀 Temporal Gateway Started', 'level': 'info', 'logger': 'temporal_gateway.logging_config', 'timestamp': '2026-01-12T14:32:27.901326Z'}
2026-01-12 20:02:27,902 - temporal_gateway.logging_config - INFO - {'event': '============================================================', 'level': 'info', 'logger': 'temporal_gateway.logging_config', 'timestamp': '2026-01-12T14:32:27.902895Z'}
2026-01-12 20:02:27,904 - temporal_gateway.logging_config - INFO - {'host': 'localhost:7233', 'event': 'Connected to Temporal', 'level': 'info', 'logger': 'temporal_gateway.logging_config', 'timestamp': '2026-01-12T14:32:27.904460Z'}
2026-01-12 20:02:27,906 - temporal_gateway.logging_config - INFO - {'url': 'http://localhost:8001', 'event': 'Gateway API', 'level': 'info', 'logger': 'temporal_gateway.logging_config', 'timestamp': '2026-01-12T14:32:27.906383Z'}
2026-01-12 20:02:27,908 - temporal_gateway.logging_config - INFO - {'url': 'http://localhost:8233', 'event': 'Temporal UI', 'level': 'info', 'logger': 'temporal_gateway.logging_config', 'timestamp': '2026-01-12T14:32:27.908653Z'}
2026-01-12 20:02:27,911 - temporal_gateway.logging_config - INFO - {'count': 7, 'event': 'Workflows discovered', 'level': 'info', 'logger': 'temporal_gateway.logging_config', 'timestamp': '2026-01-12T14:32:27.910975Z'}
2026-01-12 20:02:27,912 - temporal_gateway.logging_config - INFO - {'path': '/home/jaskirat/Documents/comfyautomate/temporal_gateway/logs/gateway_20260112_143227.log', 'event': 'Log file', 'level': 'info', 'logger': 'temporal_gateway.logging_config', 'timestamp': '2026-01-12T14:32:27.912858Z'}
2026-01-12 20:02:27,914 - temporal_gateway.logging_config - INFO - {'event': '============================================================', 'level': 'info', 'logger': 'temporal_gateway.logging_config', 'timestamp': '2026-01-12T14:32:27.914576Z'}
