2026-01-06 18:26:21,173 - temporal_gateway.logging_config - INFO - {'log_file': '/home/jaskirat/Documents/comfyautomate/temporal_gateway/logs/gateway_20260106_125621.log', 'level': 'info', 'event': 'Logging configured', 'logger': 'temporal_gateway.logging_config', 'timestamp': '2026-01-06T12:56:21.173428Z'}
2026-01-06 18:26:21,179 - temporal_gateway.workflow_registry - INFO - WorkflowRegistry initialized: /home/jaskirat/Documents/comfyautomate/workflows
2026-01-06 18:26:21,181 - temporal_gateway.workflow_registry - INFO - ✓ firstEndTovideo: Loading from override file
2026-01-06 18:26:21,182 - temporal_gateway.workflow_registry - INFO -   Loaded 44 parameters from override file
2026-01-06 18:26:21,184 - temporal_gateway.workflow_registry - INFO - ✓ video_wan2_2_14B_fun_camera_test: Loading from override file
2026-01-06 18:26:21,185 - temporal_gateway.workflow_registry - INFO -   Loaded 49 parameters from override file
2026-01-06 18:26:21,187 - temporal_gateway.workflow_registry - INFO - ✓ qwen_image_edit: Loading from override file
2026-01-06 18:26:21,188 - temporal_gateway.workflow_registry - INFO -   Loaded 25 parameters from override file
2026-01-06 18:26:21,190 - temporal_gateway.workflow_registry - INFO - ✓ video_wan2_2_14B_i2v: Loading from override file
2026-01-06 18:26:21,191 - temporal_gateway.workflow_registry - INFO -   Loaded 43 parameters from override file
2026-01-06 18:26:21,193 - temporal_gateway.workflow_registry - INFO - ✓ imageSave: Loading from override file
2026-01-06 18:26:21,194 - temporal_gateway.workflow_registry - INFO -   Loaded 9 parameters from override file
2026-01-06 18:26:21,195 - temporal_gateway.workflow_registry - INFO - Discovery complete: 5 workflows, 0 generated, 5 loaded, 0 regenerated
2026-01-06 18:26:21,196 - temporal_gateway.workflow_registry - INFO - ✓ firstEndTovideo: Loading from override file
2026-01-06 18:26:21,197 - temporal_gateway.workflow_registry - INFO -   Loaded 44 parameters from override file
2026-01-06 18:26:21,199 - temporal_gateway.workflow_registry - INFO - ✓ video_wan2_2_14B_fun_camera_test: Loading from override file
2026-01-06 18:26:21,200 - temporal_gateway.workflow_registry - INFO -   Loaded 49 parameters from override file
2026-01-06 18:26:21,201 - temporal_gateway.workflow_registry - INFO - ✓ qwen_image_edit: Loading from override file
2026-01-06 18:26:21,202 - temporal_gateway.workflow_registry - INFO -   Loaded 25 parameters from override file
2026-01-06 18:26:21,204 - temporal_gateway.workflow_registry - INFO - ✓ video_wan2_2_14B_i2v: Loading from override file
2026-01-06 18:26:21,205 - temporal_gateway.workflow_registry - INFO -   Loaded 43 parameters from override file
2026-01-06 18:26:21,207 - temporal_gateway.workflow_registry - INFO - ✓ imageSave: Loading from override file
2026-01-06 18:26:21,208 - temporal_gateway.workflow_registry - INFO -   Loaded 9 parameters from override file
2026-01-06 18:26:21,209 - temporal_gateway.workflow_registry - INFO - Discovery complete: 5 workflows, 0 generated, 5 loaded, 0 regenerated
2026-01-06 18:26:21,210 - temporal_gateway.clients.approval.routes - INFO - Approval service initialized with Temporal client
2026-01-06 18:26:21,211 - temporal_gateway.logging_config - INFO - {'event': '============================================================', 'level': 'info', 'logger': 'temporal_gateway.logging_config', 'timestamp': '2026-01-06T12:56:21.211528Z'}
2026-01-06 18:26:21,212 - temporal_gateway.logging_config - INFO - {'event': '🚀 Temporal Gateway Started', 'level': 'info', 'logger': 'temporal_gateway.logging_config', 'timestamp': '2026-01-06T12:56:21.212736Z'}
2026-01-06 18:26:21,214 - temporal_gateway.logging_config - INFO - {'event': '============================================================', 'level': 'info', 'logger': 'temporal_gateway.logging_config', 'timestamp': '2026-01-06T12:56:21.214140Z'}
2026-01-06 18:26:21,215 - temporal_gateway.logging_config - INFO - {'host': 'localhost:7233', 'event': 'Connected to Temporal', 'level': 'info', 'logger': 'temporal_gateway.logging_config', 'timestamp': '2026-01-06T12:56:21.215377Z'}
2026-01-06 18:26:21,216 - temporal_gateway.logging_config - INFO - {'url': 'http://localhost:8001', 'event': 'Gateway API', 'level': 'info', 'logger': 'temporal_gateway.logging_config', 'timestamp': '2026-01-06T12:56:21.216568Z'}
2026-01-06 18:26:21,217 - temporal_gateway.logging_config - INFO - {'url': 'http://localhost:8233', 'event': 'Temporal UI', 'level': 'info', 'logger': 'temporal_gateway.logging_config', 'timestamp': '2026-01-06T12:56:21.217732Z'}
2026-01-06 18:26:21,219 - temporal_gateway.logging_config - INFO - {'count': 5, 'event': 'Workflows discovered', 'level': 'info', 'logger': 'temporal_gateway.logging_config', 'timestamp': '2026-01-06T12:56:21.219038Z'}
2026-01-06 18:26:21,220 - temporal_gateway.logging_config - INFO - {'path': '/home/jaskirat/Documents/comfyautomate/temporal_gateway/logs/gateway_20260106_125621.log', 'event': 'Log file', 'level': 'info', 'logger': 'temporal_gateway.logging_config', 'timestamp': '2026-01-06T12:56:21.220608Z'}
2026-01-06 18:26:21,222 - temporal_gateway.logging_config - INFO - {'event': '============================================================', 'level': 'info', 'logger': 'temporal_gateway.logging_config', 'timestamp': '2026-01-06T12:56:21.222433Z'}
2026-01-06 18:26:28,847 - temporal_gateway.clients.approval.routes - INFO - Approving token MGK8PBvob8HJZP8F... with service that has client: True
2026-01-06 18:26:28,885 - temporal_gateway.clients.approval.service - INFO - Sent approval signal to workflow chain-image-edit-to-video-pipeline-de2e8cc3-607f-4878-a263-09eab172710c for step extract_frame1: decision=approved, decided_by=test-user
2026-01-06 18:26:28,888 - temporal_gateway.clients.approval.routes - INFO - Approve result: {'status': 'approved', 'approval_request_id': '9d7ad251-ec36-4520-8896-ff63e71e6319', 'decided_by': 'test-user', 'workflow_signaled': True}
2026-01-06 18:26:28,896 - temporal_gateway.clients.approval.routes - INFO - Approving token t-HVh4-0Qo7r-8A5... with service that has client: True
2026-01-06 18:26:28,911 - temporal_gateway.clients.approval.service - INFO - Sent approval signal to workflow chain-image-edit-to-video-pipeline-de2e8cc3-607f-4878-a263-09eab172710c for step extract_frame2: decision=approved, decided_by=test-user
2026-01-06 18:26:28,913 - temporal_gateway.clients.approval.routes - INFO - Approve result: {'status': 'approved', 'approval_request_id': '39bbbd23-07fb-4dcc-bf6e-9739305923e6', 'decided_by': 'test-user', 'workflow_signaled': True}
2026-01-06 18:27:23,226 - temporal_gateway.clients.approval.routes - INFO - Approving token j1dr07G29r6O136m... with service that has client: True
2026-01-06 18:27:23,237 - temporal_gateway.clients.approval.service - INFO - Sent approval signal to workflow chain-image-edit-to-video-pipeline-de2e8cc3-607f-4878-a263-09eab172710c for step edit_frame2: decision=approved, decided_by=test-user
2026-01-06 18:27:23,238 - temporal_gateway.clients.approval.routes - INFO - Approve result: {'status': 'approved', 'approval_request_id': '51c59400-4c70-41e9-836c-19ab9a9930ef', 'decided_by': 'test-user', 'workflow_signaled': True}
2026-01-06 18:27:49,415 - temporal_gateway.clients.approval.routes - INFO - Approving token xCwFYIIXWT5ujLfF... with service that has client: True
2026-01-06 18:27:49,445 - temporal_gateway.clients.approval.service - INFO - Sent approval signal to workflow chain-image-edit-to-video-pipeline-de2e8cc3-607f-4878-a263-09eab172710c for step edit_frame1: decision=approved, decided_by=test-user
2026-01-06 18:27:49,447 - temporal_gateway.clients.approval.routes - INFO - Approve result: {'status': 'approved', 'approval_request_id': '3847efe8-14da-48f0-958c-abbf953ed836', 'decided_by': 'test-user', 'workflow_signaled': True}
2026-01-06 18:33:05,540 - temporal_gateway.clients.approval.routes - INFO - Approving token Pv9GP8U8VIZf_ZC6... with service that has client: True
2026-01-06 18:33:05,579 - temporal_gateway.clients.approval.service - INFO - Sent approval signal to workflow chain-image-edit-to-video-pipeline-de2e8cc3-607f-4878-a263-09eab172710c for step create_video: decision=approved, decided_by=test-user
2026-01-06 18:33:05,582 - temporal_gateway.clients.approval.routes - INFO - Approve result: {'status': 'approved', 'approval_request_id': '5d6d0371-404c-4e75-a63e-225a7c296183', 'decided_by': 'test-user', 'workflow_signaled': True}
