2026-01-07 00:08:12,224 - temporal_gateway.logging_config - INFO - {'log_file': '/home/jaskirat/Documents/comfyautomate/temporal_gateway/logs/gateway_20260106_183812.log', 'level': 'info', 'event': 'Logging configured', 'logger': 'temporal_gateway.logging_config', 'timestamp': '2026-01-06T18:38:12.224025Z'}
2026-01-07 00:08:12,230 - temporal_gateway.workflow_registry - INFO - WorkflowRegistry initialized: /home/jaskirat/Documents/comfyautomate/workflows
2026-01-07 00:08:12,232 - temporal_gateway.workflow_registry - INFO - ✓ fluxdev: Loading from override file
2026-01-07 00:08:12,233 - temporal_gateway.workflow_registry - INFO -   Loaded 13 parameters from override file
2026-01-07 00:08:12,235 - temporal_gateway.workflow_registry - INFO - ✓ firstEndTovideo: Loading from override file
2026-01-07 00:08:12,237 - temporal_gateway.workflow_registry - INFO -   Loaded 44 parameters from override file
2026-01-07 00:08:12,238 - temporal_gateway.workflow_registry - INFO - ✓ image_qwen_edit: Loading from override file
2026-01-07 00:08:12,240 - temporal_gateway.workflow_registry - INFO -   Loaded 27 parameters from override file
2026-01-07 00:08:12,242 - temporal_gateway.workflow_registry - INFO - ✓ video_wan2_2_14B_fun_camera_test: Loading from override file
2026-01-07 00:08:12,243 - temporal_gateway.workflow_registry - INFO -   Loaded 49 parameters from override file
2026-01-07 00:08:12,245 - temporal_gateway.workflow_registry - INFO - ✓ qwen_image_edit: Loading from override file
2026-01-07 00:08:12,246 - temporal_gateway.workflow_registry - INFO -   Loaded 25 parameters from override file
2026-01-07 00:08:12,247 - temporal_gateway.workflow_registry - INFO - ✓ video_wan2_2_14B_i2v: Loading from override file
2026-01-07 00:08:12,249 - temporal_gateway.workflow_registry - INFO -   Loaded 43 parameters from override file
2026-01-07 00:08:12,251 - temporal_gateway.workflow_registry - INFO - ✓ imageSave: Loading from override file
2026-01-07 00:08:12,252 - temporal_gateway.workflow_registry - INFO -   Loaded 9 parameters from override file
2026-01-07 00:08:12,254 - temporal_gateway.workflow_registry - INFO - Discovery complete: 7 workflows, 0 generated, 7 loaded, 0 regenerated
2026-01-07 00:08:12,256 - temporal_gateway.workflow_registry - INFO - ✓ fluxdev: Loading from override file
2026-01-07 00:08:12,257 - temporal_gateway.workflow_registry - INFO -   Loaded 13 parameters from override file
2026-01-07 00:08:12,259 - temporal_gateway.workflow_registry - INFO - ✓ firstEndTovideo: Loading from override file
2026-01-07 00:08:12,261 - temporal_gateway.workflow_registry - INFO -   Loaded 44 parameters from override file
2026-01-07 00:08:12,262 - temporal_gateway.workflow_registry - INFO - ✓ image_qwen_edit: Loading from override file
2026-01-07 00:08:12,263 - temporal_gateway.workflow_registry - INFO -   Loaded 27 parameters from override file
2026-01-07 00:08:12,265 - temporal_gateway.workflow_registry - INFO - ✓ video_wan2_2_14B_fun_camera_test: Loading from override file
2026-01-07 00:08:12,266 - temporal_gateway.workflow_registry - INFO -   Loaded 49 parameters from override file
2026-01-07 00:08:12,268 - temporal_gateway.workflow_registry - INFO - ✓ qwen_image_edit: Loading from override file
2026-01-07 00:08:12,269 - temporal_gateway.workflow_registry - INFO -   Loaded 25 parameters from override file
2026-01-07 00:08:12,271 - temporal_gateway.workflow_registry - INFO - ✓ video_wan2_2_14B_i2v: Loading from override file
2026-01-07 00:08:12,272 - temporal_gateway.workflow_registry - INFO -   Loaded 43 parameters from override file
2026-01-07 00:08:12,274 - temporal_gateway.workflow_registry - INFO - ✓ imageSave: Loading from override file
2026-01-07 00:08:12,275 - temporal_gateway.workflow_registry - INFO -   Loaded 9 parameters from override file
2026-01-07 00:08:12,276 - temporal_gateway.workflow_registry - INFO - Discovery complete: 7 workflows, 0 generated, 7 loaded, 0 regenerated
2026-01-07 00:08:12,277 - temporal_gateway.clients.approval.routes - INFO - Approval service initialized with Temporal client
2026-01-07 00:08:12,278 - temporal_gateway.logging_config - INFO - {'event': '============================================================', 'level': 'info', 'logger': 'temporal_gateway.logging_config', 'timestamp': '2026-01-06T18:38:12.278876Z'}
2026-01-07 00:08:12,280 - temporal_gateway.logging_config - INFO - {'event': '🚀 Temporal Gateway Started', 'level': 'info', 'logger': 'temporal_gateway.logging_config', 'timestamp': '2026-01-06T18:38:12.280244Z'}
2026-01-07 00:08:12,281 - temporal_gateway.logging_config - INFO - {'event': '============================================================', 'level': 'info', 'logger': 'temporal_gateway.logging_config', 'timestamp': '2026-01-06T18:38:12.281566Z'}
2026-01-07 00:08:12,283 - temporal_gateway.logging_config - INFO - {'host': 'localhost:7233', 'event': 'Connected to Temporal', 'level': 'info', 'logger': 'temporal_gateway.logging_config', 'timestamp': '2026-01-06T18:38:12.283022Z'}
2026-01-07 00:08:12,284 - temporal_gateway.logging_config - INFO - {'url': 'http://localhost:8001', 'event': 'Gateway API', 'level': 'info', 'logger': 'temporal_gateway.logging_config', 'timestamp': '2026-01-06T18:38:12.284469Z'}
2026-01-07 00:08:12,285 - temporal_gateway.logging_config - INFO - {'url': 'http://localhost:8233', 'event': 'Temporal UI', 'level': 'info', 'logger': 'temporal_gateway.logging_config', 'timestamp': '2026-01-06T18:38:12.285891Z'}
2026-01-07 00:08:12,287 - temporal_gateway.logging_config - INFO - {'count': 7, 'event': 'Workflows discovered', 'level': 'info', 'logger': 'temporal_gateway.logging_config', 'timestamp': '2026-01-06T18:38:12.287421Z'}
2026-01-07 00:08:12,289 - temporal_gateway.logging_config - INFO - {'path': '/home/jaskirat/Documents/comfyautomate/temporal_gateway/logs/gateway_20260106_183812.log', 'event': 'Log file', 'level': 'info', 'logger': 'temporal_gateway.logging_config', 'timestamp': '2026-01-06T18:38:12.289409Z'}
2026-01-07 00:08:12,291 - temporal_gateway.logging_config - INFO - {'event': '============================================================', 'level': 'info', 'logger': 'temporal_gateway.logging_config', 'timestamp': '2026-01-06T18:38:12.291203Z'}
