2026-01-13 11:01:17,217 - temporal_gateway.logging_config - INFO - {'log_file': '/home/jaskirat/Documents/comfyautomate/temporal_gateway/logs/gateway_20260113_053117.log', 'level': 'info', 'event': 'Logging configured', 'logger': 'temporal_gateway.logging_config', 'timestamp': '2026-01-13T05:31:17.217667Z'}
2026-01-13 11:01:17,228 - temporal_gateway.registry - INFO - WorkflowRegistry initialized: /home/jaskirat/Documents/comfyautomate/templates
2026-01-13 11:01:17,230 - temporal_gateway.registry - INFO - ✓ fluxdev: Loading from override file
2026-01-13 11:01:17,231 - temporal_gateway.registry - INFO -   Loaded 13 parameters from override file
2026-01-13 11:01:17,232 - temporal_gateway.registry - INFO - ✓ firstEndTovideo: Loading from override file
2026-01-13 11:01:17,233 - temporal_gateway.registry - INFO -   Loaded 44 parameters from override file
2026-01-13 11:01:17,235 - temporal_gateway.registry - INFO - ✓ image_qwen_edit: Loading from override file
2026-01-13 11:01:17,237 - temporal_gateway.registry - INFO -   Loaded 27 parameters from override file
2026-01-13 11:01:17,239 - temporal_gateway.registry - INFO - ✓ video_wan2_2_14B_fun_camera_test: Loading from override file
2026-01-13 11:01:17,241 - temporal_gateway.registry - INFO -   Loaded 49 parameters from override file
2026-01-13 11:01:17,243 - temporal_gateway.registry - INFO - ✓ qwen_image_edit: Loading from override file
2026-01-13 11:01:17,245 - temporal_gateway.registry - INFO -   Loaded 25 parameters from override file
2026-01-13 11:01:17,246 - temporal_gateway.registry - INFO - ✓ video_wan2_2_14B_i2v: Loading from override file
2026-01-13 11:01:17,248 - temporal_gateway.registry - INFO -   Loaded 43 parameters from override file
2026-01-13 11:01:17,249 - temporal_gateway.registry - INFO - ✓ imageSave: Loading from override file
2026-01-13 11:01:17,251 - temporal_gateway.registry - INFO -   Loaded 9 parameters from override file
2026-01-13 11:01:17,252 - temporal_gateway.registry - INFO - Discovery complete: 7 workflows, 0 generated, 7 loaded, 0 regenerated
2026-01-13 11:01:17,255 - temporal_gateway.registry - INFO - ✓ fluxdev: Loading from override file
2026-01-13 11:01:17,257 - temporal_gateway.registry - INFO -   Loaded 13 parameters from override file
2026-01-13 11:01:17,259 - temporal_gateway.registry - INFO - ✓ firstEndTovideo: Loading from override file
2026-01-13 11:01:17,260 - temporal_gateway.registry - INFO -   Loaded 44 parameters from override file
2026-01-13 11:01:17,262 - temporal_gateway.registry - INFO - ✓ image_qwen_edit: Loading from override file
2026-01-13 11:01:17,263 - temporal_gateway.registry - INFO -   Loaded 27 parameters from override file
2026-01-13 11:01:17,264 - temporal_gateway.registry - INFO - ✓ video_wan2_2_14B_fun_camera_test: Loading from override file
2026-01-13 11:01:17,265 - temporal_gateway.registry - INFO -   Loaded 49 parameters from override file
2026-01-13 11:01:17,267 - temporal_gateway.registry - INFO - ✓ qwen_image_edit: Loading from override file
2026-01-13 11:01:17,268 - temporal_gateway.registry - INFO -   Loaded 25 parameters from override file
2026-01-13 11:01:17,270 - temporal_gateway.registry - INFO - ✓ video_wan2_2_14B_i2v: Loading from override file
2026-01-13 11:01:17,272 - temporal_gateway.registry - INFO -   Loaded 43 parameters from override file
2026-01-13 11:01:17,274 - temporal_gateway.registry - INFO - ✓ imageSave: Loading from override file
2026-01-13 11:01:17,275 - temporal_gateway.registry - INFO -   Loaded 9 parameters from override file
2026-01-13 11:01:17,276 - temporal_gateway.registry - INFO - Discovery complete: 7 workflows, 0 generated, 7 loaded, 0 regenerated
2026-01-13 11:01:17,277 - temporal_gateway.clients.approval.routes - INFO - Approval service initialized with Temporal client
2026-01-13 11:01:17,319 - temporal_gateway.services.broadcast - INFO - Created broadcast instance for redis://localhost:6379
2026-01-13 11:01:17,322 - temporal_gateway.services.broadcast - INFO - Broadcast connected to Redis
2026-01-13 11:01:17,324 - temporal_gateway.logging_config - INFO - {'event': '============================================================', 'level': 'info', 'logger': 'temporal_gateway.logging_config', 'timestamp': '2026-01-13T05:31:17.324001Z'}
2026-01-13 11:01:17,325 - temporal_gateway.logging_config - INFO - {'event': '🚀 Temporal Gateway Started', 'level': 'info', 'logger': 'temporal_gateway.logging_config', 'timestamp': '2026-01-13T05:31:17.325545Z'}
2026-01-13 11:01:17,327 - temporal_gateway.logging_config - INFO - {'event': '============================================================', 'level': 'info', 'logger': 'temporal_gateway.logging_config', 'timestamp': '2026-01-13T05:31:17.327092Z'}
2026-01-13 11:01:17,328 - temporal_gateway.logging_config - INFO - {'host': 'localhost:7233', 'event': 'Connected to Temporal', 'level': 'info', 'logger': 'temporal_gateway.logging_config', 'timestamp': '2026-01-13T05:31:17.328401Z'}
2026-01-13 11:01:17,329 - temporal_gateway.logging_config - INFO - {'url': 'http://localhost:8001', 'event': 'Gateway API', 'level': 'info', 'logger': 'temporal_gateway.logging_config', 'timestamp': '2026-01-13T05:31:17.329601Z'}
2026-01-13 11:01:17,330 - temporal_gateway.logging_config - INFO - {'url': 'http://localhost:8233', 'event': 'Temporal UI', 'level': 'info', 'logger': 'temporal_gateway.logging_config', 'timestamp': '2026-01-13T05:31:17.330782Z'}
2026-01-13 11:01:17,331 - temporal_gateway.logging_config - INFO - {'count': 7, 'event': 'Workflows discovered', 'level': 'info', 'logger': 'temporal_gateway.logging_config', 'timestamp': '2026-01-13T05:31:17.331947Z'}
2026-01-13 11:01:17,333 - temporal_gateway.logging_config - INFO - {'path': '/home/jaskirat/Documents/comfyautomate/temporal_gateway/logs/gateway_20260113_053117.log', 'event': 'Log file', 'level': 'info', 'logger': 'temporal_gateway.logging_config', 'timestamp': '2026-01-13T05:31:17.333628Z'}
2026-01-13 11:01:17,335 - temporal_gateway.logging_config - INFO - {'event': '============================================================', 'level': 'info', 'logger': 'temporal_gateway.logging_config', 'timestamp': '2026-01-13T05:31:17.335134Z'}
2026-01-13 11:03:25,410 - temporal_gateway.services.broadcast - INFO - Broadcast disconnected from Redis
