2026-01-12 20:01:04,002 - temporal_gateway.logging_config - INFO - {'log_file': '/home/jaskirat/Documents/comfyautomate/temporal_gateway/logs/gateway_20260112_143104.log', 'level': 'info', 'event': 'Logging configured', 'logger': 'temporal_gateway.logging_config', 'timestamp': '2026-01-12T14:31:04.002877Z'}
2026-01-12 20:01:04,009 - temporal_gateway.registry - INFO - WorkflowRegistry initialized: /home/jaskirat/Documents/comfyautomate/templates
2026-01-12 20:01:04,011 - temporal_gateway.registry - INFO - ✓ fluxdev: Loading from override file
2026-01-12 20:01:04,013 - temporal_gateway.registry - INFO -   Loaded 13 parameters from override file
2026-01-12 20:01:04,014 - temporal_gateway.registry - INFO - ✓ firstEndTovideo: Loading from override file
2026-01-12 20:01:04,015 - temporal_gateway.registry - INFO -   Loaded 44 parameters from override file
2026-01-12 20:01:04,017 - temporal_gateway.registry - INFO - ✓ image_qwen_edit: Loading from override file
2026-01-12 20:01:04,018 - temporal_gateway.registry - INFO -   Loaded 27 parameters from override file
2026-01-12 20:01:04,020 - temporal_gateway.registry - INFO - ✓ video_wan2_2_14B_fun_camera_test: Loading from override file
2026-01-12 20:01:04,022 - temporal_gateway.registry - INFO -   Loaded 49 parameters from override file
2026-01-12 20:01:04,023 - temporal_gateway.registry - INFO - ✓ qwen_image_edit: Loading from override file
2026-01-12 20:01:04,024 - temporal_gateway.registry - INFO -   Loaded 25 parameters from override file
2026-01-12 20:01:04,025 - temporal_gateway.registry - INFO - ✓ video_wan2_2_14B_i2v: Loading from override file
2026-01-12 20:01:04,027 - temporal_gateway.registry - INFO -   Loaded 43 parameters from override file
2026-01-12 20:01:04,028 - temporal_gateway.registry - INFO - ✓ imageSave: Loading from override file
2026-01-12 20:01:04,029 - temporal_gateway.registry - INFO -   Loaded 9 parameters from override file
2026-01-12 20:01:04,030 - temporal_gateway.registry - INFO - Discovery complete: 7 workflows, 0 generated, 7 loaded, 0 regenerated
2026-01-12 20:01:04,031 - temporal_gateway.registry - INFO - ✓ fluxdev: Loading from override file
2026-01-12 20:01:04,032 - temporal_gateway.registry - INFO -   Loaded 13 parameters from override file
2026-01-12 20:01:04,034 - temporal_gateway.registry - INFO - ✓ firstEndTovideo: Loading from override file
2026-01-12 20:01:04,035 - temporal_gateway.registry - INFO -   Loaded 44 parameters from override file
2026-01-12 20:01:04,037 - temporal_gateway.registry - INFO - ✓ image_qwen_edit: Loading from override file
2026-01-12 20:01:04,038 - temporal_gateway.registry - INFO -   Loaded 27 parameters from override file
2026-01-12 20:01:04,040 - temporal_gateway.registry - INFO - ✓ video_wan2_2_14B_fun_camera_test: Loading from override file
2026-01-12 20:01:04,041 - temporal_gateway.registry - INFO -   Loaded 49 parameters from override file
2026-01-12 20:01:04,043 - temporal_gateway.registry - INFO - ✓ qwen_image_edit: Loading from override file
2026-01-12 20:01:04,045 - temporal_gateway.registry - INFO -   Loaded 25 parameters from override file
2026-01-12 20:01:04,047 - temporal_gateway.registry - INFO - ✓ video_wan2_2_14B_i2v: Loading from override file
2026-01-12 20:01:04,048 - temporal_gateway.registry - INFO -   Loaded 43 parameters from override file
2026-01-12 20:01:04,050 - temporal_gateway.registry - INFO - ✓ imageSave: Loading from override file
2026-01-12 20:01:04,051 - temporal_gateway.registry - INFO -   Loaded 9 parameters from override file
2026-01-12 20:01:04,052 - temporal_gateway.registry - INFO - Discovery complete: 7 workflows, 0 generated, 7 loaded, 0 regenerated
2026-01-12 20:01:04,053 - temporal_gateway.clients.approval.routes - INFO - Approval service initialized with Temporal client
2026-01-12 20:01:04,219 - temporal_gateway.services.broadcast - INFO - Created broadcast instance for redis://localhost:6379
