2026-01-06 23:09:52,266 - temporal_gateway.logging_config - INFO - {'log_file': '/home/jaskirat/Documents/comfyautomate/temporal_gateway/logs/gateway_20260106_173952.log', 'level': 'info', 'event': 'Logging configured', 'logger': 'temporal_gateway.logging_config', 'timestamp': '2026-01-06T17:39:52.266505Z'}
2026-01-06 23:09:52,274 - temporal_gateway.workflow_registry - INFO - WorkflowRegistry initialized: /home/jaskirat/Documents/comfyautomate/workflows
2026-01-06 23:09:52,275 - temporal_gateway.workflow_registry - INFO - → fluxdev: Generating override file
2026-01-06 23:09:52,277 - temporal_gateway.workflow_registry - INFO -   Generated: fluxdev_overrides.json (14 parameters)
2026-01-06 23:09:52,280 - temporal_gateway.workflow_registry - INFO - ✓ firstEndTovideo: Loading from override file
2026-01-06 23:09:52,282 - temporal_gateway.workflow_registry - INFO -   Loaded 44 parameters from override file
2026-01-06 23:09:52,284 - temporal_gateway.workflow_registry - INFO - → image_qwen_edit: Generating override file
2026-01-06 23:09:52,287 - temporal_gateway.workflow_registry - INFO -   Generated: image_qwen_edit_overrides.json (27 parameters)
2026-01-06 23:09:52,290 - temporal_gateway.workflow_registry - INFO - ✓ video_wan2_2_14B_fun_camera_test: Loading from override file
2026-01-06 23:09:52,293 - temporal_gateway.workflow_registry - INFO -   Loaded 49 parameters from override file
2026-01-06 23:09:52,296 - temporal_gateway.workflow_registry - INFO - ✓ qwen_image_edit: Loading from override file
2026-01-06 23:09:52,298 - temporal_gateway.workflow_registry - INFO -   Loaded 25 parameters from override file
2026-01-06 23:09:52,302 - temporal_gateway.workflow_registry - INFO - ✓ video_wan2_2_14B_i2v: Loading from override file
2026-01-06 23:09:52,305 - temporal_gateway.workflow_registry - INFO -   Loaded 43 parameters from override file
2026-01-06 23:09:52,307 - temporal_gateway.workflow_registry - INFO - ✓ imageSave: Loading from override file
2026-01-06 23:09:52,309 - temporal_gateway.workflow_registry - INFO -   Loaded 9 parameters from override file
2026-01-06 23:09:52,311 - temporal_gateway.workflow_registry - INFO - Discovery complete: 7 workflows, 2 generated, 5 loaded, 0 regenerated
2026-01-06 23:09:52,313 - temporal_gateway.workflow_registry - INFO - ✓ fluxdev: Loading from override file
2026-01-06 23:09:52,315 - temporal_gateway.workflow_registry - INFO -   Loaded 14 parameters from override file
2026-01-06 23:09:52,318 - temporal_gateway.workflow_registry - INFO - ✓ firstEndTovideo: Loading from override file
2026-01-06 23:09:52,320 - temporal_gateway.workflow_registry - INFO -   Loaded 44 parameters from override file
2026-01-06 23:09:52,321 - temporal_gateway.workflow_registry - INFO - ✓ image_qwen_edit: Loading from override file
2026-01-06 23:09:52,323 - temporal_gateway.workflow_registry - INFO -   Loaded 27 parameters from override file
2026-01-06 23:09:52,325 - temporal_gateway.workflow_registry - INFO - ✓ video_wan2_2_14B_fun_camera_test: Loading from override file
2026-01-06 23:09:52,327 - temporal_gateway.workflow_registry - INFO -   Loaded 49 parameters from override file
2026-01-06 23:09:52,330 - temporal_gateway.workflow_registry - INFO - ✓ qwen_image_edit: Loading from override file
2026-01-06 23:09:52,334 - temporal_gateway.workflow_registry - INFO -   Loaded 25 parameters from override file
2026-01-06 23:09:52,338 - temporal_gateway.workflow_registry - INFO - ✓ video_wan2_2_14B_i2v: Loading from override file
2026-01-06 23:09:52,340 - temporal_gateway.workflow_registry - INFO -   Loaded 43 parameters from override file
2026-01-06 23:09:52,342 - temporal_gateway.workflow_registry - INFO - ✓ imageSave: Loading from override file
2026-01-06 23:09:52,344 - temporal_gateway.workflow_registry - INFO -   Loaded 9 parameters from override file
2026-01-06 23:09:52,346 - temporal_gateway.workflow_registry - INFO - Discovery complete: 7 workflows, 0 generated, 7 loaded, 0 regenerated
2026-01-06 23:09:52,347 - temporal_gateway.clients.approval.routes - INFO - Approval service initialized with Temporal client
2026-01-06 23:09:52,350 - temporal_gateway.logging_config - INFO - {'event': '============================================================', 'level': 'info', 'logger': 'temporal_gateway.logging_config', 'timestamp': '2026-01-06T17:39:52.350341Z'}
2026-01-06 23:09:52,352 - temporal_gateway.logging_config - INFO - {'event': '🚀 Temporal Gateway Started', 'level': 'info', 'logger': 'temporal_gateway.logging_config', 'timestamp': '2026-01-06T17:39:52.352561Z'}
2026-01-06 23:09:52,354 - temporal_gateway.logging_config - INFO - {'event': '============================================================', 'level': 'info', 'logger': 'temporal_gateway.logging_config', 'timestamp': '2026-01-06T17:39:52.354384Z'}
2026-01-06 23:09:52,356 - temporal_gateway.logging_config - INFO - {'host': 'localhost:7233', 'event': 'Connected to Temporal', 'level': 'info', 'logger': 'temporal_gateway.logging_config', 'timestamp': '2026-01-06T17:39:52.356445Z'}
2026-01-06 23:09:52,358 - temporal_gateway.logging_config - INFO - {'url': 'http://localhost:8001', 'event': 'Gateway API', 'level': 'info', 'logger': 'temporal_gateway.logging_config', 'timestamp': '2026-01-06T17:39:52.358349Z'}
2026-01-06 23:09:52,360 - temporal_gateway.logging_config - INFO - {'url': 'http://localhost:8233', 'event': 'Temporal UI', 'level': 'info', 'logger': 'temporal_gateway.logging_config', 'timestamp': '2026-01-06T17:39:52.360544Z'}
2026-01-06 23:09:52,362 - temporal_gateway.logging_config - INFO - {'count': 7, 'event': 'Workflows discovered', 'level': 'info', 'logger': 'temporal_gateway.logging_config', 'timestamp': '2026-01-06T17:39:52.362534Z'}
2026-01-06 23:09:52,365 - temporal_gateway.logging_config - INFO - {'path': '/home/jaskirat/Documents/comfyautomate/temporal_gateway/logs/gateway_20260106_173952.log', 'event': 'Log file', 'level': 'info', 'logger': 'temporal_gateway.logging_config', 'timestamp': '2026-01-06T17:39:52.365116Z'}
2026-01-06 23:09:52,369 - temporal_gateway.logging_config - INFO - {'event': '============================================================', 'level': 'info', 'logger': 'temporal_gateway.logging_config', 'timestamp': '2026-01-06T17:39:52.368954Z'}
