2026-01-06 19:39:26,452 - temporal_gateway.logging_config - INFO - {'log_file': '/home/jaskirat/Documents/comfyautomate/temporal_gateway/logs/gateway_20260106_140926.log', 'level': 'info', 'event': 'Logging configured', 'logger': 'temporal_gateway.logging_config', 'timestamp': '2026-01-06T14:09:26.452769Z'}
2026-01-06 19:39:26,459 - temporal_gateway.workflow_registry - INFO - WorkflowRegistry initialized: /home/jaskirat/Documents/comfyautomate/workflows
2026-01-06 19:39:26,461 - temporal_gateway.workflow_registry - INFO - ✓ firstEndTovideo: Loading from override file
2026-01-06 19:39:26,462 - temporal_gateway.workflow_registry - INFO -   Loaded 44 parameters from override file
2026-01-06 19:39:26,463 - temporal_gateway.workflow_registry - INFO - ✓ video_wan2_2_14B_fun_camera_test: Loading from override file
2026-01-06 19:39:26,464 - temporal_gateway.workflow_registry - INFO -   Loaded 49 parameters from override file
2026-01-06 19:39:26,466 - temporal_gateway.workflow_registry - INFO - ✓ qwen_image_edit: Loading from override file
2026-01-06 19:39:26,467 - temporal_gateway.workflow_registry - INFO -   Loaded 25 parameters from override file
2026-01-06 19:39:26,469 - temporal_gateway.workflow_registry - INFO - ✓ video_wan2_2_14B_i2v: Loading from override file
2026-01-06 19:39:26,470 - temporal_gateway.workflow_registry - INFO -   Loaded 43 parameters from override file
2026-01-06 19:39:26,471 - temporal_gateway.workflow_registry - INFO - ✓ imageSave: Loading from override file
2026-01-06 19:39:26,472 - temporal_gateway.workflow_registry - INFO -   Loaded 9 parameters from override file
2026-01-06 19:39:26,474 - temporal_gateway.workflow_registry - INFO - Discovery complete: 5 workflows, 0 generated, 5 loaded, 0 regenerated
2026-01-06 19:39:26,475 - temporal_gateway.workflow_registry - INFO - ✓ firstEndTovideo: Loading from override file
2026-01-06 19:39:26,476 - temporal_gateway.workflow_registry - INFO -   Loaded 44 parameters from override file
2026-01-06 19:39:26,478 - temporal_gateway.workflow_registry - INFO - ✓ video_wan2_2_14B_fun_camera_test: Loading from override file
2026-01-06 19:39:26,479 - temporal_gateway.workflow_registry - INFO -   Loaded 49 parameters from override file
2026-01-06 19:39:26,480 - temporal_gateway.workflow_registry - INFO - ✓ qwen_image_edit: Loading from override file
2026-01-06 19:39:26,481 - temporal_gateway.workflow_registry - INFO -   Loaded 25 parameters from override file
2026-01-06 19:39:26,483 - temporal_gateway.workflow_registry - INFO - ✓ video_wan2_2_14B_i2v: Loading from override file
2026-01-06 19:39:26,485 - temporal_gateway.workflow_registry - INFO -   Loaded 43 parameters from override file
2026-01-06 19:39:26,487 - temporal_gateway.workflow_registry - INFO - ✓ imageSave: Loading from override file
2026-01-06 19:39:26,488 - temporal_gateway.workflow_registry - INFO -   Loaded 9 parameters from override file
2026-01-06 19:39:26,488 - temporal_gateway.workflow_registry - INFO - Discovery complete: 5 workflows, 0 generated, 5 loaded, 0 regenerated
2026-01-06 19:39:26,489 - temporal_gateway.clients.approval.routes - INFO - Approval service initialized with Temporal client
2026-01-06 19:39:26,490 - temporal_gateway.logging_config - INFO - {'event': '============================================================', 'level': 'info', 'logger': 'temporal_gateway.logging_config', 'timestamp': '2026-01-06T14:09:26.490863Z'}
2026-01-06 19:39:26,492 - temporal_gateway.logging_config - INFO - {'event': '🚀 Temporal Gateway Started', 'level': 'info', 'logger': 'temporal_gateway.logging_config', 'timestamp': '2026-01-06T14:09:26.492052Z'}
2026-01-06 19:39:26,493 - temporal_gateway.logging_config - INFO - {'event': '============================================================', 'level': 'info', 'logger': 'temporal_gateway.logging_config', 'timestamp': '2026-01-06T14:09:26.493242Z'}
2026-01-06 19:39:26,494 - temporal_gateway.logging_config - INFO - {'host': 'localhost:7233', 'event': 'Connected to Temporal', 'level': 'info', 'logger': 'temporal_gateway.logging_config', 'timestamp': '2026-01-06T14:09:26.494361Z'}
2026-01-06 19:39:26,495 - temporal_gateway.logging_config - INFO - {'url': 'http://localhost:8001', 'event': 'Gateway API', 'level': 'info', 'logger': 'temporal_gateway.logging_config', 'timestamp': '2026-01-06T14:09:26.495503Z'}
2026-01-06 19:39:26,496 - temporal_gateway.logging_config - INFO - {'url': 'http://localhost:8233', 'event': 'Temporal UI', 'level': 'info', 'logger': 'temporal_gateway.logging_config', 'timestamp': '2026-01-06T14:09:26.496632Z'}
2026-01-06 19:39:26,497 - temporal_gateway.logging_config - INFO - {'count': 5, 'event': 'Workflows discovered', 'level': 'info', 'logger': 'temporal_gateway.logging_config', 'timestamp': '2026-01-06T14:09:26.497946Z'}
2026-01-06 19:39:26,499 - temporal_gateway.logging_config - INFO - {'path': '/home/jaskirat/Documents/comfyautomate/temporal_gateway/logs/gateway_20260106_140926.log', 'event': 'Log file', 'level': 'info', 'logger': 'temporal_gateway.logging_config', 'timestamp': '2026-01-06T14:09:26.499237Z'}
2026-01-06 19:39:26,500 - temporal_gateway.logging_config - INFO - {'event': '============================================================', 'level': 'info', 'logger': 'temporal_gateway.logging_config', 'timestamp': '2026-01-06T14:09:26.500942Z'}
2026-01-06 19:41:19,480 - temporal_gateway.clients.approval.routes - INFO - Approving token UqVk6LigBwXNBbRT... with service that has client: True
2026-01-06 19:41:19,506 - temporal_gateway.clients.approval.service - INFO - Sent approval signal to workflow chain-image-edit-to-video-pipeline-v2-fa825403-0952-47b6-918f-9b7c0a9130ff for step edit_frame1: decision=approved, decided_by=test-user
2026-01-06 19:41:19,509 - temporal_gateway.clients.approval.routes - INFO - Approve result: {'status': 'approved', 'approval_request_id': 'b6d9d6f1-9cee-4f00-b749-faf0aa86f1cd', 'decided_by': 'test-user', 'workflow_signaled': True}
2026-01-06 19:46:26,629 - temporal_gateway.clients.approval.routes - INFO - Approving token f9bp8J6l3Mvn44Ck... with service that has client: True
2026-01-06 19:46:26,651 - temporal_gateway.clients.approval.service - INFO - Sent approval signal to workflow chain-image-edit-to-video-pipeline-v2-fa825403-0952-47b6-918f-9b7c0a9130ff for step create_video: decision=approved, decided_by=test-user
2026-01-06 19:46:26,655 - temporal_gateway.clients.approval.routes - INFO - Approve result: {'status': 'approved', 'approval_request_id': '6f2a7c5e-7655-49a4-8f50-56eb56a7164a', 'decided_by': 'test-user', 'workflow_signaled': True}
2026-01-06 20:13:30,324 - temporal_gateway.clients.approval.service - INFO - Sent approval signal to workflow chain-image-edit-to-video-pipeline-v2-1e0b7721-ebf2-45a5-8bb9-4af83c950073 for step edit_frame1: decision=rejected, decided_by=test-user
2026-01-06 20:13:54,407 - temporal_gateway.clients.approval.routes - INFO - Approving token jaAxopCVpEbHzV-c... with service that has client: True
2026-01-06 20:13:54,421 - temporal_gateway.clients.approval.service - INFO - Sent approval signal to workflow chain-image-edit-to-video-pipeline-v2-1e0b7721-ebf2-45a5-8bb9-4af83c950073 for step edit_frame1: decision=approved, decided_by=test-user
2026-01-06 20:13:54,424 - temporal_gateway.clients.approval.routes - INFO - Approve result: {'status': 'approved', 'approval_request_id': 'b81d9ada-a71d-48fa-baf3-8e9f38a2930b', 'decided_by': 'test-user', 'workflow_signaled': True}
2026-01-06 20:19:05,512 - temporal_gateway.clients.approval.routes - INFO - Approving token aAjIneROMa_B85cG... with service that has client: True
2026-01-06 20:19:05,527 - temporal_gateway.clients.approval.service - INFO - Sent approval signal to workflow chain-image-edit-to-video-pipeline-v2-1e0b7721-ebf2-45a5-8bb9-4af83c950073 for step create_video: decision=approved, decided_by=test-user
2026-01-06 20:19:05,530 - temporal_gateway.clients.approval.routes - INFO - Approve result: {'status': 'approved', 'approval_request_id': '26e576bd-2f78-4a82-bfe4-0b1cb3657eaa', 'decided_by': 'test-user', 'workflow_signaled': True}
