2026-01-07 00:04:03,220 - temporal_gateway.logging_config - INFO - {'log_file': '/home/jaskirat/Documents/comfyautomate/temporal_gateway/logs/gateway_20260106_183403.log', 'level': 'info', 'event': 'Logging configured', 'logger': 'temporal_gateway.logging_config', 'timestamp': '2026-01-06T18:34:03.220281Z'}
2026-01-07 00:04:03,226 - temporal_gateway.workflow_registry - INFO - WorkflowRegistry initialized: /home/jaskirat/Documents/comfyautomate/workflows
2026-01-07 00:04:03,228 - temporal_gateway.workflow_registry - INFO - ✓ fluxdev: Loading from override file
2026-01-07 00:04:03,229 - temporal_gateway.workflow_registry - INFO -   Loaded 13 parameters from override file
2026-01-07 00:04:03,231 - temporal_gateway.workflow_registry - INFO - ✓ firstEndTovideo: Loading from override file
2026-01-07 00:04:03,232 - temporal_gateway.workflow_registry - INFO -   Loaded 44 parameters from override file
2026-01-07 00:04:03,235 - temporal_gateway.workflow_registry - INFO - ✓ image_qwen_edit: Loading from override file
2026-01-07 00:04:03,237 - temporal_gateway.workflow_registry - INFO -   Loaded 27 parameters from override file
2026-01-07 00:04:03,239 - temporal_gateway.workflow_registry - INFO - ✓ video_wan2_2_14B_fun_camera_test: Loading from override file
2026-01-07 00:04:03,241 - temporal_gateway.workflow_registry - INFO -   Loaded 49 parameters from override file
2026-01-07 00:04:03,243 - temporal_gateway.workflow_registry - INFO - ✓ qwen_image_edit: Loading from override file
2026-01-07 00:04:03,244 - temporal_gateway.workflow_registry - INFO -   Loaded 25 parameters from override file
2026-01-07 00:04:03,245 - temporal_gateway.workflow_registry - INFO - ✓ video_wan2_2_14B_i2v: Loading from override file
2026-01-07 00:04:03,246 - temporal_gateway.workflow_registry - INFO -   Loaded 43 parameters from override file
2026-01-07 00:04:03,248 - temporal_gateway.workflow_registry - INFO - ✓ imageSave: Loading from override file
2026-01-07 00:04:03,249 - temporal_gateway.workflow_registry - INFO -   Loaded 9 parameters from override file
2026-01-07 00:04:03,250 - temporal_gateway.workflow_registry - INFO - Discovery complete: 7 workflows, 0 generated, 7 loaded, 0 regenerated
2026-01-07 00:04:03,252 - temporal_gateway.workflow_registry - INFO - ✓ fluxdev: Loading from override file
2026-01-07 00:04:03,254 - temporal_gateway.workflow_registry - INFO -   Loaded 13 parameters from override file
2026-01-07 00:04:03,255 - temporal_gateway.workflow_registry - INFO - ✓ firstEndTovideo: Loading from override file
2026-01-07 00:04:03,257 - temporal_gateway.workflow_registry - INFO -   Loaded 44 parameters from override file
2026-01-07 00:04:03,258 - temporal_gateway.workflow_registry - INFO - ✓ image_qwen_edit: Loading from override file
2026-01-07 00:04:03,259 - temporal_gateway.workflow_registry - INFO -   Loaded 27 parameters from override file
2026-01-07 00:04:03,261 - temporal_gateway.workflow_registry - INFO - ✓ video_wan2_2_14B_fun_camera_test: Loading from override file
2026-01-07 00:04:03,262 - temporal_gateway.workflow_registry - INFO -   Loaded 49 parameters from override file
2026-01-07 00:04:03,263 - temporal_gateway.workflow_registry - INFO - ✓ qwen_image_edit: Loading from override file
2026-01-07 00:04:03,264 - temporal_gateway.workflow_registry - INFO -   Loaded 25 parameters from override file
2026-01-07 00:04:03,265 - temporal_gateway.workflow_registry - INFO - ✓ video_wan2_2_14B_i2v: Loading from override file
2026-01-07 00:04:03,267 - temporal_gateway.workflow_registry - INFO -   Loaded 43 parameters from override file
2026-01-07 00:04:03,268 - temporal_gateway.workflow_registry - INFO - ✓ imageSave: Loading from override file
2026-01-07 00:04:03,270 - temporal_gateway.workflow_registry - INFO -   Loaded 9 parameters from override file
2026-01-07 00:04:03,271 - temporal_gateway.workflow_registry - INFO - Discovery complete: 7 workflows, 0 generated, 7 loaded, 0 regenerated
2026-01-07 00:04:03,272 - temporal_gateway.clients.approval.routes - INFO - Approval service initialized with Temporal client
2026-01-07 00:04:03,274 - temporal_gateway.logging_config - INFO - {'event': '============================================================', 'level': 'info', 'logger': 'temporal_gateway.logging_config', 'timestamp': '2026-01-06T18:34:03.274124Z'}
2026-01-07 00:04:03,275 - temporal_gateway.logging_config - INFO - {'event': '🚀 Temporal Gateway Started', 'level': 'info', 'logger': 'temporal_gateway.logging_config', 'timestamp': '2026-01-06T18:34:03.275465Z'}
2026-01-07 00:04:03,276 - temporal_gateway.logging_config - INFO - {'event': '============================================================', 'level': 'info', 'logger': 'temporal_gateway.logging_config', 'timestamp': '2026-01-06T18:34:03.276772Z'}
2026-01-07 00:04:03,278 - temporal_gateway.logging_config - INFO - {'host': 'localhost:7233', 'event': 'Connected to Temporal', 'level': 'info', 'logger': 'temporal_gateway.logging_config', 'timestamp': '2026-01-06T18:34:03.277988Z'}
2026-01-07 00:04:03,279 - temporal_gateway.logging_config - INFO - {'url': 'http://localhost:8001', 'event': 'Gateway API', 'level': 'info', 'logger': 'temporal_gateway.logging_config', 'timestamp': '2026-01-06T18:34:03.279370Z'}
2026-01-07 00:04:03,280 - temporal_gateway.logging_config - INFO - {'url': 'http://localhost:8233', 'event': 'Temporal UI', 'level': 'info', 'logger': 'temporal_gateway.logging_config', 'timestamp': '2026-01-06T18:34:03.280658Z'}
2026-01-07 00:04:03,281 - temporal_gateway.logging_config - INFO - {'count': 7, 'event': 'Workflows discovered', 'level': 'info', 'logger': 'temporal_gateway.logging_config', 'timestamp': '2026-01-06T18:34:03.281891Z'}
2026-01-07 00:04:03,283 - temporal_gateway.logging_config - INFO - {'path': '/home/jaskirat/Documents/comfyautomate/temporal_gateway/logs/gateway_20260106_183403.log', 'event': 'Log file', 'level': 'info', 'logger': 'temporal_gateway.logging_config', 'timestamp': '2026-01-06T18:34:03.283189Z'}
2026-01-07 00:04:03,284 - temporal_gateway.logging_config - INFO - {'event': '============================================================', 'level': 'info', 'logger': 'temporal_gateway.logging_config', 'timestamp': '2026-01-06T18:34:03.284627Z'}
