2026-01-13 11:10:37,069 - temporal_gateway.logging_config - INFO - {'log_file': '/home/jaskirat/Documents/comfyautomate/temporal_gateway/logs/gateway_20260113_054037.log', 'level': 'info', 'event': 'Logging configured', 'logger': 'temporal_gateway.logging_config', 'timestamp': '2026-01-13T05:40:37.069215Z'}
2026-01-13 11:10:37,077 - temporal_gateway.registry - INFO - WorkflowRegistry initialized: /home/jaskirat/Documents/comfyautomate/templates
2026-01-13 11:10:37,080 - temporal_gateway.registry - INFO - ✓ fluxdev: Loading from override file
2026-01-13 11:10:37,081 - temporal_gateway.registry - INFO -   Loaded 13 parameters from override file
2026-01-13 11:10:37,083 - temporal_gateway.registry - INFO - ✓ firstEndTovideo: Loading from override file
2026-01-13 11:10:37,084 - temporal_gateway.registry - INFO -   Loaded 44 parameters from override file
2026-01-13 11:10:37,086 - temporal_gateway.registry - INFO - ✓ image_qwen_edit: Loading from override file
2026-01-13 11:10:37,087 - temporal_gateway.registry - INFO -   Loaded 27 parameters from override file
2026-01-13 11:10:37,088 - temporal_gateway.registry - INFO - ✓ video_wan2_2_14B_fun_camera_test: Loading from override file
2026-01-13 11:10:37,090 - temporal_gateway.registry - INFO -   Loaded 49 parameters from override file
2026-01-13 11:10:37,091 - temporal_gateway.registry - INFO - ✓ qwen_image_edit: Loading from override file
2026-01-13 11:10:37,092 - temporal_gateway.registry - INFO -   Loaded 25 parameters from override file
2026-01-13 11:10:37,094 - temporal_gateway.registry - INFO - ✓ video_wan2_2_14B_i2v: Loading from override file
2026-01-13 11:10:37,096 - temporal_gateway.registry - INFO -   Loaded 43 parameters from override file
2026-01-13 11:10:37,098 - temporal_gateway.registry - INFO - ✓ imageSave: Loading from override file
2026-01-13 11:10:37,099 - temporal_gateway.registry - INFO -   Loaded 9 parameters from override file
2026-01-13 11:10:37,101 - temporal_gateway.registry - INFO - Discovery complete: 7 workflows, 0 generated, 7 loaded, 0 regenerated
2026-01-13 11:10:37,103 - temporal_gateway.registry - INFO - ✓ fluxdev: Loading from override file
2026-01-13 11:10:37,104 - temporal_gateway.registry - INFO -   Loaded 13 parameters from override file
2026-01-13 11:10:37,105 - temporal_gateway.registry - INFO - ✓ firstEndTovideo: Loading from override file
2026-01-13 11:10:37,106 - temporal_gateway.registry - INFO -   Loaded 44 parameters from override file
2026-01-13 11:10:37,107 - temporal_gateway.registry - INFO - ✓ image_qwen_edit: Loading from override file
2026-01-13 11:10:37,109 - temporal_gateway.registry - INFO -   Loaded 27 parameters from override file
2026-01-13 11:10:37,111 - temporal_gateway.registry - INFO - ✓ video_wan2_2_14B_fun_camera_test: Loading from override file
2026-01-13 11:10:37,113 - temporal_gateway.registry - INFO -   Loaded 49 parameters from override file
2026-01-13 11:10:37,114 - temporal_gateway.registry - INFO - ✓ qwen_image_edit: Loading from override file
2026-01-13 11:10:37,116 - temporal_gateway.registry - INFO -   Loaded 25 parameters from override file
2026-01-13 11:10:37,118 - temporal_gateway.registry - INFO - ✓ video_wan2_2_14B_i2v: Loading from override file
2026-01-13 11:10:37,119 - temporal_gateway.registry - INFO -   Loaded 43 parameters from override file
2026-01-13 11:10:37,120 - temporal_gateway.registry - INFO - ✓ imageSave: Loading from override file
2026-01-13 11:10:37,121 - temporal_gateway.registry - INFO -   Loaded 9 parameters from override file
2026-01-13 11:10:37,122 - temporal_gateway.registry - INFO - Discovery complete: 7 workflows, 0 generated, 7 loaded, 0 regenerated
2026-01-13 11:10:37,123 - temporal_gateway.clients.approval.routes - INFO - Approval service initialized with Temporal client
2026-01-13 11:10:37,166 - temporal_gateway.services.broadcast - INFO - Created broadcast instance for redis://localhost:6379
2026-01-13 11:10:37,169 - temporal_gateway.services.broadcast - INFO - Broadcast connected to Redis
2026-01-13 11:10:37,170 - temporal_gateway.logging_config - INFO - {'event': '============================================================', 'level': 'info', 'logger': 'temporal_gateway.logging_config', 'timestamp': '2026-01-13T05:40:37.170640Z'}
2026-01-13 11:10:37,172 - temporal_gateway.logging_config - INFO - {'event': '🚀 Temporal Gateway Started', 'level': 'info', 'logger': 'temporal_gateway.logging_config', 'timestamp': '2026-01-13T05:40:37.171995Z'}
2026-01-13 11:10:37,173 - temporal_gateway.logging_config - INFO - {'event': '============================================================', 'level': 'info', 'logger': 'temporal_gateway.logging_config', 'timestamp': '2026-01-13T05:40:37.173300Z'}
2026-01-13 11:10:37,175 - temporal_gateway.logging_config - INFO - {'host': 'localhost:7233', 'event': 'Connected to Temporal', 'level': 'info', 'logger': 'temporal_gateway.logging_config', 'timestamp': '2026-01-13T05:40:37.175152Z'}
2026-01-13 11:10:37,177 - temporal_gateway.logging_config - INFO - {'url': 'http://localhost:8001', 'event': 'Gateway API', 'level': 'info', 'logger': 'temporal_gateway.logging_config', 'timestamp': '2026-01-13T05:40:37.176949Z'}
2026-01-13 11:10:37,179 - temporal_gateway.logging_config - INFO - {'url': 'http://localhost:8233', 'event': 'Temporal UI', 'level': 'info', 'logger': 'temporal_gateway.logging_config', 'timestamp': '2026-01-13T05:40:37.179435Z'}
2026-01-13 11:10:37,181 - temporal_gateway.logging_config - INFO - {'count': 7, 'event': 'Workflows discovered', 'level': 'info', 'logger': 'temporal_gateway.logging_config', 'timestamp': '2026-01-13T05:40:37.181325Z'}
2026-01-13 11:10:37,183 - temporal_gateway.logging_config - INFO - {'path': '/home/jaskirat/Documents/comfyautomate/temporal_gateway/logs/gateway_20260113_054037.log', 'event': 'Log file', 'level': 'info', 'logger': 'temporal_gateway.logging_config', 'timestamp': '2026-01-13T05:40:37.183289Z'}
2026-01-13 11:10:37,184 - temporal_gateway.logging_config - INFO - {'event': '============================================================', 'level': 'info', 'logger': 'temporal_gateway.logging_config', 'timestamp': '2026-01-13T05:40:37.184769Z'}
2026-01-13 11:10:40,569 - __main__ - INFO - {'event': 'SSE client subscribing to chain:9825eb5b-07c1-44d9-9f8d-349db41f70b7', 'level': 'info', 'logger': '__main__', 'timestamp': '2026-01-13T05:40:40.569736Z'}
2026-01-13 11:10:40,575 - __main__ - INFO - {'event': 'Starting SSE subscription for chain:9825eb5b-07c1-44d9-9f8d-349db41f70b7', 'level': 'info', 'logger': '__main__', 'timestamp': '2026-01-13T05:40:40.575820Z'}
2026-01-13 11:10:43,420 - __main__ - INFO - {'event': 'SSE sending event: approval_requested for chain:9825eb5b-07c1-44d9-9f8d-349db41f70b7', 'level': 'info', 'logger': '__main__', 'timestamp': '2026-01-13T05:40:43.420736Z'}
2026-01-13 11:10:43,584 - __main__ - INFO - {'event': 'SSE sending event: approval_requested for chain:9825eb5b-07c1-44d9-9f8d-349db41f70b7', 'level': 'info', 'logger': '__main__', 'timestamp': '2026-01-13T05:40:43.584251Z'}
2026-01-13 11:10:44,893 - temporal_gateway.clients.approval.routes - INFO - Approving token qMlQTQAnt_IOwbV9... with service that has client: True
2026-01-13 11:10:44,922 - temporal_gateway.clients.approval.service - INFO - Sent approval signal to job chain-image-edit-to-video-pipeline-804d89cc-82d7-4262-9dd2-29a3c862dc3c for step extract_frame1: decision=approved, decided_by=cli-user
2026-01-13 11:10:44,924 - temporal_gateway.clients.approval.routes - INFO - Approve result: {'status': 'approved', 'approval_request_id': '6336761a-ca86-4084-a0cc-c674a9c7cabc', 'decided_by': 'cli-user', 'workflow_signaled': True}
2026-01-13 11:10:44,968 - __main__ - INFO - {'event': 'SSE sending event: step_completed for chain:9825eb5b-07c1-44d9-9f8d-349db41f70b7', 'level': 'info', 'logger': '__main__', 'timestamp': '2026-01-13T05:40:44.968487Z'}
2026-01-13 11:10:45,477 - temporal_gateway.clients.approval.routes - INFO - Approving token -uEXk9E89pvQjShb... with service that has client: True
2026-01-13 11:10:45,495 - temporal_gateway.clients.approval.service - INFO - Sent approval signal to job chain-image-edit-to-video-pipeline-804d89cc-82d7-4262-9dd2-29a3c862dc3c for step extract_frame2: decision=approved, decided_by=cli-user
2026-01-13 11:10:45,498 - temporal_gateway.clients.approval.routes - INFO - Approve result: {'status': 'approved', 'approval_request_id': 'e0ce2a32-c8d8-4670-8648-0ea4c7fdfe0f', 'decided_by': 'cli-user', 'workflow_signaled': True}
2026-01-13 11:10:45,535 - __main__ - INFO - {'event': 'SSE sending event: step_completed for chain:9825eb5b-07c1-44d9-9f8d-349db41f70b7', 'level': 'info', 'logger': '__main__', 'timestamp': '2026-01-13T05:40:45.535739Z'}
2026-01-13 11:11:48,068 - __main__ - INFO - {'event': 'SSE sending event: approval_requested for chain:9825eb5b-07c1-44d9-9f8d-349db41f70b7', 'level': 'info', 'logger': '__main__', 'timestamp': '2026-01-13T05:41:48.068758Z'}
2026-01-13 11:11:56,784 - temporal_gateway.clients.approval.service - INFO - Sent approval signal to job chain-image-edit-to-video-pipeline-804d89cc-82d7-4262-9dd2-29a3c862dc3c for step edit_frame2: decision=rejected, decided_by=cli-user
2026-01-13 11:12:17,038 - __main__ - INFO - {'event': 'SSE sending event: approval_requested for chain:9825eb5b-07c1-44d9-9f8d-349db41f70b7', 'level': 'info', 'logger': '__main__', 'timestamp': '2026-01-13T05:42:17.038907Z'}
2026-01-13 11:12:28,115 - temporal_gateway.clients.approval.routes - INFO - Approving token iAObf_MPHLM9IdQj... with service that has client: True
2026-01-13 11:12:28,127 - temporal_gateway.clients.approval.service - INFO - Sent approval signal to job chain-image-edit-to-video-pipeline-804d89cc-82d7-4262-9dd2-29a3c862dc3c for step edit_frame1: decision=approved, decided_by=cli-user
2026-01-13 11:12:28,130 - temporal_gateway.clients.approval.routes - INFO - Approve result: {'status': 'approved', 'approval_request_id': '4554b509-ef59-4001-9e2c-0d956cd79d2f', 'decided_by': 'cli-user', 'workflow_signaled': True}
2026-01-13 11:12:28,178 - __main__ - INFO - {'event': 'SSE sending event: step_completed for chain:9825eb5b-07c1-44d9-9f8d-349db41f70b7', 'level': 'info', 'logger': '__main__', 'timestamp': '2026-01-13T05:42:28.178720Z'}
2026-01-13 11:12:45,398 - __main__ - INFO - {'event': 'SSE sending event: approval_requested for chain:9825eb5b-07c1-44d9-9f8d-349db41f70b7', 'level': 'info', 'logger': '__main__', 'timestamp': '2026-01-13T05:42:45.398395Z'}
2026-01-13 11:12:48,448 - temporal_gateway.clients.approval.routes - INFO - Approving token OZW3Jfbm_MM_wVdz... with service that has client: True
2026-01-13 11:12:48,459 - temporal_gateway.clients.approval.service - INFO - Sent approval signal to job chain-image-edit-to-video-pipeline-804d89cc-82d7-4262-9dd2-29a3c862dc3c for step edit_frame2: decision=approved, decided_by=cli-user
2026-01-13 11:12:48,462 - temporal_gateway.clients.approval.routes - INFO - Approve result: {'status': 'approved', 'approval_request_id': '2279e120-a3cb-4635-b75d-5800358a3042', 'decided_by': 'cli-user', 'workflow_signaled': True}
2026-01-13 11:12:48,497 - __main__ - INFO - {'event': 'SSE sending event: step_completed for chain:9825eb5b-07c1-44d9-9f8d-349db41f70b7', 'level': 'info', 'logger': '__main__', 'timestamp': '2026-01-13T05:42:48.497583Z'}
2026-01-13 11:18:33,757 - __main__ - INFO - {'event': 'SSE sending event: approval_requested for chain:9825eb5b-07c1-44d9-9f8d-349db41f70b7', 'level': 'info', 'logger': '__main__', 'timestamp': '2026-01-13T05:48:33.757038Z'}
2026-01-13 11:34:34,624 - temporal_gateway.clients.approval.service - INFO - Sent approval signal to job chain-image-edit-to-video-pipeline-804d89cc-82d7-4262-9dd2-29a3c862dc3c for step create_video: decision=rejected, decided_by=cli-user
2026-01-13 11:34:38,213 - __main__ - INFO - {'event': 'SSE sending event: approval_requested for chain:9825eb5b-07c1-44d9-9f8d-349db41f70b7', 'level': 'info', 'logger': '__main__', 'timestamp': '2026-01-13T06:04:38.213802Z'}
2026-01-13 11:34:45,851 - temporal_gateway.clients.approval.service - INFO - Sent approval signal to job chain-image-edit-to-video-pipeline-804d89cc-82d7-4262-9dd2-29a3c862dc3c for step create_video: decision=rejected, decided_by=cli-user
2026-01-13 11:34:53,056 - __main__ - INFO - {'event': 'SSE sending event: approval_requested for chain:9825eb5b-07c1-44d9-9f8d-349db41f70b7', 'level': 'info', 'logger': '__main__', 'timestamp': '2026-01-13T06:04:53.056639Z'}
2026-01-13 11:45:40,374 - __main__ - INFO - {'event': 'SSE client subscribing to chain:7d54827e-6944-4121-a44c-67a65a534079', 'level': 'info', 'logger': '__main__', 'timestamp': '2026-01-13T06:15:40.374919Z'}
2026-01-13 11:45:40,376 - __main__ - INFO - {'event': 'Starting SSE subscription for chain:7d54827e-6944-4121-a44c-67a65a534079', 'level': 'info', 'logger': '__main__', 'timestamp': '2026-01-13T06:15:40.376830Z'}
2026-01-13 11:45:44,291 - __main__ - INFO - {'event': 'SSE sending event: approval_requested for chain:7d54827e-6944-4121-a44c-67a65a534079', 'level': 'info', 'logger': '__main__', 'timestamp': '2026-01-13T06:15:44.291361Z'}
2026-01-13 11:45:44,381 - __main__ - INFO - {'event': 'SSE sending event: approval_requested for chain:7d54827e-6944-4121-a44c-67a65a534079', 'level': 'info', 'logger': '__main__', 'timestamp': '2026-01-13T06:15:44.380988Z'}
2026-01-13 11:47:50,518 - __main__ - INFO - {'event': 'SSE client subscribing to chain:64fe6d7c-29e9-40af-b076-dddd46317b8d', 'level': 'info', 'logger': '__main__', 'timestamp': '2026-01-13T06:17:50.518534Z'}
2026-01-13 11:47:50,520 - __main__ - INFO - {'event': 'Starting SSE subscription for chain:64fe6d7c-29e9-40af-b076-dddd46317b8d', 'level': 'info', 'logger': '__main__', 'timestamp': '2026-01-13T06:17:50.520786Z'}
2026-01-13 11:47:52,784 - __main__ - INFO - {'event': 'SSE sending event: approval_requested for chain:64fe6d7c-29e9-40af-b076-dddd46317b8d', 'level': 'info', 'logger': '__main__', 'timestamp': '2026-01-13T06:17:52.784888Z'}
2026-01-13 11:47:52,831 - __main__ - INFO - {'event': 'SSE sending event: approval_requested for chain:64fe6d7c-29e9-40af-b076-dddd46317b8d', 'level': 'info', 'logger': '__main__', 'timestamp': '2026-01-13T06:17:52.831680Z'}
2026-01-13 11:48:44,764 - temporal_gateway.clients.approval.service - INFO - Sent approval signal to job chain-image-edit-to-video-pipeline-bf107773-1a6a-482d-89ce-c2fd841b6d4a for step extract_frame1: decision=rejected, decided_by=cli-user
2026-01-13 11:48:46,913 - __main__ - INFO - {'event': 'SSE sending event: approval_requested for chain:64fe6d7c-29e9-40af-b076-dddd46317b8d', 'level': 'info', 'logger': '__main__', 'timestamp': '2026-01-13T06:18:46.913581Z'}
2026-01-13 11:48:48,205 - temporal_gateway.clients.approval.routes - INFO - Approving token psqVvH02udjnSx80... with service that has client: True
2026-01-13 11:48:48,225 - temporal_gateway.clients.approval.service - INFO - Sent approval signal to job chain-image-edit-to-video-pipeline-bf107773-1a6a-482d-89ce-c2fd841b6d4a for step extract_frame2: decision=approved, decided_by=cli-user
2026-01-13 11:48:48,227 - temporal_gateway.clients.approval.routes - INFO - Approve result: {'status': 'approved', 'approval_request_id': '2573ad47-d44c-4850-aabe-847d95f1590c', 'decided_by': 'cli-user', 'workflow_signaled': True}
2026-01-13 11:48:48,273 - __main__ - INFO - {'event': 'SSE sending event: step_completed for chain:64fe6d7c-29e9-40af-b076-dddd46317b8d', 'level': 'info', 'logger': '__main__', 'timestamp': '2026-01-13T06:18:48.273278Z'}
2026-01-13 11:48:59,123 - temporal_gateway.clients.approval.routes - INFO - Approving token FdAcFeZBUpyqkBhz... with service that has client: True
2026-01-13 11:48:59,157 - temporal_gateway.clients.approval.service - INFO - Sent approval signal to job chain-image-edit-to-video-pipeline-bf107773-1a6a-482d-89ce-c2fd841b6d4a for step extract_frame1: decision=approved, decided_by=cli-user
2026-01-13 11:48:59,159 - temporal_gateway.clients.approval.routes - INFO - Approve result: {'status': 'approved', 'approval_request_id': 'afb7b7b0-d06e-4a05-bb7a-def915d24432', 'decided_by': 'cli-user', 'workflow_signaled': True}
2026-01-13 11:48:59,192 - __main__ - INFO - {'event': 'SSE sending event: step_completed for chain:64fe6d7c-29e9-40af-b076-dddd46317b8d', 'level': 'info', 'logger': '__main__', 'timestamp': '2026-01-13T06:18:59.192368Z'}
2026-01-13 11:49:56,364 - __main__ - INFO - {'event': 'SSE sending event: approval_requested for chain:64fe6d7c-29e9-40af-b076-dddd46317b8d', 'level': 'info', 'logger': '__main__', 'timestamp': '2026-01-13T06:19:56.364402Z'}
2026-01-13 11:50:22,844 - __main__ - INFO - {'event': 'SSE sending event: approval_requested for chain:64fe6d7c-29e9-40af-b076-dddd46317b8d', 'level': 'info', 'logger': '__main__', 'timestamp': '2026-01-13T06:20:22.844084Z'}
2026-01-13 11:51:00,696 - __main__ - INFO - {'event': 'SSE client subscribing to chain:ed4506aa-25cd-4c2b-8bae-c9352ab1f3c8', 'level': 'info', 'logger': '__main__', 'timestamp': '2026-01-13T06:21:00.696573Z'}
2026-01-13 11:51:00,699 - __main__ - INFO - {'event': 'Starting SSE subscription for chain:ed4506aa-25cd-4c2b-8bae-c9352ab1f3c8', 'level': 'info', 'logger': '__main__', 'timestamp': '2026-01-13T06:21:00.699015Z'}
2026-01-13 11:51:04,456 - __main__ - INFO - {'event': 'SSE sending event: approval_requested for chain:ed4506aa-25cd-4c2b-8bae-c9352ab1f3c8', 'level': 'info', 'logger': '__main__', 'timestamp': '2026-01-13T06:21:04.456941Z'}
2026-01-13 11:51:04,812 - __main__ - INFO - {'event': 'SSE sending event: approval_requested for chain:ed4506aa-25cd-4c2b-8bae-c9352ab1f3c8', 'level': 'info', 'logger': '__main__', 'timestamp': '2026-01-13T06:21:04.812522Z'}
2026-01-13 11:51:31,131 - temporal_gateway.services.broadcast - INFO - Broadcast disconnected from Redis
