2026-01-12 20:13:10,101 - temporal_gateway.logging_config - INFO - {'log_file': '/home/jaskirat/Documents/comfyautomate/temporal_gateway/logs/gateway_20260112_144310.log', 'level': 'info', 'event': 'Logging configured', 'logger': 'temporal_gateway.logging_config', 'timestamp': '2026-01-12T14:43:10.101267Z'}
2026-01-12 20:13:10,109 - temporal_gateway.registry - INFO - WorkflowRegistry initialized: /home/jaskirat/Documents/comfyautomate/templates
2026-01-12 20:13:10,110 - temporal_gateway.registry - INFO - ✓ fluxdev: Loading from override file
2026-01-12 20:13:10,111 - temporal_gateway.registry - INFO -   Loaded 13 parameters from override file
2026-01-12 20:13:10,113 - temporal_gateway.registry - INFO - ✓ firstEndTovideo: Loading from override file
2026-01-12 20:13:10,114 - temporal_gateway.registry - INFO -   Loaded 44 parameters from override file
2026-01-12 20:13:10,116 - temporal_gateway.registry - INFO - ✓ image_qwen_edit: Loading from override file
2026-01-12 20:13:10,117 - temporal_gateway.registry - INFO -   Loaded 27 parameters from override file
2026-01-12 20:13:10,119 - temporal_gateway.registry - INFO - ✓ video_wan2_2_14B_fun_camera_test: Loading from override file
2026-01-12 20:13:10,121 - temporal_gateway.registry - INFO -   Loaded 49 parameters from override file
2026-01-12 20:13:10,122 - temporal_gateway.registry - INFO - ✓ qwen_image_edit: Loading from override file
2026-01-12 20:13:10,124 - temporal_gateway.registry - INFO -   Loaded 25 parameters from override file
2026-01-12 20:13:10,125 - temporal_gateway.registry - INFO - ✓ video_wan2_2_14B_i2v: Loading from override file
2026-01-12 20:13:10,127 - temporal_gateway.registry - INFO -   Loaded 43 parameters from override file
2026-01-12 20:13:10,128 - temporal_gateway.registry - INFO - ✓ imageSave: Loading from override file
2026-01-12 20:13:10,130 - temporal_gateway.registry - INFO -   Loaded 9 parameters from override file
2026-01-12 20:13:10,131 - temporal_gateway.registry - INFO - Discovery complete: 7 workflows, 0 generated, 7 loaded, 0 regenerated
2026-01-12 20:13:10,133 - temporal_gateway.registry - INFO - ✓ fluxdev: Loading from override file
2026-01-12 20:13:10,134 - temporal_gateway.registry - INFO -   Loaded 13 parameters from override file
2026-01-12 20:13:10,135 - temporal_gateway.registry - INFO - ✓ firstEndTovideo: Loading from override file
2026-01-12 20:13:10,136 - temporal_gateway.registry - INFO -   Loaded 44 parameters from override file
2026-01-12 20:13:10,138 - temporal_gateway.registry - INFO - ✓ image_qwen_edit: Loading from override file
2026-01-12 20:13:10,139 - temporal_gateway.registry - INFO -   Loaded 27 parameters from override file
2026-01-12 20:13:10,141 - temporal_gateway.registry - INFO - ✓ video_wan2_2_14B_fun_camera_test: Loading from override file
2026-01-12 20:13:10,142 - temporal_gateway.registry - INFO -   Loaded 49 parameters from override file
2026-01-12 20:13:10,144 - temporal_gateway.registry - INFO - ✓ qwen_image_edit: Loading from override file
2026-01-12 20:13:10,145 - temporal_gateway.registry - INFO -   Loaded 25 parameters from override file
2026-01-12 20:13:10,147 - temporal_gateway.registry - INFO - ✓ video_wan2_2_14B_i2v: Loading from override file
2026-01-12 20:13:10,148 - temporal_gateway.registry - INFO -   Loaded 43 parameters from override file
2026-01-12 20:13:10,149 - temporal_gateway.registry - INFO - ✓ imageSave: Loading from override file
2026-01-12 20:13:10,150 - temporal_gateway.registry - INFO -   Loaded 9 parameters from override file
2026-01-12 20:13:10,151 - temporal_gateway.registry - INFO - Discovery complete: 7 workflows, 0 generated, 7 loaded, 0 regenerated
2026-01-12 20:13:10,153 - temporal_gateway.clients.approval.routes - INFO - Approval service initialized with Temporal client
2026-01-12 20:13:10,193 - temporal_gateway.services.broadcast - INFO - Created broadcast instance for redis://localhost:6379
2026-01-12 20:13:10,196 - temporal_gateway.services.broadcast - INFO - Broadcast connected to Redis
2026-01-12 20:13:10,197 - temporal_gateway.logging_config - INFO - {'event': '============================================================', 'level': 'info', 'logger': 'temporal_gateway.logging_config', 'timestamp': '2026-01-12T14:43:10.197068Z'}
2026-01-12 20:13:10,198 - temporal_gateway.logging_config - INFO - {'event': '🚀 Temporal Gateway Started', 'level': 'info', 'logger': 'temporal_gateway.logging_config', 'timestamp': '2026-01-12T14:43:10.198283Z'}
2026-01-12 20:13:10,199 - temporal_gateway.logging_config - INFO - {'event': '============================================================', 'level': 'info', 'logger': 'temporal_gateway.logging_config', 'timestamp': '2026-01-12T14:43:10.199482Z'}
2026-01-12 20:13:10,200 - temporal_gateway.logging_config - INFO - {'host': 'localhost:7233', 'event': 'Connected to Temporal', 'level': 'info', 'logger': 'temporal_gateway.logging_config', 'timestamp': '2026-01-12T14:43:10.200856Z'}
2026-01-12 20:13:10,202 - temporal_gateway.logging_config - INFO - {'url': 'http://localhost:8001', 'event': 'Gateway API', 'level': 'info', 'logger': 'temporal_gateway.logging_config', 'timestamp': '2026-01-12T14:43:10.202099Z'}
2026-01-12 20:13:10,203 - temporal_gateway.logging_config - INFO - {'url': 'http://localhost:8233', 'event': 'Temporal UI', 'level': 'info', 'logger': 'temporal_gateway.logging_config', 'timestamp': '2026-01-12T14:43:10.203275Z'}
2026-01-12 20:13:10,204 - temporal_gateway.logging_config - INFO - {'count': 7, 'event': 'Workflows discovered', 'level': 'info', 'logger': 'temporal_gateway.logging_config', 'timestamp': '2026-01-12T14:43:10.204506Z'}
2026-01-12 20:13:10,205 - temporal_gateway.logging_config - INFO - {'path': '/home/jaskirat/Documents/comfyautomate/temporal_gateway/logs/gateway_20260112_144310.log', 'event': 'Log file', 'level': 'info', 'logger': 'temporal_gateway.logging_config', 'timestamp': '2026-01-12T14:43:10.205816Z'}
2026-01-12 20:13:10,207 - temporal_gateway.logging_config - INFO - {'event': '============================================================', 'level': 'info', 'logger': 'temporal_gateway.logging_config', 'timestamp': '2026-01-12T14:43:10.207677Z'}
2026-01-12 20:16:25,602 - __main__ - INFO - {'event': 'SSE client subscribing to chain:chain-image-edit-to-video-pipeline-607e967d-746d-4d57-a848-42d3ec14387e', 'level': 'info', 'logger': '__main__', 'timestamp': '2026-01-12T14:46:25.602877Z'}
2026-01-12 20:16:25,610 - __main__ - INFO - {'event': 'Starting SSE subscription for chain:chain-image-edit-to-video-pipeline-607e967d-746d-4d57-a848-42d3ec14387e', 'level': 'info', 'logger': '__main__', 'timestamp': '2026-01-12T14:46:25.610647Z'}
2026-01-12 20:18:19,634 - __main__ - INFO - {'event': 'SSE client subscribing to chain:chain-image-edit-to-video-pipeline-db5e3162-a0c2-4b98-afc0-60d28158dc90', 'level': 'info', 'logger': '__main__', 'timestamp': '2026-01-12T14:48:19.634059Z'}
2026-01-12 20:18:19,636 - __main__ - INFO - {'event': 'Starting SSE subscription for chain:chain-image-edit-to-video-pipeline-db5e3162-a0c2-4b98-afc0-60d28158dc90', 'level': 'info', 'logger': '__main__', 'timestamp': '2026-01-12T14:48:19.636133Z'}
2026-01-12 20:22:27,211 - __main__ - INFO - {'event': 'SSE client subscribing to chain:chain-image-edit-to-video-pipeline-2b13f19b-141d-4e97-a0f7-f798638738db', 'level': 'info', 'logger': '__main__', 'timestamp': '2026-01-12T14:52:27.211940Z'}
2026-01-12 20:22:27,214 - __main__ - INFO - {'event': 'Starting SSE subscription for chain:chain-image-edit-to-video-pipeline-2b13f19b-141d-4e97-a0f7-f798638738db', 'level': 'info', 'logger': '__main__', 'timestamp': '2026-01-12T14:52:27.214492Z'}
2026-01-12 20:27:30,137 - temporal_gateway.services.broadcast - INFO - Broadcast disconnected from Redis
