2026-01-12 20:27:31,856 - temporal_gateway.logging_config - INFO - {'log_file': '/home/jaskirat/Documents/comfyautomate/temporal_gateway/logs/gateway_20260112_145731.log', 'level': 'info', 'event': 'Logging configured', 'logger': 'temporal_gateway.logging_config', 'timestamp': '2026-01-12T14:57:31.856509Z'}
2026-01-12 20:27:31,864 - temporal_gateway.registry - INFO - WorkflowRegistry initialized: /home/jaskirat/Documents/comfyautomate/templates
2026-01-12 20:27:31,866 - temporal_gateway.registry - INFO - ✓ fluxdev: Loading from override file
2026-01-12 20:27:31,867 - temporal_gateway.registry - INFO -   Loaded 13 parameters from override file
2026-01-12 20:27:31,868 - temporal_gateway.registry - INFO - ✓ firstEndTovideo: Loading from override file
2026-01-12 20:27:31,869 - temporal_gateway.registry - INFO -   Loaded 44 parameters from override file
2026-01-12 20:27:31,870 - temporal_gateway.registry - INFO - ✓ image_qwen_edit: Loading from override file
2026-01-12 20:27:31,871 - temporal_gateway.registry - INFO -   Loaded 27 parameters from override file
2026-01-12 20:27:31,873 - temporal_gateway.registry - INFO - ✓ video_wan2_2_14B_fun_camera_test: Loading from override file
2026-01-12 20:27:31,874 - temporal_gateway.registry - INFO -   Loaded 49 parameters from override file
2026-01-12 20:27:31,876 - temporal_gateway.registry - INFO - ✓ qwen_image_edit: Loading from override file
2026-01-12 20:27:31,877 - temporal_gateway.registry - INFO -   Loaded 25 parameters from override file
2026-01-12 20:27:31,879 - temporal_gateway.registry - INFO - ✓ video_wan2_2_14B_i2v: Loading from override file
2026-01-12 20:27:31,880 - temporal_gateway.registry - INFO -   Loaded 43 parameters from override file
2026-01-12 20:27:31,882 - temporal_gateway.registry - INFO - ✓ imageSave: Loading from override file
2026-01-12 20:27:31,883 - temporal_gateway.registry - INFO -   Loaded 9 parameters from override file
2026-01-12 20:27:31,884 - temporal_gateway.registry - INFO - Discovery complete: 7 workflows, 0 generated, 7 loaded, 0 regenerated
2026-01-12 20:27:31,885 - temporal_gateway.registry - INFO - ✓ fluxdev: Loading from override file
2026-01-12 20:27:31,887 - temporal_gateway.registry - INFO -   Loaded 13 parameters from override file
2026-01-12 20:27:31,888 - temporal_gateway.registry - INFO - ✓ firstEndTovideo: Loading from override file
2026-01-12 20:27:31,889 - temporal_gateway.registry - INFO -   Loaded 44 parameters from override file
2026-01-12 20:27:31,891 - temporal_gateway.registry - INFO - ✓ image_qwen_edit: Loading from override file
2026-01-12 20:27:31,892 - temporal_gateway.registry - INFO -   Loaded 27 parameters from override file
2026-01-12 20:27:31,894 - temporal_gateway.registry - INFO - ✓ video_wan2_2_14B_fun_camera_test: Loading from override file
2026-01-12 20:27:31,895 - temporal_gateway.registry - INFO -   Loaded 49 parameters from override file
2026-01-12 20:27:31,897 - temporal_gateway.registry - INFO - ✓ qwen_image_edit: Loading from override file
2026-01-12 20:27:31,898 - temporal_gateway.registry - INFO -   Loaded 25 parameters from override file
2026-01-12 20:27:31,899 - temporal_gateway.registry - INFO - ✓ video_wan2_2_14B_i2v: Loading from override file
2026-01-12 20:27:31,900 - temporal_gateway.registry - INFO -   Loaded 43 parameters from override file
2026-01-12 20:27:31,901 - temporal_gateway.registry - INFO - ✓ imageSave: Loading from override file
2026-01-12 20:27:31,902 - temporal_gateway.registry - INFO -   Loaded 9 parameters from override file
2026-01-12 20:27:31,903 - temporal_gateway.registry - INFO - Discovery complete: 7 workflows, 0 generated, 7 loaded, 0 regenerated
2026-01-12 20:27:31,904 - temporal_gateway.clients.approval.routes - INFO - Approval service initialized with Temporal client
2026-01-12 20:27:31,943 - temporal_gateway.services.broadcast - INFO - Created broadcast instance for redis://localhost:6379
2026-01-12 20:27:31,946 - temporal_gateway.services.broadcast - INFO - Broadcast connected to Redis
2026-01-12 20:27:31,947 - temporal_gateway.logging_config - INFO - {'event': '============================================================', 'level': 'info', 'logger': 'temporal_gateway.logging_config', 'timestamp': '2026-01-12T14:57:31.947836Z'}
2026-01-12 20:27:31,949 - temporal_gateway.logging_config - INFO - {'event': '🚀 Temporal Gateway Started', 'level': 'info', 'logger': 'temporal_gateway.logging_config', 'timestamp': '2026-01-12T14:57:31.949140Z'}
2026-01-12 20:27:31,950 - temporal_gateway.logging_config - INFO - {'event': '============================================================', 'level': 'info', 'logger': 'temporal_gateway.logging_config', 'timestamp': '2026-01-12T14:57:31.950433Z'}
2026-01-12 20:27:31,952 - temporal_gateway.logging_config - INFO - {'host': 'localhost:7233', 'event': 'Connected to Temporal', 'level': 'info', 'logger': 'temporal_gateway.logging_config', 'timestamp': '2026-01-12T14:57:31.952127Z'}
2026-01-12 20:27:31,953 - temporal_gateway.logging_config - INFO - {'url': 'http://localhost:8001', 'event': 'Gateway API', 'level': 'info', 'logger': 'temporal_gateway.logging_config', 'timestamp': '2026-01-12T14:57:31.953400Z'}
2026-01-12 20:27:31,954 - temporal_gateway.logging_config - INFO - {'url': 'http://localhost:8233', 'event': 'Temporal UI', 'level': 'info', 'logger': 'temporal_gateway.logging_config', 'timestamp': '2026-01-12T14:57:31.954610Z'}
2026-01-12 20:27:31,955 - temporal_gateway.logging_config - INFO - {'count': 7, 'event': 'Workflows discovered', 'level': 'info', 'logger': 'temporal_gateway.logging_config', 'timestamp': '2026-01-12T14:57:31.955816Z'}
2026-01-12 20:27:31,957 - temporal_gateway.logging_config - INFO - {'path': '/home/jaskirat/Documents/comfyautomate/temporal_gateway/logs/gateway_20260112_145731.log', 'event': 'Log file', 'level': 'info', 'logger': 'temporal_gateway.logging_config', 'timestamp': '2026-01-12T14:57:31.957017Z'}
2026-01-12 20:27:31,959 - temporal_gateway.logging_config - INFO - {'event': '============================================================', 'level': 'info', 'logger': 'temporal_gateway.logging_config', 'timestamp': '2026-01-12T14:57:31.958994Z'}
2026-01-12 20:28:37,132 - __main__ - INFO - {'event': 'SSE client subscribing to chain:chain-image-edit-to-video-pipeline-5e6840d2-0338-49d0-9ff6-d0b57516e116', 'level': 'info', 'logger': '__main__', 'timestamp': '2026-01-12T14:58:37.132775Z'}
2026-01-12 20:28:37,137 - __main__ - INFO - {'event': 'Starting SSE subscription for chain:chain-image-edit-to-video-pipeline-5e6840d2-0338-49d0-9ff6-d0b57516e116', 'level': 'info', 'logger': '__main__', 'timestamp': '2026-01-12T14:58:37.137618Z'}
2026-01-12 20:32:42,027 - __main__ - INFO - {'event': 'SSE client subscribing to chain:chain-image-edit-to-video-pipeline-598c3bc0-5758-4618-917d-185ee9b1d29d', 'level': 'info', 'logger': '__main__', 'timestamp': '2026-01-12T15:02:42.027824Z'}
2026-01-12 20:32:42,029 - __main__ - INFO - {'event': 'Starting SSE subscription for chain:chain-image-edit-to-video-pipeline-598c3bc0-5758-4618-917d-185ee9b1d29d', 'level': 'info', 'logger': '__main__', 'timestamp': '2026-01-12T15:02:42.029734Z'}
2026-01-13 10:51:01,213 - temporal_gateway.services.broadcast - INFO - Broadcast disconnected from Redis
