2026-01-13 11:03:27,235 - temporal_gateway.logging_config - INFO - {'log_file': '/home/jaskirat/Documents/comfyautomate/temporal_gateway/logs/gateway_20260113_053327.log', 'level': 'info', 'event': 'Logging configured', 'logger': 'temporal_gateway.logging_config', 'timestamp': '2026-01-13T05:33:27.235074Z'}
2026-01-13 11:03:27,242 - temporal_gateway.registry - INFO - WorkflowRegistry initialized: /home/jaskirat/Documents/comfyautomate/templates
2026-01-13 11:03:27,244 - temporal_gateway.registry - INFO - ✓ fluxdev: Loading from override file
2026-01-13 11:03:27,245 - temporal_gateway.registry - INFO -   Loaded 13 parameters from override file
2026-01-13 11:03:27,248 - temporal_gateway.registry - INFO - ✓ firstEndTovideo: Loading from override file
2026-01-13 11:03:27,250 - temporal_gateway.registry - INFO -   Loaded 44 parameters from override file
2026-01-13 11:03:27,252 - temporal_gateway.registry - INFO - ✓ image_qwen_edit: Loading from override file
2026-01-13 11:03:27,253 - temporal_gateway.registry - INFO -   Loaded 27 parameters from override file
2026-01-13 11:03:27,255 - temporal_gateway.registry - INFO - ✓ video_wan2_2_14B_fun_camera_test: Loading from override file
2026-01-13 11:03:27,256 - temporal_gateway.registry - INFO -   Loaded 49 parameters from override file
2026-01-13 11:03:27,258 - temporal_gateway.registry - INFO - ✓ qwen_image_edit: Loading from override file
2026-01-13 11:03:27,259 - temporal_gateway.registry - INFO -   Loaded 25 parameters from override file
2026-01-13 11:03:27,261 - temporal_gateway.registry - INFO - ✓ video_wan2_2_14B_i2v: Loading from override file
2026-01-13 11:03:27,262 - temporal_gateway.registry - INFO -   Loaded 43 parameters from override file
2026-01-13 11:03:27,265 - temporal_gateway.registry - INFO - ✓ imageSave: Loading from override file
2026-01-13 11:03:27,266 - temporal_gateway.registry - INFO -   Loaded 9 parameters from override file
2026-01-13 11:03:27,268 - temporal_gateway.registry - INFO - Discovery complete: 7 workflows, 0 generated, 7 loaded, 0 regenerated
2026-01-13 11:03:27,270 - temporal_gateway.registry - INFO - ✓ fluxdev: Loading from override file
2026-01-13 11:03:27,272 - temporal_gateway.registry - INFO -   Loaded 13 parameters from override file
2026-01-13 11:03:27,273 - temporal_gateway.registry - INFO - ✓ firstEndTovideo: Loading from override file
2026-01-13 11:03:27,274 - temporal_gateway.registry - INFO -   Loaded 44 parameters from override file
2026-01-13 11:03:27,275 - temporal_gateway.registry - INFO - ✓ image_qwen_edit: Loading from override file
2026-01-13 11:03:27,276 - temporal_gateway.registry - INFO -   Loaded 27 parameters from override file
2026-01-13 11:03:27,278 - temporal_gateway.registry - INFO - ✓ video_wan2_2_14B_fun_camera_test: Loading from override file
2026-01-13 11:03:27,280 - temporal_gateway.registry - INFO -   Loaded 49 parameters from override file
2026-01-13 11:03:27,283 - temporal_gateway.registry - INFO - ✓ qwen_image_edit: Loading from override file
2026-01-13 11:03:27,284 - temporal_gateway.registry - INFO -   Loaded 25 parameters from override file
2026-01-13 11:03:27,286 - temporal_gateway.registry - INFO - ✓ video_wan2_2_14B_i2v: Loading from override file
2026-01-13 11:03:27,288 - temporal_gateway.registry - INFO -   Loaded 43 parameters from override file
2026-01-13 11:03:27,289 - temporal_gateway.registry - INFO - ✓ imageSave: Loading from override file
2026-01-13 11:03:27,290 - temporal_gateway.registry - INFO -   Loaded 9 parameters from override file
2026-01-13 11:03:27,292 - temporal_gateway.registry - INFO - Discovery complete: 7 workflows, 0 generated, 7 loaded, 0 regenerated
2026-01-13 11:03:27,293 - temporal_gateway.clients.approval.routes - INFO - Approval service initialized with Temporal client
2026-01-13 11:03:27,340 - temporal_gateway.services.broadcast - INFO - Created broadcast instance for redis://localhost:6379
2026-01-13 11:03:27,342 - temporal_gateway.services.broadcast - INFO - Broadcast connected to Redis
2026-01-13 11:03:27,343 - temporal_gateway.logging_config - INFO - {'event': '============================================================', 'level': 'info', 'logger': 'temporal_gateway.logging_config', 'timestamp': '2026-01-13T05:33:27.343780Z'}
2026-01-13 11:03:27,345 - temporal_gateway.logging_config - INFO - {'event': '🚀 Temporal Gateway Started', 'level': 'info', 'logger': 'temporal_gateway.logging_config', 'timestamp': '2026-01-13T05:33:27.345619Z'}
2026-01-13 11:03:27,348 - temporal_gateway.logging_config - INFO - {'event': '============================================================', 'level': 'info', 'logger': 'temporal_gateway.logging_config', 'timestamp': '2026-01-13T05:33:27.348116Z'}
2026-01-13 11:03:27,350 - temporal_gateway.logging_config - INFO - {'host': 'localhost:7233', 'event': 'Connected to Temporal', 'level': 'info', 'logger': 'temporal_gateway.logging_config', 'timestamp': '2026-01-13T05:33:27.350005Z'}
2026-01-13 11:03:27,351 - temporal_gateway.logging_config - INFO - {'url': 'http://localhost:8001', 'event': 'Gateway API', 'level': 'info', 'logger': 'temporal_gateway.logging_config', 'timestamp': '2026-01-13T05:33:27.351713Z'}
2026-01-13 11:03:27,354 - temporal_gateway.logging_config - INFO - {'url': 'http://localhost:8233', 'event': 'Temporal UI', 'level': 'info', 'logger': 'temporal_gateway.logging_config', 'timestamp': '2026-01-13T05:33:27.354041Z'}
2026-01-13 11:03:27,355 - temporal_gateway.logging_config - INFO - {'count': 7, 'event': 'Workflows discovered', 'level': 'info', 'logger': 'temporal_gateway.logging_config', 'timestamp': '2026-01-13T05:33:27.355787Z'}
2026-01-13 11:03:27,357 - temporal_gateway.logging_config - INFO - {'path': '/home/jaskirat/Documents/comfyautomate/temporal_gateway/logs/gateway_20260113_053327.log', 'event': 'Log file', 'level': 'info', 'logger': 'temporal_gateway.logging_config', 'timestamp': '2026-01-13T05:33:27.357062Z'}
2026-01-13 11:03:27,358 - temporal_gateway.logging_config - INFO - {'event': '============================================================', 'level': 'info', 'logger': 'temporal_gateway.logging_config', 'timestamp': '2026-01-13T05:33:27.358335Z'}
2026-01-13 11:03:34,611 - __main__ - INFO - {'event': 'SSE client subscribing to chain:749a87f0-92ea-47b6-875a-b343325d81f8', 'level': 'info', 'logger': '__main__', 'timestamp': '2026-01-13T05:33:34.611681Z'}
2026-01-13 11:03:34,617 - __main__ - INFO - {'event': 'Starting SSE subscription for chain:749a87f0-92ea-47b6-875a-b343325d81f8', 'level': 'info', 'logger': '__main__', 'timestamp': '2026-01-13T05:33:34.617171Z'}
2026-01-13 11:03:35,885 - __main__ - INFO - {'event': 'SSE sending event: approval_requested for chain:749a87f0-92ea-47b6-875a-b343325d81f8', 'level': 'info', 'logger': '__main__', 'timestamp': '2026-01-13T05:33:35.885846Z'}
2026-01-13 11:03:35,973 - __main__ - INFO - {'event': 'SSE sending event: approval_requested for chain:749a87f0-92ea-47b6-875a-b343325d81f8', 'level': 'info', 'logger': '__main__', 'timestamp': '2026-01-13T05:33:35.973184Z'}
2026-01-13 11:03:42,873 - temporal_gateway.clients.approval.routes - INFO - Approving token x4rDDj6Iq-qMNVSw... with service that has client: True
2026-01-13 11:03:42,903 - temporal_gateway.clients.approval.service - INFO - Sent approval signal to job chain-image-edit-to-video-pipeline-47711261-967c-4b1b-9e32-dec4622c5bfb for step extract_frame2: decision=approved, decided_by=cli-user
2026-01-13 11:03:42,905 - temporal_gateway.clients.approval.routes - INFO - Approve result: {'status': 'approved', 'approval_request_id': '8c6b44c8-6a4e-4a5d-9a0f-15b2814812bb', 'decided_by': 'cli-user', 'workflow_signaled': True}
2026-01-13 11:03:42,939 - __main__ - INFO - {'event': 'SSE sending event: step_completed for chain:749a87f0-92ea-47b6-875a-b343325d81f8', 'level': 'info', 'logger': '__main__', 'timestamp': '2026-01-13T05:33:42.939582Z'}
2026-01-13 11:03:44,801 - temporal_gateway.clients.approval.routes - INFO - Approving token yaejNok78Q_jKAaW... with service that has client: True
2026-01-13 11:03:44,831 - temporal_gateway.clients.approval.service - INFO - Sent approval signal to job chain-image-edit-to-video-pipeline-47711261-967c-4b1b-9e32-dec4622c5bfb for step extract_frame1: decision=approved, decided_by=cli-user
2026-01-13 11:03:44,833 - temporal_gateway.clients.approval.routes - INFO - Approve result: {'status': 'approved', 'approval_request_id': '7e4ebd76-a6ec-4f20-b196-3422b0870ade', 'decided_by': 'cli-user', 'workflow_signaled': True}
2026-01-13 11:03:44,868 - __main__ - INFO - {'event': 'SSE sending event: step_completed for chain:749a87f0-92ea-47b6-875a-b343325d81f8', 'level': 'info', 'logger': '__main__', 'timestamp': '2026-01-13T05:33:44.868272Z'}
2026-01-13 11:04:48,900 - __main__ - INFO - {'event': 'SSE sending event: approval_requested for chain:749a87f0-92ea-47b6-875a-b343325d81f8', 'level': 'info', 'logger': '__main__', 'timestamp': '2026-01-13T05:34:48.900279Z'}
2026-01-13 11:05:16,060 - __main__ - INFO - {'event': 'SSE sending event: approval_requested for chain:749a87f0-92ea-47b6-875a-b343325d81f8', 'level': 'info', 'logger': '__main__', 'timestamp': '2026-01-13T05:35:16.060581Z'}
2026-01-13 11:05:22,916 - temporal_gateway.clients.approval.routes - INFO - Approving token -E4MklAF-HCyEGiT... with service that has client: True
2026-01-13 11:05:22,939 - temporal_gateway.clients.approval.service - INFO - Sent approval signal to job chain-image-edit-to-video-pipeline-47711261-967c-4b1b-9e32-dec4622c5bfb for step edit_frame2: decision=approved, decided_by=cli-user
2026-01-13 11:05:22,941 - temporal_gateway.clients.approval.routes - INFO - Approve result: {'status': 'approved', 'approval_request_id': 'f8e1949a-bfad-4e56-8164-db805716ff15', 'decided_by': 'cli-user', 'workflow_signaled': True}
2026-01-13 11:05:22,976 - __main__ - INFO - {'event': 'SSE sending event: step_completed for chain:749a87f0-92ea-47b6-875a-b343325d81f8', 'level': 'info', 'logger': '__main__', 'timestamp': '2026-01-13T05:35:22.976874Z'}
2026-01-13 11:10:34,876 - temporal_gateway.services.broadcast - INFO - Broadcast disconnected from Redis
