2026-01-06 22:32:07,579 - temporal_gateway.logging_config - INFO - {'log_file': '/home/jaskirat/Documents/comfyautomate/temporal_gateway/logs/gateway_20260106_170207.log', 'level': 'info', 'event': 'Logging configured', 'logger': 'temporal_gateway.logging_config', 'timestamp': '2026-01-06T17:02:07.579191Z'}
2026-01-06 22:32:07,585 - temporal_gateway.workflow_registry - INFO - WorkflowRegistry initialized: /home/jaskirat/Documents/comfyautomate/workflows
2026-01-06 22:32:07,587 - temporal_gateway.workflow_registry - INFO - ✓ firstEndTovideo: Loading from override file
2026-01-06 22:32:07,588 - temporal_gateway.workflow_registry - INFO -   Loaded 44 parameters from override file
2026-01-06 22:32:07,590 - temporal_gateway.workflow_registry - INFO - ✓ video_wan2_2_14B_fun_camera_test: Loading from override file
2026-01-06 22:32:07,592 - temporal_gateway.workflow_registry - INFO -   Loaded 49 parameters from override file
2026-01-06 22:32:07,593 - temporal_gateway.workflow_registry - INFO - ✓ qwen_image_edit: Loading from override file
2026-01-06 22:32:07,594 - temporal_gateway.workflow_registry - INFO -   Loaded 25 parameters from override file
2026-01-06 22:32:07,596 - temporal_gateway.workflow_registry - INFO - ✓ video_wan2_2_14B_i2v: Loading from override file
2026-01-06 22:32:07,598 - temporal_gateway.workflow_registry - INFO -   Loaded 43 parameters from override file
2026-01-06 22:32:07,599 - temporal_gateway.workflow_registry - INFO - ✓ imageSave: Loading from override file
2026-01-06 22:32:07,600 - temporal_gateway.workflow_registry - INFO -   Loaded 9 parameters from override file
2026-01-06 22:32:07,602 - temporal_gateway.workflow_registry - INFO - Discovery complete: 5 workflows, 0 generated, 5 loaded, 0 regenerated
2026-01-06 22:32:07,603 - temporal_gateway.workflow_registry - INFO - ✓ firstEndTovideo: Loading from override file
2026-01-06 22:32:07,605 - temporal_gateway.workflow_registry - INFO -   Loaded 44 parameters from override file
2026-01-06 22:32:07,607 - temporal_gateway.workflow_registry - INFO - ✓ video_wan2_2_14B_fun_camera_test: Loading from override file
2026-01-06 22:32:07,608 - temporal_gateway.workflow_registry - INFO -   Loaded 49 parameters from override file
2026-01-06 22:32:07,610 - temporal_gateway.workflow_registry - INFO - ✓ qwen_image_edit: Loading from override file
2026-01-06 22:32:07,612 - temporal_gateway.workflow_registry - INFO -   Loaded 25 parameters from override file
2026-01-06 22:32:07,615 - temporal_gateway.workflow_registry - INFO - ✓ video_wan2_2_14B_i2v: Loading from override file
2026-01-06 22:32:07,617 - temporal_gateway.workflow_registry - INFO -   Loaded 43 parameters from override file
2026-01-06 22:32:07,619 - temporal_gateway.workflow_registry - INFO - ✓ imageSave: Loading from override file
2026-01-06 22:32:07,620 - temporal_gateway.workflow_registry - INFO -   Loaded 9 parameters from override file
2026-01-06 22:32:07,622 - temporal_gateway.workflow_registry - INFO - Discovery complete: 5 workflows, 0 generated, 5 loaded, 0 regenerated
2026-01-06 22:32:07,623 - temporal_gateway.clients.approval.routes - INFO - Approval service initialized with Temporal client
2026-01-06 22:32:07,624 - temporal_gateway.logging_config - INFO - {'event': '============================================================', 'level': 'info', 'logger': 'temporal_gateway.logging_config', 'timestamp': '2026-01-06T17:02:07.624507Z'}
2026-01-06 22:32:07,626 - temporal_gateway.logging_config - INFO - {'event': '🚀 Temporal Gateway Started', 'level': 'info', 'logger': 'temporal_gateway.logging_config', 'timestamp': '2026-01-06T17:02:07.626392Z'}
2026-01-06 22:32:07,628 - temporal_gateway.logging_config - INFO - {'event': '============================================================', 'level': 'info', 'logger': 'temporal_gateway.logging_config', 'timestamp': '2026-01-06T17:02:07.628148Z'}
2026-01-06 22:32:07,629 - temporal_gateway.logging_config - INFO - {'host': 'localhost:7233', 'event': 'Connected to Temporal', 'level': 'info', 'logger': 'temporal_gateway.logging_config', 'timestamp': '2026-01-06T17:02:07.629747Z'}
2026-01-06 22:32:07,631 - temporal_gateway.logging_config - INFO - {'url': 'http://localhost:8001', 'event': 'Gateway API', 'level': 'info', 'logger': 'temporal_gateway.logging_config', 'timestamp': '2026-01-06T17:02:07.631086Z'}
2026-01-06 22:32:07,632 - temporal_gateway.logging_config - INFO - {'url': 'http://localhost:8233', 'event': 'Temporal UI', 'level': 'info', 'logger': 'temporal_gateway.logging_config', 'timestamp': '2026-01-06T17:02:07.632622Z'}
2026-01-06 22:32:07,633 - temporal_gateway.logging_config - INFO - {'count': 5, 'event': 'Workflows discovered', 'level': 'info', 'logger': 'temporal_gateway.logging_config', 'timestamp': '2026-01-06T17:02:07.633935Z'}
2026-01-06 22:32:07,635 - temporal_gateway.logging_config - INFO - {'path': '/home/jaskirat/Documents/comfyautomate/temporal_gateway/logs/gateway_20260106_170207.log', 'event': 'Log file', 'level': 'info', 'logger': 'temporal_gateway.logging_config', 'timestamp': '2026-01-06T17:02:07.635134Z'}
2026-01-06 22:32:07,636 - temporal_gateway.logging_config - INFO - {'event': '============================================================', 'level': 'info', 'logger': 'temporal_gateway.logging_config', 'timestamp': '2026-01-06T17:02:07.636450Z'}
2026-01-06 22:33:15,815 - temporal_gateway.clients.approval.service - INFO - Sent approval signal to workflow chain-image-edit-to-video-pipeline-v2-01fc6433-4dac-4959-9530-3106f751a041 for step edit_frame1: decision=rejected, decided_by=test-user
2026-01-06 22:33:39,904 - temporal_gateway.clients.approval.routes - INFO - Approving token KJX5BL8T99NVXJhM... with service that has client: True
2026-01-06 22:33:39,917 - temporal_gateway.clients.approval.service - INFO - Sent approval signal to workflow chain-image-edit-to-video-pipeline-v2-01fc6433-4dac-4959-9530-3106f751a041 for step edit_frame1: decision=approved, decided_by=test-user
2026-01-06 22:33:39,920 - temporal_gateway.clients.approval.routes - INFO - Approve result: {'status': 'approved', 'approval_request_id': 'e754696c-37ad-4656-9dac-bb6aea4d4a32', 'decided_by': 'test-user', 'workflow_signaled': True}
2026-01-06 22:39:05,072 - temporal_gateway.clients.approval.routes - INFO - Approving token QjPiAHS7cL8tHRoN... with service that has client: True
2026-01-06 22:39:05,091 - temporal_gateway.clients.approval.service - INFO - Sent approval signal to workflow chain-image-edit-to-video-pipeline-v2-01fc6433-4dac-4959-9530-3106f751a041 for step create_video: decision=approved, decided_by=test-user
2026-01-06 22:39:05,094 - temporal_gateway.clients.approval.routes - INFO - Approve result: {'status': 'approved', 'approval_request_id': 'f7a91b92-1403-4f07-a165-64a1c399393d', 'decided_by': 'test-user', 'workflow_signaled': True}
