2026-01-07 00:09:45,385 - temporal_gateway.logging_config - INFO - {'log_file': '/home/jaskirat/Documents/comfyautomate/temporal_gateway/logs/gateway_20260106_183945.log', 'level': 'info', 'event': 'Logging configured', 'logger': 'temporal_gateway.logging_config', 'timestamp': '2026-01-06T18:39:45.384989Z'}
2026-01-07 00:09:45,391 - temporal_gateway.workflow_registry - INFO - WorkflowRegistry initialized: /home/jaskirat/Documents/comfyautomate/workflows
2026-01-07 00:09:45,393 - temporal_gateway.workflow_registry - INFO - ✓ fluxdev: Loading from override file
2026-01-07 00:09:45,394 - temporal_gateway.workflow_registry - INFO -   Loaded 13 parameters from override file
2026-01-07 00:09:45,395 - temporal_gateway.workflow_registry - INFO - ✓ firstEndTovideo: Loading from override file
2026-01-07 00:09:45,397 - temporal_gateway.workflow_registry - INFO -   Loaded 44 parameters from override file
2026-01-07 00:09:45,399 - temporal_gateway.workflow_registry - INFO - ✓ image_qwen_edit: Loading from override file
2026-01-07 00:09:45,400 - temporal_gateway.workflow_registry - INFO -   Loaded 27 parameters from override file
2026-01-07 00:09:45,402 - temporal_gateway.workflow_registry - INFO - ✓ video_wan2_2_14B_fun_camera_test: Loading from override file
2026-01-07 00:09:45,404 - temporal_gateway.workflow_registry - INFO -   Loaded 49 parameters from override file
2026-01-07 00:09:45,406 - temporal_gateway.workflow_registry - INFO - ✓ qwen_image_edit: Loading from override file
2026-01-07 00:09:45,407 - temporal_gateway.workflow_registry - INFO -   Loaded 25 parameters from override file
2026-01-07 00:09:45,408 - temporal_gateway.workflow_registry - INFO - ✓ video_wan2_2_14B_i2v: Loading from override file
2026-01-07 00:09:45,409 - temporal_gateway.workflow_registry - INFO -   Loaded 43 parameters from override file
2026-01-07 00:09:45,410 - temporal_gateway.workflow_registry - INFO - ✓ imageSave: Loading from override file
2026-01-07 00:09:45,411 - temporal_gateway.workflow_registry - INFO -   Loaded 9 parameters from override file
2026-01-07 00:09:45,412 - temporal_gateway.workflow_registry - INFO - Discovery complete: 7 workflows, 0 generated, 7 loaded, 0 regenerated
2026-01-07 00:09:45,414 - temporal_gateway.workflow_registry - INFO - ✓ fluxdev: Loading from override file
2026-01-07 00:09:45,415 - temporal_gateway.workflow_registry - INFO -   Loaded 13 parameters from override file
2026-01-07 00:09:45,416 - temporal_gateway.workflow_registry - INFO - ✓ firstEndTovideo: Loading from override file
2026-01-07 00:09:45,418 - temporal_gateway.workflow_registry - INFO -   Loaded 44 parameters from override file
2026-01-07 00:09:45,420 - temporal_gateway.workflow_registry - INFO - ✓ image_qwen_edit: Loading from override file
2026-01-07 00:09:45,421 - temporal_gateway.workflow_registry - INFO -   Loaded 27 parameters from override file
2026-01-07 00:09:45,422 - temporal_gateway.workflow_registry - INFO - ✓ video_wan2_2_14B_fun_camera_test: Loading from override file
2026-01-07 00:09:45,424 - temporal_gateway.workflow_registry - INFO -   Loaded 49 parameters from override file
2026-01-07 00:09:45,425 - temporal_gateway.workflow_registry - INFO - ✓ qwen_image_edit: Loading from override file
2026-01-07 00:09:45,426 - temporal_gateway.workflow_registry - INFO -   Loaded 25 parameters from override file
2026-01-07 00:09:45,427 - temporal_gateway.workflow_registry - INFO - ✓ video_wan2_2_14B_i2v: Loading from override file
2026-01-07 00:09:45,428 - temporal_gateway.workflow_registry - INFO -   Loaded 43 parameters from override file
2026-01-07 00:09:45,429 - temporal_gateway.workflow_registry - INFO - ✓ imageSave: Loading from override file
2026-01-07 00:09:45,430 - temporal_gateway.workflow_registry - INFO -   Loaded 9 parameters from override file
2026-01-07 00:09:45,431 - temporal_gateway.workflow_registry - INFO - Discovery complete: 7 workflows, 0 generated, 7 loaded, 0 regenerated
2026-01-07 00:09:45,432 - temporal_gateway.clients.approval.routes - INFO - Approval service initialized with Temporal client
2026-01-07 00:09:45,433 - temporal_gateway.logging_config - INFO - {'event': '============================================================', 'level': 'info', 'logger': 'temporal_gateway.logging_config', 'timestamp': '2026-01-06T18:39:45.433870Z'}
2026-01-07 00:09:45,435 - temporal_gateway.logging_config - INFO - {'event': '🚀 Temporal Gateway Started', 'level': 'info', 'logger': 'temporal_gateway.logging_config', 'timestamp': '2026-01-06T18:39:45.435458Z'}
2026-01-07 00:09:45,437 - temporal_gateway.logging_config - INFO - {'event': '============================================================', 'level': 'info', 'logger': 'temporal_gateway.logging_config', 'timestamp': '2026-01-06T18:39:45.437327Z'}
2026-01-07 00:09:45,438 - temporal_gateway.logging_config - INFO - {'host': 'localhost:7233', 'event': 'Connected to Temporal', 'level': 'info', 'logger': 'temporal_gateway.logging_config', 'timestamp': '2026-01-06T18:39:45.438731Z'}
2026-01-07 00:09:45,440 - temporal_gateway.logging_config - INFO - {'url': 'http://localhost:8001', 'event': 'Gateway API', 'level': 'info', 'logger': 'temporal_gateway.logging_config', 'timestamp': '2026-01-06T18:39:45.440015Z'}
2026-01-07 00:09:45,441 - temporal_gateway.logging_config - INFO - {'url': 'http://localhost:8233', 'event': 'Temporal UI', 'level': 'info', 'logger': 'temporal_gateway.logging_config', 'timestamp': '2026-01-06T18:39:45.441252Z'}
2026-01-07 00:09:45,442 - temporal_gateway.logging_config - INFO - {'count': 7, 'event': 'Workflows discovered', 'level': 'info', 'logger': 'temporal_gateway.logging_config', 'timestamp': '2026-01-06T18:39:45.442449Z'}
2026-01-07 00:09:45,443 - temporal_gateway.logging_config - INFO - {'path': '/home/jaskirat/Documents/comfyautomate/temporal_gateway/logs/gateway_20260106_183945.log', 'event': 'Log file', 'level': 'info', 'logger': 'temporal_gateway.logging_config', 'timestamp': '2026-01-06T18:39:45.443821Z'}
2026-01-07 00:09:45,445 - temporal_gateway.logging_config - INFO - {'event': '============================================================', 'level': 'info', 'logger': 'temporal_gateway.logging_config', 'timestamp': '2026-01-06T18:39:45.445130Z'}
