2026-01-12 20:28:24,795 - temporal_gateway.logging_config - INFO - {'log_file': '/home/jaskirat/Documents/comfyautomate/temporal_gateway/logs/worker_20260112_145824.log', 'level': 'info', 'event': 'Logging configured', 'logger': 'temporal_gateway.logging_config', 'timestamp': '2026-01-12T14:58:24.795785Z'}
2026-01-12 20:28:24,799 - temporal_gateway.logging_config - INFO - {'event': 'Initializing artifact database...', 'level': 'info', 'logger': 'temporal_gateway.logging_config', 'timestamp': '2026-01-12T14:58:24.799922Z'}
2026-01-12 20:28:24,802 - temporal_gateway.logging_config - INFO - {'event': 'Database initialized', 'level': 'info', 'logger': 'temporal_gateway.logging_config', 'timestamp': '2026-01-12T14:58:24.802555Z'}
2026-01-12 20:28:24,803 - temporal_gateway.logging_config - INFO - {'event': 'Connecting to Redis for event broadcasting...', 'level': 'info', 'logger': 'temporal_gateway.logging_config', 'timestamp': '2026-01-12T14:58:24.803703Z'}
2026-01-12 20:28:24,840 - temporal_gateway.services.broadcast - INFO - Created broadcast instance for redis://localhost:6379
2026-01-12 20:28:24,844 - temporal_gateway.services.broadcast - INFO - Broadcast connected to Redis
2026-01-12 20:28:24,845 - temporal_gateway.logging_config - INFO - {'event': 'Redis broadcast connected', 'level': 'info', 'logger': 'temporal_gateway.logging_config', 'timestamp': '2026-01-12T14:58:24.844956Z'}
2026-01-12 20:28:24,846 - temporal_gateway.logging_config - INFO - {'event': 'Loading server registry...', 'level': 'info', 'logger': 'temporal_gateway.logging_config', 'timestamp': '2026-01-12T14:58:24.846148Z'}
2026-01-12 20:28:24,847 - temporal_gateway.servers.registry - INFO - Registered server: procure-x (comfyui)
2026-01-12 20:28:24,848 - temporal_gateway.servers.registry - INFO - Loaded 1 servers from config
2026-01-12 20:28:24,849 - temporal_gateway.logging_config - INFO - {'event': 'Registered 1 servers', 'level': 'info', 'logger': 'temporal_gateway.logging_config', 'timestamp': '2026-01-12T14:58:24.849315Z'}
2026-01-12 20:28:24,850 - temporal_gateway.logging_config - INFO - {'event': '  Server: procure-x (comfyui)', 'level': 'info', 'logger': 'temporal_gateway.logging_config', 'timestamp': '2026-01-12T14:58:24.850570Z'}
2026-01-12 20:28:25,000 - temporal_gateway.logging_config - INFO - {'event': '============================================================', 'level': 'info', 'logger': 'temporal_gateway.logging_config', 'timestamp': '2026-01-12T14:58:25.000660Z'}
2026-01-12 20:28:25,002 - temporal_gateway.logging_config - INFO - {'event': '🔧 Temporal Worker Started', 'level': 'info', 'logger': 'temporal_gateway.logging_config', 'timestamp': '2026-01-12T14:58:25.002283Z'}
2026-01-12 20:28:25,003 - temporal_gateway.logging_config - INFO - {'event': '============================================================', 'level': 'info', 'logger': 'temporal_gateway.logging_config', 'timestamp': '2026-01-12T14:58:25.003619Z'}
2026-01-12 20:28:25,004 - temporal_gateway.logging_config - INFO - {'host': 'localhost:7233', 'event': 'Connected to Temporal', 'level': 'info', 'logger': 'temporal_gateway.logging_config', 'timestamp': '2026-01-12T14:58:25.004814Z'}
2026-01-12 20:28:25,006 - temporal_gateway.logging_config - INFO - {'queue': 'comfyui-gpu-farm', 'event': 'Task Queue', 'level': 'info', 'logger': 'temporal_gateway.logging_config', 'timestamp': '2026-01-12T14:58:25.006124Z'}
2026-01-12 20:28:25,007 - temporal_gateway.logging_config - INFO - {'workflows': ['ComfyUIWorkflow', 'ChainExecutorWorkflow'], 'event': 'Workflows registered', 'level': 'info', 'logger': 'temporal_gateway.logging_config', 'timestamp': '2026-01-12T14:58:25.007454Z'}
2026-01-12 20:28:25,009 - temporal_gateway.logging_config - INFO - {'path': '/home/jaskirat/Documents/comfyautomate/temporal_gateway/logs/worker_20260112_145824.log', 'event': 'Log file', 'level': 'info', 'logger': 'temporal_gateway.logging_config', 'timestamp': '2026-01-12T14:58:25.009048Z'}
2026-01-12 20:28:25,010 - temporal_gateway.logging_config - INFO - {'event': '============================================================', 'level': 'info', 'logger': 'temporal_gateway.logging_config', 'timestamp': '2026-01-12T14:58:25.010554Z'}
2026-01-12 20:28:25,012 - temporal_gateway.logging_config - INFO - {'event': 'Worker is running. Press Ctrl+C to stop.', 'level': 'info', 'logger': 'temporal_gateway.logging_config', 'timestamp': '2026-01-12T14:58:25.012164Z'}
2026-01-12 20:28:37,097 - temporalio.worker._workflow - ERROR - Failed handling activation on workflow with run ID 019bb2b7-517e-79c5-b2d8-2117b70da5d5
Traceback (most recent call last):
  File "/home/jaskirat/Documents/comfyautomate/.venv/lib/python3.10/site-packages/temporalio/worker/_workflow.py", line 317, in _handle_activation
    completion = await asyncio.wait_for(
  File "/usr/lib/python3.10/asyncio/tasks.py", line 445, in wait_for
    return fut.result()
  File "/usr/lib/python3.10/concurrent/futures/thread.py", line 58, in run
    result = self.fn(*self.args, **self.kwargs)
  File "/home/jaskirat/Documents/comfyautomate/.venv/lib/python3.10/site-packages/temporalio/worker/_workflow.py", line 710, in activate
    return self.instance.activate(act)
  File "/home/jaskirat/Documents/comfyautomate/.venv/lib/python3.10/site-packages/temporalio/worker/workflow_sandbox/_runner.py", line 165, in activate
    self._run_code(
  File "/home/jaskirat/Documents/comfyautomate/.venv/lib/python3.10/site-packages/temporalio/worker/workflow_sandbox/_runner.py", line 182, in _run_code
    exec(code, self.globals_and_locals, self.globals_and_locals)
  File "<string>", line 2, in <module>
  File "/home/jaskirat/Documents/comfyautomate/.venv/lib/python3.10/site-packages/temporalio/worker/workflow_sandbox/_in_sandbox.py", line 83, in activate
    return self.instance.activate(act)
  File "/home/jaskirat/Documents/comfyautomate/.venv/lib/python3.10/site-packages/temporalio/worker/_workflow_instance.py", line 489, in activate
    logger.warning(
  File "/usr/lib/python3.10/logging/__init__.py", line 1489, in warning
    self._log(WARNING, msg, args, **kwargs)
  File "/usr/lib/python3.10/logging/__init__.py", line 1624, in _log
    self.handle(record)
  File "/usr/lib/python3.10/logging/__init__.py", line 1634, in handle
    self.callHandlers(record)
  File "/usr/lib/python3.10/logging/__init__.py", line 1696, in callHandlers
    hdlr.handle(record)
  File "/usr/lib/python3.10/logging/__init__.py", line 968, in handle
    self.emit(record)
  File "/home/jaskirat/Documents/comfyautomate/.venv/lib/python3.10/site-packages/rich/logging.py", line 144, in emit
    traceback = Traceback.from_exception(
  File "/home/jaskirat/Documents/comfyautomate/.venv/lib/python3.10/site-packages/rich/traceback.py", line 384, in from_exception
    rich_traceback = cls.extract(
  File "/home/jaskirat/Documents/comfyautomate/.venv/lib/python3.10/site-packages/rich/traceback.py", line 446, in extract
    from rich import _IMPORT_CWD
  File "/home/jaskirat/Documents/comfyautomate/.venv/lib/python3.10/site-packages/temporalio/worker/workflow_sandbox/_importer.py", line 525, in __call__
    return self.current(*args, **kwargs)
  File "/home/jaskirat/Documents/comfyautomate/.venv/lib/python3.10/site-packages/temporalio/worker/workflow_sandbox/_importer.py", line 256, in _import
    mod = importlib.__import__(name, globals, locals, fromlist, level)
  File "<frozen importlib._bootstrap>", line 1129, in __import__
  File "<frozen importlib._bootstrap>", line 1050, in _gcd_import
  File "<frozen importlib._bootstrap>", line 1027, in _find_and_load
  File "<frozen importlib._bootstrap>", line 1006, in _find_and_load_unlocked
  File "<frozen importlib._bootstrap>", line 688, in _load_unlocked
  File "<frozen importlib._bootstrap_external>", line 883, in exec_module
  File "<frozen importlib._bootstrap>", line 241, in _call_with_frames_removed
  File "/home/jaskirat/Documents/comfyautomate/.venv/lib/python3.10/site-packages/rich/__init__.py", line 17, in <module>
    _IMPORT_CWD = os.path.abspath(os.getcwd())
  File "/home/jaskirat/Documents/comfyautomate/.venv/lib/python3.10/site-packages/temporalio/worker/workflow_sandbox/_restrictions.py", line 1021, in __getattribute__
    state.assert_child_not_restricted(__name)
  File "/home/jaskirat/Documents/comfyautomate/.venv/lib/python3.10/site-packages/temporalio/worker/workflow_sandbox/_restrictions.py", line 844, in assert_child_not_restricted
    logger.warning("%s on %s restricted", name, self.name)
  File "/usr/lib/python3.10/logging/__init__.py", line 1489, in warning
    self._log(WARNING, msg, args, **kwargs)
  File "/usr/lib/python3.10/logging/__init__.py", line 1624, in _log
    self.handle(record)
  File "/usr/lib/python3.10/logging/__init__.py", line 1634, in handle
    self.callHandlers(record)
  File "/usr/lib/python3.10/logging/__init__.py", line 1696, in callHandlers
    hdlr.handle(record)
  File "/usr/lib/python3.10/logging/__init__.py", line 968, in handle
    self.emit(record)
  File "/home/jaskirat/Documents/comfyautomate/.venv/lib/python3.10/site-packages/rich/logging.py", line 167, in emit
    message_renderable = self.render_message(record, message)
  File "/home/jaskirat/Documents/comfyautomate/.venv/lib/python3.10/site-packages/rich/logging.py", line 193, in render_message
    message_text = Text.from_markup(message) if use_markup else Text(message)
  File "/home/jaskirat/Documents/comfyautomate/.venv/lib/python3.10/site-packages/rich/text.py", line 285, in from_markup
    from .markup import render
  File "/home/jaskirat/Documents/comfyautomate/.venv/lib/python3.10/site-packages/temporalio/worker/workflow_sandbox/_importer.py", line 525, in __call__
    return self.current(*args, **kwargs)
  File "/home/jaskirat/Documents/comfyautomate/.venv/lib/python3.10/site-packages/temporalio/worker/workflow_sandbox/_importer.py", line 256, in _import
    mod = importlib.__import__(name, globals, locals, fromlist, level)
  File "<frozen importlib._bootstrap>", line 1133, in __import__
  File "<frozen importlib._bootstrap>", line 1050, in _gcd_import
  File "<frozen importlib._bootstrap>", line 1027, in _find_and_load
  File "<frozen importlib._bootstrap>", line 1006, in _find_and_load_unlocked
  File "<frozen importlib._bootstrap>", line 688, in _load_unlocked
  File "<frozen importlib._bootstrap_external>", line 883, in exec_module
  File "<frozen importlib._bootstrap>", line 241, in _call_with_frames_removed
  File "/home/jaskirat/Documents/comfyautomate/.venv/lib/python3.10/site-packages/rich/markup.py", line 7, in <module>
    from .emoji import EmojiVariant
  File "/home/jaskirat/Documents/comfyautomate/.venv/lib/python3.10/site-packages/temporalio/worker/workflow_sandbox/_importer.py", line 525, in __call__
    return self.current(*args, **kwargs)
  File "/home/jaskirat/Documents/comfyautomate/.venv/lib/python3.10/site-packages/temporalio/worker/workflow_sandbox/_importer.py", line 256, in _import
    mod = importlib.__import__(name, globals, locals, fromlist, level)
  File "<frozen importlib._bootstrap>", line 1133, in __import__
  File "<frozen importlib._bootstrap>", line 1050, in _gcd_import
  File "<frozen importlib._bootstrap>", line 1027, in _find_and_load
  File "<frozen importlib._bootstrap>", line 1006, in _find_and_load_unlocked
  File "<frozen importlib._bootstrap>", line 688, in _load_unlocked
  File "<frozen importlib._bootstrap_external>", line 883, in exec_module
  File "<frozen importlib._bootstrap>", line 241, in _call_with_frames_removed
  File "/home/jaskirat/Documents/comfyautomate/.venv/lib/python3.10/site-packages/rich/emoji.py", line 4, in <module>
    from .jupyter import JupyterMixin
  File "/home/jaskirat/Documents/comfyautomate/.venv/lib/python3.10/site-packages/temporalio/worker/workflow_sandbox/_importer.py", line 525, in __call__
    return self.current(*args, **kwargs)
  File "/home/jaskirat/Documents/comfyautomate/.venv/lib/python3.10/site-packages/temporalio/worker/workflow_sandbox/_importer.py", line 256, in _import
    mod = importlib.__import__(name, globals, locals, fromlist, level)
  File "<frozen importlib._bootstrap>", line 1133, in __import__
  File "<frozen importlib._bootstrap>", line 1050, in _gcd_import
  File "<frozen importlib._bootstrap>", line 1027, in _find_and_load
  File "<frozen importlib._bootstrap>", line 1006, in _find_and_load_unlocked
  File "<frozen importlib._bootstrap>", line 688, in _load_unlocked
  File "<frozen importlib._bootstrap_external>", line 883, in exec_module
  File "<frozen importlib._bootstrap>", line 241, in _call_with_frames_removed
  File "/home/jaskirat/Documents/comfyautomate/.venv/lib/python3.10/site-packages/rich/jupyter.py", line 6, in <module>
    from . import get_console
ImportError: cannot import name 'get_console' from partially initialized module 'rich' (most likely due to a circular import) (/home/jaskirat/Documents/comfyautomate/.venv/lib/python3.10/site-packages/rich/__init__.py)
2026-01-12 20:28:38,770 - temporalio.worker._workflow - ERROR - Failed handling activation on workflow with run ID 019bb2b7-517e-79c5-b2d8-2117b70da5d5
Traceback (most recent call last):
  File "/home/jaskirat/Documents/comfyautomate/.venv/lib/python3.10/site-packages/temporalio/worker/_workflow.py", line 317, in _handle_activation
    completion = await asyncio.wait_for(
  File "/usr/lib/python3.10/asyncio/tasks.py", line 445, in wait_for
    return fut.result()
  File "/usr/lib/python3.10/concurrent/futures/thread.py", line 58, in run
    result = self.fn(*self.args, **self.kwargs)
  File "/home/jaskirat/Documents/comfyautomate/.venv/lib/python3.10/site-packages/temporalio/worker/_workflow.py", line 710, in activate
    return self.instance.activate(act)
  File "/home/jaskirat/Documents/comfyautomate/.venv/lib/python3.10/site-packages/temporalio/worker/workflow_sandbox/_runner.py", line 165, in activate
    self._run_code(
  File "/home/jaskirat/Documents/comfyautomate/.venv/lib/python3.10/site-packages/temporalio/worker/workflow_sandbox/_runner.py", line 182, in _run_code
    exec(code, self.globals_and_locals, self.globals_and_locals)
  File "<string>", line 2, in <module>
  File "/home/jaskirat/Documents/comfyautomate/.venv/lib/python3.10/site-packages/temporalio/worker/workflow_sandbox/_in_sandbox.py", line 83, in activate
    return self.instance.activate(act)
  File "/home/jaskirat/Documents/comfyautomate/.venv/lib/python3.10/site-packages/temporalio/worker/_workflow_instance.py", line 489, in activate
    logger.warning(
  File "/usr/lib/python3.10/logging/__init__.py", line 1489, in warning
    self._log(WARNING, msg, args, **kwargs)
  File "/usr/lib/python3.10/logging/__init__.py", line 1624, in _log
    self.handle(record)
  File "/usr/lib/python3.10/logging/__init__.py", line 1634, in handle
    self.callHandlers(record)
  File "/usr/lib/python3.10/logging/__init__.py", line 1696, in callHandlers
    hdlr.handle(record)
  File "/usr/lib/python3.10/logging/__init__.py", line 968, in handle
    self.emit(record)
  File "/home/jaskirat/Documents/comfyautomate/.venv/lib/python3.10/site-packages/rich/logging.py", line 144, in emit
    traceback = Traceback.from_exception(
  File "/home/jaskirat/Documents/comfyautomate/.venv/lib/python3.10/site-packages/rich/traceback.py", line 384, in from_exception
    rich_traceback = cls.extract(
  File "/home/jaskirat/Documents/comfyautomate/.venv/lib/python3.10/site-packages/rich/traceback.py", line 446, in extract
    from rich import _IMPORT_CWD
  File "/home/jaskirat/Documents/comfyautomate/.venv/lib/python3.10/site-packages/temporalio/worker/workflow_sandbox/_importer.py", line 525, in __call__
    return self.current(*args, **kwargs)
  File "/home/jaskirat/Documents/comfyautomate/.venv/lib/python3.10/site-packages/temporalio/worker/workflow_sandbox/_importer.py", line 256, in _import
    mod = importlib.__import__(name, globals, locals, fromlist, level)
  File "<frozen importlib._bootstrap>", line 1129, in __import__
  File "<frozen importlib._bootstrap>", line 1050, in _gcd_import
  File "<frozen importlib._bootstrap>", line 1027, in _find_and_load
  File "<frozen importlib._bootstrap>", line 1006, in _find_and_load_unlocked
  File "<frozen importlib._bootstrap>", line 688, in _load_unlocked
  File "<frozen importlib._bootstrap_external>", line 883, in exec_module
  File "<frozen importlib._bootstrap>", line 241, in _call_with_frames_removed
  File "/home/jaskirat/Documents/comfyautomate/.venv/lib/python3.10/site-packages/rich/__init__.py", line 17, in <module>
    _IMPORT_CWD = os.path.abspath(os.getcwd())
  File "/home/jaskirat/Documents/comfyautomate/.venv/lib/python3.10/site-packages/temporalio/worker/workflow_sandbox/_restrictions.py", line 1021, in __getattribute__
    state.assert_child_not_restricted(__name)
  File "/home/jaskirat/Documents/comfyautomate/.venv/lib/python3.10/site-packages/temporalio/worker/workflow_sandbox/_restrictions.py", line 844, in assert_child_not_restricted
    logger.warning("%s on %s restricted", name, self.name)
  File "/usr/lib/python3.10/logging/__init__.py", line 1489, in warning
    self._log(WARNING, msg, args, **kwargs)
  File "/usr/lib/python3.10/logging/__init__.py", line 1624, in _log
    self.handle(record)
  File "/usr/lib/python3.10/logging/__init__.py", line 1634, in handle
    self.callHandlers(record)
  File "/usr/lib/python3.10/logging/__init__.py", line 1696, in callHandlers
    hdlr.handle(record)
  File "/usr/lib/python3.10/logging/__init__.py", line 968, in handle
    self.emit(record)
  File "/home/jaskirat/Documents/comfyautomate/.venv/lib/python3.10/site-packages/rich/logging.py", line 167, in emit
    message_renderable = self.render_message(record, message)
  File "/home/jaskirat/Documents/comfyautomate/.venv/lib/python3.10/site-packages/rich/logging.py", line 193, in render_message
    message_text = Text.from_markup(message) if use_markup else Text(message)
  File "/home/jaskirat/Documents/comfyautomate/.venv/lib/python3.10/site-packages/rich/text.py", line 285, in from_markup
    from .markup import render
  File "/home/jaskirat/Documents/comfyautomate/.venv/lib/python3.10/site-packages/temporalio/worker/workflow_sandbox/_importer.py", line 525, in __call__
    return self.current(*args, **kwargs)
  File "/home/jaskirat/Documents/comfyautomate/.venv/lib/python3.10/site-packages/temporalio/worker/workflow_sandbox/_importer.py", line 256, in _import
    mod = importlib.__import__(name, globals, locals, fromlist, level)
  File "<frozen importlib._bootstrap>", line 1133, in __import__
  File "<frozen importlib._bootstrap>", line 1050, in _gcd_import
  File "<frozen importlib._bootstrap>", line 1027, in _find_and_load
  File "<frozen importlib._bootstrap>", line 1006, in _find_and_load_unlocked
  File "<frozen importlib._bootstrap>", line 688, in _load_unlocked
  File "<frozen importlib._bootstrap_external>", line 883, in exec_module
  File "<frozen importlib._bootstrap>", line 241, in _call_with_frames_removed
  File "/home/jaskirat/Documents/comfyautomate/.venv/lib/python3.10/site-packages/rich/markup.py", line 7, in <module>
    from .emoji import EmojiVariant
  File "/home/jaskirat/Documents/comfyautomate/.venv/lib/python3.10/site-packages/temporalio/worker/workflow_sandbox/_importer.py", line 525, in __call__
    return self.current(*args, **kwargs)
  File "/home/jaskirat/Documents/comfyautomate/.venv/lib/python3.10/site-packages/temporalio/worker/workflow_sandbox/_importer.py", line 256, in _import
    mod = importlib.__import__(name, globals, locals, fromlist, level)
  File "<frozen importlib._bootstrap>", line 1133, in __import__
  File "<frozen importlib._bootstrap>", line 1050, in _gcd_import
  File "<frozen importlib._bootstrap>", line 1027, in _find_and_load
  File "<frozen importlib._bootstrap>", line 1006, in _find_and_load_unlocked
  File "<frozen importlib._bootstrap>", line 688, in _load_unlocked
  File "<frozen importlib._bootstrap_external>", line 883, in exec_module
  File "<frozen importlib._bootstrap>", line 241, in _call_with_frames_removed
  File "/home/jaskirat/Documents/comfyautomate/.venv/lib/python3.10/site-packages/rich/emoji.py", line 4, in <module>
    from .jupyter import JupyterMixin
  File "/home/jaskirat/Documents/comfyautomate/.venv/lib/python3.10/site-packages/temporalio/worker/workflow_sandbox/_importer.py", line 525, in __call__
    return self.current(*args, **kwargs)
  File "/home/jaskirat/Documents/comfyautomate/.venv/lib/python3.10/site-packages/temporalio/worker/workflow_sandbox/_importer.py", line 256, in _import
    mod = importlib.__import__(name, globals, locals, fromlist, level)
  File "<frozen importlib._bootstrap>", line 1133, in __import__
  File "<frozen importlib._bootstrap>", line 1050, in _gcd_import
  File "<frozen importlib._bootstrap>", line 1027, in _find_and_load
  File "<frozen importlib._bootstrap>", line 1006, in _find_and_load_unlocked
  File "<frozen importlib._bootstrap>", line 688, in _load_unlocked
  File "<frozen importlib._bootstrap_external>", line 883, in exec_module
  File "<frozen importlib._bootstrap>", line 241, in _call_with_frames_removed
  File "/home/jaskirat/Documents/comfyautomate/.venv/lib/python3.10/site-packages/rich/jupyter.py", line 6, in <module>
    from . import get_console
ImportError: cannot import name 'get_console' from partially initialized module 'rich' (most likely due to a circular import) (/home/jaskirat/Documents/comfyautomate/.venv/lib/python3.10/site-packages/rich/__init__.py)
2026-01-12 20:28:48,776 - temporalio.worker._workflow - ERROR - Failed handling activation on workflow with run ID 019bb2b7-517e-79c5-b2d8-2117b70da5d5
Traceback (most recent call last):
  File "/home/jaskirat/Documents/comfyautomate/.venv/lib/python3.10/site-packages/temporalio/worker/_workflow.py", line 317, in _handle_activation
    completion = await asyncio.wait_for(
  File "/usr/lib/python3.10/asyncio/tasks.py", line 445, in wait_for
    return fut.result()
  File "/usr/lib/python3.10/concurrent/futures/thread.py", line 58, in run
    result = self.fn(*self.args, **self.kwargs)
  File "/home/jaskirat/Documents/comfyautomate/.venv/lib/python3.10/site-packages/temporalio/worker/_workflow.py", line 710, in activate
    return self.instance.activate(act)
  File "/home/jaskirat/Documents/comfyautomate/.venv/lib/python3.10/site-packages/temporalio/worker/workflow_sandbox/_runner.py", line 165, in activate
    self._run_code(
  File "/home/jaskirat/Documents/comfyautomate/.venv/lib/python3.10/site-packages/temporalio/worker/workflow_sandbox/_runner.py", line 182, in _run_code
    exec(code, self.globals_and_locals, self.globals_and_locals)
  File "<string>", line 2, in <module>
  File "/home/jaskirat/Documents/comfyautomate/.venv/lib/python3.10/site-packages/temporalio/worker/workflow_sandbox/_in_sandbox.py", line 83, in activate
    return self.instance.activate(act)
  File "/home/jaskirat/Documents/comfyautomate/.venv/lib/python3.10/site-packages/temporalio/worker/_workflow_instance.py", line 489, in activate
    logger.warning(
  File "/usr/lib/python3.10/logging/__init__.py", line 1489, in warning
    self._log(WARNING, msg, args, **kwargs)
  File "/usr/lib/python3.10/logging/__init__.py", line 1624, in _log
    self.handle(record)
  File "/usr/lib/python3.10/logging/__init__.py", line 1634, in handle
    self.callHandlers(record)
  File "/usr/lib/python3.10/logging/__init__.py", line 1696, in callHandlers
    hdlr.handle(record)
  File "/usr/lib/python3.10/logging/__init__.py", line 968, in handle
    self.emit(record)
  File "/home/jaskirat/Documents/comfyautomate/.venv/lib/python3.10/site-packages/rich/logging.py", line 144, in emit
    traceback = Traceback.from_exception(
  File "/home/jaskirat/Documents/comfyautomate/.venv/lib/python3.10/site-packages/rich/traceback.py", line 384, in from_exception
    rich_traceback = cls.extract(
  File "/home/jaskirat/Documents/comfyautomate/.venv/lib/python3.10/site-packages/rich/traceback.py", line 446, in extract
    from rich import _IMPORT_CWD
  File "/home/jaskirat/Documents/comfyautomate/.venv/lib/python3.10/site-packages/temporalio/worker/workflow_sandbox/_importer.py", line 525, in __call__
    return self.current(*args, **kwargs)
  File "/home/jaskirat/Documents/comfyautomate/.venv/lib/python3.10/site-packages/temporalio/worker/workflow_sandbox/_importer.py", line 256, in _import
    mod = importlib.__import__(name, globals, locals, fromlist, level)
  File "<frozen importlib._bootstrap>", line 1129, in __import__
  File "<frozen importlib._bootstrap>", line 1050, in _gcd_import
  File "<frozen importlib._bootstrap>", line 1027, in _find_and_load
  File "<frozen importlib._bootstrap>", line 1006, in _find_and_load_unlocked
  File "<frozen importlib._bootstrap>", line 688, in _load_unlocked
  File "<frozen importlib._bootstrap_external>", line 883, in exec_module
  File "<frozen importlib._bootstrap>", line 241, in _call_with_frames_removed
  File "/home/jaskirat/Documents/comfyautomate/.venv/lib/python3.10/site-packages/rich/__init__.py", line 17, in <module>
    _IMPORT_CWD = os.path.abspath(os.getcwd())
  File "/home/jaskirat/Documents/comfyautomate/.venv/lib/python3.10/site-packages/temporalio/worker/workflow_sandbox/_restrictions.py", line 1021, in __getattribute__
    state.assert_child_not_restricted(__name)
  File "/home/jaskirat/Documents/comfyautomate/.venv/lib/python3.10/site-packages/temporalio/worker/workflow_sandbox/_restrictions.py", line 844, in assert_child_not_restricted
    logger.warning("%s on %s restricted", name, self.name)
  File "/usr/lib/python3.10/logging/__init__.py", line 1489, in warning
    self._log(WARNING, msg, args, **kwargs)
  File "/usr/lib/python3.10/logging/__init__.py", line 1624, in _log
    self.handle(record)
  File "/usr/lib/python3.10/logging/__init__.py", line 1634, in handle
    self.callHandlers(record)
  File "/usr/lib/python3.10/logging/__init__.py", line 1696, in callHandlers
    hdlr.handle(record)
  File "/usr/lib/python3.10/logging/__init__.py", line 968, in handle
    self.emit(record)
  File "/home/jaskirat/Documents/comfyautomate/.venv/lib/python3.10/site-packages/rich/logging.py", line 167, in emit
    message_renderable = self.render_message(record, message)
  File "/home/jaskirat/Documents/comfyautomate/.venv/lib/python3.10/site-packages/rich/logging.py", line 193, in render_message
    message_text = Text.from_markup(message) if use_markup else Text(message)
  File "/home/jaskirat/Documents/comfyautomate/.venv/lib/python3.10/site-packages/rich/text.py", line 285, in from_markup
    from .markup import render
  File "/home/jaskirat/Documents/comfyautomate/.venv/lib/python3.10/site-packages/temporalio/worker/workflow_sandbox/_importer.py", line 525, in __call__
    return self.current(*args, **kwargs)
  File "/home/jaskirat/Documents/comfyautomate/.venv/lib/python3.10/site-packages/temporalio/worker/workflow_sandbox/_importer.py", line 256, in _import
    mod = importlib.__import__(name, globals, locals, fromlist, level)
  File "<frozen importlib._bootstrap>", line 1133, in __import__
  File "<frozen importlib._bootstrap>", line 1050, in _gcd_import
  File "<frozen importlib._bootstrap>", line 1027, in _find_and_load
  File "<frozen importlib._bootstrap>", line 1006, in _find_and_load_unlocked
  File "<frozen importlib._bootstrap>", line 688, in _load_unlocked
  File "<frozen importlib._bootstrap_external>", line 883, in exec_module
  File "<frozen importlib._bootstrap>", line 241, in _call_with_frames_removed
  File "/home/jaskirat/Documents/comfyautomate/.venv/lib/python3.10/site-packages/rich/markup.py", line 7, in <module>
    from .emoji import EmojiVariant
  File "/home/jaskirat/Documents/comfyautomate/.venv/lib/python3.10/site-packages/temporalio/worker/workflow_sandbox/_importer.py", line 525, in __call__
    return self.current(*args, **kwargs)
  File "/home/jaskirat/Documents/comfyautomate/.venv/lib/python3.10/site-packages/temporalio/worker/workflow_sandbox/_importer.py", line 256, in _import
    mod = importlib.__import__(name, globals, locals, fromlist, level)
  File "<frozen importlib._bootstrap>", line 1133, in __import__
  File "<frozen importlib._bootstrap>", line 1050, in _gcd_import
  File "<frozen importlib._bootstrap>", line 1027, in _find_and_load
  File "<frozen importlib._bootstrap>", line 1006, in _find_and_load_unlocked
  File "<frozen importlib._bootstrap>", line 688, in _load_unlocked
  File "<frozen importlib._bootstrap_external>", line 883, in exec_module
  File "<frozen importlib._bootstrap>", line 241, in _call_with_frames_removed
  File "/home/jaskirat/Documents/comfyautomate/.venv/lib/python3.10/site-packages/rich/emoji.py", line 4, in <module>
    from .jupyter import JupyterMixin
  File "/home/jaskirat/Documents/comfyautomate/.venv/lib/python3.10/site-packages/temporalio/worker/workflow_sandbox/_importer.py", line 525, in __call__
    return self.current(*args, **kwargs)
  File "/home/jaskirat/Documents/comfyautomate/.venv/lib/python3.10/site-packages/temporalio/worker/workflow_sandbox/_importer.py", line 256, in _import
    mod = importlib.__import__(name, globals, locals, fromlist, level)
  File "<frozen importlib._bootstrap>", line 1133, in __import__
  File "<frozen importlib._bootstrap>", line 1050, in _gcd_import
  File "<frozen importlib._bootstrap>", line 1027, in _find_and_load
  File "<frozen importlib._bootstrap>", line 1006, in _find_and_load_unlocked
  File "<frozen importlib._bootstrap>", line 688, in _load_unlocked
  File "<frozen importlib._bootstrap_external>", line 883, in exec_module
  File "<frozen importlib._bootstrap>", line 241, in _call_with_frames_removed
  File "/home/jaskirat/Documents/comfyautomate/.venv/lib/python3.10/site-packages/rich/jupyter.py", line 6, in <module>
    from . import get_console
ImportError: cannot import name 'get_console' from partially initialized module 'rich' (most likely due to a circular import) (/home/jaskirat/Documents/comfyautomate/.venv/lib/python3.10/site-packages/rich/__init__.py)
2026-01-12 20:28:58,811 - temporalio.worker._workflow - ERROR - Failed handling activation on workflow with run ID 019bb2b7-517e-79c5-b2d8-2117b70da5d5
Traceback (most recent call last):
  File "/home/jaskirat/Documents/comfyautomate/.venv/lib/python3.10/site-packages/temporalio/worker/_workflow.py", line 317, in _handle_activation
    completion = await asyncio.wait_for(
  File "/usr/lib/python3.10/asyncio/tasks.py", line 445, in wait_for
    return fut.result()
  File "/usr/lib/python3.10/concurrent/futures/thread.py", line 58, in run
    result = self.fn(*self.args, **self.kwargs)
  File "/home/jaskirat/Documents/comfyautomate/.venv/lib/python3.10/site-packages/temporalio/worker/_workflow.py", line 710, in activate
    return self.instance.activate(act)
  File "/home/jaskirat/Documents/comfyautomate/.venv/lib/python3.10/site-packages/temporalio/worker/workflow_sandbox/_runner.py", line 165, in activate
    self._run_code(
  File "/home/jaskirat/Documents/comfyautomate/.venv/lib/python3.10/site-packages/temporalio/worker/workflow_sandbox/_runner.py", line 182, in _run_code
    exec(code, self.globals_and_locals, self.globals_and_locals)
  File "<string>", line 2, in <module>
  File "/home/jaskirat/Documents/comfyautomate/.venv/lib/python3.10/site-packages/temporalio/worker/workflow_sandbox/_in_sandbox.py", line 83, in activate
    return self.instance.activate(act)
  File "/home/jaskirat/Documents/comfyautomate/.venv/lib/python3.10/site-packages/temporalio/worker/_workflow_instance.py", line 489, in activate
    logger.warning(
  File "/usr/lib/python3.10/logging/__init__.py", line 1489, in warning
    self._log(WARNING, msg, args, **kwargs)
  File "/usr/lib/python3.10/logging/__init__.py", line 1624, in _log
    self.handle(record)
  File "/usr/lib/python3.10/logging/__init__.py", line 1634, in handle
    self.callHandlers(record)
  File "/usr/lib/python3.10/logging/__init__.py", line 1696, in callHandlers
    hdlr.handle(record)
  File "/usr/lib/python3.10/logging/__init__.py", line 968, in handle
    self.emit(record)
  File "/home/jaskirat/Documents/comfyautomate/.venv/lib/python3.10/site-packages/rich/logging.py", line 144, in emit
    traceback = Traceback.from_exception(
  File "/home/jaskirat/Documents/comfyautomate/.venv/lib/python3.10/site-packages/rich/traceback.py", line 384, in from_exception
    rich_traceback = cls.extract(
  File "/home/jaskirat/Documents/comfyautomate/.venv/lib/python3.10/site-packages/rich/traceback.py", line 446, in extract
    from rich import _IMPORT_CWD
  File "/home/jaskirat/Documents/comfyautomate/.venv/lib/python3.10/site-packages/temporalio/worker/workflow_sandbox/_importer.py", line 525, in __call__
    return self.current(*args, **kwargs)
  File "/home/jaskirat/Documents/comfyautomate/.venv/lib/python3.10/site-packages/temporalio/worker/workflow_sandbox/_importer.py", line 256, in _import
    mod = importlib.__import__(name, globals, locals, fromlist, level)
  File "<frozen importlib._bootstrap>", line 1129, in __import__
  File "<frozen importlib._bootstrap>", line 1050, in _gcd_import
  File "<frozen importlib._bootstrap>", line 1027, in _find_and_load
  File "<frozen importlib._bootstrap>", line 1006, in _find_and_load_unlocked
  File "<frozen importlib._bootstrap>", line 688, in _load_unlocked
  File "<frozen importlib._bootstrap_external>", line 883, in exec_module
  File "<frozen importlib._bootstrap>", line 241, in _call_with_frames_removed
  File "/home/jaskirat/Documents/comfyautomate/.venv/lib/python3.10/site-packages/rich/__init__.py", line 17, in <module>
    _IMPORT_CWD = os.path.abspath(os.getcwd())
  File "/home/jaskirat/Documents/comfyautomate/.venv/lib/python3.10/site-packages/temporalio/worker/workflow_sandbox/_restrictions.py", line 1021, in __getattribute__
    state.assert_child_not_restricted(__name)
  File "/home/jaskirat/Documents/comfyautomate/.venv/lib/python3.10/site-packages/temporalio/worker/workflow_sandbox/_restrictions.py", line 844, in assert_child_not_restricted
    logger.warning("%s on %s restricted", name, self.name)
  File "/usr/lib/python3.10/logging/__init__.py", line 1489, in warning
    self._log(WARNING, msg, args, **kwargs)
  File "/usr/lib/python3.10/logging/__init__.py", line 1624, in _log
    self.handle(record)
  File "/usr/lib/python3.10/logging/__init__.py", line 1634, in handle
    self.callHandlers(record)
  File "/usr/lib/python3.10/logging/__init__.py", line 1696, in callHandlers
    hdlr.handle(record)
  File "/usr/lib/python3.10/logging/__init__.py", line 968, in handle
    self.emit(record)
  File "/home/jaskirat/Documents/comfyautomate/.venv/lib/python3.10/site-packages/rich/logging.py", line 167, in emit
    message_renderable = self.render_message(record, message)
  File "/home/jaskirat/Documents/comfyautomate/.venv/lib/python3.10/site-packages/rich/logging.py", line 193, in render_message
    message_text = Text.from_markup(message) if use_markup else Text(message)
  File "/home/jaskirat/Documents/comfyautomate/.venv/lib/python3.10/site-packages/rich/text.py", line 285, in from_markup
    from .markup import render
  File "/home/jaskirat/Documents/comfyautomate/.venv/lib/python3.10/site-packages/temporalio/worker/workflow_sandbox/_importer.py", line 525, in __call__
    return self.current(*args, **kwargs)
  File "/home/jaskirat/Documents/comfyautomate/.venv/lib/python3.10/site-packages/temporalio/worker/workflow_sandbox/_importer.py", line 256, in _import
    mod = importlib.__import__(name, globals, locals, fromlist, level)
  File "<frozen importlib._bootstrap>", line 1133, in __import__
  File "<frozen importlib._bootstrap>", line 1050, in _gcd_import
  File "<frozen importlib._bootstrap>", line 1027, in _find_and_load
  File "<frozen importlib._bootstrap>", line 1006, in _find_and_load_unlocked
  File "<frozen importlib._bootstrap>", line 688, in _load_unlocked
  File "<frozen importlib._bootstrap_external>", line 883, in exec_module
  File "<frozen importlib._bootstrap>", line 241, in _call_with_frames_removed
  File "/home/jaskirat/Documents/comfyautomate/.venv/lib/python3.10/site-packages/rich/markup.py", line 7, in <module>
    from .emoji import EmojiVariant
  File "/home/jaskirat/Documents/comfyautomate/.venv/lib/python3.10/site-packages/temporalio/worker/workflow_sandbox/_importer.py", line 525, in __call__
    return self.current(*args, **kwargs)
  File "/home/jaskirat/Documents/comfyautomate/.venv/lib/python3.10/site-packages/temporalio/worker/workflow_sandbox/_importer.py", line 256, in _import
    mod = importlib.__import__(name, globals, locals, fromlist, level)
  File "<frozen importlib._bootstrap>", line 1133, in __import__
  File "<frozen importlib._bootstrap>", line 1050, in _gcd_import
  File "<frozen importlib._bootstrap>", line 1027, in _find_and_load
  File "<frozen importlib._bootstrap>", line 1006, in _find_and_load_unlocked
  File "<frozen importlib._bootstrap>", line 688, in _load_unlocked
  File "<frozen importlib._bootstrap_external>", line 883, in exec_module
  File "<frozen importlib._bootstrap>", line 241, in _call_with_frames_removed
  File "/home/jaskirat/Documents/comfyautomate/.venv/lib/python3.10/site-packages/rich/emoji.py", line 4, in <module>
    from .jupyter import JupyterMixin
  File "/home/jaskirat/Documents/comfyautomate/.venv/lib/python3.10/site-packages/temporalio/worker/workflow_sandbox/_importer.py", line 525, in __call__
    return self.current(*args, **kwargs)
  File "/home/jaskirat/Documents/comfyautomate/.venv/lib/python3.10/site-packages/temporalio/worker/workflow_sandbox/_importer.py", line 256, in _import
    mod = importlib.__import__(name, globals, locals, fromlist, level)
  File "<frozen importlib._bootstrap>", line 1133, in __import__
  File "<frozen importlib._bootstrap>", line 1050, in _gcd_import
  File "<frozen importlib._bootstrap>", line 1027, in _find_and_load
  File "<frozen importlib._bootstrap>", line 1006, in _find_and_load_unlocked
  File "<frozen importlib._bootstrap>", line 688, in _load_unlocked
  File "<frozen importlib._bootstrap_external>", line 883, in exec_module
  File "<frozen importlib._bootstrap>", line 241, in _call_with_frames_removed
  File "/home/jaskirat/Documents/comfyautomate/.venv/lib/python3.10/site-packages/rich/jupyter.py", line 6, in <module>
    from . import get_console
ImportError: cannot import name 'get_console' from partially initialized module 'rich' (most likely due to a circular import) (/home/jaskirat/Documents/comfyautomate/.venv/lib/python3.10/site-packages/rich/__init__.py)
2026-01-12 20:29:13,111 - temporalio.worker._workflow - ERROR - Failed handling activation on workflow with run ID 019bb2b7-517e-79c5-b2d8-2117b70da5d5
Traceback (most recent call last):
  File "/home/jaskirat/Documents/comfyautomate/.venv/lib/python3.10/site-packages/temporalio/worker/_workflow.py", line 317, in _handle_activation
    completion = await asyncio.wait_for(
  File "/usr/lib/python3.10/asyncio/tasks.py", line 445, in wait_for
    return fut.result()
  File "/usr/lib/python3.10/concurrent/futures/thread.py", line 58, in run
    result = self.fn(*self.args, **self.kwargs)
  File "/home/jaskirat/Documents/comfyautomate/.venv/lib/python3.10/site-packages/temporalio/worker/_workflow.py", line 710, in activate
    return self.instance.activate(act)
  File "/home/jaskirat/Documents/comfyautomate/.venv/lib/python3.10/site-packages/temporalio/worker/workflow_sandbox/_runner.py", line 165, in activate
    self._run_code(
  File "/home/jaskirat/Documents/comfyautomate/.venv/lib/python3.10/site-packages/temporalio/worker/workflow_sandbox/_runner.py", line 182, in _run_code
    exec(code, self.globals_and_locals, self.globals_and_locals)
  File "<string>", line 2, in <module>
  File "/home/jaskirat/Documents/comfyautomate/.venv/lib/python3.10/site-packages/temporalio/worker/workflow_sandbox/_in_sandbox.py", line 83, in activate
    return self.instance.activate(act)
  File "/home/jaskirat/Documents/comfyautomate/.venv/lib/python3.10/site-packages/temporalio/worker/_workflow_instance.py", line 489, in activate
    logger.warning(
  File "/usr/lib/python3.10/logging/__init__.py", line 1489, in warning
    self._log(WARNING, msg, args, **kwargs)
  File "/usr/lib/python3.10/logging/__init__.py", line 1624, in _log
    self.handle(record)
  File "/usr/lib/python3.10/logging/__init__.py", line 1634, in handle
    self.callHandlers(record)
  File "/usr/lib/python3.10/logging/__init__.py", line 1696, in callHandlers
    hdlr.handle(record)
  File "/usr/lib/python3.10/logging/__init__.py", line 968, in handle
    self.emit(record)
  File "/home/jaskirat/Documents/comfyautomate/.venv/lib/python3.10/site-packages/rich/logging.py", line 144, in emit
    traceback = Traceback.from_exception(
  File "/home/jaskirat/Documents/comfyautomate/.venv/lib/python3.10/site-packages/rich/traceback.py", line 384, in from_exception
    rich_traceback = cls.extract(
  File "/home/jaskirat/Documents/comfyautomate/.venv/lib/python3.10/site-packages/rich/traceback.py", line 446, in extract
    from rich import _IMPORT_CWD
  File "/home/jaskirat/Documents/comfyautomate/.venv/lib/python3.10/site-packages/temporalio/worker/workflow_sandbox/_importer.py", line 525, in __call__
    return self.current(*args, **kwargs)
  File "/home/jaskirat/Documents/comfyautomate/.venv/lib/python3.10/site-packages/temporalio/worker/workflow_sandbox/_importer.py", line 256, in _import
    mod = importlib.__import__(name, globals, locals, fromlist, level)
  File "<frozen importlib._bootstrap>", line 1129, in __import__
  File "<frozen importlib._bootstrap>", line 1050, in _gcd_import
  File "<frozen importlib._bootstrap>", line 1027, in _find_and_load
  File "<frozen importlib._bootstrap>", line 1006, in _find_and_load_unlocked
  File "<frozen importlib._bootstrap>", line 688, in _load_unlocked
  File "<frozen importlib._bootstrap_external>", line 883, in exec_module
  File "<frozen importlib._bootstrap>", line 241, in _call_with_frames_removed
  File "/home/jaskirat/Documents/comfyautomate/.venv/lib/python3.10/site-packages/rich/__init__.py", line 17, in <module>
    _IMPORT_CWD = os.path.abspath(os.getcwd())
  File "/home/jaskirat/Documents/comfyautomate/.venv/lib/python3.10/site-packages/temporalio/worker/workflow_sandbox/_restrictions.py", line 1021, in __getattribute__
    state.assert_child_not_restricted(__name)
  File "/home/jaskirat/Documents/comfyautomate/.venv/lib/python3.10/site-packages/temporalio/worker/workflow_sandbox/_restrictions.py", line 844, in assert_child_not_restricted
    logger.warning("%s on %s restricted", name, self.name)
  File "/usr/lib/python3.10/logging/__init__.py", line 1489, in warning
    self._log(WARNING, msg, args, **kwargs)
  File "/usr/lib/python3.10/logging/__init__.py", line 1624, in _log
    self.handle(record)
  File "/usr/lib/python3.10/logging/__init__.py", line 1634, in handle
    self.callHandlers(record)
  File "/usr/lib/python3.10/logging/__init__.py", line 1696, in callHandlers
    hdlr.handle(record)
  File "/usr/lib/python3.10/logging/__init__.py", line 968, in handle
    self.emit(record)
  File "/home/jaskirat/Documents/comfyautomate/.venv/lib/python3.10/site-packages/rich/logging.py", line 167, in emit
    message_renderable = self.render_message(record, message)
  File "/home/jaskirat/Documents/comfyautomate/.venv/lib/python3.10/site-packages/rich/logging.py", line 193, in render_message
    message_text = Text.from_markup(message) if use_markup else Text(message)
  File "/home/jaskirat/Documents/comfyautomate/.venv/lib/python3.10/site-packages/rich/text.py", line 285, in from_markup
    from .markup import render
  File "/home/jaskirat/Documents/comfyautomate/.venv/lib/python3.10/site-packages/temporalio/worker/workflow_sandbox/_importer.py", line 525, in __call__
    return self.current(*args, **kwargs)
  File "/home/jaskirat/Documents/comfyautomate/.venv/lib/python3.10/site-packages/temporalio/worker/workflow_sandbox/_importer.py", line 256, in _import
    mod = importlib.__import__(name, globals, locals, fromlist, level)
  File "<frozen importlib._bootstrap>", line 1133, in __import__
  File "<frozen importlib._bootstrap>", line 1050, in _gcd_import
  File "<frozen importlib._bootstrap>", line 1027, in _find_and_load
  File "<frozen importlib._bootstrap>", line 1006, in _find_and_load_unlocked
  File "<frozen importlib._bootstrap>", line 688, in _load_unlocked
  File "<frozen importlib._bootstrap_external>", line 883, in exec_module
  File "<frozen importlib._bootstrap>", line 241, in _call_with_frames_removed
  File "/home/jaskirat/Documents/comfyautomate/.venv/lib/python3.10/site-packages/rich/markup.py", line 7, in <module>
    from .emoji import EmojiVariant
  File "/home/jaskirat/Documents/comfyautomate/.venv/lib/python3.10/site-packages/temporalio/worker/workflow_sandbox/_importer.py", line 525, in __call__
    return self.current(*args, **kwargs)
  File "/home/jaskirat/Documents/comfyautomate/.venv/lib/python3.10/site-packages/temporalio/worker/workflow_sandbox/_importer.py", line 256, in _import
    mod = importlib.__import__(name, globals, locals, fromlist, level)
  File "<frozen importlib._bootstrap>", line 1133, in __import__
  File "<frozen importlib._bootstrap>", line 1050, in _gcd_import
  File "<frozen importlib._bootstrap>", line 1027, in _find_and_load
  File "<frozen importlib._bootstrap>", line 1006, in _find_and_load_unlocked
  File "<frozen importlib._bootstrap>", line 688, in _load_unlocked
  File "<frozen importlib._bootstrap_external>", line 883, in exec_module
  File "<frozen importlib._bootstrap>", line 241, in _call_with_frames_removed
  File "/home/jaskirat/Documents/comfyautomate/.venv/lib/python3.10/site-packages/rich/emoji.py", line 4, in <module>
    from .jupyter import JupyterMixin
  File "/home/jaskirat/Documents/comfyautomate/.venv/lib/python3.10/site-packages/temporalio/worker/workflow_sandbox/_importer.py", line 525, in __call__
    return self.current(*args, **kwargs)
  File "/home/jaskirat/Documents/comfyautomate/.venv/lib/python3.10/site-packages/temporalio/worker/workflow_sandbox/_importer.py", line 256, in _import
    mod = importlib.__import__(name, globals, locals, fromlist, level)
  File "<frozen importlib._bootstrap>", line 1133, in __import__
  File "<frozen importlib._bootstrap>", line 1050, in _gcd_import
  File "<frozen importlib._bootstrap>", line 1027, in _find_and_load
  File "<frozen importlib._bootstrap>", line 1006, in _find_and_load_unlocked
  File "<frozen importlib._bootstrap>", line 688, in _load_unlocked
  File "<frozen importlib._bootstrap_external>", line 883, in exec_module
  File "<frozen importlib._bootstrap>", line 241, in _call_with_frames_removed
  File "/home/jaskirat/Documents/comfyautomate/.venv/lib/python3.10/site-packages/rich/jupyter.py", line 6, in <module>
    from . import get_console
ImportError: cannot import name 'get_console' from partially initialized module 'rich' (most likely due to a circular import) (/home/jaskirat/Documents/comfyautomate/.venv/lib/python3.10/site-packages/rich/__init__.py)
2026-01-12 20:29:31,289 - temporalio.worker._workflow - ERROR - Failed handling activation on workflow with run ID 019bb2b7-517e-79c5-b2d8-2117b70da5d5
Traceback (most recent call last):
  File "/home/jaskirat/Documents/comfyautomate/.venv/lib/python3.10/site-packages/temporalio/worker/_workflow.py", line 317, in _handle_activation
    completion = await asyncio.wait_for(
  File "/usr/lib/python3.10/asyncio/tasks.py", line 445, in wait_for
    return fut.result()
  File "/usr/lib/python3.10/concurrent/futures/thread.py", line 58, in run
    result = self.fn(*self.args, **self.kwargs)
  File "/home/jaskirat/Documents/comfyautomate/.venv/lib/python3.10/site-packages/temporalio/worker/_workflow.py", line 710, in activate
    return self.instance.activate(act)
  File "/home/jaskirat/Documents/comfyautomate/.venv/lib/python3.10/site-packages/temporalio/worker/workflow_sandbox/_runner.py", line 165, in activate
    self._run_code(
  File "/home/jaskirat/Documents/comfyautomate/.venv/lib/python3.10/site-packages/temporalio/worker/workflow_sandbox/_runner.py", line 182, in _run_code
    exec(code, self.globals_and_locals, self.globals_and_locals)
  File "<string>", line 2, in <module>
  File "/home/jaskirat/Documents/comfyautomate/.venv/lib/python3.10/site-packages/temporalio/worker/workflow_sandbox/_in_sandbox.py", line 83, in activate
    return self.instance.activate(act)
  File "/home/jaskirat/Documents/comfyautomate/.venv/lib/python3.10/site-packages/temporalio/worker/_workflow_instance.py", line 489, in activate
    logger.warning(
  File "/usr/lib/python3.10/logging/__init__.py", line 1489, in warning
    self._log(WARNING, msg, args, **kwargs)
  File "/usr/lib/python3.10/logging/__init__.py", line 1624, in _log
    self.handle(record)
  File "/usr/lib/python3.10/logging/__init__.py", line 1634, in handle
    self.callHandlers(record)
  File "/usr/lib/python3.10/logging/__init__.py", line 1696, in callHandlers
    hdlr.handle(record)
  File "/usr/lib/python3.10/logging/__init__.py", line 968, in handle
    self.emit(record)
  File "/home/jaskirat/Documents/comfyautomate/.venv/lib/python3.10/site-packages/rich/logging.py", line 144, in emit
    traceback = Traceback.from_exception(
  File "/home/jaskirat/Documents/comfyautomate/.venv/lib/python3.10/site-packages/rich/traceback.py", line 384, in from_exception
    rich_traceback = cls.extract(
  File "/home/jaskirat/Documents/comfyautomate/.venv/lib/python3.10/site-packages/rich/traceback.py", line 446, in extract
    from rich import _IMPORT_CWD
  File "/home/jaskirat/Documents/comfyautomate/.venv/lib/python3.10/site-packages/temporalio/worker/workflow_sandbox/_importer.py", line 525, in __call__
    return self.current(*args, **kwargs)
  File "/home/jaskirat/Documents/comfyautomate/.venv/lib/python3.10/site-packages/temporalio/worker/workflow_sandbox/_importer.py", line 256, in _import
    mod = importlib.__import__(name, globals, locals, fromlist, level)
  File "<frozen importlib._bootstrap>", line 1129, in __import__
  File "<frozen importlib._bootstrap>", line 1050, in _gcd_import
  File "<frozen importlib._bootstrap>", line 1027, in _find_and_load
  File "<frozen importlib._bootstrap>", line 1006, in _find_and_load_unlocked
  File "<frozen importlib._bootstrap>", line 688, in _load_unlocked
  File "<frozen importlib._bootstrap_external>", line 883, in exec_module
  File "<frozen importlib._bootstrap>", line 241, in _call_with_frames_removed
  File "/home/jaskirat/Documents/comfyautomate/.venv/lib/python3.10/site-packages/rich/__init__.py", line 17, in <module>
    _IMPORT_CWD = os.path.abspath(os.getcwd())
  File "/home/jaskirat/Documents/comfyautomate/.venv/lib/python3.10/site-packages/temporalio/worker/workflow_sandbox/_restrictions.py", line 1021, in __getattribute__
    state.assert_child_not_restricted(__name)
  File "/home/jaskirat/Documents/comfyautomate/.venv/lib/python3.10/site-packages/temporalio/worker/workflow_sandbox/_restrictions.py", line 844, in assert_child_not_restricted
    logger.warning("%s on %s restricted", name, self.name)
  File "/usr/lib/python3.10/logging/__init__.py", line 1489, in warning
    self._log(WARNING, msg, args, **kwargs)
  File "/usr/lib/python3.10/logging/__init__.py", line 1624, in _log
    self.handle(record)
  File "/usr/lib/python3.10/logging/__init__.py", line 1634, in handle
    self.callHandlers(record)
  File "/usr/lib/python3.10/logging/__init__.py", line 1696, in callHandlers
    hdlr.handle(record)
  File "/usr/lib/python3.10/logging/__init__.py", line 968, in handle
    self.emit(record)
  File "/home/jaskirat/Documents/comfyautomate/.venv/lib/python3.10/site-packages/rich/logging.py", line 167, in emit
    message_renderable = self.render_message(record, message)
  File "/home/jaskirat/Documents/comfyautomate/.venv/lib/python3.10/site-packages/rich/logging.py", line 193, in render_message
    message_text = Text.from_markup(message) if use_markup else Text(message)
  File "/home/jaskirat/Documents/comfyautomate/.venv/lib/python3.10/site-packages/rich/text.py", line 285, in from_markup
    from .markup import render
  File "/home/jaskirat/Documents/comfyautomate/.venv/lib/python3.10/site-packages/temporalio/worker/workflow_sandbox/_importer.py", line 525, in __call__
    return self.current(*args, **kwargs)
  File "/home/jaskirat/Documents/comfyautomate/.venv/lib/python3.10/site-packages/temporalio/worker/workflow_sandbox/_importer.py", line 256, in _import
    mod = importlib.__import__(name, globals, locals, fromlist, level)
  File "<frozen importlib._bootstrap>", line 1133, in __import__
  File "<frozen importlib._bootstrap>", line 1050, in _gcd_import
  File "<frozen importlib._bootstrap>", line 1027, in _find_and_load
  File "<frozen importlib._bootstrap>", line 1006, in _find_and_load_unlocked
  File "<frozen importlib._bootstrap>", line 688, in _load_unlocked
  File "<frozen importlib._bootstrap_external>", line 883, in exec_module
  File "<frozen importlib._bootstrap>", line 241, in _call_with_frames_removed
  File "/home/jaskirat/Documents/comfyautomate/.venv/lib/python3.10/site-packages/rich/markup.py", line 7, in <module>
    from .emoji import EmojiVariant
  File "/home/jaskirat/Documents/comfyautomate/.venv/lib/python3.10/site-packages/temporalio/worker/workflow_sandbox/_importer.py", line 525, in __call__
    return self.current(*args, **kwargs)
  File "/home/jaskirat/Documents/comfyautomate/.venv/lib/python3.10/site-packages/temporalio/worker/workflow_sandbox/_importer.py", line 256, in _import
    mod = importlib.__import__(name, globals, locals, fromlist, level)
  File "<frozen importlib._bootstrap>", line 1133, in __import__
  File "<frozen importlib._bootstrap>", line 1050, in _gcd_import
  File "<frozen importlib._bootstrap>", line 1027, in _find_and_load
  File "<frozen importlib._bootstrap>", line 1006, in _find_and_load_unlocked
  File "<frozen importlib._bootstrap>", line 688, in _load_unlocked
  File "<frozen importlib._bootstrap_external>", line 883, in exec_module
  File "<frozen importlib._bootstrap>", line 241, in _call_with_frames_removed
  File "/home/jaskirat/Documents/comfyautomate/.venv/lib/python3.10/site-packages/rich/emoji.py", line 4, in <module>
    from .jupyter import JupyterMixin
  File "/home/jaskirat/Documents/comfyautomate/.venv/lib/python3.10/site-packages/temporalio/worker/workflow_sandbox/_importer.py", line 525, in __call__
    return self.current(*args, **kwargs)
  File "/home/jaskirat/Documents/comfyautomate/.venv/lib/python3.10/site-packages/temporalio/worker/workflow_sandbox/_importer.py", line 256, in _import
    mod = importlib.__import__(name, globals, locals, fromlist, level)
  File "<frozen importlib._bootstrap>", line 1133, in __import__
  File "<frozen importlib._bootstrap>", line 1050, in _gcd_import
  File "<frozen importlib._bootstrap>", line 1027, in _find_and_load
  File "<frozen importlib._bootstrap>", line 1006, in _find_and_load_unlocked
  File "<frozen importlib._bootstrap>", line 688, in _load_unlocked
  File "<frozen importlib._bootstrap_external>", line 883, in exec_module
  File "<frozen importlib._bootstrap>", line 241, in _call_with_frames_removed
  File "/home/jaskirat/Documents/comfyautomate/.venv/lib/python3.10/site-packages/rich/jupyter.py", line 6, in <module>
    from . import get_console
ImportError: cannot import name 'get_console' from partially initialized module 'rich' (most likely due to a circular import) (/home/jaskirat/Documents/comfyautomate/.venv/lib/python3.10/site-packages/rich/__init__.py)
2026-01-12 20:29:58,035 - temporalio.worker._workflow - ERROR - Failed handling activation on workflow with run ID 019bb2b7-517e-79c5-b2d8-2117b70da5d5
Traceback (most recent call last):
  File "/home/jaskirat/Documents/comfyautomate/.venv/lib/python3.10/site-packages/temporalio/worker/_workflow.py", line 317, in _handle_activation
    completion = await asyncio.wait_for(
  File "/usr/lib/python3.10/asyncio/tasks.py", line 445, in wait_for
    return fut.result()
  File "/usr/lib/python3.10/concurrent/futures/thread.py", line 58, in run
    result = self.fn(*self.args, **self.kwargs)
  File "/home/jaskirat/Documents/comfyautomate/.venv/lib/python3.10/site-packages/temporalio/worker/_workflow.py", line 710, in activate
    return self.instance.activate(act)
  File "/home/jaskirat/Documents/comfyautomate/.venv/lib/python3.10/site-packages/temporalio/worker/workflow_sandbox/_runner.py", line 165, in activate
    self._run_code(
  File "/home/jaskirat/Documents/comfyautomate/.venv/lib/python3.10/site-packages/temporalio/worker/workflow_sandbox/_runner.py", line 182, in _run_code
    exec(code, self.globals_and_locals, self.globals_and_locals)
  File "<string>", line 2, in <module>
  File "/home/jaskirat/Documents/comfyautomate/.venv/lib/python3.10/site-packages/temporalio/worker/workflow_sandbox/_in_sandbox.py", line 83, in activate
    return self.instance.activate(act)
  File "/home/jaskirat/Documents/comfyautomate/.venv/lib/python3.10/site-packages/temporalio/worker/_workflow_instance.py", line 489, in activate
    logger.warning(
  File "/usr/lib/python3.10/logging/__init__.py", line 1489, in warning
    self._log(WARNING, msg, args, **kwargs)
  File "/usr/lib/python3.10/logging/__init__.py", line 1624, in _log
    self.handle(record)
  File "/usr/lib/python3.10/logging/__init__.py", line 1634, in handle
    self.callHandlers(record)
  File "/usr/lib/python3.10/logging/__init__.py", line 1696, in callHandlers
    hdlr.handle(record)
  File "/usr/lib/python3.10/logging/__init__.py", line 968, in handle
    self.emit(record)
  File "/home/jaskirat/Documents/comfyautomate/.venv/lib/python3.10/site-packages/rich/logging.py", line 144, in emit
    traceback = Traceback.from_exception(
  File "/home/jaskirat/Documents/comfyautomate/.venv/lib/python3.10/site-packages/rich/traceback.py", line 384, in from_exception
    rich_traceback = cls.extract(
  File "/home/jaskirat/Documents/comfyautomate/.venv/lib/python3.10/site-packages/rich/traceback.py", line 446, in extract
    from rich import _IMPORT_CWD
  File "/home/jaskirat/Documents/comfyautomate/.venv/lib/python3.10/site-packages/temporalio/worker/workflow_sandbox/_importer.py", line 525, in __call__
    return self.current(*args, **kwargs)
  File "/home/jaskirat/Documents/comfyautomate/.venv/lib/python3.10/site-packages/temporalio/worker/workflow_sandbox/_importer.py", line 256, in _import
    mod = importlib.__import__(name, globals, locals, fromlist, level)
  File "<frozen importlib._bootstrap>", line 1129, in __import__
  File "<frozen importlib._bootstrap>", line 1050, in _gcd_import
  File "<frozen importlib._bootstrap>", line 1027, in _find_and_load
  File "<frozen importlib._bootstrap>", line 1006, in _find_and_load_unlocked
  File "<frozen importlib._bootstrap>", line 688, in _load_unlocked
  File "<frozen importlib._bootstrap_external>", line 883, in exec_module
  File "<frozen importlib._bootstrap>", line 241, in _call_with_frames_removed
  File "/home/jaskirat/Documents/comfyautomate/.venv/lib/python3.10/site-packages/rich/__init__.py", line 17, in <module>
    _IMPORT_CWD = os.path.abspath(os.getcwd())
  File "/home/jaskirat/Documents/comfyautomate/.venv/lib/python3.10/site-packages/temporalio/worker/workflow_sandbox/_restrictions.py", line 1021, in __getattribute__
    state.assert_child_not_restricted(__name)
  File "/home/jaskirat/Documents/comfyautomate/.venv/lib/python3.10/site-packages/temporalio/worker/workflow_sandbox/_restrictions.py", line 844, in assert_child_not_restricted
    logger.warning("%s on %s restricted", name, self.name)
  File "/usr/lib/python3.10/logging/__init__.py", line 1489, in warning
    self._log(WARNING, msg, args, **kwargs)
  File "/usr/lib/python3.10/logging/__init__.py", line 1624, in _log
    self.handle(record)
  File "/usr/lib/python3.10/logging/__init__.py", line 1634, in handle
    self.callHandlers(record)
  File "/usr/lib/python3.10/logging/__init__.py", line 1696, in callHandlers
    hdlr.handle(record)
  File "/usr/lib/python3.10/logging/__init__.py", line 968, in handle
    self.emit(record)
  File "/home/jaskirat/Documents/comfyautomate/.venv/lib/python3.10/site-packages/rich/logging.py", line 167, in emit
    message_renderable = self.render_message(record, message)
  File "/home/jaskirat/Documents/comfyautomate/.venv/lib/python3.10/site-packages/rich/logging.py", line 193, in render_message
    message_text = Text.from_markup(message) if use_markup else Text(message)
  File "/home/jaskirat/Documents/comfyautomate/.venv/lib/python3.10/site-packages/rich/text.py", line 285, in from_markup
    from .markup import render
  File "/home/jaskirat/Documents/comfyautomate/.venv/lib/python3.10/site-packages/temporalio/worker/workflow_sandbox/_importer.py", line 525, in __call__
    return self.current(*args, **kwargs)
  File "/home/jaskirat/Documents/comfyautomate/.venv/lib/python3.10/site-packages/temporalio/worker/workflow_sandbox/_importer.py", line 256, in _import
    mod = importlib.__import__(name, globals, locals, fromlist, level)
  File "<frozen importlib._bootstrap>", line 1133, in __import__
  File "<frozen importlib._bootstrap>", line 1050, in _gcd_import
  File "<frozen importlib._bootstrap>", line 1027, in _find_and_load
  File "<frozen importlib._bootstrap>", line 1006, in _find_and_load_unlocked
  File "<frozen importlib._bootstrap>", line 688, in _load_unlocked
  File "<frozen importlib._bootstrap_external>", line 883, in exec_module
  File "<frozen importlib._bootstrap>", line 241, in _call_with_frames_removed
  File "/home/jaskirat/Documents/comfyautomate/.venv/lib/python3.10/site-packages/rich/markup.py", line 7, in <module>
    from .emoji import EmojiVariant
  File "/home/jaskirat/Documents/comfyautomate/.venv/lib/python3.10/site-packages/temporalio/worker/workflow_sandbox/_importer.py", line 525, in __call__
    return self.current(*args, **kwargs)
  File "/home/jaskirat/Documents/comfyautomate/.venv/lib/python3.10/site-packages/temporalio/worker/workflow_sandbox/_importer.py", line 256, in _import
    mod = importlib.__import__(name, globals, locals, fromlist, level)
  File "<frozen importlib._bootstrap>", line 1133, in __import__
  File "<frozen importlib._bootstrap>", line 1050, in _gcd_import
  File "<frozen importlib._bootstrap>", line 1027, in _find_and_load
  File "<frozen importlib._bootstrap>", line 1006, in _find_and_load_unlocked
  File "<frozen importlib._bootstrap>", line 688, in _load_unlocked
  File "<frozen importlib._bootstrap_external>", line 883, in exec_module
  File "<frozen importlib._bootstrap>", line 241, in _call_with_frames_removed
  File "/home/jaskirat/Documents/comfyautomate/.venv/lib/python3.10/site-packages/rich/emoji.py", line 4, in <module>
    from .jupyter import JupyterMixin
  File "/home/jaskirat/Documents/comfyautomate/.venv/lib/python3.10/site-packages/temporalio/worker/workflow_sandbox/_importer.py", line 525, in __call__
    return self.current(*args, **kwargs)
  File "/home/jaskirat/Documents/comfyautomate/.venv/lib/python3.10/site-packages/temporalio/worker/workflow_sandbox/_importer.py", line 256, in _import
    mod = importlib.__import__(name, globals, locals, fromlist, level)
  File "<frozen importlib._bootstrap>", line 1133, in __import__
  File "<frozen importlib._bootstrap>", line 1050, in _gcd_import
  File "<frozen importlib._bootstrap>", line 1027, in _find_and_load
  File "<frozen importlib._bootstrap>", line 1006, in _find_and_load_unlocked
  File "<frozen importlib._bootstrap>", line 688, in _load_unlocked
  File "<frozen importlib._bootstrap_external>", line 883, in exec_module
  File "<frozen importlib._bootstrap>", line 241, in _call_with_frames_removed
  File "/home/jaskirat/Documents/comfyautomate/.venv/lib/python3.10/site-packages/rich/jupyter.py", line 6, in <module>
    from . import get_console
ImportError: cannot import name 'get_console' from partially initialized module 'rich' (most likely due to a circular import) (/home/jaskirat/Documents/comfyautomate/.venv/lib/python3.10/site-packages/rich/__init__.py)
2026-01-12 20:30:45,281 - temporalio.worker._workflow - ERROR - Failed handling activation on workflow with run ID 019bb2b7-517e-79c5-b2d8-2117b70da5d5
Traceback (most recent call last):
  File "/home/jaskirat/Documents/comfyautomate/.venv/lib/python3.10/site-packages/temporalio/worker/_workflow.py", line 317, in _handle_activation
    completion = await asyncio.wait_for(
  File "/usr/lib/python3.10/asyncio/tasks.py", line 445, in wait_for
    return fut.result()
  File "/usr/lib/python3.10/concurrent/futures/thread.py", line 58, in run
    result = self.fn(*self.args, **self.kwargs)
  File "/home/jaskirat/Documents/comfyautomate/.venv/lib/python3.10/site-packages/temporalio/worker/_workflow.py", line 710, in activate
    return self.instance.activate(act)
  File "/home/jaskirat/Documents/comfyautomate/.venv/lib/python3.10/site-packages/temporalio/worker/workflow_sandbox/_runner.py", line 165, in activate
    self._run_code(
  File "/home/jaskirat/Documents/comfyautomate/.venv/lib/python3.10/site-packages/temporalio/worker/workflow_sandbox/_runner.py", line 182, in _run_code
    exec(code, self.globals_and_locals, self.globals_and_locals)
  File "<string>", line 2, in <module>
  File "/home/jaskirat/Documents/comfyautomate/.venv/lib/python3.10/site-packages/temporalio/worker/workflow_sandbox/_in_sandbox.py", line 83, in activate
    return self.instance.activate(act)
  File "/home/jaskirat/Documents/comfyautomate/.venv/lib/python3.10/site-packages/temporalio/worker/_workflow_instance.py", line 489, in activate
    logger.warning(
  File "/usr/lib/python3.10/logging/__init__.py", line 1489, in warning
    self._log(WARNING, msg, args, **kwargs)
  File "/usr/lib/python3.10/logging/__init__.py", line 1624, in _log
    self.handle(record)
  File "/usr/lib/python3.10/logging/__init__.py", line 1634, in handle
    self.callHandlers(record)
  File "/usr/lib/python3.10/logging/__init__.py", line 1696, in callHandlers
    hdlr.handle(record)
  File "/usr/lib/python3.10/logging/__init__.py", line 968, in handle
    self.emit(record)
  File "/home/jaskirat/Documents/comfyautomate/.venv/lib/python3.10/site-packages/rich/logging.py", line 144, in emit
    traceback = Traceback.from_exception(
  File "/home/jaskirat/Documents/comfyautomate/.venv/lib/python3.10/site-packages/rich/traceback.py", line 384, in from_exception
    rich_traceback = cls.extract(
  File "/home/jaskirat/Documents/comfyautomate/.venv/lib/python3.10/site-packages/rich/traceback.py", line 446, in extract
    from rich import _IMPORT_CWD
  File "/home/jaskirat/Documents/comfyautomate/.venv/lib/python3.10/site-packages/temporalio/worker/workflow_sandbox/_importer.py", line 525, in __call__
    return self.current(*args, **kwargs)
  File "/home/jaskirat/Documents/comfyautomate/.venv/lib/python3.10/site-packages/temporalio/worker/workflow_sandbox/_importer.py", line 256, in _import
    mod = importlib.__import__(name, globals, locals, fromlist, level)
  File "<frozen importlib._bootstrap>", line 1129, in __import__
  File "<frozen importlib._bootstrap>", line 1050, in _gcd_import
  File "<frozen importlib._bootstrap>", line 1027, in _find_and_load
  File "<frozen importlib._bootstrap>", line 1006, in _find_and_load_unlocked
  File "<frozen importlib._bootstrap>", line 688, in _load_unlocked
  File "<frozen importlib._bootstrap_external>", line 883, in exec_module
  File "<frozen importlib._bootstrap>", line 241, in _call_with_frames_removed
  File "/home/jaskirat/Documents/comfyautomate/.venv/lib/python3.10/site-packages/rich/__init__.py", line 17, in <module>
    _IMPORT_CWD = os.path.abspath(os.getcwd())
  File "/home/jaskirat/Documents/comfyautomate/.venv/lib/python3.10/site-packages/temporalio/worker/workflow_sandbox/_restrictions.py", line 1021, in __getattribute__
    state.assert_child_not_restricted(__name)
  File "/home/jaskirat/Documents/comfyautomate/.venv/lib/python3.10/site-packages/temporalio/worker/workflow_sandbox/_restrictions.py", line 844, in assert_child_not_restricted
    logger.warning("%s on %s restricted", name, self.name)
  File "/usr/lib/python3.10/logging/__init__.py", line 1489, in warning
    self._log(WARNING, msg, args, **kwargs)
  File "/usr/lib/python3.10/logging/__init__.py", line 1624, in _log
    self.handle(record)
  File "/usr/lib/python3.10/logging/__init__.py", line 1634, in handle
    self.callHandlers(record)
  File "/usr/lib/python3.10/logging/__init__.py", line 1696, in callHandlers
    hdlr.handle(record)
  File "/usr/lib/python3.10/logging/__init__.py", line 968, in handle
    self.emit(record)
  File "/home/jaskirat/Documents/comfyautomate/.venv/lib/python3.10/site-packages/rich/logging.py", line 167, in emit
    message_renderable = self.render_message(record, message)
  File "/home/jaskirat/Documents/comfyautomate/.venv/lib/python3.10/site-packages/rich/logging.py", line 193, in render_message
    message_text = Text.from_markup(message) if use_markup else Text(message)
  File "/home/jaskirat/Documents/comfyautomate/.venv/lib/python3.10/site-packages/rich/text.py", line 285, in from_markup
    from .markup import render
  File "/home/jaskirat/Documents/comfyautomate/.venv/lib/python3.10/site-packages/temporalio/worker/workflow_sandbox/_importer.py", line 525, in __call__
    return self.current(*args, **kwargs)
  File "/home/jaskirat/Documents/comfyautomate/.venv/lib/python3.10/site-packages/temporalio/worker/workflow_sandbox/_importer.py", line 256, in _import
    mod = importlib.__import__(name, globals, locals, fromlist, level)
  File "<frozen importlib._bootstrap>", line 1133, in __import__
  File "<frozen importlib._bootstrap>", line 1050, in _gcd_import
  File "<frozen importlib._bootstrap>", line 1027, in _find_and_load
  File "<frozen importlib._bootstrap>", line 1006, in _find_and_load_unlocked
  File "<frozen importlib._bootstrap>", line 688, in _load_unlocked
  File "<frozen importlib._bootstrap_external>", line 883, in exec_module
  File "<frozen importlib._bootstrap>", line 241, in _call_with_frames_removed
  File "/home/jaskirat/Documents/comfyautomate/.venv/lib/python3.10/site-packages/rich/markup.py", line 7, in <module>
    from .emoji import EmojiVariant
  File "/home/jaskirat/Documents/comfyautomate/.venv/lib/python3.10/site-packages/temporalio/worker/workflow_sandbox/_importer.py", line 525, in __call__
    return self.current(*args, **kwargs)
  File "/home/jaskirat/Documents/comfyautomate/.venv/lib/python3.10/site-packages/temporalio/worker/workflow_sandbox/_importer.py", line 256, in _import
    mod = importlib.__import__(name, globals, locals, fromlist, level)
  File "<frozen importlib._bootstrap>", line 1133, in __import__
  File "<frozen importlib._bootstrap>", line 1050, in _gcd_import
  File "<frozen importlib._bootstrap>", line 1027, in _find_and_load
  File "<frozen importlib._bootstrap>", line 1006, in _find_and_load_unlocked
  File "<frozen importlib._bootstrap>", line 688, in _load_unlocked
  File "<frozen importlib._bootstrap_external>", line 883, in exec_module
  File "<frozen importlib._bootstrap>", line 241, in _call_with_frames_removed
  File "/home/jaskirat/Documents/comfyautomate/.venv/lib/python3.10/site-packages/rich/emoji.py", line 4, in <module>
    from .jupyter import JupyterMixin
  File "/home/jaskirat/Documents/comfyautomate/.venv/lib/python3.10/site-packages/temporalio/worker/workflow_sandbox/_importer.py", line 525, in __call__
    return self.current(*args, **kwargs)
  File "/home/jaskirat/Documents/comfyautomate/.venv/lib/python3.10/site-packages/temporalio/worker/workflow_sandbox/_importer.py", line 256, in _import
    mod = importlib.__import__(name, globals, locals, fromlist, level)
  File "<frozen importlib._bootstrap>", line 1133, in __import__
  File "<frozen importlib._bootstrap>", line 1050, in _gcd_import
  File "<frozen importlib._bootstrap>", line 1027, in _find_and_load
  File "<frozen importlib._bootstrap>", line 1006, in _find_and_load_unlocked
  File "<frozen importlib._bootstrap>", line 688, in _load_unlocked
  File "<frozen importlib._bootstrap_external>", line 883, in exec_module
  File "<frozen importlib._bootstrap>", line 241, in _call_with_frames_removed
  File "/home/jaskirat/Documents/comfyautomate/.venv/lib/python3.10/site-packages/rich/jupyter.py", line 6, in <module>
    from . import get_console
ImportError: cannot import name 'get_console' from partially initialized module 'rich' (most likely due to a circular import) (/home/jaskirat/Documents/comfyautomate/.venv/lib/python3.10/site-packages/rich/__init__.py)
2026-01-12 20:32:03,474 - temporalio.worker._workflow - ERROR - Failed handling activation on workflow with run ID 019bb2b7-517e-79c5-b2d8-2117b70da5d5
Traceback (most recent call last):
  File "/home/jaskirat/Documents/comfyautomate/.venv/lib/python3.10/site-packages/temporalio/worker/_workflow.py", line 317, in _handle_activation
    completion = await asyncio.wait_for(
  File "/usr/lib/python3.10/asyncio/tasks.py", line 445, in wait_for
    return fut.result()
  File "/usr/lib/python3.10/concurrent/futures/thread.py", line 58, in run
    result = self.fn(*self.args, **self.kwargs)
  File "/home/jaskirat/Documents/comfyautomate/.venv/lib/python3.10/site-packages/temporalio/worker/_workflow.py", line 710, in activate
    return self.instance.activate(act)
  File "/home/jaskirat/Documents/comfyautomate/.venv/lib/python3.10/site-packages/temporalio/worker/workflow_sandbox/_runner.py", line 165, in activate
    self._run_code(
  File "/home/jaskirat/Documents/comfyautomate/.venv/lib/python3.10/site-packages/temporalio/worker/workflow_sandbox/_runner.py", line 182, in _run_code
    exec(code, self.globals_and_locals, self.globals_and_locals)
  File "<string>", line 2, in <module>
  File "/home/jaskirat/Documents/comfyautomate/.venv/lib/python3.10/site-packages/temporalio/worker/workflow_sandbox/_in_sandbox.py", line 83, in activate
    return self.instance.activate(act)
  File "/home/jaskirat/Documents/comfyautomate/.venv/lib/python3.10/site-packages/temporalio/worker/_workflow_instance.py", line 489, in activate
    logger.warning(
  File "/usr/lib/python3.10/logging/__init__.py", line 1489, in warning
    self._log(WARNING, msg, args, **kwargs)
  File "/usr/lib/python3.10/logging/__init__.py", line 1624, in _log
    self.handle(record)
  File "/usr/lib/python3.10/logging/__init__.py", line 1634, in handle
    self.callHandlers(record)
  File "/usr/lib/python3.10/logging/__init__.py", line 1696, in callHandlers
    hdlr.handle(record)
  File "/usr/lib/python3.10/logging/__init__.py", line 968, in handle
    self.emit(record)
  File "/home/jaskirat/Documents/comfyautomate/.venv/lib/python3.10/site-packages/rich/logging.py", line 144, in emit
    traceback = Traceback.from_exception(
  File "/home/jaskirat/Documents/comfyautomate/.venv/lib/python3.10/site-packages/rich/traceback.py", line 384, in from_exception
    rich_traceback = cls.extract(
  File "/home/jaskirat/Documents/comfyautomate/.venv/lib/python3.10/site-packages/rich/traceback.py", line 446, in extract
    from rich import _IMPORT_CWD
  File "/home/jaskirat/Documents/comfyautomate/.venv/lib/python3.10/site-packages/temporalio/worker/workflow_sandbox/_importer.py", line 525, in __call__
    return self.current(*args, **kwargs)
  File "/home/jaskirat/Documents/comfyautomate/.venv/lib/python3.10/site-packages/temporalio/worker/workflow_sandbox/_importer.py", line 256, in _import
    mod = importlib.__import__(name, globals, locals, fromlist, level)
  File "<frozen importlib._bootstrap>", line 1129, in __import__
  File "<frozen importlib._bootstrap>", line 1050, in _gcd_import
  File "<frozen importlib._bootstrap>", line 1027, in _find_and_load
  File "<frozen importlib._bootstrap>", line 1006, in _find_and_load_unlocked
  File "<frozen importlib._bootstrap>", line 688, in _load_unlocked
  File "<frozen importlib._bootstrap_external>", line 883, in exec_module
  File "<frozen importlib._bootstrap>", line 241, in _call_with_frames_removed
  File "/home/jaskirat/Documents/comfyautomate/.venv/lib/python3.10/site-packages/rich/__init__.py", line 17, in <module>
    _IMPORT_CWD = os.path.abspath(os.getcwd())
  File "/home/jaskirat/Documents/comfyautomate/.venv/lib/python3.10/site-packages/temporalio/worker/workflow_sandbox/_restrictions.py", line 1021, in __getattribute__
    state.assert_child_not_restricted(__name)
  File "/home/jaskirat/Documents/comfyautomate/.venv/lib/python3.10/site-packages/temporalio/worker/workflow_sandbox/_restrictions.py", line 844, in assert_child_not_restricted
    logger.warning("%s on %s restricted", name, self.name)
  File "/usr/lib/python3.10/logging/__init__.py", line 1489, in warning
    self._log(WARNING, msg, args, **kwargs)
  File "/usr/lib/python3.10/logging/__init__.py", line 1624, in _log
    self.handle(record)
  File "/usr/lib/python3.10/logging/__init__.py", line 1634, in handle
    self.callHandlers(record)
  File "/usr/lib/python3.10/logging/__init__.py", line 1696, in callHandlers
    hdlr.handle(record)
  File "/usr/lib/python3.10/logging/__init__.py", line 968, in handle
    self.emit(record)
  File "/home/jaskirat/Documents/comfyautomate/.venv/lib/python3.10/site-packages/rich/logging.py", line 167, in emit
    message_renderable = self.render_message(record, message)
  File "/home/jaskirat/Documents/comfyautomate/.venv/lib/python3.10/site-packages/rich/logging.py", line 193, in render_message
    message_text = Text.from_markup(message) if use_markup else Text(message)
  File "/home/jaskirat/Documents/comfyautomate/.venv/lib/python3.10/site-packages/rich/text.py", line 285, in from_markup
    from .markup import render
  File "/home/jaskirat/Documents/comfyautomate/.venv/lib/python3.10/site-packages/temporalio/worker/workflow_sandbox/_importer.py", line 525, in __call__
    return self.current(*args, **kwargs)
  File "/home/jaskirat/Documents/comfyautomate/.venv/lib/python3.10/site-packages/temporalio/worker/workflow_sandbox/_importer.py", line 256, in _import
    mod = importlib.__import__(name, globals, locals, fromlist, level)
  File "<frozen importlib._bootstrap>", line 1133, in __import__
  File "<frozen importlib._bootstrap>", line 1050, in _gcd_import
  File "<frozen importlib._bootstrap>", line 1027, in _find_and_load
  File "<frozen importlib._bootstrap>", line 1006, in _find_and_load_unlocked
  File "<frozen importlib._bootstrap>", line 688, in _load_unlocked
  File "<frozen importlib._bootstrap_external>", line 883, in exec_module
  File "<frozen importlib._bootstrap>", line 241, in _call_with_frames_removed
  File "/home/jaskirat/Documents/comfyautomate/.venv/lib/python3.10/site-packages/rich/markup.py", line 7, in <module>
    from .emoji import EmojiVariant
  File "/home/jaskirat/Documents/comfyautomate/.venv/lib/python3.10/site-packages/temporalio/worker/workflow_sandbox/_importer.py", line 525, in __call__
    return self.current(*args, **kwargs)
  File "/home/jaskirat/Documents/comfyautomate/.venv/lib/python3.10/site-packages/temporalio/worker/workflow_sandbox/_importer.py", line 256, in _import
    mod = importlib.__import__(name, globals, locals, fromlist, level)
  File "<frozen importlib._bootstrap>", line 1133, in __import__
  File "<frozen importlib._bootstrap>", line 1050, in _gcd_import
  File "<frozen importlib._bootstrap>", line 1027, in _find_and_load
  File "<frozen importlib._bootstrap>", line 1006, in _find_and_load_unlocked
  File "<frozen importlib._bootstrap>", line 688, in _load_unlocked
  File "<frozen importlib._bootstrap_external>", line 883, in exec_module
  File "<frozen importlib._bootstrap>", line 241, in _call_with_frames_removed
  File "/home/jaskirat/Documents/comfyautomate/.venv/lib/python3.10/site-packages/rich/emoji.py", line 4, in <module>
    from .jupyter import JupyterMixin
  File "/home/jaskirat/Documents/comfyautomate/.venv/lib/python3.10/site-packages/temporalio/worker/workflow_sandbox/_importer.py", line 525, in __call__
    return self.current(*args, **kwargs)
  File "/home/jaskirat/Documents/comfyautomate/.venv/lib/python3.10/site-packages/temporalio/worker/workflow_sandbox/_importer.py", line 256, in _import
    mod = importlib.__import__(name, globals, locals, fromlist, level)
  File "<frozen importlib._bootstrap>", line 1133, in __import__
  File "<frozen importlib._bootstrap>", line 1050, in _gcd_import
  File "<frozen importlib._bootstrap>", line 1027, in _find_and_load
  File "<frozen importlib._bootstrap>", line 1006, in _find_and_load_unlocked
  File "<frozen importlib._bootstrap>", line 688, in _load_unlocked
  File "<frozen importlib._bootstrap_external>", line 883, in exec_module
  File "<frozen importlib._bootstrap>", line 241, in _call_with_frames_removed
  File "/home/jaskirat/Documents/comfyautomate/.venv/lib/python3.10/site-packages/rich/jupyter.py", line 6, in <module>
    from . import get_console
ImportError: cannot import name 'get_console' from partially initialized module 'rich' (most likely due to a circular import) (/home/jaskirat/Documents/comfyautomate/.venv/lib/python3.10/site-packages/rich/__init__.py)
2026-01-12 20:32:33,518 - temporalio.worker._worker - INFO - Worker cancelled, shutting down
2026-01-12 20:32:33,525 - temporalio.worker._worker - INFO - Beginning worker shutdown, will wait 0:00:00 before cancelling activities
