2026-01-15 00:20:51,432 - worker - INFO - Initializing artifact database...
2026-01-15 00:20:51,434 - worker - INFO - Database initialized
2026-01-15 00:20:51,434 - worker - INFO - Connecting to Redis for event broadcasting...
2026-01-15 00:20:51,471 - temporal_gateway.services.broadcast - INFO - Created broadcast instance for redis://localhost:6379
2026-01-15 00:20:51,474 - temporal_gateway.services.broadcast - INFO - Broadcast connected to Redis
2026-01-15 00:20:51,474 - worker - INFO - Redis broadcast connected
2026-01-15 00:20:51,474 - worker - INFO - Loading server registry...
2026-01-15 00:20:51,474 - temporal_gateway.servers.registry - INFO - Registered server: procure-x (comfyui)
2026-01-15 00:20:51,474 - temporal_gateway.servers.registry - INFO - Loaded 1 servers from config
2026-01-15 00:20:51,475 - worker - INFO - Registered 1 servers
2026-01-15 00:20:51,475 - worker - INFO -   Server: procure-x (comfyui)
2026-01-15 00:20:51,598 - worker - INFO - ============================================================
2026-01-15 00:20:51,599 - worker - INFO - 🔧 Temporal Worker Started
2026-01-15 00:20:51,599 - worker - INFO - ============================================================
2026-01-15 00:20:51,599 - worker - INFO - Connected to Temporal: localhost:7233
2026-01-15 00:20:51,599 - worker - INFO - Task Queue: comfyui-gpu-farm
2026-01-15 00:20:51,599 - worker - INFO - Workflows: ['ComfyUIWorkflow', 'ChainExecutorWorkflow']
2026-01-15 00:20:51,599 - worker - INFO - Log file: /home/jaskirat/Documents/comfyautomate/temporal_gateway/logs/worker_20260114_185051.log
2026-01-15 00:20:51,599 - worker - INFO - ============================================================
2026-01-15 00:20:51,599 - worker - INFO - Worker is running. Press Ctrl+C to stop.
2026-01-15 00:20:54,446 - temporalio.activity - INFO - [V3] Executing workflow on http://procure-x.testmcp.org ({'activity_id': '1', 'activity_type': 'execute_and_track_workflow', 'attempt': 2, 'namespace': 'default', 'task_queue': 'comfyui-gpu-farm', 'workflow_id': 'chain-image-edit-to-video-pipeline-c1d95503-67e2-430f-8a2d-a3a0741c5d26-edit_frame2', 'workflow_run_id': '019bbdd7-960c-7026-a9e2-e56ece67771e', 'workflow_type': 'ComfyUIWorkflow'})
2026-01-15 00:20:54,446 - temporalio.activity - INFO - [V3] Workflow name: qwen_image_edit ({'activity_id': '1', 'activity_type': 'execute_and_track_workflow', 'attempt': 2, 'namespace': 'default', 'task_queue': 'comfyui-gpu-farm', 'workflow_id': 'chain-image-edit-to-video-pipeline-c1d95503-67e2-430f-8a2d-a3a0741c5d26-edit_frame2', 'workflow_run_id': '019bbdd7-960c-7026-a9e2-e56ece67771e', 'workflow_type': 'ComfyUIWorkflow'})
2026-01-15 00:20:54,529 - temporal_gateway.clients.comfy.client - INFO - ComfyUI client initialized for http://procure-x.testmcp.org
2026-01-15 00:20:54,529 - temporal_gateway.clients.comfy.client - INFO - Submitting workflow to ComfyUI
2026-01-15 00:20:54,598 - httpx - INFO - HTTP Request: POST http://procure-x.testmcp.org/prompt "HTTP/1.1 200 OK"
2026-01-15 00:20:54,599 - temporal_gateway.clients.comfy.client - INFO - Workflow queued with prompt_id: b94fb178-d95e-4682-9e4d-c4d62113ee5f
2026-01-15 00:20:54,599 - temporal_gateway.clients.comfy.tracker - INFO - Starting execution tracking for prompt b94fb178-d95e-4682-9e4d-c4d62113ee5f
2026-01-15 00:20:54,599 - temporal_gateway.clients.comfy.tracker - INFO - Starting history polling
2026-01-15 00:20:54,600 - temporal_gateway.clients.comfy.tracker - INFO - Starting WebSocket listener
2026-01-15 00:20:54,600 - temporal_gateway.clients.comfy.websocket - INFO - Connecting to WebSocket: ws://procure-x.testmcp.org/ws?clientId=5cc19853-dc39-4b8e-a925-72039c764273
2026-01-15 00:20:54,627 - httpx - INFO - HTTP Request: GET http://procure-x.testmcp.org/history/b94fb178-d95e-4682-9e4d-c4d62113ee5f "HTTP/1.1 200 OK"
2026-01-15 00:20:54,651 - temporal_gateway.clients.comfy.websocket - INFO - WebSocket connected successfully
2026-01-15 00:20:55,649 - httpx - INFO - HTTP Request: GET http://procure-x.testmcp.org/history/b94fb178-d95e-4682-9e4d-c4d62113ee5f "HTTP/1.1 200 OK"
2026-01-15 00:20:56,676 - httpx - INFO - HTTP Request: GET http://procure-x.testmcp.org/history/b94fb178-d95e-4682-9e4d-c4d62113ee5f "HTTP/1.1 200 OK"
2026-01-15 00:20:57,695 - httpx - INFO - HTTP Request: GET http://procure-x.testmcp.org/history/b94fb178-d95e-4682-9e4d-c4d62113ee5f "HTTP/1.1 200 OK"
2026-01-15 00:20:58,719 - httpx - INFO - HTTP Request: GET http://procure-x.testmcp.org/history/b94fb178-d95e-4682-9e4d-c4d62113ee5f "HTTP/1.1 200 OK"
2026-01-15 00:20:59,743 - httpx - INFO - HTTP Request: GET http://procure-x.testmcp.org/history/b94fb178-d95e-4682-9e4d-c4d62113ee5f "HTTP/1.1 200 OK"
2026-01-15 00:21:00,765 - httpx - INFO - HTTP Request: GET http://procure-x.testmcp.org/history/b94fb178-d95e-4682-9e4d-c4d62113ee5f "HTTP/1.1 200 OK"
2026-01-15 00:21:01,796 - httpx - INFO - HTTP Request: GET http://procure-x.testmcp.org/history/b94fb178-d95e-4682-9e4d-c4d62113ee5f "HTTP/1.1 200 OK"
2026-01-15 00:21:02,820 - httpx - INFO - HTTP Request: GET http://procure-x.testmcp.org/history/b94fb178-d95e-4682-9e4d-c4d62113ee5f "HTTP/1.1 200 OK"
2026-01-15 00:21:03,249 - temporal_gateway.clients.comfy.tracker - INFO - [WS] Execution completed successfully
2026-01-15 00:21:03,277 - httpx - INFO - HTTP Request: GET http://procure-x.testmcp.org/history/b94fb178-d95e-4682-9e4d-c4d62113ee5f "HTTP/1.1 200 OK"
2026-01-15 00:21:03,281 - temporal_gateway.clients.comfy.tracker - INFO - Tracking completed: success (took 8.68s)
2026-01-15 00:21:03,282 - temporalio.activity - INFO - [V3] Workflow completed successfully ({'activity_id': '1', 'activity_type': 'execute_and_track_workflow', 'attempt': 2, 'namespace': 'default', 'task_queue': 'comfyui-gpu-farm', 'workflow_id': 'chain-image-edit-to-video-pipeline-c1d95503-67e2-430f-8a2d-a3a0741c5d26-edit_frame2', 'workflow_run_id': '019bbdd7-960c-7026-a9e2-e56ece67771e', 'workflow_type': 'ComfyUIWorkflow'})
2026-01-15 00:21:03,314 - temporalio.workflow - INFO - Execution completed successfully ({'attempt': 1, 'namespace': 'default', 'run_id': '019bbdd7-960c-7026-a9e2-e56ece67771e', 'task_queue': 'comfyui-gpu-farm', 'workflow_id': 'chain-image-edit-to-video-pipeline-c1d95503-67e2-430f-8a2d-a3a0741c5d26-edit_frame2', 'workflow_type': 'ComfyUIWorkflow'})
2026-01-15 00:21:03,325 - temporalio.activity - INFO - Extracting server output files ({'activity_id': '2', 'activity_type': 'get_server_output_files', 'attempt': 1, 'namespace': 'default', 'task_queue': 'comfyui-gpu-farm', 'workflow_id': 'chain-image-edit-to-video-pipeline-c1d95503-67e2-430f-8a2d-a3a0741c5d26-edit_frame2', 'workflow_run_id': '019bbdd7-960c-7026-a9e2-e56ece67771e', 'workflow_type': 'ComfyUIWorkflow'})
2026-01-15 00:21:03,325 - temporalio.activity - INFO - Found 1 output file(s) ({'activity_id': '2', 'activity_type': 'get_server_output_files', 'attempt': 1, 'namespace': 'default', 'task_queue': 'comfyui-gpu-farm', 'workflow_id': 'chain-image-edit-to-video-pipeline-c1d95503-67e2-430f-8a2d-a3a0741c5d26-edit_frame2', 'workflow_run_id': '019bbdd7-960c-7026-a9e2-e56ece67771e', 'workflow_type': 'ComfyUIWorkflow'})
2026-01-15 00:21:03,334 - temporalio.workflow - INFO - Found 1 server output file(s) ({'attempt': 1, 'namespace': 'default', 'run_id': '019bbdd7-960c-7026-a9e2-e56ece67771e', 'task_queue': 'comfyui-gpu-farm', 'workflow_id': 'chain-image-edit-to-video-pipeline-c1d95503-67e2-430f-8a2d-a3a0741c5d26-edit_frame2', 'workflow_type': 'ComfyUIWorkflow'})
2026-01-15 00:21:03,342 - temporalio.activity - INFO - Downloading and persisting 1 artifact(s) for workflow 56a101ba-0a81-44d9-9a87-63de02158a06 ({'activity_id': '3', 'activity_type': 'download_and_store_artifacts', 'attempt': 1, 'namespace': 'default', 'task_queue': 'comfyui-gpu-farm', 'workflow_id': 'chain-image-edit-to-video-pipeline-c1d95503-67e2-430f-8a2d-a3a0741c5d26-edit_frame2', 'workflow_run_id': '019bbdd7-960c-7026-a9e2-e56ece67771e', 'workflow_type': 'ComfyUIWorkflow'})
2026-01-15 00:21:03,387 - temporal_gateway.clients.comfy.client - INFO - ComfyUI client initialized for http://procure-x.testmcp.org
2026-01-15 00:21:03,421 - httpx - INFO - HTTP Request: GET http://procure-x.testmcp.org/view?filename=ComfyUI_00280_.png&type=output "HTTP/1.1 200 OK"
2026-01-15 00:21:03,521 - temporalio.activity - INFO - ✓ Saved artifact to DB: 25599deb-cad0-46f7-b68c-9a9f497aa51b (ComfyUI_00280_.png) ({'activity_id': '3', 'activity_type': 'download_and_store_artifacts', 'attempt': 1, 'namespace': 'default', 'task_queue': 'comfyui-gpu-farm', 'workflow_id': 'chain-image-edit-to-video-pipeline-c1d95503-67e2-430f-8a2d-a3a0741c5d26-edit_frame2', 'workflow_run_id': '019bbdd7-960c-7026-a9e2-e56ece67771e', 'workflow_type': 'ComfyUIWorkflow'})
2026-01-15 00:21:03,522 - temporalio.activity - INFO - Downloaded and persisted 1 artifact(s) ({'activity_id': '3', 'activity_type': 'download_and_store_artifacts', 'attempt': 1, 'namespace': 'default', 'task_queue': 'comfyui-gpu-farm', 'workflow_id': 'chain-image-edit-to-video-pipeline-c1d95503-67e2-430f-8a2d-a3a0741c5d26-edit_frame2', 'workflow_run_id': '019bbdd7-960c-7026-a9e2-e56ece67771e', 'workflow_type': 'ComfyUIWorkflow'})
2026-01-15 00:21:03,533 - temporalio.workflow - INFO - Downloaded 1 file(s) locally ({'attempt': 1, 'namespace': 'default', 'run_id': '019bbdd7-960c-7026-a9e2-e56ece67771e', 'task_queue': 'comfyui-gpu-farm', 'workflow_id': 'chain-image-edit-to-video-pipeline-c1d95503-67e2-430f-8a2d-a3a0741c5d26-edit_frame2', 'workflow_type': 'ComfyUIWorkflow'})
2026-01-15 00:21:03,612 - temporalio.activity - INFO - Updating workflow 56a101ba-0a81-44d9-9a87-63de02158a06 status to: completed ({'activity_id': '38', 'activity_type': 'update_workflow_status_activity', 'attempt': 1, 'namespace': 'default', 'task_queue': 'comfyui-gpu-farm', 'workflow_id': 'chain-image-edit-to-video-pipeline-c1d95503-67e2-430f-8a2d-a3a0741c5d26', 'workflow_run_id': '019bbdd7-65ed-7c1d-8aeb-0cc2522aed74', 'workflow_type': 'ChainExecutorWorkflow'})
2026-01-15 00:21:03,617 - temporalio.activity - INFO - ✓ Updated workflow status ({'activity_id': '38', 'activity_type': 'update_workflow_status_activity', 'attempt': 1, 'namespace': 'default', 'task_queue': 'comfyui-gpu-farm', 'workflow_id': 'chain-image-edit-to-video-pipeline-c1d95503-67e2-430f-8a2d-a3a0741c5d26', 'workflow_run_id': '019bbdd7-65ed-7c1d-8aeb-0cc2522aed74', 'workflow_type': 'ChainExecutorWorkflow'})
2026-01-15 00:21:03,637 - temporalio.activity - INFO - Getting artifacts for workflow: 56a101ba-0a81-44d9-9a87-63de02158a06 ({'activity_id': '39', 'activity_type': 'get_workflow_artifacts', 'attempt': 1, 'namespace': 'default', 'task_queue': 'comfyui-gpu-farm', 'workflow_id': 'chain-image-edit-to-video-pipeline-c1d95503-67e2-430f-8a2d-a3a0741c5d26', 'workflow_run_id': '019bbdd7-65ed-7c1d-8aeb-0cc2522aed74', 'workflow_type': 'ChainExecutorWorkflow'})
2026-01-15 00:21:03,655 - temporalio.activity - INFO - Creating approval request for artifact: 25599deb-cad0-46f7-b68c-9a9f497aa51b ({'activity_id': '40', 'activity_type': 'create_approval_request_activity', 'attempt': 1, 'namespace': 'default', 'task_queue': 'comfyui-gpu-farm', 'workflow_id': 'chain-image-edit-to-video-pipeline-c1d95503-67e2-430f-8a2d-a3a0741c5d26', 'workflow_run_id': '019bbdd7-65ed-7c1d-8aeb-0cc2522aed74', 'workflow_type': 'ChainExecutorWorkflow'})
2026-01-15 00:21:03,663 - temporalio.activity - INFO - ✓ Created approval request: dfe1926c-79b6-4d64-9d70-3ddcd32c5d90, token: VW76c7jfzqBVg9NM... ({'activity_id': '40', 'activity_type': 'create_approval_request_activity', 'attempt': 1, 'namespace': 'default', 'task_queue': 'comfyui-gpu-farm', 'workflow_id': 'chain-image-edit-to-video-pipeline-c1d95503-67e2-430f-8a2d-a3a0741c5d26', 'workflow_run_id': '019bbdd7-65ed-7c1d-8aeb-0cc2522aed74', 'workflow_type': 'ChainExecutorWorkflow'})
2026-01-15 00:21:03,664 - temporal_gateway.services.broadcast - INFO - Published approval_requested to chain:7368a39c-112d-4600-acc4-03339a2f5fda
2026-01-15 00:21:03,664 - temporalio.activity - INFO - Published approval_requested event for chain 7368a39c-112d-4600-acc4-03339a2f5fda ({'activity_id': '40', 'activity_type': 'create_approval_request_activity', 'attempt': 1, 'namespace': 'default', 'task_queue': 'comfyui-gpu-farm', 'workflow_id': 'chain-image-edit-to-video-pipeline-c1d95503-67e2-430f-8a2d-a3a0741c5d26', 'workflow_run_id': '019bbdd7-65ed-7c1d-8aeb-0cc2522aed74', 'workflow_type': 'ChainExecutorWorkflow'})
2026-01-15 00:21:03,674 - temporalio.workflow - INFO - Step edit_frame2: Approval request created, token: VW76c7jfzqBVg9NM... ({'attempt': 1, 'namespace': 'default', 'run_id': '019bbdd7-65ed-7c1d-8aeb-0cc2522aed74', 'task_queue': 'comfyui-gpu-farm', 'workflow_id': 'chain-image-edit-to-video-pipeline-c1d95503-67e2-430f-8a2d-a3a0741c5d26', 'workflow_type': 'ChainExecutorWorkflow'})
2026-01-15 00:21:22,758 - temporalio.worker._worker - INFO - Worker cancelled, shutting down
2026-01-15 00:21:22,759 - temporalio.worker._worker - INFO - Beginning worker shutdown, will wait 0:00:00 before cancelling activities
