2026-01-12 20:32:35,603 - worker - INFO - Initializing artifact database...
2026-01-12 20:32:35,604 - worker - INFO - Database initialized
2026-01-12 20:32:35,604 - worker - INFO - Connecting to Redis for event broadcasting...
2026-01-12 20:32:35,645 - temporal_gateway.services.broadcast - INFO - Created broadcast instance for redis://localhost:6379
2026-01-12 20:32:35,647 - temporal_gateway.services.broadcast - INFO - Broadcast connected to Redis
2026-01-12 20:32:35,647 - worker - INFO - Redis broadcast connected
2026-01-12 20:32:35,647 - worker - INFO - Loading server registry...
2026-01-12 20:32:35,647 - temporal_gateway.servers.registry - INFO - Registered server: procure-x (comfyui)
2026-01-12 20:32:35,647 - temporal_gateway.servers.registry - INFO - Loaded 1 servers from config
2026-01-12 20:32:35,647 - worker - INFO - Registered 1 servers
2026-01-12 20:32:35,647 - worker - INFO -   Server: procure-x (comfyui)
2026-01-12 20:32:35,780 - worker - INFO - ============================================================
2026-01-12 20:32:35,780 - worker - INFO - 🔧 Temporal Worker Started
2026-01-12 20:32:35,780 - worker - INFO - ============================================================
2026-01-12 20:32:35,780 - worker - INFO - Connected to Temporal: localhost:7233
2026-01-12 20:32:35,780 - worker - INFO - Task Queue: comfyui-gpu-farm
2026-01-12 20:32:35,781 - worker - INFO - Workflows: ['ComfyUIWorkflow', 'ChainExecutorWorkflow']
2026-01-12 20:32:35,781 - worker - INFO - Log file: /home/jaskirat/Documents/comfyautomate/temporal_gateway/logs/worker_20260112_150235.log
2026-01-12 20:32:35,781 - worker - INFO - ============================================================
2026-01-12 20:32:35,781 - worker - INFO - Worker is running. Press Ctrl+C to stop.
2026-01-12 20:32:41,988 - temporalio.workflow - INFO - Starting chain execution: image-edit-to-video-pipeline ({'attempt': 1, 'namespace': 'default', 'run_id': '019bb2bb-0e32-7c04-8642-fcb07663bfea', 'task_queue': 'comfyui-gpu-farm', 'workflow_id': 'chain-image-edit-to-video-pipeline-598c3bc0-5758-4618-917d-185ee9b1d29d', 'workflow_type': 'ChainExecutorWorkflow'})
2026-01-12 20:32:41,988 - temporalio.workflow - INFO - Retry number: 0 ({'attempt': 1, 'namespace': 'default', 'run_id': '019bb2bb-0e32-7c04-8642-fcb07663bfea', 'task_queue': 'comfyui-gpu-farm', 'workflow_id': 'chain-image-edit-to-video-pipeline-598c3bc0-5758-4618-917d-185ee9b1d29d', 'workflow_type': 'ChainExecutorWorkflow'})
2026-01-12 20:32:41,988 - temporalio.workflow - INFO - Cached steps: [] ({'attempt': 1, 'namespace': 'default', 'run_id': '019bb2bb-0e32-7c04-8642-fcb07663bfea', 'task_queue': 'comfyui-gpu-farm', 'workflow_id': 'chain-image-edit-to-video-pipeline-598c3bc0-5758-4618-917d-185ee9b1d29d', 'workflow_type': 'ChainExecutorWorkflow'})
2026-01-12 20:32:41,989 - temporalio.workflow - INFO - Total levels: 3 ({'attempt': 1, 'namespace': 'default', 'run_id': '019bb2bb-0e32-7c04-8642-fcb07663bfea', 'task_queue': 'comfyui-gpu-farm', 'workflow_id': 'chain-image-edit-to-video-pipeline-598c3bc0-5758-4618-917d-185ee9b1d29d', 'workflow_type': 'ChainExecutorWorkflow'})
2026-01-12 20:32:41,997 - temporalio.activity - INFO - Creating chain record: image-edit-to-video-pipeline ({'activity_id': '1', 'activity_type': 'create_chain_record', 'attempt': 1, 'namespace': 'default', 'task_queue': 'comfyui-gpu-farm', 'workflow_id': 'chain-image-edit-to-video-pipeline-598c3bc0-5758-4618-917d-185ee9b1d29d', 'workflow_run_id': '019bb2bb-0e32-7c04-8642-fcb07663bfea', 'workflow_type': 'ChainExecutorWorkflow'})
2026-01-12 20:32:42,028 - temporalio.activity - INFO - ✓ Created chain record: 89a2d7e3-e299-442a-8dfc-ed8ca4829bf0 ({'activity_id': '1', 'activity_type': 'create_chain_record', 'attempt': 1, 'namespace': 'default', 'task_queue': 'comfyui-gpu-farm', 'workflow_id': 'chain-image-edit-to-video-pipeline-598c3bc0-5758-4618-917d-185ee9b1d29d', 'workflow_run_id': '019bb2bb-0e32-7c04-8642-fcb07663bfea', 'workflow_type': 'ChainExecutorWorkflow'})
2026-01-12 20:32:42,038 - temporalio.workflow - INFO - Created chain record: 89a2d7e3-e299-442a-8dfc-ed8ca4829bf0 ({'attempt': 1, 'namespace': 'default', 'run_id': '019bb2bb-0e32-7c04-8642-fcb07663bfea', 'task_queue': 'comfyui-gpu-farm', 'workflow_id': 'chain-image-edit-to-video-pipeline-598c3bc0-5758-4618-917d-185ee9b1d29d', 'workflow_type': 'ChainExecutorWorkflow'})
2026-01-12 20:32:42,045 - temporalio.activity - INFO - Updating chain 89a2d7e3-e299-442a-8dfc-ed8ca4829bf0 status to: executing_level_0 ({'activity_id': '2', 'activity_type': 'update_chain_status_activity', 'attempt': 1, 'namespace': 'default', 'task_queue': 'comfyui-gpu-farm', 'workflow_id': 'chain-image-edit-to-video-pipeline-598c3bc0-5758-4618-917d-185ee9b1d29d', 'workflow_run_id': '019bb2bb-0e32-7c04-8642-fcb07663bfea', 'workflow_type': 'ChainExecutorWorkflow'})
2026-01-12 20:32:42,051 - temporalio.activity - INFO - ✓ Updated chain status ({'activity_id': '2', 'activity_type': 'update_chain_status_activity', 'attempt': 1, 'namespace': 'default', 'task_queue': 'comfyui-gpu-farm', 'workflow_id': 'chain-image-edit-to-video-pipeline-598c3bc0-5758-4618-917d-185ee9b1d29d', 'workflow_run_id': '019bb2bb-0e32-7c04-8642-fcb07663bfea', 'workflow_type': 'ChainExecutorWorkflow'})
2026-01-12 20:32:42,060 - temporalio.workflow - INFO - Level 0: Executing 2 step(s) ({'attempt': 1, 'namespace': 'default', 'run_id': '019bb2bb-0e32-7c04-8642-fcb07663bfea', 'task_queue': 'comfyui-gpu-farm', 'workflow_id': 'chain-image-edit-to-video-pipeline-598c3bc0-5758-4618-917d-185ee9b1d29d', 'workflow_type': 'ChainExecutorWorkflow'})
2026-01-12 20:32:42,060 - temporalio.workflow - INFO - Executing step: extract_frame1 ({'attempt': 1, 'namespace': 'default', 'run_id': '019bb2bb-0e32-7c04-8642-fcb07663bfea', 'task_queue': 'comfyui-gpu-farm', 'workflow_id': 'chain-image-edit-to-video-pipeline-598c3bc0-5758-4618-917d-185ee9b1d29d', 'workflow_type': 'ChainExecutorWorkflow'})
2026-01-12 20:32:42,061 - temporalio.workflow - INFO - Executing step: extract_frame2 ({'attempt': 1, 'namespace': 'default', 'run_id': '019bb2bb-0e32-7c04-8642-fcb07663bfea', 'task_queue': 'comfyui-gpu-farm', 'workflow_id': 'chain-image-edit-to-video-pipeline-598c3bc0-5758-4618-917d-185ee9b1d29d', 'workflow_type': 'ChainExecutorWorkflow'})
2026-01-12 20:32:42,070 - temporalio.activity - INFO - Resolving templates in parameters ({'activity_id': '3', 'activity_type': 'resolve_chain_templates', 'attempt': 1, 'namespace': 'default', 'task_queue': 'comfyui-gpu-farm', 'workflow_id': 'chain-image-edit-to-video-pipeline-598c3bc0-5758-4618-917d-185ee9b1d29d', 'workflow_run_id': '019bb2bb-0e32-7c04-8642-fcb07663bfea', 'workflow_type': 'ChainExecutorWorkflow'})
2026-01-12 20:32:42,071 - temporalio.activity - INFO - Templates resolved successfully ({'activity_id': '3', 'activity_type': 'resolve_chain_templates', 'attempt': 1, 'namespace': 'default', 'task_queue': 'comfyui-gpu-farm', 'workflow_id': 'chain-image-edit-to-video-pipeline-598c3bc0-5758-4618-917d-185ee9b1d29d', 'workflow_run_id': '019bb2bb-0e32-7c04-8642-fcb07663bfea', 'workflow_type': 'ChainExecutorWorkflow'})
2026-01-12 20:32:42,072 - temporalio.activity - INFO - Resolving templates in parameters ({'activity_id': '4', 'activity_type': 'resolve_chain_templates', 'attempt': 1, 'namespace': 'default', 'task_queue': 'comfyui-gpu-farm', 'workflow_id': 'chain-image-edit-to-video-pipeline-598c3bc0-5758-4618-917d-185ee9b1d29d', 'workflow_run_id': '019bb2bb-0e32-7c04-8642-fcb07663bfea', 'workflow_type': 'ChainExecutorWorkflow'})
2026-01-12 20:32:42,073 - temporalio.activity - INFO - Templates resolved successfully ({'activity_id': '4', 'activity_type': 'resolve_chain_templates', 'attempt': 1, 'namespace': 'default', 'task_queue': 'comfyui-gpu-farm', 'workflow_id': 'chain-image-edit-to-video-pipeline-598c3bc0-5758-4618-917d-185ee9b1d29d', 'workflow_run_id': '019bb2bb-0e32-7c04-8642-fcb07663bfea', 'workflow_type': 'ChainExecutorWorkflow'})
2026-01-12 20:32:42,082 - temporalio.workflow - INFO - Step extract_frame1: Resolved parameters ({'attempt': 1, 'namespace': 'default', 'run_id': '019bb2bb-0e32-7c04-8642-fcb07663bfea', 'task_queue': 'comfyui-gpu-farm', 'workflow_id': 'chain-image-edit-to-video-pipeline-598c3bc0-5758-4618-917d-185ee9b1d29d', 'workflow_type': 'ChainExecutorWorkflow'})
2026-01-12 20:32:42,082 - temporalio.workflow - INFO - Step extract_frame2: Resolved parameters ({'attempt': 1, 'namespace': 'default', 'run_id': '019bb2bb-0e32-7c04-8642-fcb07663bfea', 'task_queue': 'comfyui-gpu-farm', 'workflow_id': 'chain-image-edit-to-video-pipeline-598c3bc0-5758-4618-917d-185ee9b1d29d', 'workflow_type': 'ChainExecutorWorkflow'})
2026-01-12 20:32:42,090 - temporalio.activity - INFO - Applying parameters to workflow: imageSave ({'activity_id': '5', 'activity_type': 'apply_workflow_parameters', 'attempt': 1, 'namespace': 'default', 'task_queue': 'comfyui-gpu-farm', 'workflow_id': 'chain-image-edit-to-video-pipeline-598c3bc0-5758-4618-917d-185ee9b1d29d', 'workflow_run_id': '019bb2bb-0e32-7c04-8642-fcb07663bfea', 'workflow_type': 'ChainExecutorWorkflow'})
2026-01-12 20:32:42,091 - temporal_gateway.registry - INFO - WorkflowRegistry initialized: /home/jaskirat/Documents/comfyautomate/templates
2026-01-12 20:32:42,091 - temporal_gateway.registry - INFO - ✓ fluxdev: Loading from override file
2026-01-12 20:32:42,091 - temporal_gateway.registry - INFO -   Loaded 13 parameters from override file
2026-01-12 20:32:42,092 - temporal_gateway.registry - INFO - ✓ firstEndTovideo: Loading from override file
2026-01-12 20:32:42,092 - temporal_gateway.registry - INFO -   Loaded 44 parameters from override file
2026-01-12 20:32:42,093 - temporal_gateway.registry - INFO - ✓ image_qwen_edit: Loading from override file
2026-01-12 20:32:42,093 - temporal_gateway.registry - INFO -   Loaded 27 parameters from override file
2026-01-12 20:32:42,093 - temporal_gateway.registry - INFO - ✓ video_wan2_2_14B_fun_camera_test: Loading from override file
2026-01-12 20:32:42,094 - temporal_gateway.registry - INFO -   Loaded 49 parameters from override file
2026-01-12 20:32:42,094 - temporal_gateway.registry - INFO - ✓ qwen_image_edit: Loading from override file
2026-01-12 20:32:42,094 - temporal_gateway.registry - INFO -   Loaded 25 parameters from override file
2026-01-12 20:32:42,095 - temporal_gateway.registry - INFO - ✓ video_wan2_2_14B_i2v: Loading from override file
2026-01-12 20:32:42,095 - temporal_gateway.registry - INFO -   Loaded 43 parameters from override file
2026-01-12 20:32:42,095 - temporal_gateway.registry - INFO - ✓ imageSave: Loading from override file
2026-01-12 20:32:42,095 - temporal_gateway.registry - INFO -   Loaded 9 parameters from override file
2026-01-12 20:32:42,095 - temporal_gateway.registry - INFO - Discovery complete: 7 workflows, 0 generated, 7 loaded, 0 regenerated
2026-01-12 20:32:42,096 - temporal_gateway.registry - INFO - Applied override: 1.frame_load_cap = 1
2026-01-12 20:32:42,096 - temporal_gateway.registry - INFO - Applied override: 1.select_every_nth = 1
2026-01-12 20:32:42,096 - temporal_gateway.registry - INFO - Applied override: 1.skip_first_frames = 0
2026-01-12 20:32:42,096 - temporal_gateway.registry - INFO - Applied override: 1.video = ComfyUI_00012_.mp4
2026-01-12 20:32:42,096 - temporalio.activity - INFO - Parameters applied successfully ({'activity_id': '5', 'activity_type': 'apply_workflow_parameters', 'attempt': 1, 'namespace': 'default', 'task_queue': 'comfyui-gpu-farm', 'workflow_id': 'chain-image-edit-to-video-pipeline-598c3bc0-5758-4618-917d-185ee9b1d29d', 'workflow_run_id': '019bb2bb-0e32-7c04-8642-fcb07663bfea', 'workflow_type': 'ChainExecutorWorkflow'})
2026-01-12 20:32:42,097 - temporalio.activity - INFO - Applying parameters to workflow: imageSave ({'activity_id': '6', 'activity_type': 'apply_workflow_parameters', 'attempt': 1, 'namespace': 'default', 'task_queue': 'comfyui-gpu-farm', 'workflow_id': 'chain-image-edit-to-video-pipeline-598c3bc0-5758-4618-917d-185ee9b1d29d', 'workflow_run_id': '019bb2bb-0e32-7c04-8642-fcb07663bfea', 'workflow_type': 'ChainExecutorWorkflow'})
2026-01-12 20:32:42,097 - temporal_gateway.registry - INFO - Applied override: 1.frame_load_cap = 1
2026-01-12 20:32:42,097 - temporal_gateway.registry - INFO - Applied override: 1.select_every_nth = 1
2026-01-12 20:32:42,097 - temporal_gateway.registry - INFO - Applied override: 1.skip_first_frames = 172
2026-01-12 20:32:42,097 - temporal_gateway.registry - INFO - Applied override: 1.video = ComfyUI_00012_.mp4
2026-01-12 20:32:42,097 - temporalio.activity - INFO - Parameters applied successfully ({'activity_id': '6', 'activity_type': 'apply_workflow_parameters', 'attempt': 1, 'namespace': 'default', 'task_queue': 'comfyui-gpu-farm', 'workflow_id': 'chain-image-edit-to-video-pipeline-598c3bc0-5758-4618-917d-185ee9b1d29d', 'workflow_run_id': '019bb2bb-0e32-7c04-8642-fcb07663bfea', 'workflow_type': 'ChainExecutorWorkflow'})
2026-01-12 20:32:42,114 - temporalio.activity - INFO - Selecting server with strategy: least_loaded ({'activity_id': '7', 'activity_type': 'select_best_server', 'attempt': 1, 'namespace': 'default', 'task_queue': 'comfyui-gpu-farm', 'workflow_id': 'chain-image-edit-to-video-pipeline-598c3bc0-5758-4618-917d-185ee9b1d29d', 'workflow_run_id': '019bb2bb-0e32-7c04-8642-fcb07663bfea', 'workflow_type': 'ChainExecutorWorkflow'})
2026-01-12 20:32:42,196 - temporalio.activity - INFO - Selecting server with strategy: least_loaded ({'activity_id': '8', 'activity_type': 'select_best_server', 'attempt': 1, 'namespace': 'default', 'task_queue': 'comfyui-gpu-farm', 'workflow_id': 'chain-image-edit-to-video-pipeline-598c3bc0-5758-4618-917d-185ee9b1d29d', 'workflow_run_id': '019bb2bb-0e32-7c04-8642-fcb07663bfea', 'workflow_type': 'ChainExecutorWorkflow'})
2026-01-12 20:32:42,276 - httpx - INFO - HTTP Request: GET http://procure-x.testmcp.org/system_stats "HTTP/1.1 200 OK"
2026-01-12 20:32:42,292 - httpx - INFO - HTTP Request: GET http://procure-x.testmcp.org/queue "HTTP/1.1 200 OK"
2026-01-12 20:32:42,293 - httpx - INFO - HTTP Request: GET http://procure-x.testmcp.org/system_stats "HTTP/1.1 200 OK"
2026-01-12 20:32:42,295 - temporal_gateway.servers.load_balancer - INFO - Selected server procure-x (queue_depth=0, gpu_mem=0.0%)
2026-01-12 20:32:42,295 - temporalio.activity - INFO - Selected server: procure-x (http://procure-x.testmcp.org) ({'activity_id': '7', 'activity_type': 'select_best_server', 'attempt': 1, 'namespace': 'default', 'task_queue': 'comfyui-gpu-farm', 'workflow_id': 'chain-image-edit-to-video-pipeline-598c3bc0-5758-4618-917d-185ee9b1d29d', 'workflow_run_id': '019bb2bb-0e32-7c04-8642-fcb07663bfea', 'workflow_type': 'ChainExecutorWorkflow'})
2026-01-12 20:32:42,305 - temporalio.workflow - INFO - Step extract_frame1: Selected target server: http://procure-x.testmcp.org ({'attempt': 1, 'namespace': 'default', 'run_id': '019bb2bb-0e32-7c04-8642-fcb07663bfea', 'task_queue': 'comfyui-gpu-farm', 'workflow_id': 'chain-image-edit-to-video-pipeline-598c3bc0-5758-4618-917d-185ee9b1d29d', 'workflow_type': 'ChainExecutorWorkflow'})
2026-01-12 20:32:42,314 - temporalio.activity - INFO - Creating workflow record: imageSave (prompt: pending) ({'activity_id': '9', 'activity_type': 'create_workflow_record', 'attempt': 1, 'namespace': 'default', 'task_queue': 'comfyui-gpu-farm', 'workflow_id': 'chain-image-edit-to-video-pipeline-598c3bc0-5758-4618-917d-185ee9b1d29d', 'workflow_run_id': '019bb2bb-0e32-7c04-8642-fcb07663bfea', 'workflow_type': 'ChainExecutorWorkflow'})
2026-01-12 20:32:42,323 - temporalio.activity - INFO - ✓ Created workflow record: c4df7da7-49e4-445f-85f1-479508cce39a ({'activity_id': '9', 'activity_type': 'create_workflow_record', 'attempt': 1, 'namespace': 'default', 'task_queue': 'comfyui-gpu-farm', 'workflow_id': 'chain-image-edit-to-video-pipeline-598c3bc0-5758-4618-917d-185ee9b1d29d', 'workflow_run_id': '019bb2bb-0e32-7c04-8642-fcb07663bfea', 'workflow_type': 'ChainExecutorWorkflow'})
2026-01-12 20:32:42,332 - temporalio.workflow - INFO - Step extract_frame1: Created workflow record c4df7da7-49e4-445f-85f1-479508cce39a ({'attempt': 1, 'namespace': 'default', 'run_id': '019bb2bb-0e32-7c04-8642-fcb07663bfea', 'task_queue': 'comfyui-gpu-farm', 'workflow_id': 'chain-image-edit-to-video-pipeline-598c3bc0-5758-4618-917d-185ee9b1d29d', 'workflow_type': 'ChainExecutorWorkflow'})
2026-01-12 20:32:42,357 - temporalio.workflow - INFO - Starting ComfyUI workflow execution ({'attempt': 1, 'namespace': 'default', 'run_id': '019bb2bb-0fa1-77d5-a431-b745cb735b5c', 'task_queue': 'comfyui-gpu-farm', 'workflow_id': 'chain-image-edit-to-video-pipeline-598c3bc0-5758-4618-917d-185ee9b1d29d-extract_frame1', 'workflow_type': 'ComfyUIWorkflow'})
2026-01-12 20:32:42,357 - temporalio.workflow - INFO - Generated client_id: 8ff94c92-d9ac-4ec8-9d34-16569fdef4f5 ({'attempt': 1, 'namespace': 'default', 'run_id': '019bb2bb-0fa1-77d5-a431-b745cb735b5c', 'task_queue': 'comfyui-gpu-farm', 'workflow_id': 'chain-image-edit-to-video-pipeline-598c3bc0-5758-4618-917d-185ee9b1d29d-extract_frame1', 'workflow_type': 'ComfyUIWorkflow'})
2026-01-12 20:32:42,357 - temporalio.workflow - INFO - Using pre-selected server: http://procure-x.testmcp.org ({'attempt': 1, 'namespace': 'default', 'run_id': '019bb2bb-0fa1-77d5-a431-b745cb735b5c', 'task_queue': 'comfyui-gpu-farm', 'workflow_id': 'chain-image-edit-to-video-pipeline-598c3bc0-5758-4618-917d-185ee9b1d29d-extract_frame1', 'workflow_type': 'ComfyUIWorkflow'})
2026-01-12 20:32:42,365 - temporalio.activity - INFO - [V3] Executing workflow on http://procure-x.testmcp.org ({'activity_id': '1', 'activity_type': 'execute_and_track_workflow', 'attempt': 1, 'namespace': 'default', 'task_queue': 'comfyui-gpu-farm', 'workflow_id': 'chain-image-edit-to-video-pipeline-598c3bc0-5758-4618-917d-185ee9b1d29d-extract_frame1', 'workflow_run_id': '019bb2bb-0fa1-77d5-a431-b745cb735b5c', 'workflow_type': 'ComfyUIWorkflow'})
2026-01-12 20:32:42,365 - temporalio.activity - INFO - [V3] Workflow name: imageSave ({'activity_id': '1', 'activity_type': 'execute_and_track_workflow', 'attempt': 1, 'namespace': 'default', 'task_queue': 'comfyui-gpu-farm', 'workflow_id': 'chain-image-edit-to-video-pipeline-598c3bc0-5758-4618-917d-185ee9b1d29d-extract_frame1', 'workflow_run_id': '019bb2bb-0fa1-77d5-a431-b745cb735b5c', 'workflow_type': 'ComfyUIWorkflow'})
2026-01-12 20:32:42,409 - temporal_gateway.clients.comfy.client - INFO - ComfyUI client initialized for http://procure-x.testmcp.org
2026-01-12 20:32:42,409 - temporal_gateway.clients.comfy.client - INFO - Submitting workflow to ComfyUI
2026-01-12 20:32:42,411 - httpx - INFO - HTTP Request: GET http://procure-x.testmcp.org/queue "HTTP/1.1 200 OK"
2026-01-12 20:32:42,412 - temporal_gateway.servers.load_balancer - INFO - Selected server procure-x (queue_depth=0, gpu_mem=0.0%)
2026-01-12 20:32:42,412 - temporalio.activity - INFO - Selected server: procure-x (http://procure-x.testmcp.org) ({'activity_id': '8', 'activity_type': 'select_best_server', 'attempt': 1, 'namespace': 'default', 'task_queue': 'comfyui-gpu-farm', 'workflow_id': 'chain-image-edit-to-video-pipeline-598c3bc0-5758-4618-917d-185ee9b1d29d', 'workflow_run_id': '019bb2bb-0e32-7c04-8642-fcb07663bfea', 'workflow_type': 'ChainExecutorWorkflow'})
2026-01-12 20:32:42,421 - temporalio.workflow - INFO - Step extract_frame2: Selected target server: http://procure-x.testmcp.org ({'attempt': 1, 'namespace': 'default', 'run_id': '019bb2bb-0e32-7c04-8642-fcb07663bfea', 'task_queue': 'comfyui-gpu-farm', 'workflow_id': 'chain-image-edit-to-video-pipeline-598c3bc0-5758-4618-917d-185ee9b1d29d', 'workflow_type': 'ChainExecutorWorkflow'})
2026-01-12 20:32:42,429 - temporalio.activity - INFO - Creating workflow record: imageSave (prompt: pending) ({'activity_id': '10', 'activity_type': 'create_workflow_record', 'attempt': 1, 'namespace': 'default', 'task_queue': 'comfyui-gpu-farm', 'workflow_id': 'chain-image-edit-to-video-pipeline-598c3bc0-5758-4618-917d-185ee9b1d29d', 'workflow_run_id': '019bb2bb-0e32-7c04-8642-fcb07663bfea', 'workflow_type': 'ChainExecutorWorkflow'})
2026-01-12 20:32:42,432 - temporalio.activity - INFO - ✓ Created workflow record: cb6a2e6c-b9a1-4151-b5e5-126728c5b952 ({'activity_id': '10', 'activity_type': 'create_workflow_record', 'attempt': 1, 'namespace': 'default', 'task_queue': 'comfyui-gpu-farm', 'workflow_id': 'chain-image-edit-to-video-pipeline-598c3bc0-5758-4618-917d-185ee9b1d29d', 'workflow_run_id': '019bb2bb-0e32-7c04-8642-fcb07663bfea', 'workflow_type': 'ChainExecutorWorkflow'})
2026-01-12 20:32:42,440 - temporalio.workflow - INFO - Step extract_frame2: Created workflow record cb6a2e6c-b9a1-4151-b5e5-126728c5b952 ({'attempt': 1, 'namespace': 'default', 'run_id': '019bb2bb-0e32-7c04-8642-fcb07663bfea', 'task_queue': 'comfyui-gpu-farm', 'workflow_id': 'chain-image-edit-to-video-pipeline-598c3bc0-5758-4618-917d-185ee9b1d29d', 'workflow_type': 'ChainExecutorWorkflow'})
2026-01-12 20:32:42,463 - temporalio.workflow - INFO - Starting ComfyUI workflow execution ({'attempt': 1, 'namespace': 'default', 'run_id': '019bb2bb-100c-7e15-aa08-f936da3da249', 'task_queue': 'comfyui-gpu-farm', 'workflow_id': 'chain-image-edit-to-video-pipeline-598c3bc0-5758-4618-917d-185ee9b1d29d-extract_frame2', 'workflow_type': 'ComfyUIWorkflow'})
2026-01-12 20:32:42,463 - temporalio.workflow - INFO - Generated client_id: 201bfa39-df2b-4427-ab9c-f469f0e9ff16 ({'attempt': 1, 'namespace': 'default', 'run_id': '019bb2bb-100c-7e15-aa08-f936da3da249', 'task_queue': 'comfyui-gpu-farm', 'workflow_id': 'chain-image-edit-to-video-pipeline-598c3bc0-5758-4618-917d-185ee9b1d29d-extract_frame2', 'workflow_type': 'ComfyUIWorkflow'})
2026-01-12 20:32:42,463 - temporalio.workflow - INFO - Using pre-selected server: http://procure-x.testmcp.org ({'attempt': 1, 'namespace': 'default', 'run_id': '019bb2bb-100c-7e15-aa08-f936da3da249', 'task_queue': 'comfyui-gpu-farm', 'workflow_id': 'chain-image-edit-to-video-pipeline-598c3bc0-5758-4618-917d-185ee9b1d29d-extract_frame2', 'workflow_type': 'ComfyUIWorkflow'})
2026-01-12 20:32:42,471 - temporalio.activity - INFO - [V3] Executing workflow on http://procure-x.testmcp.org ({'activity_id': '1', 'activity_type': 'execute_and_track_workflow', 'attempt': 1, 'namespace': 'default', 'task_queue': 'comfyui-gpu-farm', 'workflow_id': 'chain-image-edit-to-video-pipeline-598c3bc0-5758-4618-917d-185ee9b1d29d-extract_frame2', 'workflow_run_id': '019bb2bb-100c-7e15-aa08-f936da3da249', 'workflow_type': 'ComfyUIWorkflow'})
2026-01-12 20:32:42,471 - temporalio.activity - INFO - [V3] Workflow name: imageSave ({'activity_id': '1', 'activity_type': 'execute_and_track_workflow', 'attempt': 1, 'namespace': 'default', 'task_queue': 'comfyui-gpu-farm', 'workflow_id': 'chain-image-edit-to-video-pipeline-598c3bc0-5758-4618-917d-185ee9b1d29d-extract_frame2', 'workflow_run_id': '019bb2bb-100c-7e15-aa08-f936da3da249', 'workflow_type': 'ComfyUIWorkflow'})
2026-01-12 20:32:42,512 - temporal_gateway.clients.comfy.client - INFO - ComfyUI client initialized for http://procure-x.testmcp.org
2026-01-12 20:32:42,513 - temporal_gateway.clients.comfy.client - INFO - Submitting workflow to ComfyUI
2026-01-12 20:32:42,583 - httpx - INFO - HTTP Request: POST http://procure-x.testmcp.org/prompt "HTTP/1.1 200 OK"
2026-01-12 20:32:42,587 - temporal_gateway.clients.comfy.client - INFO - Workflow queued with prompt_id: f0171bd2-162f-40b5-a41a-454ad8631418
2026-01-12 20:32:42,587 - temporal_gateway.clients.comfy.tracker - INFO - Starting execution tracking for prompt f0171bd2-162f-40b5-a41a-454ad8631418
2026-01-12 20:32:42,588 - temporal_gateway.clients.comfy.tracker - INFO - Starting history polling
2026-01-12 20:32:42,591 - temporal_gateway.clients.comfy.tracker - INFO - Starting WebSocket listener
2026-01-12 20:32:42,592 - temporal_gateway.clients.comfy.websocket - INFO - Connecting to WebSocket: ws://procure-x.testmcp.org/ws?clientId=578c9182-b629-4bc5-a152-29561bbd0b07
2026-01-12 20:32:42,625 - httpx - INFO - HTTP Request: POST http://procure-x.testmcp.org/prompt "HTTP/1.1 200 OK"
2026-01-12 20:32:42,626 - temporal_gateway.clients.comfy.client - INFO - Workflow queued with prompt_id: 546848fd-237a-4a19-8fa3-bfb4098d3cae
2026-01-12 20:32:42,626 - temporal_gateway.clients.comfy.tracker - INFO - Starting execution tracking for prompt 546848fd-237a-4a19-8fa3-bfb4098d3cae
2026-01-12 20:32:42,627 - temporal_gateway.clients.comfy.tracker - INFO - Starting history polling
2026-01-12 20:32:42,628 - temporal_gateway.clients.comfy.tracker - INFO - Starting WebSocket listener
2026-01-12 20:32:42,628 - temporal_gateway.clients.comfy.websocket - INFO - Connecting to WebSocket: ws://procure-x.testmcp.org/ws?clientId=4e51dbe6-f923-4e54-a30b-1fa5d162e789
2026-01-12 20:32:42,640 - httpx - INFO - HTTP Request: GET http://procure-x.testmcp.org/history/f0171bd2-162f-40b5-a41a-454ad8631418 "HTTP/1.1 200 OK"
2026-01-12 20:32:42,648 - httpx - INFO - HTTP Request: GET http://procure-x.testmcp.org/history/546848fd-237a-4a19-8fa3-bfb4098d3cae "HTTP/1.1 200 OK"
2026-01-12 20:32:42,658 - temporal_gateway.clients.comfy.websocket - INFO - WebSocket connected successfully
2026-01-12 20:32:42,665 - temporal_gateway.clients.comfy.websocket - INFO - WebSocket connected successfully
2026-01-12 20:32:42,686 - temporal_gateway.clients.comfy.tracker - INFO - [WS] Execution completed successfully
2026-01-12 20:32:43,115 - httpx - INFO - HTTP Request: GET http://procure-x.testmcp.org/history/f0171bd2-162f-40b5-a41a-454ad8631418 "HTTP/1.1 200 OK"
2026-01-12 20:32:43,120 - temporal_gateway.clients.comfy.tracker - INFO - Tracking completed: success (took 0.53s)
2026-01-12 20:32:43,122 - temporalio.activity - INFO - [V3] Workflow completed successfully ({'activity_id': '1', 'activity_type': 'execute_and_track_workflow', 'attempt': 1, 'namespace': 'default', 'task_queue': 'comfyui-gpu-farm', 'workflow_id': 'chain-image-edit-to-video-pipeline-598c3bc0-5758-4618-917d-185ee9b1d29d-extract_frame1', 'workflow_run_id': '019bb2bb-0fa1-77d5-a431-b745cb735b5c', 'workflow_type': 'ComfyUIWorkflow'})
2026-01-12 20:32:43,131 - temporal_gateway.clients.comfy.tracker - INFO - [WS] Execution completed successfully
2026-01-12 20:32:43,152 - httpx - INFO - HTTP Request: GET http://procure-x.testmcp.org/history/546848fd-237a-4a19-8fa3-bfb4098d3cae "HTTP/1.1 200 OK"
2026-01-12 20:32:43,154 - temporal_gateway.clients.comfy.tracker - INFO - Tracking completed: success (took 0.53s)
2026-01-12 20:32:43,154 - temporalio.workflow - INFO - Execution completed successfully ({'attempt': 1, 'namespace': 'default', 'run_id': '019bb2bb-0fa1-77d5-a431-b745cb735b5c', 'task_queue': 'comfyui-gpu-farm', 'workflow_id': 'chain-image-edit-to-video-pipeline-598c3bc0-5758-4618-917d-185ee9b1d29d-extract_frame1', 'workflow_type': 'ComfyUIWorkflow'})
2026-01-12 20:32:43,155 - temporalio.activity - INFO - [V3] Workflow completed successfully ({'activity_id': '1', 'activity_type': 'execute_and_track_workflow', 'attempt': 1, 'namespace': 'default', 'task_queue': 'comfyui-gpu-farm', 'workflow_id': 'chain-image-edit-to-video-pipeline-598c3bc0-5758-4618-917d-185ee9b1d29d-extract_frame2', 'workflow_run_id': '019bb2bb-100c-7e15-aa08-f936da3da249', 'workflow_type': 'ComfyUIWorkflow'})
2026-01-12 20:32:43,165 - temporalio.activity - INFO - Extracting server output files ({'activity_id': '2', 'activity_type': 'get_server_output_files', 'attempt': 1, 'namespace': 'default', 'task_queue': 'comfyui-gpu-farm', 'workflow_id': 'chain-image-edit-to-video-pipeline-598c3bc0-5758-4618-917d-185ee9b1d29d-extract_frame1', 'workflow_run_id': '019bb2bb-0fa1-77d5-a431-b745cb735b5c', 'workflow_type': 'ComfyUIWorkflow'})
2026-01-12 20:32:43,166 - temporalio.activity - INFO - Found 1 output file(s) ({'activity_id': '2', 'activity_type': 'get_server_output_files', 'attempt': 1, 'namespace': 'default', 'task_queue': 'comfyui-gpu-farm', 'workflow_id': 'chain-image-edit-to-video-pipeline-598c3bc0-5758-4618-917d-185ee9b1d29d-extract_frame1', 'workflow_run_id': '019bb2bb-0fa1-77d5-a431-b745cb735b5c', 'workflow_type': 'ComfyUIWorkflow'})
2026-01-12 20:32:43,167 - temporalio.workflow - INFO - Execution completed successfully ({'attempt': 1, 'namespace': 'default', 'run_id': '019bb2bb-100c-7e15-aa08-f936da3da249', 'task_queue': 'comfyui-gpu-farm', 'workflow_id': 'chain-image-edit-to-video-pipeline-598c3bc0-5758-4618-917d-185ee9b1d29d-extract_frame2', 'workflow_type': 'ComfyUIWorkflow'})
2026-01-12 20:32:43,176 - temporalio.workflow - INFO - Found 1 server output file(s) ({'attempt': 1, 'namespace': 'default', 'run_id': '019bb2bb-0fa1-77d5-a431-b745cb735b5c', 'task_queue': 'comfyui-gpu-farm', 'workflow_id': 'chain-image-edit-to-video-pipeline-598c3bc0-5758-4618-917d-185ee9b1d29d-extract_frame1', 'workflow_type': 'ComfyUIWorkflow'})
2026-01-12 20:32:43,177 - temporalio.activity - INFO - Extracting server output files ({'activity_id': '2', 'activity_type': 'get_server_output_files', 'attempt': 1, 'namespace': 'default', 'task_queue': 'comfyui-gpu-farm', 'workflow_id': 'chain-image-edit-to-video-pipeline-598c3bc0-5758-4618-917d-185ee9b1d29d-extract_frame2', 'workflow_run_id': '019bb2bb-100c-7e15-aa08-f936da3da249', 'workflow_type': 'ComfyUIWorkflow'})
2026-01-12 20:32:43,178 - temporalio.activity - INFO - Found 1 output file(s) ({'activity_id': '2', 'activity_type': 'get_server_output_files', 'attempt': 1, 'namespace': 'default', 'task_queue': 'comfyui-gpu-farm', 'workflow_id': 'chain-image-edit-to-video-pipeline-598c3bc0-5758-4618-917d-185ee9b1d29d-extract_frame2', 'workflow_run_id': '019bb2bb-100c-7e15-aa08-f936da3da249', 'workflow_type': 'ComfyUIWorkflow'})
2026-01-12 20:32:43,187 - temporalio.activity - INFO - Downloading and persisting 1 artifact(s) for workflow c4df7da7-49e4-445f-85f1-479508cce39a ({'activity_id': '3', 'activity_type': 'download_and_store_artifacts', 'attempt': 1, 'namespace': 'default', 'task_queue': 'comfyui-gpu-farm', 'workflow_id': 'chain-image-edit-to-video-pipeline-598c3bc0-5758-4618-917d-185ee9b1d29d-extract_frame1', 'workflow_run_id': '019bb2bb-0fa1-77d5-a431-b745cb735b5c', 'workflow_type': 'ComfyUIWorkflow'})
2026-01-12 20:32:43,233 - temporal_gateway.clients.comfy.client - INFO - ComfyUI client initialized for http://procure-x.testmcp.org
2026-01-12 20:32:43,235 - temporalio.workflow - INFO - Found 1 server output file(s) ({'attempt': 1, 'namespace': 'default', 'run_id': '019bb2bb-100c-7e15-aa08-f936da3da249', 'task_queue': 'comfyui-gpu-farm', 'workflow_id': 'chain-image-edit-to-video-pipeline-598c3bc0-5758-4618-917d-185ee9b1d29d-extract_frame2', 'workflow_type': 'ComfyUIWorkflow'})
2026-01-12 20:32:43,243 - temporalio.activity - INFO - Downloading and persisting 1 artifact(s) for workflow cb6a2e6c-b9a1-4151-b5e5-126728c5b952 ({'activity_id': '3', 'activity_type': 'download_and_store_artifacts', 'attempt': 1, 'namespace': 'default', 'task_queue': 'comfyui-gpu-farm', 'workflow_id': 'chain-image-edit-to-video-pipeline-598c3bc0-5758-4618-917d-185ee9b1d29d-extract_frame2', 'workflow_run_id': '019bb2bb-100c-7e15-aa08-f936da3da249', 'workflow_type': 'ComfyUIWorkflow'})
2026-01-12 20:32:43,288 - temporal_gateway.clients.comfy.client - INFO - ComfyUI client initialized for http://procure-x.testmcp.org
2026-01-12 20:32:43,331 - httpx - INFO - HTTP Request: GET http://procure-x.testmcp.org/view?filename=ComfyUI_00242_.png&type=output "HTTP/1.1 200 OK"
2026-01-12 20:32:43,379 - httpx - INFO - HTTP Request: GET http://procure-x.testmcp.org/view?filename=ComfyUI_00241_.png&type=output "HTTP/1.1 200 OK"
2026-01-12 20:32:43,395 - temporalio.activity - INFO - ✓ Saved artifact to DB: 05a35975-670b-4576-9682-9f3091e85b2e (ComfyUI_00242_.png) ({'activity_id': '3', 'activity_type': 'download_and_store_artifacts', 'attempt': 1, 'namespace': 'default', 'task_queue': 'comfyui-gpu-farm', 'workflow_id': 'chain-image-edit-to-video-pipeline-598c3bc0-5758-4618-917d-185ee9b1d29d-extract_frame2', 'workflow_run_id': '019bb2bb-100c-7e15-aa08-f936da3da249', 'workflow_type': 'ComfyUIWorkflow'})
2026-01-12 20:32:43,396 - temporalio.activity - INFO - Downloaded and persisted 1 artifact(s) ({'activity_id': '3', 'activity_type': 'download_and_store_artifacts', 'attempt': 1, 'namespace': 'default', 'task_queue': 'comfyui-gpu-farm', 'workflow_id': 'chain-image-edit-to-video-pipeline-598c3bc0-5758-4618-917d-185ee9b1d29d-extract_frame2', 'workflow_run_id': '019bb2bb-100c-7e15-aa08-f936da3da249', 'workflow_type': 'ComfyUIWorkflow'})
2026-01-12 20:32:43,406 - temporalio.workflow - INFO - Downloaded 1 file(s) locally ({'attempt': 1, 'namespace': 'default', 'run_id': '019bb2bb-100c-7e15-aa08-f936da3da249', 'task_queue': 'comfyui-gpu-farm', 'workflow_id': 'chain-image-edit-to-video-pipeline-598c3bc0-5758-4618-917d-185ee9b1d29d-extract_frame2', 'workflow_type': 'ComfyUIWorkflow'})
2026-01-12 20:32:43,428 - temporalio.activity - INFO - Updating workflow cb6a2e6c-b9a1-4151-b5e5-126728c5b952 status to: completed ({'activity_id': '11', 'activity_type': 'update_workflow_status_activity', 'attempt': 1, 'namespace': 'default', 'task_queue': 'comfyui-gpu-farm', 'workflow_id': 'chain-image-edit-to-video-pipeline-598c3bc0-5758-4618-917d-185ee9b1d29d', 'workflow_run_id': '019bb2bb-0e32-7c04-8642-fcb07663bfea', 'workflow_type': 'ChainExecutorWorkflow'})
2026-01-12 20:32:43,432 - temporalio.activity - INFO - ✓ Updated workflow status ({'activity_id': '11', 'activity_type': 'update_workflow_status_activity', 'attempt': 1, 'namespace': 'default', 'task_queue': 'comfyui-gpu-farm', 'workflow_id': 'chain-image-edit-to-video-pipeline-598c3bc0-5758-4618-917d-185ee9b1d29d', 'workflow_run_id': '019bb2bb-0e32-7c04-8642-fcb07663bfea', 'workflow_type': 'ChainExecutorWorkflow'})
2026-01-12 20:32:43,440 - temporalio.workflow - INFO - Step extract_frame2: Approval required, fetching artifacts... ({'attempt': 1, 'namespace': 'default', 'run_id': '019bb2bb-0e32-7c04-8642-fcb07663bfea', 'task_queue': 'comfyui-gpu-farm', 'workflow_id': 'chain-image-edit-to-video-pipeline-598c3bc0-5758-4618-917d-185ee9b1d29d', 'workflow_type': 'ChainExecutorWorkflow'})
2026-01-12 20:32:43,449 - temporalio.activity - INFO - Getting artifacts for workflow: cb6a2e6c-b9a1-4151-b5e5-126728c5b952 ({'activity_id': '12', 'activity_type': 'get_workflow_artifacts', 'attempt': 1, 'namespace': 'default', 'task_queue': 'comfyui-gpu-farm', 'workflow_id': 'chain-image-edit-to-video-pipeline-598c3bc0-5758-4618-917d-185ee9b1d29d', 'workflow_run_id': '019bb2bb-0e32-7c04-8642-fcb07663bfea', 'workflow_type': 'ChainExecutorWorkflow'})
2026-01-12 20:32:43,467 - temporalio.activity - INFO - Creating approval request for artifact: 05a35975-670b-4576-9682-9f3091e85b2e ({'activity_id': '13', 'activity_type': 'create_approval_request_activity', 'attempt': 1, 'namespace': 'default', 'task_queue': 'comfyui-gpu-farm', 'workflow_id': 'chain-image-edit-to-video-pipeline-598c3bc0-5758-4618-917d-185ee9b1d29d', 'workflow_run_id': '019bb2bb-0e32-7c04-8642-fcb07663bfea', 'workflow_type': 'ChainExecutorWorkflow'})
2026-01-12 20:32:43,475 - temporalio.activity - INFO - ✓ Created approval request: d227e171-25df-4273-a96f-b6a20c893ab2, token: wGvCCPV9cuDEUaIk... ({'activity_id': '13', 'activity_type': 'create_approval_request_activity', 'attempt': 1, 'namespace': 'default', 'task_queue': 'comfyui-gpu-farm', 'workflow_id': 'chain-image-edit-to-video-pipeline-598c3bc0-5758-4618-917d-185ee9b1d29d', 'workflow_run_id': '019bb2bb-0e32-7c04-8642-fcb07663bfea', 'workflow_type': 'ChainExecutorWorkflow'})
2026-01-12 20:32:43,476 - temporal_gateway.services.broadcast - INFO - Published approval_requested to chain:89a2d7e3-e299-442a-8dfc-ed8ca4829bf0
2026-01-12 20:32:43,476 - temporalio.activity - INFO - Published approval_requested event for chain 89a2d7e3-e299-442a-8dfc-ed8ca4829bf0 ({'activity_id': '13', 'activity_type': 'create_approval_request_activity', 'attempt': 1, 'namespace': 'default', 'task_queue': 'comfyui-gpu-farm', 'workflow_id': 'chain-image-edit-to-video-pipeline-598c3bc0-5758-4618-917d-185ee9b1d29d', 'workflow_run_id': '019bb2bb-0e32-7c04-8642-fcb07663bfea', 'workflow_type': 'ChainExecutorWorkflow'})
2026-01-12 20:32:43,486 - temporalio.workflow - INFO - Step extract_frame2: Approval request created, token: wGvCCPV9cuDEUaIk... ({'attempt': 1, 'namespace': 'default', 'run_id': '019bb2bb-0e32-7c04-8642-fcb07663bfea', 'task_queue': 'comfyui-gpu-farm', 'workflow_id': 'chain-image-edit-to-video-pipeline-598c3bc0-5758-4618-917d-185ee9b1d29d', 'workflow_type': 'ChainExecutorWorkflow'})
2026-01-12 20:32:43,745 - temporalio.activity - INFO - ✓ Saved artifact to DB: ef96e598-36eb-4e78-80ee-8006ef19bf4e (ComfyUI_00241_.png) ({'activity_id': '3', 'activity_type': 'download_and_store_artifacts', 'attempt': 1, 'namespace': 'default', 'task_queue': 'comfyui-gpu-farm', 'workflow_id': 'chain-image-edit-to-video-pipeline-598c3bc0-5758-4618-917d-185ee9b1d29d-extract_frame1', 'workflow_run_id': '019bb2bb-0fa1-77d5-a431-b745cb735b5c', 'workflow_type': 'ComfyUIWorkflow'})
2026-01-12 20:32:43,746 - temporalio.activity - INFO - Downloaded and persisted 1 artifact(s) ({'activity_id': '3', 'activity_type': 'download_and_store_artifacts', 'attempt': 1, 'namespace': 'default', 'task_queue': 'comfyui-gpu-farm', 'workflow_id': 'chain-image-edit-to-video-pipeline-598c3bc0-5758-4618-917d-185ee9b1d29d-extract_frame1', 'workflow_run_id': '019bb2bb-0fa1-77d5-a431-b745cb735b5c', 'workflow_type': 'ComfyUIWorkflow'})
2026-01-12 20:32:43,757 - temporalio.workflow - INFO - Downloaded 1 file(s) locally ({'attempt': 1, 'namespace': 'default', 'run_id': '019bb2bb-0fa1-77d5-a431-b745cb735b5c', 'task_queue': 'comfyui-gpu-farm', 'workflow_id': 'chain-image-edit-to-video-pipeline-598c3bc0-5758-4618-917d-185ee9b1d29d-extract_frame1', 'workflow_type': 'ComfyUIWorkflow'})
2026-01-12 20:32:43,778 - temporalio.activity - INFO - Updating workflow c4df7da7-49e4-445f-85f1-479508cce39a status to: completed ({'activity_id': '14', 'activity_type': 'update_workflow_status_activity', 'attempt': 1, 'namespace': 'default', 'task_queue': 'comfyui-gpu-farm', 'workflow_id': 'chain-image-edit-to-video-pipeline-598c3bc0-5758-4618-917d-185ee9b1d29d', 'workflow_run_id': '019bb2bb-0e32-7c04-8642-fcb07663bfea', 'workflow_type': 'ChainExecutorWorkflow'})
2026-01-12 20:32:43,782 - temporalio.activity - INFO - ✓ Updated workflow status ({'activity_id': '14', 'activity_type': 'update_workflow_status_activity', 'attempt': 1, 'namespace': 'default', 'task_queue': 'comfyui-gpu-farm', 'workflow_id': 'chain-image-edit-to-video-pipeline-598c3bc0-5758-4618-917d-185ee9b1d29d', 'workflow_run_id': '019bb2bb-0e32-7c04-8642-fcb07663bfea', 'workflow_type': 'ChainExecutorWorkflow'})
2026-01-12 20:32:43,791 - temporalio.workflow - INFO - Step extract_frame1: Approval required, fetching artifacts... ({'attempt': 1, 'namespace': 'default', 'run_id': '019bb2bb-0e32-7c04-8642-fcb07663bfea', 'task_queue': 'comfyui-gpu-farm', 'workflow_id': 'chain-image-edit-to-video-pipeline-598c3bc0-5758-4618-917d-185ee9b1d29d', 'workflow_type': 'ChainExecutorWorkflow'})
2026-01-12 20:32:43,800 - temporalio.activity - INFO - Getting artifacts for workflow: c4df7da7-49e4-445f-85f1-479508cce39a ({'activity_id': '15', 'activity_type': 'get_workflow_artifacts', 'attempt': 1, 'namespace': 'default', 'task_queue': 'comfyui-gpu-farm', 'workflow_id': 'chain-image-edit-to-video-pipeline-598c3bc0-5758-4618-917d-185ee9b1d29d', 'workflow_run_id': '019bb2bb-0e32-7c04-8642-fcb07663bfea', 'workflow_type': 'ChainExecutorWorkflow'})
2026-01-12 20:32:43,818 - temporalio.activity - INFO - Creating approval request for artifact: ef96e598-36eb-4e78-80ee-8006ef19bf4e ({'activity_id': '16', 'activity_type': 'create_approval_request_activity', 'attempt': 1, 'namespace': 'default', 'task_queue': 'comfyui-gpu-farm', 'workflow_id': 'chain-image-edit-to-video-pipeline-598c3bc0-5758-4618-917d-185ee9b1d29d', 'workflow_run_id': '019bb2bb-0e32-7c04-8642-fcb07663bfea', 'workflow_type': 'ChainExecutorWorkflow'})
2026-01-12 20:32:43,822 - temporalio.activity - INFO - ✓ Created approval request: 31564ee0-f2e8-4dab-8fae-b47173b1b18d, token: 4kQRJLhOD9iuJ3Lt... ({'activity_id': '16', 'activity_type': 'create_approval_request_activity', 'attempt': 1, 'namespace': 'default', 'task_queue': 'comfyui-gpu-farm', 'workflow_id': 'chain-image-edit-to-video-pipeline-598c3bc0-5758-4618-917d-185ee9b1d29d', 'workflow_run_id': '019bb2bb-0e32-7c04-8642-fcb07663bfea', 'workflow_type': 'ChainExecutorWorkflow'})
2026-01-12 20:32:43,823 - temporal_gateway.services.broadcast - INFO - Published approval_requested to chain:89a2d7e3-e299-442a-8dfc-ed8ca4829bf0
2026-01-12 20:32:43,823 - temporalio.activity - INFO - Published approval_requested event for chain 89a2d7e3-e299-442a-8dfc-ed8ca4829bf0 ({'activity_id': '16', 'activity_type': 'create_approval_request_activity', 'attempt': 1, 'namespace': 'default', 'task_queue': 'comfyui-gpu-farm', 'workflow_id': 'chain-image-edit-to-video-pipeline-598c3bc0-5758-4618-917d-185ee9b1d29d', 'workflow_run_id': '019bb2bb-0e32-7c04-8642-fcb07663bfea', 'workflow_type': 'ChainExecutorWorkflow'})
2026-01-12 20:32:43,834 - temporalio.workflow - INFO - Step extract_frame1: Approval request created, token: 4kQRJLhOD9iuJ3Lt... ({'attempt': 1, 'namespace': 'default', 'run_id': '019bb2bb-0e32-7c04-8642-fcb07663bfea', 'task_queue': 'comfyui-gpu-farm', 'workflow_id': 'chain-image-edit-to-video-pipeline-598c3bc0-5758-4618-917d-185ee9b1d29d', 'workflow_type': 'ChainExecutorWorkflow'})
2026-01-12 20:34:43,849 - temporalio.workflow - INFO - Starting chain execution: image-edit-to-video-pipeline ({'attempt': 1, 'namespace': 'default', 'run_id': '019bb2b7-517e-79c5-b2d8-2117b70da5d5', 'task_queue': 'comfyui-gpu-farm', 'workflow_id': 'chain-image-edit-to-video-pipeline-5e6840d2-0338-49d0-9ff6-d0b57516e116', 'workflow_type': 'ChainExecutorWorkflow'})
2026-01-12 20:34:43,849 - temporalio.workflow - INFO - Retry number: 0 ({'attempt': 1, 'namespace': 'default', 'run_id': '019bb2b7-517e-79c5-b2d8-2117b70da5d5', 'task_queue': 'comfyui-gpu-farm', 'workflow_id': 'chain-image-edit-to-video-pipeline-5e6840d2-0338-49d0-9ff6-d0b57516e116', 'workflow_type': 'ChainExecutorWorkflow'})
2026-01-12 20:34:43,849 - temporalio.workflow - INFO - Cached steps: [] ({'attempt': 1, 'namespace': 'default', 'run_id': '019bb2b7-517e-79c5-b2d8-2117b70da5d5', 'task_queue': 'comfyui-gpu-farm', 'workflow_id': 'chain-image-edit-to-video-pipeline-5e6840d2-0338-49d0-9ff6-d0b57516e116', 'workflow_type': 'ChainExecutorWorkflow'})
2026-01-12 20:34:43,849 - temporalio.workflow - INFO - Total levels: 3 ({'attempt': 1, 'namespace': 'default', 'run_id': '019bb2b7-517e-79c5-b2d8-2117b70da5d5', 'task_queue': 'comfyui-gpu-farm', 'workflow_id': 'chain-image-edit-to-video-pipeline-5e6840d2-0338-49d0-9ff6-d0b57516e116', 'workflow_type': 'ChainExecutorWorkflow'})
2026-01-12 20:34:43,861 - temporalio.activity - INFO - Creating chain record: image-edit-to-video-pipeline ({'activity_id': '1', 'activity_type': 'create_chain_record', 'attempt': 1, 'namespace': 'default', 'task_queue': 'comfyui-gpu-farm', 'workflow_id': 'chain-image-edit-to-video-pipeline-5e6840d2-0338-49d0-9ff6-d0b57516e116', 'workflow_run_id': '019bb2b7-517e-79c5-b2d8-2117b70da5d5', 'workflow_type': 'ChainExecutorWorkflow'})
2026-01-12 20:34:43,865 - temporalio.activity - INFO - ✓ Created chain record: 7d6c94aa-1038-4d71-a3ee-fb99f883cf4a ({'activity_id': '1', 'activity_type': 'create_chain_record', 'attempt': 1, 'namespace': 'default', 'task_queue': 'comfyui-gpu-farm', 'workflow_id': 'chain-image-edit-to-video-pipeline-5e6840d2-0338-49d0-9ff6-d0b57516e116', 'workflow_run_id': '019bb2b7-517e-79c5-b2d8-2117b70da5d5', 'workflow_type': 'ChainExecutorWorkflow'})
2026-01-12 20:34:43,877 - temporalio.workflow - INFO - Created chain record: 7d6c94aa-1038-4d71-a3ee-fb99f883cf4a ({'attempt': 1, 'namespace': 'default', 'run_id': '019bb2b7-517e-79c5-b2d8-2117b70da5d5', 'task_queue': 'comfyui-gpu-farm', 'workflow_id': 'chain-image-edit-to-video-pipeline-5e6840d2-0338-49d0-9ff6-d0b57516e116', 'workflow_type': 'ChainExecutorWorkflow'})
2026-01-12 20:34:43,887 - temporalio.activity - INFO - Updating chain 7d6c94aa-1038-4d71-a3ee-fb99f883cf4a status to: executing_level_0 ({'activity_id': '2', 'activity_type': 'update_chain_status_activity', 'attempt': 1, 'namespace': 'default', 'task_queue': 'comfyui-gpu-farm', 'workflow_id': 'chain-image-edit-to-video-pipeline-5e6840d2-0338-49d0-9ff6-d0b57516e116', 'workflow_run_id': '019bb2b7-517e-79c5-b2d8-2117b70da5d5', 'workflow_type': 'ChainExecutorWorkflow'})
2026-01-12 20:34:43,892 - temporalio.activity - INFO - ✓ Updated chain status ({'activity_id': '2', 'activity_type': 'update_chain_status_activity', 'attempt': 1, 'namespace': 'default', 'task_queue': 'comfyui-gpu-farm', 'workflow_id': 'chain-image-edit-to-video-pipeline-5e6840d2-0338-49d0-9ff6-d0b57516e116', 'workflow_run_id': '019bb2b7-517e-79c5-b2d8-2117b70da5d5', 'workflow_type': 'ChainExecutorWorkflow'})
2026-01-12 20:34:43,903 - temporalio.workflow - INFO - Level 0: Executing 2 step(s) ({'attempt': 1, 'namespace': 'default', 'run_id': '019bb2b7-517e-79c5-b2d8-2117b70da5d5', 'task_queue': 'comfyui-gpu-farm', 'workflow_id': 'chain-image-edit-to-video-pipeline-5e6840d2-0338-49d0-9ff6-d0b57516e116', 'workflow_type': 'ChainExecutorWorkflow'})
2026-01-12 20:34:43,904 - temporalio.workflow - INFO - Executing step: extract_frame1 ({'attempt': 1, 'namespace': 'default', 'run_id': '019bb2b7-517e-79c5-b2d8-2117b70da5d5', 'task_queue': 'comfyui-gpu-farm', 'workflow_id': 'chain-image-edit-to-video-pipeline-5e6840d2-0338-49d0-9ff6-d0b57516e116', 'workflow_type': 'ChainExecutorWorkflow'})
2026-01-12 20:34:43,904 - temporalio.workflow - INFO - Executing step: extract_frame2 ({'attempt': 1, 'namespace': 'default', 'run_id': '019bb2b7-517e-79c5-b2d8-2117b70da5d5', 'task_queue': 'comfyui-gpu-farm', 'workflow_id': 'chain-image-edit-to-video-pipeline-5e6840d2-0338-49d0-9ff6-d0b57516e116', 'workflow_type': 'ChainExecutorWorkflow'})
2026-01-12 20:34:43,916 - temporalio.activity - INFO - Resolving templates in parameters ({'activity_id': '3', 'activity_type': 'resolve_chain_templates', 'attempt': 1, 'namespace': 'default', 'task_queue': 'comfyui-gpu-farm', 'workflow_id': 'chain-image-edit-to-video-pipeline-5e6840d2-0338-49d0-9ff6-d0b57516e116', 'workflow_run_id': '019bb2b7-517e-79c5-b2d8-2117b70da5d5', 'workflow_type': 'ChainExecutorWorkflow'})
2026-01-12 20:34:43,917 - temporalio.activity - INFO - Templates resolved successfully ({'activity_id': '3', 'activity_type': 'resolve_chain_templates', 'attempt': 1, 'namespace': 'default', 'task_queue': 'comfyui-gpu-farm', 'workflow_id': 'chain-image-edit-to-video-pipeline-5e6840d2-0338-49d0-9ff6-d0b57516e116', 'workflow_run_id': '019bb2b7-517e-79c5-b2d8-2117b70da5d5', 'workflow_type': 'ChainExecutorWorkflow'})
2026-01-12 20:34:43,920 - temporalio.activity - INFO - Resolving templates in parameters ({'activity_id': '4', 'activity_type': 'resolve_chain_templates', 'attempt': 1, 'namespace': 'default', 'task_queue': 'comfyui-gpu-farm', 'workflow_id': 'chain-image-edit-to-video-pipeline-5e6840d2-0338-49d0-9ff6-d0b57516e116', 'workflow_run_id': '019bb2b7-517e-79c5-b2d8-2117b70da5d5', 'workflow_type': 'ChainExecutorWorkflow'})
2026-01-12 20:34:43,920 - temporalio.activity - INFO - Templates resolved successfully ({'activity_id': '4', 'activity_type': 'resolve_chain_templates', 'attempt': 1, 'namespace': 'default', 'task_queue': 'comfyui-gpu-farm', 'workflow_id': 'chain-image-edit-to-video-pipeline-5e6840d2-0338-49d0-9ff6-d0b57516e116', 'workflow_run_id': '019bb2b7-517e-79c5-b2d8-2117b70da5d5', 'workflow_type': 'ChainExecutorWorkflow'})
2026-01-12 20:34:43,933 - temporalio.workflow - INFO - Step extract_frame1: Resolved parameters ({'attempt': 1, 'namespace': 'default', 'run_id': '019bb2b7-517e-79c5-b2d8-2117b70da5d5', 'task_queue': 'comfyui-gpu-farm', 'workflow_id': 'chain-image-edit-to-video-pipeline-5e6840d2-0338-49d0-9ff6-d0b57516e116', 'workflow_type': 'ChainExecutorWorkflow'})
2026-01-12 20:34:43,934 - temporalio.workflow - INFO - Step extract_frame2: Resolved parameters ({'attempt': 1, 'namespace': 'default', 'run_id': '019bb2b7-517e-79c5-b2d8-2117b70da5d5', 'task_queue': 'comfyui-gpu-farm', 'workflow_id': 'chain-image-edit-to-video-pipeline-5e6840d2-0338-49d0-9ff6-d0b57516e116', 'workflow_type': 'ChainExecutorWorkflow'})
2026-01-12 20:34:43,945 - temporalio.activity - INFO - Applying parameters to workflow: imageSave ({'activity_id': '6', 'activity_type': 'apply_workflow_parameters', 'attempt': 1, 'namespace': 'default', 'task_queue': 'comfyui-gpu-farm', 'workflow_id': 'chain-image-edit-to-video-pipeline-5e6840d2-0338-49d0-9ff6-d0b57516e116', 'workflow_run_id': '019bb2b7-517e-79c5-b2d8-2117b70da5d5', 'workflow_type': 'ChainExecutorWorkflow'})
2026-01-12 20:34:43,946 - temporal_gateway.registry - INFO - Applied override: 1.frame_load_cap = 1
2026-01-12 20:34:43,946 - temporal_gateway.registry - INFO - Applied override: 1.select_every_nth = 1
2026-01-12 20:34:43,946 - temporal_gateway.registry - INFO - Applied override: 1.skip_first_frames = 172
2026-01-12 20:34:43,946 - temporal_gateway.registry - INFO - Applied override: 1.video = ComfyUI_00012_.mp4
2026-01-12 20:34:43,946 - temporalio.activity - INFO - Parameters applied successfully ({'activity_id': '6', 'activity_type': 'apply_workflow_parameters', 'attempt': 1, 'namespace': 'default', 'task_queue': 'comfyui-gpu-farm', 'workflow_id': 'chain-image-edit-to-video-pipeline-5e6840d2-0338-49d0-9ff6-d0b57516e116', 'workflow_run_id': '019bb2b7-517e-79c5-b2d8-2117b70da5d5', 'workflow_type': 'ChainExecutorWorkflow'})
2026-01-12 20:34:43,949 - temporalio.activity - INFO - Applying parameters to workflow: imageSave ({'activity_id': '5', 'activity_type': 'apply_workflow_parameters', 'attempt': 1, 'namespace': 'default', 'task_queue': 'comfyui-gpu-farm', 'workflow_id': 'chain-image-edit-to-video-pipeline-5e6840d2-0338-49d0-9ff6-d0b57516e116', 'workflow_run_id': '019bb2b7-517e-79c5-b2d8-2117b70da5d5', 'workflow_type': 'ChainExecutorWorkflow'})
2026-01-12 20:34:43,949 - temporal_gateway.registry - INFO - Applied override: 1.frame_load_cap = 1
2026-01-12 20:34:43,949 - temporal_gateway.registry - INFO - Applied override: 1.select_every_nth = 1
2026-01-12 20:34:43,949 - temporal_gateway.registry - INFO - Applied override: 1.skip_first_frames = 0
2026-01-12 20:34:43,949 - temporal_gateway.registry - INFO - Applied override: 1.video = ComfyUI_00012_.mp4
2026-01-12 20:34:43,949 - temporalio.activity - INFO - Parameters applied successfully ({'activity_id': '5', 'activity_type': 'apply_workflow_parameters', 'attempt': 1, 'namespace': 'default', 'task_queue': 'comfyui-gpu-farm', 'workflow_id': 'chain-image-edit-to-video-pipeline-5e6840d2-0338-49d0-9ff6-d0b57516e116', 'workflow_run_id': '019bb2b7-517e-79c5-b2d8-2117b70da5d5', 'workflow_type': 'ChainExecutorWorkflow'})
2026-01-12 20:34:43,971 - temporalio.activity - INFO - Selecting server with strategy: least_loaded ({'activity_id': '8', 'activity_type': 'select_best_server', 'attempt': 1, 'namespace': 'default', 'task_queue': 'comfyui-gpu-farm', 'workflow_id': 'chain-image-edit-to-video-pipeline-5e6840d2-0338-49d0-9ff6-d0b57516e116', 'workflow_run_id': '019bb2b7-517e-79c5-b2d8-2117b70da5d5', 'workflow_type': 'ChainExecutorWorkflow'})
2026-01-12 20:34:44,037 - temporalio.activity - INFO - Selecting server with strategy: least_loaded ({'activity_id': '7', 'activity_type': 'select_best_server', 'attempt': 1, 'namespace': 'default', 'task_queue': 'comfyui-gpu-farm', 'workflow_id': 'chain-image-edit-to-video-pipeline-5e6840d2-0338-49d0-9ff6-d0b57516e116', 'workflow_run_id': '019bb2b7-517e-79c5-b2d8-2117b70da5d5', 'workflow_type': 'ChainExecutorWorkflow'})
2026-01-12 20:34:44,135 - httpx - INFO - HTTP Request: GET http://procure-x.testmcp.org/system_stats "HTTP/1.1 200 OK"
2026-01-12 20:34:44,146 - httpx - INFO - HTTP Request: GET http://procure-x.testmcp.org/system_stats "HTTP/1.1 200 OK"
2026-01-12 20:34:44,151 - httpx - INFO - HTTP Request: GET http://procure-x.testmcp.org/queue "HTTP/1.1 200 OK"
2026-01-12 20:34:44,152 - temporal_gateway.servers.load_balancer - INFO - Selected server procure-x (queue_depth=0, gpu_mem=0.0%)
2026-01-12 20:34:44,152 - temporalio.activity - INFO - Selected server: procure-x (http://procure-x.testmcp.org) ({'activity_id': '8', 'activity_type': 'select_best_server', 'attempt': 1, 'namespace': 'default', 'task_queue': 'comfyui-gpu-farm', 'workflow_id': 'chain-image-edit-to-video-pipeline-5e6840d2-0338-49d0-9ff6-d0b57516e116', 'workflow_run_id': '019bb2b7-517e-79c5-b2d8-2117b70da5d5', 'workflow_type': 'ChainExecutorWorkflow'})
2026-01-12 20:34:44,162 - httpx - INFO - HTTP Request: GET http://procure-x.testmcp.org/queue "HTTP/1.1 200 OK"
2026-01-12 20:34:44,163 - temporal_gateway.servers.load_balancer - INFO - Selected server procure-x (queue_depth=0, gpu_mem=0.0%)
2026-01-12 20:34:44,164 - temporalio.activity - INFO - Selected server: procure-x (http://procure-x.testmcp.org) ({'activity_id': '7', 'activity_type': 'select_best_server', 'attempt': 1, 'namespace': 'default', 'task_queue': 'comfyui-gpu-farm', 'workflow_id': 'chain-image-edit-to-video-pipeline-5e6840d2-0338-49d0-9ff6-d0b57516e116', 'workflow_run_id': '019bb2b7-517e-79c5-b2d8-2117b70da5d5', 'workflow_type': 'ChainExecutorWorkflow'})
2026-01-12 20:34:44,164 - temporalio.workflow - INFO - Step extract_frame1: Selected target server: http://procure-x.testmcp.org ({'attempt': 1, 'namespace': 'default', 'run_id': '019bb2b7-517e-79c5-b2d8-2117b70da5d5', 'task_queue': 'comfyui-gpu-farm', 'workflow_id': 'chain-image-edit-to-video-pipeline-5e6840d2-0338-49d0-9ff6-d0b57516e116', 'workflow_type': 'ChainExecutorWorkflow'})
2026-01-12 20:34:44,174 - temporalio.workflow - INFO - Step extract_frame2: Selected target server: http://procure-x.testmcp.org ({'attempt': 1, 'namespace': 'default', 'run_id': '019bb2b7-517e-79c5-b2d8-2117b70da5d5', 'task_queue': 'comfyui-gpu-farm', 'workflow_id': 'chain-image-edit-to-video-pipeline-5e6840d2-0338-49d0-9ff6-d0b57516e116', 'workflow_type': 'ChainExecutorWorkflow'})
2026-01-12 20:34:44,177 - temporalio.activity - INFO - Creating workflow record: imageSave (prompt: pending) ({'activity_id': '9', 'activity_type': 'create_workflow_record', 'attempt': 1, 'namespace': 'default', 'task_queue': 'comfyui-gpu-farm', 'workflow_id': 'chain-image-edit-to-video-pipeline-5e6840d2-0338-49d0-9ff6-d0b57516e116', 'workflow_run_id': '019bb2b7-517e-79c5-b2d8-2117b70da5d5', 'workflow_type': 'ChainExecutorWorkflow'})
2026-01-12 20:34:44,183 - temporalio.activity - INFO - ✓ Created workflow record: a03536a2-5757-41d5-a55d-484bee42e481 ({'activity_id': '9', 'activity_type': 'create_workflow_record', 'attempt': 1, 'namespace': 'default', 'task_queue': 'comfyui-gpu-farm', 'workflow_id': 'chain-image-edit-to-video-pipeline-5e6840d2-0338-49d0-9ff6-d0b57516e116', 'workflow_run_id': '019bb2b7-517e-79c5-b2d8-2117b70da5d5', 'workflow_type': 'ChainExecutorWorkflow'})
2026-01-12 20:34:44,186 - temporalio.activity - INFO - Creating workflow record: imageSave (prompt: pending) ({'activity_id': '10', 'activity_type': 'create_workflow_record', 'attempt': 1, 'namespace': 'default', 'task_queue': 'comfyui-gpu-farm', 'workflow_id': 'chain-image-edit-to-video-pipeline-5e6840d2-0338-49d0-9ff6-d0b57516e116', 'workflow_run_id': '019bb2b7-517e-79c5-b2d8-2117b70da5d5', 'workflow_type': 'ChainExecutorWorkflow'})
2026-01-12 20:34:44,191 - temporalio.activity - INFO - ✓ Created workflow record: 9fa901b8-a66e-424d-8f40-169dd60968de ({'activity_id': '10', 'activity_type': 'create_workflow_record', 'attempt': 1, 'namespace': 'default', 'task_queue': 'comfyui-gpu-farm', 'workflow_id': 'chain-image-edit-to-video-pipeline-5e6840d2-0338-49d0-9ff6-d0b57516e116', 'workflow_run_id': '019bb2b7-517e-79c5-b2d8-2117b70da5d5', 'workflow_type': 'ChainExecutorWorkflow'})
2026-01-12 20:34:44,195 - temporalio.workflow - INFO - Step extract_frame1: Created workflow record a03536a2-5757-41d5-a55d-484bee42e481 ({'attempt': 1, 'namespace': 'default', 'run_id': '019bb2b7-517e-79c5-b2d8-2117b70da5d5', 'task_queue': 'comfyui-gpu-farm', 'workflow_id': 'chain-image-edit-to-video-pipeline-5e6840d2-0338-49d0-9ff6-d0b57516e116', 'workflow_type': 'ChainExecutorWorkflow'})
2026-01-12 20:34:44,203 - temporalio.workflow - INFO - Step extract_frame2: Created workflow record 9fa901b8-a66e-424d-8f40-169dd60968de ({'attempt': 1, 'namespace': 'default', 'run_id': '019bb2b7-517e-79c5-b2d8-2117b70da5d5', 'task_queue': 'comfyui-gpu-farm', 'workflow_id': 'chain-image-edit-to-video-pipeline-5e6840d2-0338-49d0-9ff6-d0b57516e116', 'workflow_type': 'ChainExecutorWorkflow'})
2026-01-12 20:34:44,232 - temporalio.workflow - INFO - Starting ComfyUI workflow execution ({'attempt': 1, 'namespace': 'default', 'run_id': '019bb2bc-ebaa-76c5-9982-3e9de323a695', 'task_queue': 'comfyui-gpu-farm', 'workflow_id': 'chain-image-edit-to-video-pipeline-5e6840d2-0338-49d0-9ff6-d0b57516e116-extract_frame1', 'workflow_type': 'ComfyUIWorkflow'})
2026-01-12 20:34:44,233 - temporalio.workflow - INFO - Generated client_id: 0a229537-8bdb-443b-8023-f74a3e2cfeca ({'attempt': 1, 'namespace': 'default', 'run_id': '019bb2bc-ebaa-76c5-9982-3e9de323a695', 'task_queue': 'comfyui-gpu-farm', 'workflow_id': 'chain-image-edit-to-video-pipeline-5e6840d2-0338-49d0-9ff6-d0b57516e116-extract_frame1', 'workflow_type': 'ComfyUIWorkflow'})
2026-01-12 20:34:44,233 - temporalio.workflow - INFO - Using pre-selected server: http://procure-x.testmcp.org ({'attempt': 1, 'namespace': 'default', 'run_id': '019bb2bc-ebaa-76c5-9982-3e9de323a695', 'task_queue': 'comfyui-gpu-farm', 'workflow_id': 'chain-image-edit-to-video-pipeline-5e6840d2-0338-49d0-9ff6-d0b57516e116-extract_frame1', 'workflow_type': 'ComfyUIWorkflow'})
2026-01-12 20:34:44,244 - temporalio.workflow - INFO - Starting ComfyUI workflow execution ({'attempt': 1, 'namespace': 'default', 'run_id': '019bb2bc-ebb5-7ad0-859b-151e362ffc76', 'task_queue': 'comfyui-gpu-farm', 'workflow_id': 'chain-image-edit-to-video-pipeline-5e6840d2-0338-49d0-9ff6-d0b57516e116-extract_frame2', 'workflow_type': 'ComfyUIWorkflow'})
2026-01-12 20:34:44,245 - temporalio.workflow - INFO - Generated client_id: 41acb16f-e1b9-41d0-bc50-160f2a8d7801 ({'attempt': 1, 'namespace': 'default', 'run_id': '019bb2bc-ebb5-7ad0-859b-151e362ffc76', 'task_queue': 'comfyui-gpu-farm', 'workflow_id': 'chain-image-edit-to-video-pipeline-5e6840d2-0338-49d0-9ff6-d0b57516e116-extract_frame2', 'workflow_type': 'ComfyUIWorkflow'})
2026-01-12 20:34:44,246 - temporalio.workflow - INFO - Using pre-selected server: http://procure-x.testmcp.org ({'attempt': 1, 'namespace': 'default', 'run_id': '019bb2bc-ebb5-7ad0-859b-151e362ffc76', 'task_queue': 'comfyui-gpu-farm', 'workflow_id': 'chain-image-edit-to-video-pipeline-5e6840d2-0338-49d0-9ff6-d0b57516e116-extract_frame2', 'workflow_type': 'ComfyUIWorkflow'})
2026-01-12 20:34:44,249 - temporalio.activity - INFO - [V3] Executing workflow on http://procure-x.testmcp.org ({'activity_id': '1', 'activity_type': 'execute_and_track_workflow', 'attempt': 1, 'namespace': 'default', 'task_queue': 'comfyui-gpu-farm', 'workflow_id': 'chain-image-edit-to-video-pipeline-5e6840d2-0338-49d0-9ff6-d0b57516e116-extract_frame1', 'workflow_run_id': '019bb2bc-ebaa-76c5-9982-3e9de323a695', 'workflow_type': 'ComfyUIWorkflow'})
2026-01-12 20:34:44,250 - temporalio.activity - INFO - [V3] Workflow name: imageSave ({'activity_id': '1', 'activity_type': 'execute_and_track_workflow', 'attempt': 1, 'namespace': 'default', 'task_queue': 'comfyui-gpu-farm', 'workflow_id': 'chain-image-edit-to-video-pipeline-5e6840d2-0338-49d0-9ff6-d0b57516e116-extract_frame1', 'workflow_run_id': '019bb2bc-ebaa-76c5-9982-3e9de323a695', 'workflow_type': 'ComfyUIWorkflow'})
2026-01-12 20:34:44,298 - temporal_gateway.clients.comfy.client - INFO - ComfyUI client initialized for http://procure-x.testmcp.org
2026-01-12 20:34:44,299 - temporal_gateway.clients.comfy.client - INFO - Submitting workflow to ComfyUI
2026-01-12 20:34:44,301 - temporalio.activity - INFO - [V3] Executing workflow on http://procure-x.testmcp.org ({'activity_id': '1', 'activity_type': 'execute_and_track_workflow', 'attempt': 1, 'namespace': 'default', 'task_queue': 'comfyui-gpu-farm', 'workflow_id': 'chain-image-edit-to-video-pipeline-5e6840d2-0338-49d0-9ff6-d0b57516e116-extract_frame2', 'workflow_run_id': '019bb2bc-ebb5-7ad0-859b-151e362ffc76', 'workflow_type': 'ComfyUIWorkflow'})
2026-01-12 20:34:44,301 - temporalio.activity - INFO - [V3] Workflow name: imageSave ({'activity_id': '1', 'activity_type': 'execute_and_track_workflow', 'attempt': 1, 'namespace': 'default', 'task_queue': 'comfyui-gpu-farm', 'workflow_id': 'chain-image-edit-to-video-pipeline-5e6840d2-0338-49d0-9ff6-d0b57516e116-extract_frame2', 'workflow_run_id': '019bb2bc-ebb5-7ad0-859b-151e362ffc76', 'workflow_type': 'ComfyUIWorkflow'})
2026-01-12 20:34:44,351 - temporal_gateway.clients.comfy.client - INFO - ComfyUI client initialized for http://procure-x.testmcp.org
2026-01-12 20:34:44,351 - temporal_gateway.clients.comfy.client - INFO - Submitting workflow to ComfyUI
2026-01-12 20:34:44,401 - httpx - INFO - HTTP Request: POST http://procure-x.testmcp.org/prompt "HTTP/1.1 200 OK"
2026-01-12 20:34:44,402 - temporal_gateway.clients.comfy.client - INFO - Workflow queued with prompt_id: 29bade35-67cd-4a39-8760-25dd8ca6f16f
2026-01-12 20:34:44,402 - temporal_gateway.clients.comfy.tracker - INFO - Starting execution tracking for prompt 29bade35-67cd-4a39-8760-25dd8ca6f16f
2026-01-12 20:34:44,402 - temporal_gateway.clients.comfy.tracker - INFO - Starting history polling
2026-01-12 20:34:44,403 - temporal_gateway.clients.comfy.tracker - INFO - Starting WebSocket listener
2026-01-12 20:34:44,403 - temporal_gateway.clients.comfy.websocket - INFO - Connecting to WebSocket: ws://procure-x.testmcp.org/ws?clientId=85364d7a-cada-46df-9b84-184f12d8b267
2026-01-12 20:34:44,767 - httpx - INFO - HTTP Request: POST http://procure-x.testmcp.org/prompt "HTTP/1.1 200 OK"
2026-01-12 20:34:44,768 - temporal_gateway.clients.comfy.client - INFO - Workflow queued with prompt_id: d2d2a7a6-a9c7-49bf-b94e-03bb0f8878b7
2026-01-12 20:34:44,768 - temporal_gateway.clients.comfy.tracker - INFO - Starting execution tracking for prompt d2d2a7a6-a9c7-49bf-b94e-03bb0f8878b7
2026-01-12 20:34:44,768 - temporal_gateway.clients.comfy.websocket - INFO - WebSocket connected successfully
2026-01-12 20:34:44,769 - httpx - INFO - HTTP Request: GET http://procure-x.testmcp.org/history/29bade35-67cd-4a39-8760-25dd8ca6f16f "HTTP/1.1 200 OK"
2026-01-12 20:34:44,770 - temporal_gateway.clients.comfy.tracker - INFO - Starting history polling
2026-01-12 20:34:44,771 - temporal_gateway.clients.comfy.tracker - INFO - Starting WebSocket listener
2026-01-12 20:34:44,771 - temporal_gateway.clients.comfy.websocket - INFO - Connecting to WebSocket: ws://procure-x.testmcp.org/ws?clientId=292a80f5-5e43-402d-8286-9c0dd8175053
2026-01-12 20:34:44,773 - temporal_gateway.clients.comfy.tracker - INFO - [POLL] Found in history: success
2026-01-12 20:34:44,773 - temporal_gateway.clients.comfy.tracker - INFO - Tracking completed: success (took 0.37s)
2026-01-12 20:34:44,774 - temporalio.activity - INFO - [V3] Workflow completed successfully ({'activity_id': '1', 'activity_type': 'execute_and_track_workflow', 'attempt': 1, 'namespace': 'default', 'task_queue': 'comfyui-gpu-farm', 'workflow_id': 'chain-image-edit-to-video-pipeline-5e6840d2-0338-49d0-9ff6-d0b57516e116-extract_frame2', 'workflow_run_id': '019bb2bc-ebb5-7ad0-859b-151e362ffc76', 'workflow_type': 'ComfyUIWorkflow'})
2026-01-12 20:34:44,784 - temporalio.workflow - INFO - Execution completed successfully ({'attempt': 1, 'namespace': 'default', 'run_id': '019bb2bc-ebb5-7ad0-859b-151e362ffc76', 'task_queue': 'comfyui-gpu-farm', 'workflow_id': 'chain-image-edit-to-video-pipeline-5e6840d2-0338-49d0-9ff6-d0b57516e116-extract_frame2', 'workflow_type': 'ComfyUIWorkflow'})
2026-01-12 20:34:44,789 - httpx - INFO - HTTP Request: GET http://procure-x.testmcp.org/history/d2d2a7a6-a9c7-49bf-b94e-03bb0f8878b7 "HTTP/1.1 200 OK"
2026-01-12 20:34:44,793 - temporalio.activity - INFO - Extracting server output files ({'activity_id': '2', 'activity_type': 'get_server_output_files', 'attempt': 1, 'namespace': 'default', 'task_queue': 'comfyui-gpu-farm', 'workflow_id': 'chain-image-edit-to-video-pipeline-5e6840d2-0338-49d0-9ff6-d0b57516e116-extract_frame2', 'workflow_run_id': '019bb2bc-ebb5-7ad0-859b-151e362ffc76', 'workflow_type': 'ComfyUIWorkflow'})
2026-01-12 20:34:44,793 - temporalio.activity - INFO - Found 1 output file(s) ({'activity_id': '2', 'activity_type': 'get_server_output_files', 'attempt': 1, 'namespace': 'default', 'task_queue': 'comfyui-gpu-farm', 'workflow_id': 'chain-image-edit-to-video-pipeline-5e6840d2-0338-49d0-9ff6-d0b57516e116-extract_frame2', 'workflow_run_id': '019bb2bc-ebb5-7ad0-859b-151e362ffc76', 'workflow_type': 'ComfyUIWorkflow'})
2026-01-12 20:34:44,801 - temporalio.workflow - INFO - Found 1 server output file(s) ({'attempt': 1, 'namespace': 'default', 'run_id': '019bb2bc-ebb5-7ad0-859b-151e362ffc76', 'task_queue': 'comfyui-gpu-farm', 'workflow_id': 'chain-image-edit-to-video-pipeline-5e6840d2-0338-49d0-9ff6-d0b57516e116-extract_frame2', 'workflow_type': 'ComfyUIWorkflow'})
2026-01-12 20:34:44,811 - temporal_gateway.clients.comfy.websocket - INFO - WebSocket connected successfully
2026-01-12 20:34:44,812 - temporalio.activity - INFO - Downloading and persisting 1 artifact(s) for workflow 9fa901b8-a66e-424d-8f40-169dd60968de ({'activity_id': '3', 'activity_type': 'download_and_store_artifacts', 'attempt': 1, 'namespace': 'default', 'task_queue': 'comfyui-gpu-farm', 'workflow_id': 'chain-image-edit-to-video-pipeline-5e6840d2-0338-49d0-9ff6-d0b57516e116-extract_frame2', 'workflow_run_id': '019bb2bc-ebb5-7ad0-859b-151e362ffc76', 'workflow_type': 'ComfyUIWorkflow'})
2026-01-12 20:34:44,857 - temporal_gateway.clients.comfy.client - INFO - ComfyUI client initialized for http://procure-x.testmcp.org
2026-01-12 20:34:44,859 - temporal_gateway.clients.comfy.tracker - INFO - [WS] Execution completed successfully
2026-01-12 20:34:44,875 - httpx - INFO - HTTP Request: GET http://procure-x.testmcp.org/history/d2d2a7a6-a9c7-49bf-b94e-03bb0f8878b7 "HTTP/1.1 200 OK"
2026-01-12 20:34:44,876 - temporal_gateway.clients.comfy.tracker - INFO - Tracking completed: success (took 0.11s)
2026-01-12 20:34:44,876 - temporalio.activity - INFO - [V3] Workflow completed successfully ({'activity_id': '1', 'activity_type': 'execute_and_track_workflow', 'attempt': 1, 'namespace': 'default', 'task_queue': 'comfyui-gpu-farm', 'workflow_id': 'chain-image-edit-to-video-pipeline-5e6840d2-0338-49d0-9ff6-d0b57516e116-extract_frame1', 'workflow_run_id': '019bb2bc-ebaa-76c5-9982-3e9de323a695', 'workflow_type': 'ComfyUIWorkflow'})
2026-01-12 20:34:44,886 - temporalio.workflow - INFO - Execution completed successfully ({'attempt': 1, 'namespace': 'default', 'run_id': '019bb2bc-ebaa-76c5-9982-3e9de323a695', 'task_queue': 'comfyui-gpu-farm', 'workflow_id': 'chain-image-edit-to-video-pipeline-5e6840d2-0338-49d0-9ff6-d0b57516e116-extract_frame1', 'workflow_type': 'ComfyUIWorkflow'})
2026-01-12 20:34:44,892 - httpx - INFO - HTTP Request: GET http://procure-x.testmcp.org/view?filename=ComfyUI_00242_.png&type=output "HTTP/1.1 200 OK"
2026-01-12 20:34:44,894 - temporalio.activity - INFO - Extracting server output files ({'activity_id': '2', 'activity_type': 'get_server_output_files', 'attempt': 1, 'namespace': 'default', 'task_queue': 'comfyui-gpu-farm', 'workflow_id': 'chain-image-edit-to-video-pipeline-5e6840d2-0338-49d0-9ff6-d0b57516e116-extract_frame1', 'workflow_run_id': '019bb2bc-ebaa-76c5-9982-3e9de323a695', 'workflow_type': 'ComfyUIWorkflow'})
2026-01-12 20:34:44,895 - temporalio.activity - INFO - Found 1 output file(s) ({'activity_id': '2', 'activity_type': 'get_server_output_files', 'attempt': 1, 'namespace': 'default', 'task_queue': 'comfyui-gpu-farm', 'workflow_id': 'chain-image-edit-to-video-pipeline-5e6840d2-0338-49d0-9ff6-d0b57516e116-extract_frame1', 'workflow_run_id': '019bb2bc-ebaa-76c5-9982-3e9de323a695', 'workflow_type': 'ComfyUIWorkflow'})
2026-01-12 20:34:44,904 - temporalio.workflow - INFO - Found 1 server output file(s) ({'attempt': 1, 'namespace': 'default', 'run_id': '019bb2bc-ebaa-76c5-9982-3e9de323a695', 'task_queue': 'comfyui-gpu-farm', 'workflow_id': 'chain-image-edit-to-video-pipeline-5e6840d2-0338-49d0-9ff6-d0b57516e116-extract_frame1', 'workflow_type': 'ComfyUIWorkflow'})
2026-01-12 20:34:44,912 - temporalio.activity - INFO - Downloading and persisting 1 artifact(s) for workflow a03536a2-5757-41d5-a55d-484bee42e481 ({'activity_id': '3', 'activity_type': 'download_and_store_artifacts', 'attempt': 1, 'namespace': 'default', 'task_queue': 'comfyui-gpu-farm', 'workflow_id': 'chain-image-edit-to-video-pipeline-5e6840d2-0338-49d0-9ff6-d0b57516e116-extract_frame1', 'workflow_run_id': '019bb2bc-ebaa-76c5-9982-3e9de323a695', 'workflow_type': 'ComfyUIWorkflow'})
2026-01-12 20:34:44,962 - temporal_gateway.clients.comfy.client - INFO - ComfyUI client initialized for http://procure-x.testmcp.org
2026-01-12 20:34:44,974 - temporalio.activity - INFO - ✓ Saved artifact to DB: d7c0cd00-c315-4f9d-aff2-526c230f5b7a (ComfyUI_00242_.png) ({'activity_id': '3', 'activity_type': 'download_and_store_artifacts', 'attempt': 1, 'namespace': 'default', 'task_queue': 'comfyui-gpu-farm', 'workflow_id': 'chain-image-edit-to-video-pipeline-5e6840d2-0338-49d0-9ff6-d0b57516e116-extract_frame2', 'workflow_run_id': '019bb2bc-ebb5-7ad0-859b-151e362ffc76', 'workflow_type': 'ComfyUIWorkflow'})
2026-01-12 20:34:44,976 - temporalio.activity - INFO - Downloaded and persisted 1 artifact(s) ({'activity_id': '3', 'activity_type': 'download_and_store_artifacts', 'attempt': 1, 'namespace': 'default', 'task_queue': 'comfyui-gpu-farm', 'workflow_id': 'chain-image-edit-to-video-pipeline-5e6840d2-0338-49d0-9ff6-d0b57516e116-extract_frame2', 'workflow_run_id': '019bb2bc-ebb5-7ad0-859b-151e362ffc76', 'workflow_type': 'ComfyUIWorkflow'})
2026-01-12 20:34:44,995 - temporalio.workflow - INFO - Downloaded 1 file(s) locally ({'attempt': 1, 'namespace': 'default', 'run_id': '019bb2bc-ebb5-7ad0-859b-151e362ffc76', 'task_queue': 'comfyui-gpu-farm', 'workflow_id': 'chain-image-edit-to-video-pipeline-5e6840d2-0338-49d0-9ff6-d0b57516e116-extract_frame2', 'workflow_type': 'ComfyUIWorkflow'})
2026-01-12 20:34:45,021 - httpx - INFO - HTTP Request: GET http://procure-x.testmcp.org/view?filename=ComfyUI_00243_.png&type=output "HTTP/1.1 200 OK"
2026-01-12 20:34:45,061 - temporalio.activity - INFO - ✓ Saved artifact to DB: 00921ead-f846-4ce3-92ed-dfdeb8939c71 (ComfyUI_00243_.png) ({'activity_id': '3', 'activity_type': 'download_and_store_artifacts', 'attempt': 1, 'namespace': 'default', 'task_queue': 'comfyui-gpu-farm', 'workflow_id': 'chain-image-edit-to-video-pipeline-5e6840d2-0338-49d0-9ff6-d0b57516e116-extract_frame1', 'workflow_run_id': '019bb2bc-ebaa-76c5-9982-3e9de323a695', 'workflow_type': 'ComfyUIWorkflow'})
2026-01-12 20:34:45,062 - temporalio.activity - INFO - Downloaded and persisted 1 artifact(s) ({'activity_id': '3', 'activity_type': 'download_and_store_artifacts', 'attempt': 1, 'namespace': 'default', 'task_queue': 'comfyui-gpu-farm', 'workflow_id': 'chain-image-edit-to-video-pipeline-5e6840d2-0338-49d0-9ff6-d0b57516e116-extract_frame1', 'workflow_run_id': '019bb2bc-ebaa-76c5-9982-3e9de323a695', 'workflow_type': 'ComfyUIWorkflow'})
2026-01-12 20:34:45,064 - temporalio.activity - INFO - Updating workflow 9fa901b8-a66e-424d-8f40-169dd60968de status to: completed ({'activity_id': '11', 'activity_type': 'update_workflow_status_activity', 'attempt': 1, 'namespace': 'default', 'task_queue': 'comfyui-gpu-farm', 'workflow_id': 'chain-image-edit-to-video-pipeline-5e6840d2-0338-49d0-9ff6-d0b57516e116', 'workflow_run_id': '019bb2b7-517e-79c5-b2d8-2117b70da5d5', 'workflow_type': 'ChainExecutorWorkflow'})
2026-01-12 20:34:45,071 - temporalio.activity - INFO - ✓ Updated workflow status ({'activity_id': '11', 'activity_type': 'update_workflow_status_activity', 'attempt': 1, 'namespace': 'default', 'task_queue': 'comfyui-gpu-farm', 'workflow_id': 'chain-image-edit-to-video-pipeline-5e6840d2-0338-49d0-9ff6-d0b57516e116', 'workflow_run_id': '019bb2b7-517e-79c5-b2d8-2117b70da5d5', 'workflow_type': 'ChainExecutorWorkflow'})
2026-01-12 20:34:45,082 - temporalio.workflow - INFO - Downloaded 1 file(s) locally ({'attempt': 1, 'namespace': 'default', 'run_id': '019bb2bc-ebaa-76c5-9982-3e9de323a695', 'task_queue': 'comfyui-gpu-farm', 'workflow_id': 'chain-image-edit-to-video-pipeline-5e6840d2-0338-49d0-9ff6-d0b57516e116-extract_frame1', 'workflow_type': 'ComfyUIWorkflow'})
2026-01-12 20:34:45,096 - temporalio.workflow - INFO - Step extract_frame2: Approval required, fetching artifacts... ({'attempt': 1, 'namespace': 'default', 'run_id': '019bb2b7-517e-79c5-b2d8-2117b70da5d5', 'task_queue': 'comfyui-gpu-farm', 'workflow_id': 'chain-image-edit-to-video-pipeline-5e6840d2-0338-49d0-9ff6-d0b57516e116', 'workflow_type': 'ChainExecutorWorkflow'})
2026-01-12 20:34:45,114 - temporalio.activity - INFO - Getting artifacts for workflow: 9fa901b8-a66e-424d-8f40-169dd60968de ({'activity_id': '12', 'activity_type': 'get_workflow_artifacts', 'attempt': 1, 'namespace': 'default', 'task_queue': 'comfyui-gpu-farm', 'workflow_id': 'chain-image-edit-to-video-pipeline-5e6840d2-0338-49d0-9ff6-d0b57516e116', 'workflow_run_id': '019bb2b7-517e-79c5-b2d8-2117b70da5d5', 'workflow_type': 'ChainExecutorWorkflow'})
2026-01-12 20:34:45,135 - temporalio.activity - INFO - Updating workflow a03536a2-5757-41d5-a55d-484bee42e481 status to: completed ({'activity_id': '13', 'activity_type': 'update_workflow_status_activity', 'attempt': 1, 'namespace': 'default', 'task_queue': 'comfyui-gpu-farm', 'workflow_id': 'chain-image-edit-to-video-pipeline-5e6840d2-0338-49d0-9ff6-d0b57516e116', 'workflow_run_id': '019bb2b7-517e-79c5-b2d8-2117b70da5d5', 'workflow_type': 'ChainExecutorWorkflow'})
2026-01-12 20:34:45,143 - temporalio.activity - INFO - ✓ Updated workflow status ({'activity_id': '13', 'activity_type': 'update_workflow_status_activity', 'attempt': 1, 'namespace': 'default', 'task_queue': 'comfyui-gpu-farm', 'workflow_id': 'chain-image-edit-to-video-pipeline-5e6840d2-0338-49d0-9ff6-d0b57516e116', 'workflow_run_id': '019bb2b7-517e-79c5-b2d8-2117b70da5d5', 'workflow_type': 'ChainExecutorWorkflow'})
2026-01-12 20:34:45,146 - temporalio.activity - INFO - Creating approval request for artifact: d7c0cd00-c315-4f9d-aff2-526c230f5b7a ({'activity_id': '14', 'activity_type': 'create_approval_request_activity', 'attempt': 1, 'namespace': 'default', 'task_queue': 'comfyui-gpu-farm', 'workflow_id': 'chain-image-edit-to-video-pipeline-5e6840d2-0338-49d0-9ff6-d0b57516e116', 'workflow_run_id': '019bb2b7-517e-79c5-b2d8-2117b70da5d5', 'workflow_type': 'ChainExecutorWorkflow'})
2026-01-12 20:34:45,151 - temporalio.activity - INFO - ✓ Created approval request: db966bd9-8bc3-41e8-abef-f8bb386e0a23, token: L6z6ny3Hrjk7Dr9f... ({'activity_id': '14', 'activity_type': 'create_approval_request_activity', 'attempt': 1, 'namespace': 'default', 'task_queue': 'comfyui-gpu-farm', 'workflow_id': 'chain-image-edit-to-video-pipeline-5e6840d2-0338-49d0-9ff6-d0b57516e116', 'workflow_run_id': '019bb2b7-517e-79c5-b2d8-2117b70da5d5', 'workflow_type': 'ChainExecutorWorkflow'})
2026-01-12 20:34:45,152 - temporal_gateway.services.broadcast - INFO - Published approval_requested to chain:7d6c94aa-1038-4d71-a3ee-fb99f883cf4a
2026-01-12 20:34:45,152 - temporalio.activity - INFO - Published approval_requested event for chain 7d6c94aa-1038-4d71-a3ee-fb99f883cf4a ({'activity_id': '14', 'activity_type': 'create_approval_request_activity', 'attempt': 1, 'namespace': 'default', 'task_queue': 'comfyui-gpu-farm', 'workflow_id': 'chain-image-edit-to-video-pipeline-5e6840d2-0338-49d0-9ff6-d0b57516e116', 'workflow_run_id': '019bb2b7-517e-79c5-b2d8-2117b70da5d5', 'workflow_type': 'ChainExecutorWorkflow'})
2026-01-12 20:34:45,158 - temporalio.workflow - INFO - Step extract_frame1: Approval required, fetching artifacts... ({'attempt': 1, 'namespace': 'default', 'run_id': '019bb2b7-517e-79c5-b2d8-2117b70da5d5', 'task_queue': 'comfyui-gpu-farm', 'workflow_id': 'chain-image-edit-to-video-pipeline-5e6840d2-0338-49d0-9ff6-d0b57516e116', 'workflow_type': 'ChainExecutorWorkflow'})
2026-01-12 20:34:45,167 - temporalio.workflow - INFO - Step extract_frame2: Approval request created, token: L6z6ny3Hrjk7Dr9f... ({'attempt': 1, 'namespace': 'default', 'run_id': '019bb2b7-517e-79c5-b2d8-2117b70da5d5', 'task_queue': 'comfyui-gpu-farm', 'workflow_id': 'chain-image-edit-to-video-pipeline-5e6840d2-0338-49d0-9ff6-d0b57516e116', 'workflow_type': 'ChainExecutorWorkflow'})
2026-01-12 20:34:45,170 - temporalio.activity - INFO - Getting artifacts for workflow: a03536a2-5757-41d5-a55d-484bee42e481 ({'activity_id': '15', 'activity_type': 'get_workflow_artifacts', 'attempt': 1, 'namespace': 'default', 'task_queue': 'comfyui-gpu-farm', 'workflow_id': 'chain-image-edit-to-video-pipeline-5e6840d2-0338-49d0-9ff6-d0b57516e116', 'workflow_run_id': '019bb2b7-517e-79c5-b2d8-2117b70da5d5', 'workflow_type': 'ChainExecutorWorkflow'})
2026-01-12 20:34:45,192 - temporalio.activity - INFO - Creating approval request for artifact: 00921ead-f846-4ce3-92ed-dfdeb8939c71 ({'activity_id': '16', 'activity_type': 'create_approval_request_activity', 'attempt': 1, 'namespace': 'default', 'task_queue': 'comfyui-gpu-farm', 'workflow_id': 'chain-image-edit-to-video-pipeline-5e6840d2-0338-49d0-9ff6-d0b57516e116', 'workflow_run_id': '019bb2b7-517e-79c5-b2d8-2117b70da5d5', 'workflow_type': 'ChainExecutorWorkflow'})
2026-01-12 20:34:45,197 - temporalio.activity - INFO - ✓ Created approval request: f506ac18-e1f9-4cea-851c-ea9f26c9eeac, token: p12VFZJ7nuU1gUIG... ({'activity_id': '16', 'activity_type': 'create_approval_request_activity', 'attempt': 1, 'namespace': 'default', 'task_queue': 'comfyui-gpu-farm', 'workflow_id': 'chain-image-edit-to-video-pipeline-5e6840d2-0338-49d0-9ff6-d0b57516e116', 'workflow_run_id': '019bb2b7-517e-79c5-b2d8-2117b70da5d5', 'workflow_type': 'ChainExecutorWorkflow'})
2026-01-12 20:34:45,197 - temporal_gateway.services.broadcast - INFO - Published approval_requested to chain:7d6c94aa-1038-4d71-a3ee-fb99f883cf4a
2026-01-12 20:34:45,198 - temporalio.activity - INFO - Published approval_requested event for chain 7d6c94aa-1038-4d71-a3ee-fb99f883cf4a ({'activity_id': '16', 'activity_type': 'create_approval_request_activity', 'attempt': 1, 'namespace': 'default', 'task_queue': 'comfyui-gpu-farm', 'workflow_id': 'chain-image-edit-to-video-pipeline-5e6840d2-0338-49d0-9ff6-d0b57516e116', 'workflow_run_id': '019bb2b7-517e-79c5-b2d8-2117b70da5d5', 'workflow_type': 'ChainExecutorWorkflow'})
2026-01-12 20:34:45,209 - temporalio.workflow - INFO - Step extract_frame1: Approval request created, token: p12VFZJ7nuU1gUIG... ({'attempt': 1, 'namespace': 'default', 'run_id': '019bb2b7-517e-79c5-b2d8-2117b70da5d5', 'task_queue': 'comfyui-gpu-farm', 'workflow_id': 'chain-image-edit-to-video-pipeline-5e6840d2-0338-49d0-9ff6-d0b57516e116', 'workflow_type': 'ChainExecutorWorkflow'})
2026-01-13 10:50:44,956 - temporalio.worker._worker - INFO - Worker cancelled, shutting down
2026-01-13 10:50:44,957 - temporalio.worker._worker - INFO - Beginning worker shutdown, will wait 0:00:00 before cancelling activities
