2026-01-13 10:51:16,158 - worker - INFO - Initializing artifact database...
2026-01-13 10:51:16,159 - worker - INFO - Database initialized
2026-01-13 10:51:16,159 - worker - INFO - Connecting to Redis for event broadcasting...
2026-01-13 10:51:16,197 - temporal_gateway.services.broadcast - INFO - Created broadcast instance for redis://localhost:6379
2026-01-13 10:51:16,199 - temporal_gateway.services.broadcast - INFO - Broadcast connected to Redis
2026-01-13 10:51:16,199 - worker - INFO - Redis broadcast connected
2026-01-13 10:51:16,199 - worker - INFO - Loading server registry...
2026-01-13 10:51:16,199 - temporal_gateway.servers.registry - INFO - Registered server: procure-x (comfyui)
2026-01-13 10:51:16,199 - temporal_gateway.servers.registry - INFO - Loaded 1 servers from config
2026-01-13 10:51:16,199 - worker - INFO - Registered 1 servers
2026-01-13 10:51:16,199 - worker - INFO -   Server: procure-x (comfyui)
2026-01-13 10:51:16,320 - worker - INFO - ============================================================
2026-01-13 10:51:16,320 - worker - INFO - 🔧 Temporal Worker Started
2026-01-13 10:51:16,321 - worker - INFO - ============================================================
2026-01-13 10:51:16,321 - worker - INFO - Connected to Temporal: localhost:7233
2026-01-13 10:51:16,321 - worker - INFO - Task Queue: comfyui-gpu-farm
2026-01-13 10:51:16,321 - worker - INFO - Workflows: ['ComfyUIWorkflow', 'ChainExecutorWorkflow']
2026-01-13 10:51:16,321 - worker - INFO - Log file: /home/jaskirat/Documents/comfyautomate/temporal_gateway/logs/worker_20260113_052116.log
2026-01-13 10:51:16,321 - worker - INFO - ============================================================
2026-01-13 10:51:16,321 - worker - INFO - Worker is running. Press Ctrl+C to stop.
2026-01-13 10:51:21,732 - temporalio.workflow - INFO - Starting chain execution: image-edit-to-video-pipeline ({'attempt': 1, 'namespace': 'default', 'run_id': '019bb5cd-2f2c-7e8d-9123-e929ca2fa67f', 'task_queue': 'comfyui-gpu-farm', 'workflow_id': 'chain-image-edit-to-video-pipeline-2138f53c-660a-4f6d-97f4-2dc78604f757', 'workflow_type': 'ChainExecutorWorkflow'})
2026-01-13 10:51:21,732 - temporalio.workflow - INFO - Retry number: 0 ({'attempt': 1, 'namespace': 'default', 'run_id': '019bb5cd-2f2c-7e8d-9123-e929ca2fa67f', 'task_queue': 'comfyui-gpu-farm', 'workflow_id': 'chain-image-edit-to-video-pipeline-2138f53c-660a-4f6d-97f4-2dc78604f757', 'workflow_type': 'ChainExecutorWorkflow'})
2026-01-13 10:51:21,732 - temporalio.workflow - INFO - Cached steps: [] ({'attempt': 1, 'namespace': 'default', 'run_id': '019bb5cd-2f2c-7e8d-9123-e929ca2fa67f', 'task_queue': 'comfyui-gpu-farm', 'workflow_id': 'chain-image-edit-to-video-pipeline-2138f53c-660a-4f6d-97f4-2dc78604f757', 'workflow_type': 'ChainExecutorWorkflow'})
2026-01-13 10:51:21,733 - temporalio.workflow - INFO - Total levels: 3 ({'attempt': 1, 'namespace': 'default', 'run_id': '019bb5cd-2f2c-7e8d-9123-e929ca2fa67f', 'task_queue': 'comfyui-gpu-farm', 'workflow_id': 'chain-image-edit-to-video-pipeline-2138f53c-660a-4f6d-97f4-2dc78604f757', 'workflow_type': 'ChainExecutorWorkflow'})
2026-01-13 10:51:21,733 - temporalio.workflow - INFO - Using chain ID: 1dc269df-cfd0-4593-8b1e-2efb50d23f4e ({'attempt': 1, 'namespace': 'default', 'run_id': '019bb5cd-2f2c-7e8d-9123-e929ca2fa67f', 'task_queue': 'comfyui-gpu-farm', 'workflow_id': 'chain-image-edit-to-video-pipeline-2138f53c-660a-4f6d-97f4-2dc78604f757', 'workflow_type': 'ChainExecutorWorkflow'})
2026-01-13 10:51:21,745 - temporalio.activity - INFO - Updating chain 1dc269df-cfd0-4593-8b1e-2efb50d23f4e status to: executing_level_0 ({'activity_id': '1', 'activity_type': 'update_chain_status_activity', 'attempt': 1, 'namespace': 'default', 'task_queue': 'comfyui-gpu-farm', 'workflow_id': 'chain-image-edit-to-video-pipeline-2138f53c-660a-4f6d-97f4-2dc78604f757', 'workflow_run_id': '019bb5cd-2f2c-7e8d-9123-e929ca2fa67f', 'workflow_type': 'ChainExecutorWorkflow'})
2026-01-13 10:51:21,778 - temporalio.activity - INFO - ✓ Updated chain status ({'activity_id': '1', 'activity_type': 'update_chain_status_activity', 'attempt': 1, 'namespace': 'default', 'task_queue': 'comfyui-gpu-farm', 'workflow_id': 'chain-image-edit-to-video-pipeline-2138f53c-660a-4f6d-97f4-2dc78604f757', 'workflow_run_id': '019bb5cd-2f2c-7e8d-9123-e929ca2fa67f', 'workflow_type': 'ChainExecutorWorkflow'})
2026-01-13 10:51:21,787 - temporalio.workflow - INFO - Level 0: Executing 2 step(s) ({'attempt': 1, 'namespace': 'default', 'run_id': '019bb5cd-2f2c-7e8d-9123-e929ca2fa67f', 'task_queue': 'comfyui-gpu-farm', 'workflow_id': 'chain-image-edit-to-video-pipeline-2138f53c-660a-4f6d-97f4-2dc78604f757', 'workflow_type': 'ChainExecutorWorkflow'})
2026-01-13 10:51:21,787 - temporalio.workflow - INFO - Executing step: extract_frame1 ({'attempt': 1, 'namespace': 'default', 'run_id': '019bb5cd-2f2c-7e8d-9123-e929ca2fa67f', 'task_queue': 'comfyui-gpu-farm', 'workflow_id': 'chain-image-edit-to-video-pipeline-2138f53c-660a-4f6d-97f4-2dc78604f757', 'workflow_type': 'ChainExecutorWorkflow'})
2026-01-13 10:51:21,787 - temporalio.workflow - INFO - Executing step: extract_frame2 ({'attempt': 1, 'namespace': 'default', 'run_id': '019bb5cd-2f2c-7e8d-9123-e929ca2fa67f', 'task_queue': 'comfyui-gpu-farm', 'workflow_id': 'chain-image-edit-to-video-pipeline-2138f53c-660a-4f6d-97f4-2dc78604f757', 'workflow_type': 'ChainExecutorWorkflow'})
2026-01-13 10:51:21,795 - temporalio.activity - INFO - Resolving templates in parameters ({'activity_id': '3', 'activity_type': 'resolve_chain_templates', 'attempt': 1, 'namespace': 'default', 'task_queue': 'comfyui-gpu-farm', 'workflow_id': 'chain-image-edit-to-video-pipeline-2138f53c-660a-4f6d-97f4-2dc78604f757', 'workflow_run_id': '019bb5cd-2f2c-7e8d-9123-e929ca2fa67f', 'workflow_type': 'ChainExecutorWorkflow'})
2026-01-13 10:51:21,795 - temporalio.activity - INFO - Templates resolved successfully ({'activity_id': '3', 'activity_type': 'resolve_chain_templates', 'attempt': 1, 'namespace': 'default', 'task_queue': 'comfyui-gpu-farm', 'workflow_id': 'chain-image-edit-to-video-pipeline-2138f53c-660a-4f6d-97f4-2dc78604f757', 'workflow_run_id': '019bb5cd-2f2c-7e8d-9123-e929ca2fa67f', 'workflow_type': 'ChainExecutorWorkflow'})
2026-01-13 10:51:21,798 - temporalio.activity - INFO - Resolving templates in parameters ({'activity_id': '2', 'activity_type': 'resolve_chain_templates', 'attempt': 1, 'namespace': 'default', 'task_queue': 'comfyui-gpu-farm', 'workflow_id': 'chain-image-edit-to-video-pipeline-2138f53c-660a-4f6d-97f4-2dc78604f757', 'workflow_run_id': '019bb5cd-2f2c-7e8d-9123-e929ca2fa67f', 'workflow_type': 'ChainExecutorWorkflow'})
2026-01-13 10:51:21,798 - temporalio.activity - INFO - Templates resolved successfully ({'activity_id': '2', 'activity_type': 'resolve_chain_templates', 'attempt': 1, 'namespace': 'default', 'task_queue': 'comfyui-gpu-farm', 'workflow_id': 'chain-image-edit-to-video-pipeline-2138f53c-660a-4f6d-97f4-2dc78604f757', 'workflow_run_id': '019bb5cd-2f2c-7e8d-9123-e929ca2fa67f', 'workflow_type': 'ChainExecutorWorkflow'})
2026-01-13 10:51:21,808 - temporalio.workflow - INFO - Step extract_frame2: Resolved parameters ({'attempt': 1, 'namespace': 'default', 'run_id': '019bb5cd-2f2c-7e8d-9123-e929ca2fa67f', 'task_queue': 'comfyui-gpu-farm', 'workflow_id': 'chain-image-edit-to-video-pipeline-2138f53c-660a-4f6d-97f4-2dc78604f757', 'workflow_type': 'ChainExecutorWorkflow'})
2026-01-13 10:51:21,808 - temporalio.workflow - INFO - Step extract_frame1: Resolved parameters ({'attempt': 1, 'namespace': 'default', 'run_id': '019bb5cd-2f2c-7e8d-9123-e929ca2fa67f', 'task_queue': 'comfyui-gpu-farm', 'workflow_id': 'chain-image-edit-to-video-pipeline-2138f53c-660a-4f6d-97f4-2dc78604f757', 'workflow_type': 'ChainExecutorWorkflow'})
2026-01-13 10:51:21,817 - temporalio.activity - INFO - Applying parameters to workflow: imageSave ({'activity_id': '5', 'activity_type': 'apply_workflow_parameters', 'attempt': 1, 'namespace': 'default', 'task_queue': 'comfyui-gpu-farm', 'workflow_id': 'chain-image-edit-to-video-pipeline-2138f53c-660a-4f6d-97f4-2dc78604f757', 'workflow_run_id': '019bb5cd-2f2c-7e8d-9123-e929ca2fa67f', 'workflow_type': 'ChainExecutorWorkflow'})
2026-01-13 10:51:21,818 - temporal_gateway.registry - INFO - WorkflowRegistry initialized: /home/jaskirat/Documents/comfyautomate/templates
2026-01-13 10:51:21,818 - temporal_gateway.registry - INFO - ✓ fluxdev: Loading from override file
2026-01-13 10:51:21,818 - temporal_gateway.registry - INFO -   Loaded 13 parameters from override file
2026-01-13 10:51:21,819 - temporal_gateway.registry - INFO - ✓ firstEndTovideo: Loading from override file
2026-01-13 10:51:21,819 - temporal_gateway.registry - INFO -   Loaded 44 parameters from override file
2026-01-13 10:51:21,820 - temporal_gateway.registry - INFO - ✓ image_qwen_edit: Loading from override file
2026-01-13 10:51:21,820 - temporal_gateway.registry - INFO -   Loaded 27 parameters from override file
2026-01-13 10:51:21,821 - temporal_gateway.registry - INFO - ✓ video_wan2_2_14B_fun_camera_test: Loading from override file
2026-01-13 10:51:21,821 - temporal_gateway.registry - INFO -   Loaded 49 parameters from override file
2026-01-13 10:51:21,822 - temporal_gateway.registry - INFO - ✓ qwen_image_edit: Loading from override file
2026-01-13 10:51:21,822 - temporal_gateway.registry - INFO -   Loaded 25 parameters from override file
2026-01-13 10:51:21,822 - temporal_gateway.registry - INFO - ✓ video_wan2_2_14B_i2v: Loading from override file
2026-01-13 10:51:21,823 - temporal_gateway.registry - INFO -   Loaded 43 parameters from override file
2026-01-13 10:51:21,823 - temporal_gateway.registry - INFO - ✓ imageSave: Loading from override file
2026-01-13 10:51:21,823 - temporal_gateway.registry - INFO -   Loaded 9 parameters from override file
2026-01-13 10:51:21,823 - temporal_gateway.registry - INFO - Discovery complete: 7 workflows, 0 generated, 7 loaded, 0 regenerated
2026-01-13 10:51:21,823 - temporal_gateway.registry - INFO - Applied override: 1.frame_load_cap = 1
2026-01-13 10:51:21,823 - temporal_gateway.registry - INFO - Applied override: 1.select_every_nth = 1
2026-01-13 10:51:21,823 - temporal_gateway.registry - INFO - Applied override: 1.skip_first_frames = 0
2026-01-13 10:51:21,823 - temporal_gateway.registry - INFO - Applied override: 1.video = ComfyUI_00012_.mp4
2026-01-13 10:51:21,824 - temporalio.activity - INFO - Parameters applied successfully ({'activity_id': '5', 'activity_type': 'apply_workflow_parameters', 'attempt': 1, 'namespace': 'default', 'task_queue': 'comfyui-gpu-farm', 'workflow_id': 'chain-image-edit-to-video-pipeline-2138f53c-660a-4f6d-97f4-2dc78604f757', 'workflow_run_id': '019bb5cd-2f2c-7e8d-9123-e929ca2fa67f', 'workflow_type': 'ChainExecutorWorkflow'})
2026-01-13 10:51:21,824 - temporalio.activity - INFO - Applying parameters to workflow: imageSave ({'activity_id': '4', 'activity_type': 'apply_workflow_parameters', 'attempt': 1, 'namespace': 'default', 'task_queue': 'comfyui-gpu-farm', 'workflow_id': 'chain-image-edit-to-video-pipeline-2138f53c-660a-4f6d-97f4-2dc78604f757', 'workflow_run_id': '019bb5cd-2f2c-7e8d-9123-e929ca2fa67f', 'workflow_type': 'ChainExecutorWorkflow'})
2026-01-13 10:51:21,825 - temporal_gateway.registry - INFO - Applied override: 1.frame_load_cap = 1
2026-01-13 10:51:21,825 - temporal_gateway.registry - INFO - Applied override: 1.select_every_nth = 1
2026-01-13 10:51:21,825 - temporal_gateway.registry - INFO - Applied override: 1.skip_first_frames = 172
2026-01-13 10:51:21,825 - temporal_gateway.registry - INFO - Applied override: 1.video = ComfyUI_00012_.mp4
2026-01-13 10:51:21,825 - temporalio.activity - INFO - Parameters applied successfully ({'activity_id': '4', 'activity_type': 'apply_workflow_parameters', 'attempt': 1, 'namespace': 'default', 'task_queue': 'comfyui-gpu-farm', 'workflow_id': 'chain-image-edit-to-video-pipeline-2138f53c-660a-4f6d-97f4-2dc78604f757', 'workflow_run_id': '019bb5cd-2f2c-7e8d-9123-e929ca2fa67f', 'workflow_type': 'ChainExecutorWorkflow'})
2026-01-13 10:51:21,842 - temporalio.activity - INFO - Selecting server with strategy: least_loaded ({'activity_id': '7', 'activity_type': 'select_best_server', 'attempt': 1, 'namespace': 'default', 'task_queue': 'comfyui-gpu-farm', 'workflow_id': 'chain-image-edit-to-video-pipeline-2138f53c-660a-4f6d-97f4-2dc78604f757', 'workflow_run_id': '019bb5cd-2f2c-7e8d-9123-e929ca2fa67f', 'workflow_type': 'ChainExecutorWorkflow'})
2026-01-13 10:51:21,936 - temporalio.activity - INFO - Selecting server with strategy: least_loaded ({'activity_id': '6', 'activity_type': 'select_best_server', 'attempt': 1, 'namespace': 'default', 'task_queue': 'comfyui-gpu-farm', 'workflow_id': 'chain-image-edit-to-video-pipeline-2138f53c-660a-4f6d-97f4-2dc78604f757', 'workflow_run_id': '019bb5cd-2f2c-7e8d-9123-e929ca2fa67f', 'workflow_type': 'ChainExecutorWorkflow'})
2026-01-13 10:51:22,053 - httpx - INFO - HTTP Request: GET http://procure-x.testmcp.org/system_stats "HTTP/1.1 200 OK"
2026-01-13 10:51:22,071 - httpx - INFO - HTTP Request: GET http://procure-x.testmcp.org/system_stats "HTTP/1.1 200 OK"
2026-01-13 10:51:22,078 - httpx - INFO - HTTP Request: GET http://procure-x.testmcp.org/queue "HTTP/1.1 200 OK"
2026-01-13 10:51:22,079 - temporal_gateway.servers.load_balancer - INFO - Selected server procure-x (queue_depth=0, gpu_mem=0.0%)
2026-01-13 10:51:22,079 - temporalio.activity - INFO - Selected server: procure-x (http://procure-x.testmcp.org) ({'activity_id': '7', 'activity_type': 'select_best_server', 'attempt': 1, 'namespace': 'default', 'task_queue': 'comfyui-gpu-farm', 'workflow_id': 'chain-image-edit-to-video-pipeline-2138f53c-660a-4f6d-97f4-2dc78604f757', 'workflow_run_id': '019bb5cd-2f2c-7e8d-9123-e929ca2fa67f', 'workflow_type': 'ChainExecutorWorkflow'})
2026-01-13 10:51:22,088 - temporalio.workflow - INFO - Step extract_frame2: Selected target server: http://procure-x.testmcp.org ({'attempt': 1, 'namespace': 'default', 'run_id': '019bb5cd-2f2c-7e8d-9123-e929ca2fa67f', 'task_queue': 'comfyui-gpu-farm', 'workflow_id': 'chain-image-edit-to-video-pipeline-2138f53c-660a-4f6d-97f4-2dc78604f757', 'workflow_type': 'ChainExecutorWorkflow'})
2026-01-13 10:51:22,090 - httpx - INFO - HTTP Request: GET http://procure-x.testmcp.org/queue "HTTP/1.1 200 OK"
2026-01-13 10:51:22,091 - temporal_gateway.servers.load_balancer - INFO - Selected server procure-x (queue_depth=0, gpu_mem=0.0%)
2026-01-13 10:51:22,091 - temporalio.activity - INFO - Selected server: procure-x (http://procure-x.testmcp.org) ({'activity_id': '6', 'activity_type': 'select_best_server', 'attempt': 1, 'namespace': 'default', 'task_queue': 'comfyui-gpu-farm', 'workflow_id': 'chain-image-edit-to-video-pipeline-2138f53c-660a-4f6d-97f4-2dc78604f757', 'workflow_run_id': '019bb5cd-2f2c-7e8d-9123-e929ca2fa67f', 'workflow_type': 'ChainExecutorWorkflow'})
2026-01-13 10:51:22,098 - temporalio.activity - INFO - Creating workflow record: imageSave (prompt: pending) ({'activity_id': '8', 'activity_type': 'create_workflow_record', 'attempt': 1, 'namespace': 'default', 'task_queue': 'comfyui-gpu-farm', 'workflow_id': 'chain-image-edit-to-video-pipeline-2138f53c-660a-4f6d-97f4-2dc78604f757', 'workflow_run_id': '019bb5cd-2f2c-7e8d-9123-e929ca2fa67f', 'workflow_type': 'ChainExecutorWorkflow'})
2026-01-13 10:51:22,108 - temporalio.activity - INFO - ✓ Created workflow record: 9c83145c-a3fb-4af4-83f4-cd66f114490d ({'activity_id': '8', 'activity_type': 'create_workflow_record', 'attempt': 1, 'namespace': 'default', 'task_queue': 'comfyui-gpu-farm', 'workflow_id': 'chain-image-edit-to-video-pipeline-2138f53c-660a-4f6d-97f4-2dc78604f757', 'workflow_run_id': '019bb5cd-2f2c-7e8d-9123-e929ca2fa67f', 'workflow_type': 'ChainExecutorWorkflow'})
2026-01-13 10:51:22,109 - temporalio.workflow - INFO - Step extract_frame1: Selected target server: http://procure-x.testmcp.org ({'attempt': 1, 'namespace': 'default', 'run_id': '019bb5cd-2f2c-7e8d-9123-e929ca2fa67f', 'task_queue': 'comfyui-gpu-farm', 'workflow_id': 'chain-image-edit-to-video-pipeline-2138f53c-660a-4f6d-97f4-2dc78604f757', 'workflow_type': 'ChainExecutorWorkflow'})
2026-01-13 10:51:22,116 - temporalio.workflow - INFO - Step extract_frame2: Created workflow record 9c83145c-a3fb-4af4-83f4-cd66f114490d ({'attempt': 1, 'namespace': 'default', 'run_id': '019bb5cd-2f2c-7e8d-9123-e929ca2fa67f', 'task_queue': 'comfyui-gpu-farm', 'workflow_id': 'chain-image-edit-to-video-pipeline-2138f53c-660a-4f6d-97f4-2dc78604f757', 'workflow_type': 'ChainExecutorWorkflow'})
2026-01-13 10:51:22,120 - temporalio.activity - INFO - Creating workflow record: imageSave (prompt: pending) ({'activity_id': '9', 'activity_type': 'create_workflow_record', 'attempt': 1, 'namespace': 'default', 'task_queue': 'comfyui-gpu-farm', 'workflow_id': 'chain-image-edit-to-video-pipeline-2138f53c-660a-4f6d-97f4-2dc78604f757', 'workflow_run_id': '019bb5cd-2f2c-7e8d-9123-e929ca2fa67f', 'workflow_type': 'ChainExecutorWorkflow'})
2026-01-13 10:51:22,124 - temporalio.activity - INFO - ✓ Created workflow record: 6c0f2175-1c7b-40fc-9f46-35b26ac001b5 ({'activity_id': '9', 'activity_type': 'create_workflow_record', 'attempt': 1, 'namespace': 'default', 'task_queue': 'comfyui-gpu-farm', 'workflow_id': 'chain-image-edit-to-video-pipeline-2138f53c-660a-4f6d-97f4-2dc78604f757', 'workflow_run_id': '019bb5cd-2f2c-7e8d-9123-e929ca2fa67f', 'workflow_type': 'ChainExecutorWorkflow'})
2026-01-13 10:51:22,135 - temporalio.workflow - INFO - Step extract_frame1: Created workflow record 6c0f2175-1c7b-40fc-9f46-35b26ac001b5 ({'attempt': 1, 'namespace': 'default', 'run_id': '019bb5cd-2f2c-7e8d-9123-e929ca2fa67f', 'task_queue': 'comfyui-gpu-farm', 'workflow_id': 'chain-image-edit-to-video-pipeline-2138f53c-660a-4f6d-97f4-2dc78604f757', 'workflow_type': 'ChainExecutorWorkflow'})
2026-01-13 10:51:22,142 - temporalio.workflow - INFO - Starting ComfyUI workflow execution ({'attempt': 1, 'namespace': 'default', 'run_id': '019bb5cd-30cb-7516-9aa8-5736ee3ec0c2', 'task_queue': 'comfyui-gpu-farm', 'workflow_id': 'chain-image-edit-to-video-pipeline-2138f53c-660a-4f6d-97f4-2dc78604f757-extract_frame2', 'workflow_type': 'ComfyUIWorkflow'})
2026-01-13 10:51:22,142 - temporalio.workflow - INFO - Generated client_id: 12a7a75a-fc0d-47a5-ab78-eeca4305309b ({'attempt': 1, 'namespace': 'default', 'run_id': '019bb5cd-30cb-7516-9aa8-5736ee3ec0c2', 'task_queue': 'comfyui-gpu-farm', 'workflow_id': 'chain-image-edit-to-video-pipeline-2138f53c-660a-4f6d-97f4-2dc78604f757-extract_frame2', 'workflow_type': 'ComfyUIWorkflow'})
2026-01-13 10:51:22,142 - temporalio.workflow - INFO - Using pre-selected server: http://procure-x.testmcp.org ({'attempt': 1, 'namespace': 'default', 'run_id': '019bb5cd-30cb-7516-9aa8-5736ee3ec0c2', 'task_queue': 'comfyui-gpu-farm', 'workflow_id': 'chain-image-edit-to-video-pipeline-2138f53c-660a-4f6d-97f4-2dc78604f757-extract_frame2', 'workflow_type': 'ComfyUIWorkflow'})
2026-01-13 10:51:22,154 - temporalio.activity - INFO - [V3] Executing workflow on http://procure-x.testmcp.org ({'activity_id': '1', 'activity_type': 'execute_and_track_workflow', 'attempt': 1, 'namespace': 'default', 'task_queue': 'comfyui-gpu-farm', 'workflow_id': 'chain-image-edit-to-video-pipeline-2138f53c-660a-4f6d-97f4-2dc78604f757-extract_frame2', 'workflow_run_id': '019bb5cd-30cb-7516-9aa8-5736ee3ec0c2', 'workflow_type': 'ComfyUIWorkflow'})
2026-01-13 10:51:22,154 - temporalio.activity - INFO - [V3] Workflow name: imageSave ({'activity_id': '1', 'activity_type': 'execute_and_track_workflow', 'attempt': 1, 'namespace': 'default', 'task_queue': 'comfyui-gpu-farm', 'workflow_id': 'chain-image-edit-to-video-pipeline-2138f53c-660a-4f6d-97f4-2dc78604f757-extract_frame2', 'workflow_run_id': '019bb5cd-30cb-7516-9aa8-5736ee3ec0c2', 'workflow_type': 'ComfyUIWorkflow'})
2026-01-13 10:51:22,198 - temporal_gateway.clients.comfy.client - INFO - ComfyUI client initialized for http://procure-x.testmcp.org
2026-01-13 10:51:22,198 - temporal_gateway.clients.comfy.client - INFO - Submitting workflow to ComfyUI
2026-01-13 10:51:22,206 - temporalio.workflow - INFO - Starting ComfyUI workflow execution ({'attempt': 1, 'namespace': 'default', 'run_id': '019bb5cd-30e2-7b69-9307-a2eead77dda4', 'task_queue': 'comfyui-gpu-farm', 'workflow_id': 'chain-image-edit-to-video-pipeline-2138f53c-660a-4f6d-97f4-2dc78604f757-extract_frame1', 'workflow_type': 'ComfyUIWorkflow'})
2026-01-13 10:51:22,207 - temporalio.workflow - INFO - Generated client_id: 6137afe3-d91b-4443-94a1-2ccaf5ffc14e ({'attempt': 1, 'namespace': 'default', 'run_id': '019bb5cd-30e2-7b69-9307-a2eead77dda4', 'task_queue': 'comfyui-gpu-farm', 'workflow_id': 'chain-image-edit-to-video-pipeline-2138f53c-660a-4f6d-97f4-2dc78604f757-extract_frame1', 'workflow_type': 'ComfyUIWorkflow'})
2026-01-13 10:51:22,207 - temporalio.workflow - INFO - Using pre-selected server: http://procure-x.testmcp.org ({'attempt': 1, 'namespace': 'default', 'run_id': '019bb5cd-30e2-7b69-9307-a2eead77dda4', 'task_queue': 'comfyui-gpu-farm', 'workflow_id': 'chain-image-edit-to-video-pipeline-2138f53c-660a-4f6d-97f4-2dc78604f757-extract_frame1', 'workflow_type': 'ComfyUIWorkflow'})
2026-01-13 10:51:22,215 - temporalio.activity - INFO - [V3] Executing workflow on http://procure-x.testmcp.org ({'activity_id': '1', 'activity_type': 'execute_and_track_workflow', 'attempt': 1, 'namespace': 'default', 'task_queue': 'comfyui-gpu-farm', 'workflow_id': 'chain-image-edit-to-video-pipeline-2138f53c-660a-4f6d-97f4-2dc78604f757-extract_frame1', 'workflow_run_id': '019bb5cd-30e2-7b69-9307-a2eead77dda4', 'workflow_type': 'ComfyUIWorkflow'})
2026-01-13 10:51:22,215 - temporalio.activity - INFO - [V3] Workflow name: imageSave ({'activity_id': '1', 'activity_type': 'execute_and_track_workflow', 'attempt': 1, 'namespace': 'default', 'task_queue': 'comfyui-gpu-farm', 'workflow_id': 'chain-image-edit-to-video-pipeline-2138f53c-660a-4f6d-97f4-2dc78604f757-extract_frame1', 'workflow_run_id': '019bb5cd-30e2-7b69-9307-a2eead77dda4', 'workflow_type': 'ComfyUIWorkflow'})
2026-01-13 10:51:22,258 - temporal_gateway.clients.comfy.client - INFO - ComfyUI client initialized for http://procure-x.testmcp.org
2026-01-13 10:51:22,258 - temporal_gateway.clients.comfy.client - INFO - Submitting workflow to ComfyUI
2026-01-13 10:51:22,327 - httpx - INFO - HTTP Request: POST http://procure-x.testmcp.org/prompt "HTTP/1.1 200 OK"
2026-01-13 10:51:22,329 - temporal_gateway.clients.comfy.client - INFO - Workflow queued with prompt_id: bcc933df-9877-4a0f-b457-3328554bb5dc
2026-01-13 10:51:22,329 - temporal_gateway.clients.comfy.tracker - INFO - Starting execution tracking for prompt bcc933df-9877-4a0f-b457-3328554bb5dc
2026-01-13 10:51:22,329 - temporal_gateway.clients.comfy.tracker - INFO - Starting history polling
2026-01-13 10:51:22,330 - temporal_gateway.clients.comfy.tracker - INFO - Starting WebSocket listener
2026-01-13 10:51:22,330 - temporal_gateway.clients.comfy.websocket - INFO - Connecting to WebSocket: ws://procure-x.testmcp.org/ws?clientId=e3e4f89a-c4f0-4044-88d6-24668b4d41fe
2026-01-13 10:51:22,360 - httpx - INFO - HTTP Request: POST http://procure-x.testmcp.org/prompt "HTTP/1.1 200 OK"
2026-01-13 10:51:22,361 - temporal_gateway.clients.comfy.client - INFO - Workflow queued with prompt_id: 26b9ee2c-168d-46b0-949a-dd79e5043a6d
2026-01-13 10:51:22,361 - temporal_gateway.clients.comfy.tracker - INFO - Starting execution tracking for prompt 26b9ee2c-168d-46b0-949a-dd79e5043a6d
2026-01-13 10:51:22,361 - temporal_gateway.clients.comfy.tracker - INFO - Starting history polling
2026-01-13 10:51:22,362 - temporal_gateway.clients.comfy.tracker - INFO - Starting WebSocket listener
2026-01-13 10:51:22,362 - temporal_gateway.clients.comfy.websocket - INFO - Connecting to WebSocket: ws://procure-x.testmcp.org/ws?clientId=0fb6480f-4235-4fe2-93e5-f3a4e6957c79
2026-01-13 10:51:22,364 - httpx - INFO - HTTP Request: GET http://procure-x.testmcp.org/history/bcc933df-9877-4a0f-b457-3328554bb5dc "HTTP/1.1 200 OK"
2026-01-13 10:51:22,388 - httpx - INFO - HTTP Request: GET http://procure-x.testmcp.org/history/26b9ee2c-168d-46b0-949a-dd79e5043a6d "HTTP/1.1 200 OK"
2026-01-13 10:51:22,395 - temporal_gateway.clients.comfy.websocket - INFO - WebSocket connected successfully
2026-01-13 10:51:23,142 - temporal_gateway.clients.comfy.websocket - INFO - WebSocket connected successfully
2026-01-13 10:51:23,155 - temporal_gateway.clients.comfy.tracker - INFO - [WS] Execution completed successfully
2026-01-13 10:51:23,504 - httpx - INFO - HTTP Request: GET http://procure-x.testmcp.org/history/bcc933df-9877-4a0f-b457-3328554bb5dc "HTTP/1.1 200 OK"
2026-01-13 10:51:23,508 - httpx - INFO - HTTP Request: GET http://procure-x.testmcp.org/history/26b9ee2c-168d-46b0-949a-dd79e5043a6d "HTTP/1.1 200 OK"
2026-01-13 10:51:23,510 - httpx - INFO - HTTP Request: GET http://procure-x.testmcp.org/history/bcc933df-9877-4a0f-b457-3328554bb5dc "HTTP/1.1 200 OK"
2026-01-13 10:51:23,514 - temporal_gateway.clients.comfy.tracker - INFO - Tracking completed: success (took 1.19s)
2026-01-13 10:51:23,516 - temporal_gateway.clients.comfy.tracker - INFO - [POLL] Found in history: success
2026-01-13 10:51:23,518 - temporalio.activity - INFO - [V3] Workflow completed successfully ({'activity_id': '1', 'activity_type': 'execute_and_track_workflow', 'attempt': 1, 'namespace': 'default', 'task_queue': 'comfyui-gpu-farm', 'workflow_id': 'chain-image-edit-to-video-pipeline-2138f53c-660a-4f6d-97f4-2dc78604f757-extract_frame2', 'workflow_run_id': '019bb5cd-30cb-7516-9aa8-5736ee3ec0c2', 'workflow_type': 'ComfyUIWorkflow'})
2026-01-13 10:51:23,539 - temporalio.workflow - INFO - Execution completed successfully ({'attempt': 1, 'namespace': 'default', 'run_id': '019bb5cd-30cb-7516-9aa8-5736ee3ec0c2', 'task_queue': 'comfyui-gpu-farm', 'workflow_id': 'chain-image-edit-to-video-pipeline-2138f53c-660a-4f6d-97f4-2dc78604f757-extract_frame2', 'workflow_type': 'ComfyUIWorkflow'})
2026-01-13 10:51:23,547 - temporalio.activity - INFO - Extracting server output files ({'activity_id': '2', 'activity_type': 'get_server_output_files', 'attempt': 1, 'namespace': 'default', 'task_queue': 'comfyui-gpu-farm', 'workflow_id': 'chain-image-edit-to-video-pipeline-2138f53c-660a-4f6d-97f4-2dc78604f757-extract_frame2', 'workflow_run_id': '019bb5cd-30cb-7516-9aa8-5736ee3ec0c2', 'workflow_type': 'ComfyUIWorkflow'})
2026-01-13 10:51:23,547 - temporalio.activity - INFO - Found 1 output file(s) ({'activity_id': '2', 'activity_type': 'get_server_output_files', 'attempt': 1, 'namespace': 'default', 'task_queue': 'comfyui-gpu-farm', 'workflow_id': 'chain-image-edit-to-video-pipeline-2138f53c-660a-4f6d-97f4-2dc78604f757-extract_frame2', 'workflow_run_id': '019bb5cd-30cb-7516-9aa8-5736ee3ec0c2', 'workflow_type': 'ComfyUIWorkflow'})
2026-01-13 10:51:23,555 - temporalio.workflow - INFO - Found 1 server output file(s) ({'attempt': 1, 'namespace': 'default', 'run_id': '019bb5cd-30cb-7516-9aa8-5736ee3ec0c2', 'task_queue': 'comfyui-gpu-farm', 'workflow_id': 'chain-image-edit-to-video-pipeline-2138f53c-660a-4f6d-97f4-2dc78604f757-extract_frame2', 'workflow_type': 'ComfyUIWorkflow'})
2026-01-13 10:51:23,563 - temporalio.activity - INFO - Downloading and persisting 1 artifact(s) for workflow 9c83145c-a3fb-4af4-83f4-cd66f114490d ({'activity_id': '3', 'activity_type': 'download_and_store_artifacts', 'attempt': 1, 'namespace': 'default', 'task_queue': 'comfyui-gpu-farm', 'workflow_id': 'chain-image-edit-to-video-pipeline-2138f53c-660a-4f6d-97f4-2dc78604f757-extract_frame2', 'workflow_run_id': '019bb5cd-30cb-7516-9aa8-5736ee3ec0c2', 'workflow_type': 'ComfyUIWorkflow'})
2026-01-13 10:51:23,606 - temporal_gateway.clients.comfy.client - INFO - ComfyUI client initialized for http://procure-x.testmcp.org
2026-01-13 10:51:23,609 - temporal_gateway.clients.comfy.tracker - INFO - [WS] Execution completed successfully
2026-01-13 10:51:23,623 - httpx - INFO - HTTP Request: GET http://procure-x.testmcp.org/history/26b9ee2c-168d-46b0-949a-dd79e5043a6d "HTTP/1.1 200 OK"
2026-01-13 10:51:23,624 - temporal_gateway.clients.comfy.tracker - INFO - Tracking completed: success (took 1.26s)
2026-01-13 10:51:23,624 - temporalio.activity - INFO - [V3] Workflow completed successfully ({'activity_id': '1', 'activity_type': 'execute_and_track_workflow', 'attempt': 1, 'namespace': 'default', 'task_queue': 'comfyui-gpu-farm', 'workflow_id': 'chain-image-edit-to-video-pipeline-2138f53c-660a-4f6d-97f4-2dc78604f757-extract_frame1', 'workflow_run_id': '019bb5cd-30e2-7b69-9307-a2eead77dda4', 'workflow_type': 'ComfyUIWorkflow'})
2026-01-13 10:51:23,634 - temporalio.workflow - INFO - Execution completed successfully ({'attempt': 1, 'namespace': 'default', 'run_id': '019bb5cd-30e2-7b69-9307-a2eead77dda4', 'task_queue': 'comfyui-gpu-farm', 'workflow_id': 'chain-image-edit-to-video-pipeline-2138f53c-660a-4f6d-97f4-2dc78604f757-extract_frame1', 'workflow_type': 'ComfyUIWorkflow'})
2026-01-13 10:51:23,642 - temporalio.activity - INFO - Extracting server output files ({'activity_id': '2', 'activity_type': 'get_server_output_files', 'attempt': 1, 'namespace': 'default', 'task_queue': 'comfyui-gpu-farm', 'workflow_id': 'chain-image-edit-to-video-pipeline-2138f53c-660a-4f6d-97f4-2dc78604f757-extract_frame1', 'workflow_run_id': '019bb5cd-30e2-7b69-9307-a2eead77dda4', 'workflow_type': 'ComfyUIWorkflow'})
2026-01-13 10:51:23,642 - temporalio.activity - INFO - Found 1 output file(s) ({'activity_id': '2', 'activity_type': 'get_server_output_files', 'attempt': 1, 'namespace': 'default', 'task_queue': 'comfyui-gpu-farm', 'workflow_id': 'chain-image-edit-to-video-pipeline-2138f53c-660a-4f6d-97f4-2dc78604f757-extract_frame1', 'workflow_run_id': '019bb5cd-30e2-7b69-9307-a2eead77dda4', 'workflow_type': 'ComfyUIWorkflow'})
2026-01-13 10:51:23,650 - temporalio.workflow - INFO - Found 1 server output file(s) ({'attempt': 1, 'namespace': 'default', 'run_id': '019bb5cd-30e2-7b69-9307-a2eead77dda4', 'task_queue': 'comfyui-gpu-farm', 'workflow_id': 'chain-image-edit-to-video-pipeline-2138f53c-660a-4f6d-97f4-2dc78604f757-extract_frame1', 'workflow_type': 'ComfyUIWorkflow'})
2026-01-13 10:51:23,657 - httpx - INFO - HTTP Request: GET http://procure-x.testmcp.org/view?filename=ComfyUI_00244_.png&type=output "HTTP/1.1 200 OK"
2026-01-13 10:51:23,658 - temporalio.activity - INFO - Downloading and persisting 1 artifact(s) for workflow 6c0f2175-1c7b-40fc-9f46-35b26ac001b5 ({'activity_id': '3', 'activity_type': 'download_and_store_artifacts', 'attempt': 1, 'namespace': 'default', 'task_queue': 'comfyui-gpu-farm', 'workflow_id': 'chain-image-edit-to-video-pipeline-2138f53c-660a-4f6d-97f4-2dc78604f757-extract_frame1', 'workflow_run_id': '019bb5cd-30e2-7b69-9307-a2eead77dda4', 'workflow_type': 'ComfyUIWorkflow'})
2026-01-13 10:51:23,704 - temporal_gateway.clients.comfy.client - INFO - ComfyUI client initialized for http://procure-x.testmcp.org
2026-01-13 10:51:23,739 - temporalio.activity - INFO - ✓ Saved artifact to DB: c92aa1e8-6fac-4403-a39d-45fe12b619fe (ComfyUI_00244_.png) ({'activity_id': '3', 'activity_type': 'download_and_store_artifacts', 'attempt': 1, 'namespace': 'default', 'task_queue': 'comfyui-gpu-farm', 'workflow_id': 'chain-image-edit-to-video-pipeline-2138f53c-660a-4f6d-97f4-2dc78604f757-extract_frame2', 'workflow_run_id': '019bb5cd-30cb-7516-9aa8-5736ee3ec0c2', 'workflow_type': 'ComfyUIWorkflow'})
2026-01-13 10:51:23,739 - temporalio.activity - INFO - Downloaded and persisted 1 artifact(s) ({'activity_id': '3', 'activity_type': 'download_and_store_artifacts', 'attempt': 1, 'namespace': 'default', 'task_queue': 'comfyui-gpu-farm', 'workflow_id': 'chain-image-edit-to-video-pipeline-2138f53c-660a-4f6d-97f4-2dc78604f757-extract_frame2', 'workflow_run_id': '019bb5cd-30cb-7516-9aa8-5736ee3ec0c2', 'workflow_type': 'ComfyUIWorkflow'})
2026-01-13 10:51:23,750 - temporalio.workflow - INFO - Downloaded 1 file(s) locally ({'attempt': 1, 'namespace': 'default', 'run_id': '019bb5cd-30cb-7516-9aa8-5736ee3ec0c2', 'task_queue': 'comfyui-gpu-farm', 'workflow_id': 'chain-image-edit-to-video-pipeline-2138f53c-660a-4f6d-97f4-2dc78604f757-extract_frame2', 'workflow_type': 'ComfyUIWorkflow'})
2026-01-13 10:51:23,760 - httpx - INFO - HTTP Request: GET http://procure-x.testmcp.org/view?filename=ComfyUI_00245_.png&type=output "HTTP/1.1 200 OK"
2026-01-13 10:51:23,772 - temporalio.activity - INFO - Updating workflow 9c83145c-a3fb-4af4-83f4-cd66f114490d status to: completed ({'activity_id': '10', 'activity_type': 'update_workflow_status_activity', 'attempt': 1, 'namespace': 'default', 'task_queue': 'comfyui-gpu-farm', 'workflow_id': 'chain-image-edit-to-video-pipeline-2138f53c-660a-4f6d-97f4-2dc78604f757', 'workflow_run_id': '019bb5cd-2f2c-7e8d-9123-e929ca2fa67f', 'workflow_type': 'ChainExecutorWorkflow'})
2026-01-13 10:51:23,775 - temporalio.activity - INFO - ✓ Updated workflow status ({'activity_id': '10', 'activity_type': 'update_workflow_status_activity', 'attempt': 1, 'namespace': 'default', 'task_queue': 'comfyui-gpu-farm', 'workflow_id': 'chain-image-edit-to-video-pipeline-2138f53c-660a-4f6d-97f4-2dc78604f757', 'workflow_run_id': '019bb5cd-2f2c-7e8d-9123-e929ca2fa67f', 'workflow_type': 'ChainExecutorWorkflow'})
2026-01-13 10:51:23,787 - temporalio.activity - INFO - ✓ Saved artifact to DB: 8706ae56-b702-48e8-b440-6589bff7c207 (ComfyUI_00245_.png) ({'activity_id': '3', 'activity_type': 'download_and_store_artifacts', 'attempt': 1, 'namespace': 'default', 'task_queue': 'comfyui-gpu-farm', 'workflow_id': 'chain-image-edit-to-video-pipeline-2138f53c-660a-4f6d-97f4-2dc78604f757-extract_frame1', 'workflow_run_id': '019bb5cd-30e2-7b69-9307-a2eead77dda4', 'workflow_type': 'ComfyUIWorkflow'})
2026-01-13 10:51:23,787 - temporalio.activity - INFO - Downloaded and persisted 1 artifact(s) ({'activity_id': '3', 'activity_type': 'download_and_store_artifacts', 'attempt': 1, 'namespace': 'default', 'task_queue': 'comfyui-gpu-farm', 'workflow_id': 'chain-image-edit-to-video-pipeline-2138f53c-660a-4f6d-97f4-2dc78604f757-extract_frame1', 'workflow_run_id': '019bb5cd-30e2-7b69-9307-a2eead77dda4', 'workflow_type': 'ComfyUIWorkflow'})
2026-01-13 10:51:23,788 - temporalio.workflow - INFO - Step extract_frame2: Approval required, fetching artifacts... ({'attempt': 1, 'namespace': 'default', 'run_id': '019bb5cd-2f2c-7e8d-9123-e929ca2fa67f', 'task_queue': 'comfyui-gpu-farm', 'workflow_id': 'chain-image-edit-to-video-pipeline-2138f53c-660a-4f6d-97f4-2dc78604f757', 'workflow_type': 'ChainExecutorWorkflow'})
2026-01-13 10:51:23,796 - temporalio.workflow - INFO - Downloaded 1 file(s) locally ({'attempt': 1, 'namespace': 'default', 'run_id': '019bb5cd-30e2-7b69-9307-a2eead77dda4', 'task_queue': 'comfyui-gpu-farm', 'workflow_id': 'chain-image-edit-to-video-pipeline-2138f53c-660a-4f6d-97f4-2dc78604f757-extract_frame1', 'workflow_type': 'ComfyUIWorkflow'})
2026-01-13 10:51:23,798 - temporalio.activity - INFO - Getting artifacts for workflow: 9c83145c-a3fb-4af4-83f4-cd66f114490d ({'activity_id': '11', 'activity_type': 'get_workflow_artifacts', 'attempt': 1, 'namespace': 'default', 'task_queue': 'comfyui-gpu-farm', 'workflow_id': 'chain-image-edit-to-video-pipeline-2138f53c-660a-4f6d-97f4-2dc78604f757', 'workflow_run_id': '019bb5cd-2f2c-7e8d-9123-e929ca2fa67f', 'workflow_type': 'ChainExecutorWorkflow'})
2026-01-13 10:51:23,818 - temporalio.activity - INFO - Creating approval request for artifact: c92aa1e8-6fac-4403-a39d-45fe12b619fe ({'activity_id': '12', 'activity_type': 'create_approval_request_activity', 'attempt': 1, 'namespace': 'default', 'task_queue': 'comfyui-gpu-farm', 'workflow_id': 'chain-image-edit-to-video-pipeline-2138f53c-660a-4f6d-97f4-2dc78604f757', 'workflow_run_id': '019bb5cd-2f2c-7e8d-9123-e929ca2fa67f', 'workflow_type': 'ChainExecutorWorkflow'})
2026-01-13 10:51:23,826 - temporalio.activity - INFO - ✓ Created approval request: 9e093e32-c078-4bd3-b1f8-f63d96365442, token: LXvO2xuUVNkAndZH... ({'activity_id': '12', 'activity_type': 'create_approval_request_activity', 'attempt': 1, 'namespace': 'default', 'task_queue': 'comfyui-gpu-farm', 'workflow_id': 'chain-image-edit-to-video-pipeline-2138f53c-660a-4f6d-97f4-2dc78604f757', 'workflow_run_id': '019bb5cd-2f2c-7e8d-9123-e929ca2fa67f', 'workflow_type': 'ChainExecutorWorkflow'})
2026-01-13 10:51:23,827 - temporalio.activity - INFO - Updating workflow 6c0f2175-1c7b-40fc-9f46-35b26ac001b5 status to: completed ({'activity_id': '13', 'activity_type': 'update_workflow_status_activity', 'attempt': 1, 'namespace': 'default', 'task_queue': 'comfyui-gpu-farm', 'workflow_id': 'chain-image-edit-to-video-pipeline-2138f53c-660a-4f6d-97f4-2dc78604f757', 'workflow_run_id': '019bb5cd-2f2c-7e8d-9123-e929ca2fa67f', 'workflow_type': 'ChainExecutorWorkflow'})
2026-01-13 10:51:23,830 - temporalio.activity - INFO - ✓ Updated workflow status ({'activity_id': '13', 'activity_type': 'update_workflow_status_activity', 'attempt': 1, 'namespace': 'default', 'task_queue': 'comfyui-gpu-farm', 'workflow_id': 'chain-image-edit-to-video-pipeline-2138f53c-660a-4f6d-97f4-2dc78604f757', 'workflow_run_id': '019bb5cd-2f2c-7e8d-9123-e929ca2fa67f', 'workflow_type': 'ChainExecutorWorkflow'})
2026-01-13 10:51:23,830 - temporal_gateway.services.broadcast - INFO - Published approval_requested to chain:1dc269df-cfd0-4593-8b1e-2efb50d23f4e
2026-01-13 10:51:23,831 - temporalio.activity - INFO - Published approval_requested event for chain 1dc269df-cfd0-4593-8b1e-2efb50d23f4e ({'activity_id': '12', 'activity_type': 'create_approval_request_activity', 'attempt': 1, 'namespace': 'default', 'task_queue': 'comfyui-gpu-farm', 'workflow_id': 'chain-image-edit-to-video-pipeline-2138f53c-660a-4f6d-97f4-2dc78604f757', 'workflow_run_id': '019bb5cd-2f2c-7e8d-9123-e929ca2fa67f', 'workflow_type': 'ChainExecutorWorkflow'})
2026-01-13 10:51:23,841 - temporalio.workflow - INFO - Step extract_frame1: Approval required, fetching artifacts... ({'attempt': 1, 'namespace': 'default', 'run_id': '019bb5cd-2f2c-7e8d-9123-e929ca2fa67f', 'task_queue': 'comfyui-gpu-farm', 'workflow_id': 'chain-image-edit-to-video-pipeline-2138f53c-660a-4f6d-97f4-2dc78604f757', 'workflow_type': 'ChainExecutorWorkflow'})
2026-01-13 10:51:23,842 - temporalio.workflow - INFO - Step extract_frame2: Approval request created, token: LXvO2xuUVNkAndZH... ({'attempt': 1, 'namespace': 'default', 'run_id': '019bb5cd-2f2c-7e8d-9123-e929ca2fa67f', 'task_queue': 'comfyui-gpu-farm', 'workflow_id': 'chain-image-edit-to-video-pipeline-2138f53c-660a-4f6d-97f4-2dc78604f757', 'workflow_type': 'ChainExecutorWorkflow'})
2026-01-13 10:51:23,850 - temporalio.activity - INFO - Getting artifacts for workflow: 6c0f2175-1c7b-40fc-9f46-35b26ac001b5 ({'activity_id': '14', 'activity_type': 'get_workflow_artifacts', 'attempt': 1, 'namespace': 'default', 'task_queue': 'comfyui-gpu-farm', 'workflow_id': 'chain-image-edit-to-video-pipeline-2138f53c-660a-4f6d-97f4-2dc78604f757', 'workflow_run_id': '019bb5cd-2f2c-7e8d-9123-e929ca2fa67f', 'workflow_type': 'ChainExecutorWorkflow'})
2026-01-13 10:51:23,870 - temporalio.activity - INFO - Creating approval request for artifact: 8706ae56-b702-48e8-b440-6589bff7c207 ({'activity_id': '15', 'activity_type': 'create_approval_request_activity', 'attempt': 1, 'namespace': 'default', 'task_queue': 'comfyui-gpu-farm', 'workflow_id': 'chain-image-edit-to-video-pipeline-2138f53c-660a-4f6d-97f4-2dc78604f757', 'workflow_run_id': '019bb5cd-2f2c-7e8d-9123-e929ca2fa67f', 'workflow_type': 'ChainExecutorWorkflow'})
2026-01-13 10:51:23,874 - temporalio.activity - INFO - ✓ Created approval request: 43575de7-1f03-4e7f-a77c-e5d818fd9f63, token: McotHUC5TXdyNRLo... ({'activity_id': '15', 'activity_type': 'create_approval_request_activity', 'attempt': 1, 'namespace': 'default', 'task_queue': 'comfyui-gpu-farm', 'workflow_id': 'chain-image-edit-to-video-pipeline-2138f53c-660a-4f6d-97f4-2dc78604f757', 'workflow_run_id': '019bb5cd-2f2c-7e8d-9123-e929ca2fa67f', 'workflow_type': 'ChainExecutorWorkflow'})
2026-01-13 10:51:23,875 - temporal_gateway.services.broadcast - INFO - Published approval_requested to chain:1dc269df-cfd0-4593-8b1e-2efb50d23f4e
2026-01-13 10:51:23,875 - temporalio.activity - INFO - Published approval_requested event for chain 1dc269df-cfd0-4593-8b1e-2efb50d23f4e ({'activity_id': '15', 'activity_type': 'create_approval_request_activity', 'attempt': 1, 'namespace': 'default', 'task_queue': 'comfyui-gpu-farm', 'workflow_id': 'chain-image-edit-to-video-pipeline-2138f53c-660a-4f6d-97f4-2dc78604f757', 'workflow_run_id': '019bb5cd-2f2c-7e8d-9123-e929ca2fa67f', 'workflow_type': 'ChainExecutorWorkflow'})
2026-01-13 10:51:23,887 - temporalio.workflow - INFO - Step extract_frame1: Approval request created, token: McotHUC5TXdyNRLo... ({'attempt': 1, 'namespace': 'default', 'run_id': '019bb5cd-2f2c-7e8d-9123-e929ca2fa67f', 'task_queue': 'comfyui-gpu-farm', 'workflow_id': 'chain-image-edit-to-video-pipeline-2138f53c-660a-4f6d-97f4-2dc78604f757', 'workflow_type': 'ChainExecutorWorkflow'})
2026-01-13 10:54:13,016 - temporalio.worker._worker - INFO - Worker cancelled, shutting down
2026-01-13 10:54:13,016 - temporalio.worker._worker - INFO - Beginning worker shutdown, will wait 0:00:00 before cancelling activities
