2026-01-13 11:01:12,580 - worker - INFO - Initializing artifact database...
2026-01-13 11:01:12,624 - worker - INFO - Database initialized
2026-01-13 11:01:12,624 - worker - INFO - Connecting to Redis for event broadcasting...
2026-01-13 11:01:12,663 - temporal_gateway.services.broadcast - INFO - Created broadcast instance for redis://localhost:6379
2026-01-13 11:01:12,665 - temporal_gateway.services.broadcast - INFO - Broadcast connected to Redis
2026-01-13 11:01:12,665 - worker - INFO - Redis broadcast connected
2026-01-13 11:01:12,666 - worker - INFO - Loading server registry...
2026-01-13 11:01:12,666 - temporal_gateway.servers.registry - INFO - Registered server: procure-x (comfyui)
2026-01-13 11:01:12,666 - temporal_gateway.servers.registry - INFO - Loaded 1 servers from config
2026-01-13 11:01:12,666 - worker - INFO - Registered 1 servers
2026-01-13 11:01:12,666 - worker - INFO -   Server: procure-x (comfyui)
2026-01-13 11:01:12,802 - worker - INFO - ============================================================
2026-01-13 11:01:12,802 - worker - INFO - 🔧 Temporal Worker Started
2026-01-13 11:01:12,802 - worker - INFO - ============================================================
2026-01-13 11:01:12,802 - worker - INFO - Connected to Temporal: localhost:7233
2026-01-13 11:01:12,802 - worker - INFO - Task Queue: comfyui-gpu-farm
2026-01-13 11:01:12,802 - worker - INFO - Workflows: ['ComfyUIWorkflow', 'ChainExecutorWorkflow']
2026-01-13 11:01:12,802 - worker - INFO - Log file: /home/jaskirat/Documents/comfyautomate/temporal_gateway/logs/worker_20260113_053112.log
2026-01-13 11:01:12,803 - worker - INFO - ============================================================
2026-01-13 11:01:12,803 - worker - INFO - Worker is running. Press Ctrl+C to stop.
2026-01-13 11:01:24,894 - temporalio.workflow - INFO - Starting chain execution: image-edit-to-video-pipeline ({'attempt': 1, 'namespace': 'default', 'run_id': '019bb5d6-6346-728f-8703-1b87e07fb68a', 'task_queue': 'comfyui-gpu-farm', 'workflow_id': 'chain-image-edit-to-video-pipeline-57daefb4-a902-444c-a46e-d44e489df9f4', 'workflow_type': 'ChainExecutorWorkflow'})
2026-01-13 11:01:24,895 - temporalio.workflow - INFO - Retry number: 0 ({'attempt': 1, 'namespace': 'default', 'run_id': '019bb5d6-6346-728f-8703-1b87e07fb68a', 'task_queue': 'comfyui-gpu-farm', 'workflow_id': 'chain-image-edit-to-video-pipeline-57daefb4-a902-444c-a46e-d44e489df9f4', 'workflow_type': 'ChainExecutorWorkflow'})
2026-01-13 11:01:24,895 - temporalio.workflow - INFO - Cached steps: [] ({'attempt': 1, 'namespace': 'default', 'run_id': '019bb5d6-6346-728f-8703-1b87e07fb68a', 'task_queue': 'comfyui-gpu-farm', 'workflow_id': 'chain-image-edit-to-video-pipeline-57daefb4-a902-444c-a46e-d44e489df9f4', 'workflow_type': 'ChainExecutorWorkflow'})
2026-01-13 11:01:24,896 - temporalio.workflow - INFO - Total levels: 3 ({'attempt': 1, 'namespace': 'default', 'run_id': '019bb5d6-6346-728f-8703-1b87e07fb68a', 'task_queue': 'comfyui-gpu-farm', 'workflow_id': 'chain-image-edit-to-video-pipeline-57daefb4-a902-444c-a46e-d44e489df9f4', 'workflow_type': 'ChainExecutorWorkflow'})
2026-01-13 11:01:24,896 - temporalio.workflow - INFO - Using chain ID: 8099e20b-4302-4e5b-bfe2-84aa0e5e8105 ({'attempt': 1, 'namespace': 'default', 'run_id': '019bb5d6-6346-728f-8703-1b87e07fb68a', 'task_queue': 'comfyui-gpu-farm', 'workflow_id': 'chain-image-edit-to-video-pipeline-57daefb4-a902-444c-a46e-d44e489df9f4', 'workflow_type': 'ChainExecutorWorkflow'})
2026-01-13 11:01:24,919 - temporalio.activity - INFO - Updating chain 8099e20b-4302-4e5b-bfe2-84aa0e5e8105 status to: executing_level_0 ({'activity_id': '1', 'activity_type': 'update_chain_status_activity', 'attempt': 1, 'namespace': 'default', 'task_queue': 'comfyui-gpu-farm', 'workflow_id': 'chain-image-edit-to-video-pipeline-57daefb4-a902-444c-a46e-d44e489df9f4', 'workflow_run_id': '019bb5d6-6346-728f-8703-1b87e07fb68a', 'workflow_type': 'ChainExecutorWorkflow'})
2026-01-13 11:01:24,969 - temporalio.activity - INFO - ✓ Updated chain status ({'activity_id': '1', 'activity_type': 'update_chain_status_activity', 'attempt': 1, 'namespace': 'default', 'task_queue': 'comfyui-gpu-farm', 'workflow_id': 'chain-image-edit-to-video-pipeline-57daefb4-a902-444c-a46e-d44e489df9f4', 'workflow_run_id': '019bb5d6-6346-728f-8703-1b87e07fb68a', 'workflow_type': 'ChainExecutorWorkflow'})
2026-01-13 11:01:24,987 - temporalio.workflow - INFO - Level 0: Executing 2 step(s) ({'attempt': 1, 'namespace': 'default', 'run_id': '019bb5d6-6346-728f-8703-1b87e07fb68a', 'task_queue': 'comfyui-gpu-farm', 'workflow_id': 'chain-image-edit-to-video-pipeline-57daefb4-a902-444c-a46e-d44e489df9f4', 'workflow_type': 'ChainExecutorWorkflow'})
2026-01-13 11:01:24,987 - temporalio.workflow - INFO - Executing step: extract_frame1 ({'attempt': 1, 'namespace': 'default', 'run_id': '019bb5d6-6346-728f-8703-1b87e07fb68a', 'task_queue': 'comfyui-gpu-farm', 'workflow_id': 'chain-image-edit-to-video-pipeline-57daefb4-a902-444c-a46e-d44e489df9f4', 'workflow_type': 'ChainExecutorWorkflow'})
2026-01-13 11:01:24,988 - temporalio.workflow - INFO - Executing step: extract_frame2 ({'attempt': 1, 'namespace': 'default', 'run_id': '019bb5d6-6346-728f-8703-1b87e07fb68a', 'task_queue': 'comfyui-gpu-farm', 'workflow_id': 'chain-image-edit-to-video-pipeline-57daefb4-a902-444c-a46e-d44e489df9f4', 'workflow_type': 'ChainExecutorWorkflow'})
2026-01-13 11:01:24,997 - temporalio.activity - INFO - Resolving templates in parameters ({'activity_id': '3', 'activity_type': 'resolve_chain_templates', 'attempt': 1, 'namespace': 'default', 'task_queue': 'comfyui-gpu-farm', 'workflow_id': 'chain-image-edit-to-video-pipeline-57daefb4-a902-444c-a46e-d44e489df9f4', 'workflow_run_id': '019bb5d6-6346-728f-8703-1b87e07fb68a', 'workflow_type': 'ChainExecutorWorkflow'})
2026-01-13 11:01:24,998 - temporalio.activity - INFO - Templates resolved successfully ({'activity_id': '3', 'activity_type': 'resolve_chain_templates', 'attempt': 1, 'namespace': 'default', 'task_queue': 'comfyui-gpu-farm', 'workflow_id': 'chain-image-edit-to-video-pipeline-57daefb4-a902-444c-a46e-d44e489df9f4', 'workflow_run_id': '019bb5d6-6346-728f-8703-1b87e07fb68a', 'workflow_type': 'ChainExecutorWorkflow'})
2026-01-13 11:01:24,999 - temporalio.activity - INFO - Resolving templates in parameters ({'activity_id': '2', 'activity_type': 'resolve_chain_templates', 'attempt': 1, 'namespace': 'default', 'task_queue': 'comfyui-gpu-farm', 'workflow_id': 'chain-image-edit-to-video-pipeline-57daefb4-a902-444c-a46e-d44e489df9f4', 'workflow_run_id': '019bb5d6-6346-728f-8703-1b87e07fb68a', 'workflow_type': 'ChainExecutorWorkflow'})
2026-01-13 11:01:25,000 - temporalio.activity - INFO - Templates resolved successfully ({'activity_id': '2', 'activity_type': 'resolve_chain_templates', 'attempt': 1, 'namespace': 'default', 'task_queue': 'comfyui-gpu-farm', 'workflow_id': 'chain-image-edit-to-video-pipeline-57daefb4-a902-444c-a46e-d44e489df9f4', 'workflow_run_id': '019bb5d6-6346-728f-8703-1b87e07fb68a', 'workflow_type': 'ChainExecutorWorkflow'})
2026-01-13 11:01:25,010 - temporalio.workflow - INFO - Step extract_frame2: Resolved parameters ({'attempt': 1, 'namespace': 'default', 'run_id': '019bb5d6-6346-728f-8703-1b87e07fb68a', 'task_queue': 'comfyui-gpu-farm', 'workflow_id': 'chain-image-edit-to-video-pipeline-57daefb4-a902-444c-a46e-d44e489df9f4', 'workflow_type': 'ChainExecutorWorkflow'})
2026-01-13 11:01:25,010 - temporalio.workflow - INFO - Step extract_frame1: Resolved parameters ({'attempt': 1, 'namespace': 'default', 'run_id': '019bb5d6-6346-728f-8703-1b87e07fb68a', 'task_queue': 'comfyui-gpu-farm', 'workflow_id': 'chain-image-edit-to-video-pipeline-57daefb4-a902-444c-a46e-d44e489df9f4', 'workflow_type': 'ChainExecutorWorkflow'})
2026-01-13 11:01:25,018 - temporalio.activity - INFO - Applying parameters to workflow: imageSave ({'activity_id': '5', 'activity_type': 'apply_workflow_parameters', 'attempt': 1, 'namespace': 'default', 'task_queue': 'comfyui-gpu-farm', 'workflow_id': 'chain-image-edit-to-video-pipeline-57daefb4-a902-444c-a46e-d44e489df9f4', 'workflow_run_id': '019bb5d6-6346-728f-8703-1b87e07fb68a', 'workflow_type': 'ChainExecutorWorkflow'})
2026-01-13 11:01:25,018 - temporal_gateway.registry - INFO - WorkflowRegistry initialized: /home/jaskirat/Documents/comfyautomate/templates
2026-01-13 11:01:25,019 - temporal_gateway.registry - INFO - ✓ fluxdev: Loading from override file
2026-01-13 11:01:25,020 - temporal_gateway.registry - INFO -   Loaded 13 parameters from override file
2026-01-13 11:01:25,020 - temporal_gateway.registry - INFO - ✓ firstEndTovideo: Loading from override file
2026-01-13 11:01:25,021 - temporal_gateway.registry - INFO -   Loaded 44 parameters from override file
2026-01-13 11:01:25,021 - temporal_gateway.registry - INFO - ✓ image_qwen_edit: Loading from override file
2026-01-13 11:01:25,021 - temporal_gateway.registry - INFO -   Loaded 27 parameters from override file
2026-01-13 11:01:25,022 - temporal_gateway.registry - INFO - ✓ video_wan2_2_14B_fun_camera_test: Loading from override file
2026-01-13 11:01:25,022 - temporal_gateway.registry - INFO -   Loaded 49 parameters from override file
2026-01-13 11:01:25,023 - temporal_gateway.registry - INFO - ✓ qwen_image_edit: Loading from override file
2026-01-13 11:01:25,023 - temporal_gateway.registry - INFO -   Loaded 25 parameters from override file
2026-01-13 11:01:25,024 - temporal_gateway.registry - INFO - ✓ video_wan2_2_14B_i2v: Loading from override file
2026-01-13 11:01:25,024 - temporal_gateway.registry - INFO -   Loaded 43 parameters from override file
2026-01-13 11:01:25,024 - temporal_gateway.registry - INFO - ✓ imageSave: Loading from override file
2026-01-13 11:01:25,024 - temporal_gateway.registry - INFO -   Loaded 9 parameters from override file
2026-01-13 11:01:25,024 - temporal_gateway.registry - INFO - Discovery complete: 7 workflows, 0 generated, 7 loaded, 0 regenerated
2026-01-13 11:01:25,024 - temporal_gateway.registry - INFO - Applied override: 1.frame_load_cap = 1
2026-01-13 11:01:25,025 - temporal_gateway.registry - INFO - Applied override: 1.select_every_nth = 1
2026-01-13 11:01:25,025 - temporal_gateway.registry - INFO - Applied override: 1.skip_first_frames = 0
2026-01-13 11:01:25,025 - temporal_gateway.registry - INFO - Applied override: 1.video = ComfyUI_00012_.mp4
2026-01-13 11:01:25,025 - temporalio.activity - INFO - Parameters applied successfully ({'activity_id': '5', 'activity_type': 'apply_workflow_parameters', 'attempt': 1, 'namespace': 'default', 'task_queue': 'comfyui-gpu-farm', 'workflow_id': 'chain-image-edit-to-video-pipeline-57daefb4-a902-444c-a46e-d44e489df9f4', 'workflow_run_id': '019bb5d6-6346-728f-8703-1b87e07fb68a', 'workflow_type': 'ChainExecutorWorkflow'})
2026-01-13 11:01:25,025 - temporalio.activity - INFO - Applying parameters to workflow: imageSave ({'activity_id': '4', 'activity_type': 'apply_workflow_parameters', 'attempt': 1, 'namespace': 'default', 'task_queue': 'comfyui-gpu-farm', 'workflow_id': 'chain-image-edit-to-video-pipeline-57daefb4-a902-444c-a46e-d44e489df9f4', 'workflow_run_id': '019bb5d6-6346-728f-8703-1b87e07fb68a', 'workflow_type': 'ChainExecutorWorkflow'})
2026-01-13 11:01:25,026 - temporal_gateway.registry - INFO - Applied override: 1.frame_load_cap = 1
2026-01-13 11:01:25,026 - temporal_gateway.registry - INFO - Applied override: 1.select_every_nth = 1
2026-01-13 11:01:25,026 - temporal_gateway.registry - INFO - Applied override: 1.skip_first_frames = 172
2026-01-13 11:01:25,026 - temporal_gateway.registry - INFO - Applied override: 1.video = ComfyUI_00012_.mp4
2026-01-13 11:01:25,026 - temporalio.activity - INFO - Parameters applied successfully ({'activity_id': '4', 'activity_type': 'apply_workflow_parameters', 'attempt': 1, 'namespace': 'default', 'task_queue': 'comfyui-gpu-farm', 'workflow_id': 'chain-image-edit-to-video-pipeline-57daefb4-a902-444c-a46e-d44e489df9f4', 'workflow_run_id': '019bb5d6-6346-728f-8703-1b87e07fb68a', 'workflow_type': 'ChainExecutorWorkflow'})
2026-01-13 11:01:25,044 - temporalio.activity - INFO - Selecting server with strategy: least_loaded ({'activity_id': '6', 'activity_type': 'select_best_server', 'attempt': 1, 'namespace': 'default', 'task_queue': 'comfyui-gpu-farm', 'workflow_id': 'chain-image-edit-to-video-pipeline-57daefb4-a902-444c-a46e-d44e489df9f4', 'workflow_run_id': '019bb5d6-6346-728f-8703-1b87e07fb68a', 'workflow_type': 'ChainExecutorWorkflow'})
2026-01-13 11:01:25,134 - temporalio.activity - INFO - Selecting server with strategy: least_loaded ({'activity_id': '7', 'activity_type': 'select_best_server', 'attempt': 1, 'namespace': 'default', 'task_queue': 'comfyui-gpu-farm', 'workflow_id': 'chain-image-edit-to-video-pipeline-57daefb4-a902-444c-a46e-d44e489df9f4', 'workflow_run_id': '019bb5d6-6346-728f-8703-1b87e07fb68a', 'workflow_type': 'ChainExecutorWorkflow'})
2026-01-13 11:01:25,296 - httpx - INFO - HTTP Request: GET http://procure-x.testmcp.org/system_stats "HTTP/1.1 200 OK"
2026-01-13 11:01:25,304 - httpx - INFO - HTTP Request: GET http://procure-x.testmcp.org/system_stats "HTTP/1.1 200 OK"
2026-01-13 11:01:25,325 - httpx - INFO - HTTP Request: GET http://procure-x.testmcp.org/queue "HTTP/1.1 200 OK"
2026-01-13 11:01:25,327 - temporal_gateway.servers.load_balancer - INFO - Selected server procure-x (queue_depth=0, gpu_mem=0.0%)
2026-01-13 11:01:25,327 - temporalio.activity - INFO - Selected server: procure-x (http://procure-x.testmcp.org) ({'activity_id': '7', 'activity_type': 'select_best_server', 'attempt': 1, 'namespace': 'default', 'task_queue': 'comfyui-gpu-farm', 'workflow_id': 'chain-image-edit-to-video-pipeline-57daefb4-a902-444c-a46e-d44e489df9f4', 'workflow_run_id': '019bb5d6-6346-728f-8703-1b87e07fb68a', 'workflow_type': 'ChainExecutorWorkflow'})
2026-01-13 11:01:25,332 - httpx - INFO - HTTP Request: GET http://procure-x.testmcp.org/queue "HTTP/1.1 200 OK"
2026-01-13 11:01:25,333 - temporal_gateway.servers.load_balancer - INFO - Selected server procure-x (queue_depth=0, gpu_mem=0.0%)
2026-01-13 11:01:25,333 - temporalio.activity - INFO - Selected server: procure-x (http://procure-x.testmcp.org) ({'activity_id': '6', 'activity_type': 'select_best_server', 'attempt': 1, 'namespace': 'default', 'task_queue': 'comfyui-gpu-farm', 'workflow_id': 'chain-image-edit-to-video-pipeline-57daefb4-a902-444c-a46e-d44e489df9f4', 'workflow_run_id': '019bb5d6-6346-728f-8703-1b87e07fb68a', 'workflow_type': 'ChainExecutorWorkflow'})
2026-01-13 11:01:25,336 - temporalio.workflow - INFO - Step extract_frame2: Selected target server: http://procure-x.testmcp.org ({'attempt': 1, 'namespace': 'default', 'run_id': '019bb5d6-6346-728f-8703-1b87e07fb68a', 'task_queue': 'comfyui-gpu-farm', 'workflow_id': 'chain-image-edit-to-video-pipeline-57daefb4-a902-444c-a46e-d44e489df9f4', 'workflow_type': 'ChainExecutorWorkflow'})
2026-01-13 11:01:25,343 - temporalio.workflow - INFO - Step extract_frame1: Selected target server: http://procure-x.testmcp.org ({'attempt': 1, 'namespace': 'default', 'run_id': '019bb5d6-6346-728f-8703-1b87e07fb68a', 'task_queue': 'comfyui-gpu-farm', 'workflow_id': 'chain-image-edit-to-video-pipeline-57daefb4-a902-444c-a46e-d44e489df9f4', 'workflow_type': 'ChainExecutorWorkflow'})
2026-01-13 11:01:25,346 - temporalio.activity - INFO - Creating workflow record: imageSave (prompt: pending) ({'activity_id': '8', 'activity_type': 'create_workflow_record', 'attempt': 1, 'namespace': 'default', 'task_queue': 'comfyui-gpu-farm', 'workflow_id': 'chain-image-edit-to-video-pipeline-57daefb4-a902-444c-a46e-d44e489df9f4', 'workflow_run_id': '019bb5d6-6346-728f-8703-1b87e07fb68a', 'workflow_type': 'ChainExecutorWorkflow'})
2026-01-13 11:01:25,356 - temporalio.activity - INFO - ✓ Created workflow record: 8820ab2e-7f75-41e0-a89a-023645a93ea7 ({'activity_id': '8', 'activity_type': 'create_workflow_record', 'attempt': 1, 'namespace': 'default', 'task_queue': 'comfyui-gpu-farm', 'workflow_id': 'chain-image-edit-to-video-pipeline-57daefb4-a902-444c-a46e-d44e489df9f4', 'workflow_run_id': '019bb5d6-6346-728f-8703-1b87e07fb68a', 'workflow_type': 'ChainExecutorWorkflow'})
2026-01-13 11:01:25,357 - temporalio.activity - INFO - Creating workflow record: imageSave (prompt: pending) ({'activity_id': '9', 'activity_type': 'create_workflow_record', 'attempt': 1, 'namespace': 'default', 'task_queue': 'comfyui-gpu-farm', 'workflow_id': 'chain-image-edit-to-video-pipeline-57daefb4-a902-444c-a46e-d44e489df9f4', 'workflow_run_id': '019bb5d6-6346-728f-8703-1b87e07fb68a', 'workflow_type': 'ChainExecutorWorkflow'})
2026-01-13 11:01:25,360 - temporalio.activity - INFO - ✓ Created workflow record: ae95e9a0-41ac-4050-96cd-7d1da1ef136d ({'activity_id': '9', 'activity_type': 'create_workflow_record', 'attempt': 1, 'namespace': 'default', 'task_queue': 'comfyui-gpu-farm', 'workflow_id': 'chain-image-edit-to-video-pipeline-57daefb4-a902-444c-a46e-d44e489df9f4', 'workflow_run_id': '019bb5d6-6346-728f-8703-1b87e07fb68a', 'workflow_type': 'ChainExecutorWorkflow'})
2026-01-13 11:01:25,366 - temporalio.workflow - INFO - Step extract_frame2: Created workflow record 8820ab2e-7f75-41e0-a89a-023645a93ea7 ({'attempt': 1, 'namespace': 'default', 'run_id': '019bb5d6-6346-728f-8703-1b87e07fb68a', 'task_queue': 'comfyui-gpu-farm', 'workflow_id': 'chain-image-edit-to-video-pipeline-57daefb4-a902-444c-a46e-d44e489df9f4', 'workflow_type': 'ChainExecutorWorkflow'})
2026-01-13 11:01:25,372 - temporalio.workflow - INFO - Step extract_frame1: Created workflow record ae95e9a0-41ac-4050-96cd-7d1da1ef136d ({'attempt': 1, 'namespace': 'default', 'run_id': '019bb5d6-6346-728f-8703-1b87e07fb68a', 'task_queue': 'comfyui-gpu-farm', 'workflow_id': 'chain-image-edit-to-video-pipeline-57daefb4-a902-444c-a46e-d44e489df9f4', 'workflow_type': 'ChainExecutorWorkflow'})
2026-01-13 11:01:25,396 - temporalio.workflow - INFO - Starting ComfyUI workflow execution ({'attempt': 1, 'namespace': 'default', 'run_id': '019bb5d6-653b-7e6b-85a8-1d4297da48bf', 'task_queue': 'comfyui-gpu-farm', 'workflow_id': 'chain-image-edit-to-video-pipeline-57daefb4-a902-444c-a46e-d44e489df9f4-extract_frame2', 'workflow_type': 'ComfyUIWorkflow'})
2026-01-13 11:01:25,396 - temporalio.workflow - INFO - Generated client_id: d1417717-25e7-4fb8-ac33-99e0875be640 ({'attempt': 1, 'namespace': 'default', 'run_id': '019bb5d6-653b-7e6b-85a8-1d4297da48bf', 'task_queue': 'comfyui-gpu-farm', 'workflow_id': 'chain-image-edit-to-video-pipeline-57daefb4-a902-444c-a46e-d44e489df9f4-extract_frame2', 'workflow_type': 'ComfyUIWorkflow'})
2026-01-13 11:01:25,396 - temporalio.workflow - INFO - Using pre-selected server: http://procure-x.testmcp.org ({'attempt': 1, 'namespace': 'default', 'run_id': '019bb5d6-653b-7e6b-85a8-1d4297da48bf', 'task_queue': 'comfyui-gpu-farm', 'workflow_id': 'chain-image-edit-to-video-pipeline-57daefb4-a902-444c-a46e-d44e489df9f4-extract_frame2', 'workflow_type': 'ComfyUIWorkflow'})
2026-01-13 11:01:25,404 - temporalio.workflow - INFO - Starting ComfyUI workflow execution ({'attempt': 1, 'namespace': 'default', 'run_id': '019bb5d6-6544-7e93-9e10-bbf90b5a593c', 'task_queue': 'comfyui-gpu-farm', 'workflow_id': 'chain-image-edit-to-video-pipeline-57daefb4-a902-444c-a46e-d44e489df9f4-extract_frame1', 'workflow_type': 'ComfyUIWorkflow'})
2026-01-13 11:01:25,405 - temporalio.workflow - INFO - Generated client_id: 8700e58c-769d-472b-9030-a6c421737f5f ({'attempt': 1, 'namespace': 'default', 'run_id': '019bb5d6-6544-7e93-9e10-bbf90b5a593c', 'task_queue': 'comfyui-gpu-farm', 'workflow_id': 'chain-image-edit-to-video-pipeline-57daefb4-a902-444c-a46e-d44e489df9f4-extract_frame1', 'workflow_type': 'ComfyUIWorkflow'})
2026-01-13 11:01:25,405 - temporalio.workflow - INFO - Using pre-selected server: http://procure-x.testmcp.org ({'attempt': 1, 'namespace': 'default', 'run_id': '019bb5d6-6544-7e93-9e10-bbf90b5a593c', 'task_queue': 'comfyui-gpu-farm', 'workflow_id': 'chain-image-edit-to-video-pipeline-57daefb4-a902-444c-a46e-d44e489df9f4-extract_frame1', 'workflow_type': 'ComfyUIWorkflow'})
2026-01-13 11:01:25,414 - temporalio.activity - INFO - [V3] Executing workflow on http://procure-x.testmcp.org ({'activity_id': '1', 'activity_type': 'execute_and_track_workflow', 'attempt': 1, 'namespace': 'default', 'task_queue': 'comfyui-gpu-farm', 'workflow_id': 'chain-image-edit-to-video-pipeline-57daefb4-a902-444c-a46e-d44e489df9f4-extract_frame1', 'workflow_run_id': '019bb5d6-6544-7e93-9e10-bbf90b5a593c', 'workflow_type': 'ComfyUIWorkflow'})
2026-01-13 11:01:25,414 - temporalio.activity - INFO - [V3] Workflow name: imageSave ({'activity_id': '1', 'activity_type': 'execute_and_track_workflow', 'attempt': 1, 'namespace': 'default', 'task_queue': 'comfyui-gpu-farm', 'workflow_id': 'chain-image-edit-to-video-pipeline-57daefb4-a902-444c-a46e-d44e489df9f4-extract_frame1', 'workflow_run_id': '019bb5d6-6544-7e93-9e10-bbf90b5a593c', 'workflow_type': 'ComfyUIWorkflow'})
2026-01-13 11:01:25,463 - temporal_gateway.clients.comfy.client - INFO - ComfyUI client initialized for http://procure-x.testmcp.org
2026-01-13 11:01:25,464 - temporal_gateway.clients.comfy.client - INFO - Submitting workflow to ComfyUI
2026-01-13 11:01:25,466 - temporalio.activity - INFO - [V3] Executing workflow on http://procure-x.testmcp.org ({'activity_id': '1', 'activity_type': 'execute_and_track_workflow', 'attempt': 1, 'namespace': 'default', 'task_queue': 'comfyui-gpu-farm', 'workflow_id': 'chain-image-edit-to-video-pipeline-57daefb4-a902-444c-a46e-d44e489df9f4-extract_frame2', 'workflow_run_id': '019bb5d6-653b-7e6b-85a8-1d4297da48bf', 'workflow_type': 'ComfyUIWorkflow'})
2026-01-13 11:01:25,466 - temporalio.activity - INFO - [V3] Workflow name: imageSave ({'activity_id': '1', 'activity_type': 'execute_and_track_workflow', 'attempt': 1, 'namespace': 'default', 'task_queue': 'comfyui-gpu-farm', 'workflow_id': 'chain-image-edit-to-video-pipeline-57daefb4-a902-444c-a46e-d44e489df9f4-extract_frame2', 'workflow_run_id': '019bb5d6-653b-7e6b-85a8-1d4297da48bf', 'workflow_type': 'ComfyUIWorkflow'})
2026-01-13 11:01:25,518 - temporal_gateway.clients.comfy.client - INFO - ComfyUI client initialized for http://procure-x.testmcp.org
2026-01-13 11:01:25,518 - temporal_gateway.clients.comfy.client - INFO - Submitting workflow to ComfyUI
2026-01-13 11:01:25,608 - httpx - INFO - HTTP Request: POST http://procure-x.testmcp.org/prompt "HTTP/1.1 200 OK"
2026-01-13 11:01:25,609 - temporal_gateway.clients.comfy.client - INFO - Workflow queued with prompt_id: 121636e2-b112-4535-95cf-3009daddb24c
2026-01-13 11:01:25,609 - temporal_gateway.clients.comfy.tracker - INFO - Starting execution tracking for prompt 121636e2-b112-4535-95cf-3009daddb24c
2026-01-13 11:01:25,609 - temporal_gateway.clients.comfy.tracker - INFO - Starting history polling
2026-01-13 11:01:25,610 - temporal_gateway.clients.comfy.tracker - INFO - Starting WebSocket listener
2026-01-13 11:01:25,610 - temporal_gateway.clients.comfy.websocket - INFO - Connecting to WebSocket: ws://procure-x.testmcp.org/ws?clientId=25f75eb0-785a-44b5-8ac0-32f73f8c5db1
2026-01-13 11:01:25,649 - httpx - INFO - HTTP Request: GET http://procure-x.testmcp.org/history/121636e2-b112-4535-95cf-3009daddb24c "HTTP/1.1 200 OK"
2026-01-13 11:01:25,650 - httpx - INFO - HTTP Request: POST http://procure-x.testmcp.org/prompt "HTTP/1.1 200 OK"
2026-01-13 11:01:25,652 - temporal_gateway.clients.comfy.client - INFO - Workflow queued with prompt_id: 89568c82-fc0d-4bc9-bde7-d6f9a56af7f1
2026-01-13 11:01:25,652 - temporal_gateway.clients.comfy.tracker - INFO - Starting execution tracking for prompt 89568c82-fc0d-4bc9-bde7-d6f9a56af7f1
2026-01-13 11:01:25,652 - temporal_gateway.clients.comfy.tracker - INFO - Starting history polling
2026-01-13 11:01:25,653 - temporal_gateway.clients.comfy.tracker - INFO - Starting WebSocket listener
2026-01-13 11:01:25,653 - temporal_gateway.clients.comfy.websocket - INFO - Connecting to WebSocket: ws://procure-x.testmcp.org/ws?clientId=20a4b79d-64bb-4325-8f00-34a1f02412db
2026-01-13 11:01:25,669 - temporal_gateway.clients.comfy.websocket - INFO - WebSocket connected successfully
2026-01-13 11:01:25,677 - httpx - INFO - HTTP Request: GET http://procure-x.testmcp.org/history/89568c82-fc0d-4bc9-bde7-d6f9a56af7f1 "HTTP/1.1 200 OK"
2026-01-13 11:01:25,710 - temporal_gateway.clients.comfy.websocket - INFO - WebSocket connected successfully
2026-01-13 11:01:25,742 - temporal_gateway.clients.comfy.tracker - INFO - [WS] Execution completed successfully
2026-01-13 11:01:26,141 - httpx - INFO - HTTP Request: GET http://procure-x.testmcp.org/history/121636e2-b112-4535-95cf-3009daddb24c "HTTP/1.1 200 OK"
2026-01-13 11:01:26,143 - temporal_gateway.clients.comfy.tracker - INFO - Tracking completed: success (took 0.53s)
2026-01-13 11:01:26,144 - temporalio.activity - INFO - [V3] Workflow completed successfully ({'activity_id': '1', 'activity_type': 'execute_and_track_workflow', 'attempt': 1, 'namespace': 'default', 'task_queue': 'comfyui-gpu-farm', 'workflow_id': 'chain-image-edit-to-video-pipeline-57daefb4-a902-444c-a46e-d44e489df9f4-extract_frame2', 'workflow_run_id': '019bb5d6-653b-7e6b-85a8-1d4297da48bf', 'workflow_type': 'ComfyUIWorkflow'})
2026-01-13 11:01:26,158 - temporalio.workflow - INFO - Execution completed successfully ({'attempt': 1, 'namespace': 'default', 'run_id': '019bb5d6-653b-7e6b-85a8-1d4297da48bf', 'task_queue': 'comfyui-gpu-farm', 'workflow_id': 'chain-image-edit-to-video-pipeline-57daefb4-a902-444c-a46e-d44e489df9f4-extract_frame2', 'workflow_type': 'ComfyUIWorkflow'})
2026-01-13 11:01:26,166 - temporalio.activity - INFO - Extracting server output files ({'activity_id': '2', 'activity_type': 'get_server_output_files', 'attempt': 1, 'namespace': 'default', 'task_queue': 'comfyui-gpu-farm', 'workflow_id': 'chain-image-edit-to-video-pipeline-57daefb4-a902-444c-a46e-d44e489df9f4-extract_frame2', 'workflow_run_id': '019bb5d6-653b-7e6b-85a8-1d4297da48bf', 'workflow_type': 'ComfyUIWorkflow'})
2026-01-13 11:01:26,166 - temporalio.activity - INFO - Found 1 output file(s) ({'activity_id': '2', 'activity_type': 'get_server_output_files', 'attempt': 1, 'namespace': 'default', 'task_queue': 'comfyui-gpu-farm', 'workflow_id': 'chain-image-edit-to-video-pipeline-57daefb4-a902-444c-a46e-d44e489df9f4-extract_frame2', 'workflow_run_id': '019bb5d6-653b-7e6b-85a8-1d4297da48bf', 'workflow_type': 'ComfyUIWorkflow'})
2026-01-13 11:01:26,176 - temporalio.workflow - INFO - Found 1 server output file(s) ({'attempt': 1, 'namespace': 'default', 'run_id': '019bb5d6-653b-7e6b-85a8-1d4297da48bf', 'task_queue': 'comfyui-gpu-farm', 'workflow_id': 'chain-image-edit-to-video-pipeline-57daefb4-a902-444c-a46e-d44e489df9f4-extract_frame2', 'workflow_type': 'ComfyUIWorkflow'})
2026-01-13 11:01:26,184 - temporalio.activity - INFO - Downloading and persisting 1 artifact(s) for workflow 8820ab2e-7f75-41e0-a89a-023645a93ea7 ({'activity_id': '3', 'activity_type': 'download_and_store_artifacts', 'attempt': 1, 'namespace': 'default', 'task_queue': 'comfyui-gpu-farm', 'workflow_id': 'chain-image-edit-to-video-pipeline-57daefb4-a902-444c-a46e-d44e489df9f4-extract_frame2', 'workflow_run_id': '019bb5d6-653b-7e6b-85a8-1d4297da48bf', 'workflow_type': 'ComfyUIWorkflow'})
2026-01-13 11:01:26,229 - temporal_gateway.clients.comfy.client - INFO - ComfyUI client initialized for http://procure-x.testmcp.org
2026-01-13 11:01:26,230 - temporal_gateway.clients.comfy.tracker - INFO - [WS] Execution completed successfully
2026-01-13 11:01:26,262 - httpx - INFO - HTTP Request: GET http://procure-x.testmcp.org/history/89568c82-fc0d-4bc9-bde7-d6f9a56af7f1 "HTTP/1.1 200 OK"
2026-01-13 11:01:26,264 - temporal_gateway.clients.comfy.tracker - INFO - Tracking completed: success (took 0.61s)
2026-01-13 11:01:26,264 - temporalio.activity - INFO - [V3] Workflow completed successfully ({'activity_id': '1', 'activity_type': 'execute_and_track_workflow', 'attempt': 1, 'namespace': 'default', 'task_queue': 'comfyui-gpu-farm', 'workflow_id': 'chain-image-edit-to-video-pipeline-57daefb4-a902-444c-a46e-d44e489df9f4-extract_frame1', 'workflow_run_id': '019bb5d6-6544-7e93-9e10-bbf90b5a593c', 'workflow_type': 'ComfyUIWorkflow'})
2026-01-13 11:01:26,275 - temporalio.workflow - INFO - Execution completed successfully ({'attempt': 1, 'namespace': 'default', 'run_id': '019bb5d6-6544-7e93-9e10-bbf90b5a593c', 'task_queue': 'comfyui-gpu-farm', 'workflow_id': 'chain-image-edit-to-video-pipeline-57daefb4-a902-444c-a46e-d44e489df9f4-extract_frame1', 'workflow_type': 'ComfyUIWorkflow'})
2026-01-13 11:01:26,282 - temporalio.activity - INFO - Extracting server output files ({'activity_id': '2', 'activity_type': 'get_server_output_files', 'attempt': 1, 'namespace': 'default', 'task_queue': 'comfyui-gpu-farm', 'workflow_id': 'chain-image-edit-to-video-pipeline-57daefb4-a902-444c-a46e-d44e489df9f4-extract_frame1', 'workflow_run_id': '019bb5d6-6544-7e93-9e10-bbf90b5a593c', 'workflow_type': 'ComfyUIWorkflow'})
2026-01-13 11:01:26,283 - temporalio.activity - INFO - Found 1 output file(s) ({'activity_id': '2', 'activity_type': 'get_server_output_files', 'attempt': 1, 'namespace': 'default', 'task_queue': 'comfyui-gpu-farm', 'workflow_id': 'chain-image-edit-to-video-pipeline-57daefb4-a902-444c-a46e-d44e489df9f4-extract_frame1', 'workflow_run_id': '019bb5d6-6544-7e93-9e10-bbf90b5a593c', 'workflow_type': 'ComfyUIWorkflow'})
2026-01-13 11:01:26,290 - httpx - INFO - HTTP Request: GET http://procure-x.testmcp.org/view?filename=ComfyUI_00246_.png&type=output "HTTP/1.1 200 OK"
2026-01-13 11:01:26,292 - temporalio.workflow - INFO - Found 1 server output file(s) ({'attempt': 1, 'namespace': 'default', 'run_id': '019bb5d6-6544-7e93-9e10-bbf90b5a593c', 'task_queue': 'comfyui-gpu-farm', 'workflow_id': 'chain-image-edit-to-video-pipeline-57daefb4-a902-444c-a46e-d44e489df9f4-extract_frame1', 'workflow_type': 'ComfyUIWorkflow'})
2026-01-13 11:01:26,300 - temporalio.activity - INFO - Downloading and persisting 1 artifact(s) for workflow ae95e9a0-41ac-4050-96cd-7d1da1ef136d ({'activity_id': '3', 'activity_type': 'download_and_store_artifacts', 'attempt': 1, 'namespace': 'default', 'task_queue': 'comfyui-gpu-farm', 'workflow_id': 'chain-image-edit-to-video-pipeline-57daefb4-a902-444c-a46e-d44e489df9f4-extract_frame1', 'workflow_run_id': '019bb5d6-6544-7e93-9e10-bbf90b5a593c', 'workflow_type': 'ComfyUIWorkflow'})
2026-01-13 11:01:26,347 - temporal_gateway.clients.comfy.client - INFO - ComfyUI client initialized for http://procure-x.testmcp.org
2026-01-13 11:01:26,366 - temporalio.activity - INFO - ✓ Saved artifact to DB: 7f80368a-0e7b-4e72-aa9d-8edbe263df8d (ComfyUI_00246_.png) ({'activity_id': '3', 'activity_type': 'download_and_store_artifacts', 'attempt': 1, 'namespace': 'default', 'task_queue': 'comfyui-gpu-farm', 'workflow_id': 'chain-image-edit-to-video-pipeline-57daefb4-a902-444c-a46e-d44e489df9f4-extract_frame2', 'workflow_run_id': '019bb5d6-653b-7e6b-85a8-1d4297da48bf', 'workflow_type': 'ComfyUIWorkflow'})
2026-01-13 11:01:26,366 - temporalio.activity - INFO - Downloaded and persisted 1 artifact(s) ({'activity_id': '3', 'activity_type': 'download_and_store_artifacts', 'attempt': 1, 'namespace': 'default', 'task_queue': 'comfyui-gpu-farm', 'workflow_id': 'chain-image-edit-to-video-pipeline-57daefb4-a902-444c-a46e-d44e489df9f4-extract_frame2', 'workflow_run_id': '019bb5d6-653b-7e6b-85a8-1d4297da48bf', 'workflow_type': 'ComfyUIWorkflow'})
2026-01-13 11:01:26,377 - temporalio.workflow - INFO - Downloaded 1 file(s) locally ({'attempt': 1, 'namespace': 'default', 'run_id': '019bb5d6-653b-7e6b-85a8-1d4297da48bf', 'task_queue': 'comfyui-gpu-farm', 'workflow_id': 'chain-image-edit-to-video-pipeline-57daefb4-a902-444c-a46e-d44e489df9f4-extract_frame2', 'workflow_type': 'ComfyUIWorkflow'})
2026-01-13 11:01:26,398 - temporalio.activity - INFO - Updating workflow 8820ab2e-7f75-41e0-a89a-023645a93ea7 status to: completed ({'activity_id': '10', 'activity_type': 'update_workflow_status_activity', 'attempt': 1, 'namespace': 'default', 'task_queue': 'comfyui-gpu-farm', 'workflow_id': 'chain-image-edit-to-video-pipeline-57daefb4-a902-444c-a46e-d44e489df9f4', 'workflow_run_id': '019bb5d6-6346-728f-8703-1b87e07fb68a', 'workflow_type': 'ChainExecutorWorkflow'})
2026-01-13 11:01:26,403 - temporalio.activity - INFO - ✓ Updated workflow status ({'activity_id': '10', 'activity_type': 'update_workflow_status_activity', 'attempt': 1, 'namespace': 'default', 'task_queue': 'comfyui-gpu-farm', 'workflow_id': 'chain-image-edit-to-video-pipeline-57daefb4-a902-444c-a46e-d44e489df9f4', 'workflow_run_id': '019bb5d6-6346-728f-8703-1b87e07fb68a', 'workflow_type': 'ChainExecutorWorkflow'})
2026-01-13 11:01:26,404 - httpx - INFO - HTTP Request: GET http://procure-x.testmcp.org/view?filename=ComfyUI_00247_.png&type=output "HTTP/1.1 200 OK"
2026-01-13 11:01:26,412 - temporalio.workflow - INFO - Step extract_frame2: Approval required, fetching artifacts... ({'attempt': 1, 'namespace': 'default', 'run_id': '019bb5d6-6346-728f-8703-1b87e07fb68a', 'task_queue': 'comfyui-gpu-farm', 'workflow_id': 'chain-image-edit-to-video-pipeline-57daefb4-a902-444c-a46e-d44e489df9f4', 'workflow_type': 'ChainExecutorWorkflow'})
2026-01-13 11:01:26,420 - temporalio.activity - INFO - Getting artifacts for workflow: 8820ab2e-7f75-41e0-a89a-023645a93ea7 ({'activity_id': '11', 'activity_type': 'get_workflow_artifacts', 'attempt': 1, 'namespace': 'default', 'task_queue': 'comfyui-gpu-farm', 'workflow_id': 'chain-image-edit-to-video-pipeline-57daefb4-a902-444c-a46e-d44e489df9f4', 'workflow_run_id': '019bb5d6-6346-728f-8703-1b87e07fb68a', 'workflow_type': 'ChainExecutorWorkflow'})
2026-01-13 11:01:26,439 - temporalio.activity - INFO - Creating approval request for artifact: 7f80368a-0e7b-4e72-aa9d-8edbe263df8d ({'activity_id': '12', 'activity_type': 'create_approval_request_activity', 'attempt': 1, 'namespace': 'default', 'task_queue': 'comfyui-gpu-farm', 'workflow_id': 'chain-image-edit-to-video-pipeline-57daefb4-a902-444c-a46e-d44e489df9f4', 'workflow_run_id': '019bb5d6-6346-728f-8703-1b87e07fb68a', 'workflow_type': 'ChainExecutorWorkflow'})
2026-01-13 11:01:26,448 - temporalio.activity - INFO - ✓ Created approval request: ea2c473b-804c-437c-843e-a5d632ba9171, token: zO6oa9JprA18EEn1... ({'activity_id': '12', 'activity_type': 'create_approval_request_activity', 'attempt': 1, 'namespace': 'default', 'task_queue': 'comfyui-gpu-farm', 'workflow_id': 'chain-image-edit-to-video-pipeline-57daefb4-a902-444c-a46e-d44e489df9f4', 'workflow_run_id': '019bb5d6-6346-728f-8703-1b87e07fb68a', 'workflow_type': 'ChainExecutorWorkflow'})
2026-01-13 11:01:26,449 - temporal_gateway.services.broadcast - INFO - Published approval_requested to chain:8099e20b-4302-4e5b-bfe2-84aa0e5e8105
2026-01-13 11:01:26,450 - temporalio.activity - INFO - Published approval_requested event for chain 8099e20b-4302-4e5b-bfe2-84aa0e5e8105 ({'activity_id': '12', 'activity_type': 'create_approval_request_activity', 'attempt': 1, 'namespace': 'default', 'task_queue': 'comfyui-gpu-farm', 'workflow_id': 'chain-image-edit-to-video-pipeline-57daefb4-a902-444c-a46e-d44e489df9f4', 'workflow_run_id': '019bb5d6-6346-728f-8703-1b87e07fb68a', 'workflow_type': 'ChainExecutorWorkflow'})
2026-01-13 11:01:26,464 - temporalio.activity - INFO - ✓ Saved artifact to DB: f137a905-8aa4-44b1-8c14-f59b6b085f53 (ComfyUI_00247_.png) ({'activity_id': '3', 'activity_type': 'download_and_store_artifacts', 'attempt': 1, 'namespace': 'default', 'task_queue': 'comfyui-gpu-farm', 'workflow_id': 'chain-image-edit-to-video-pipeline-57daefb4-a902-444c-a46e-d44e489df9f4-extract_frame1', 'workflow_run_id': '019bb5d6-6544-7e93-9e10-bbf90b5a593c', 'workflow_type': 'ComfyUIWorkflow'})
2026-01-13 11:01:26,465 - temporalio.activity - INFO - Downloaded and persisted 1 artifact(s) ({'activity_id': '3', 'activity_type': 'download_and_store_artifacts', 'attempt': 1, 'namespace': 'default', 'task_queue': 'comfyui-gpu-farm', 'workflow_id': 'chain-image-edit-to-video-pipeline-57daefb4-a902-444c-a46e-d44e489df9f4-extract_frame1', 'workflow_run_id': '019bb5d6-6544-7e93-9e10-bbf90b5a593c', 'workflow_type': 'ComfyUIWorkflow'})
2026-01-13 11:01:26,466 - temporalio.workflow - INFO - Step extract_frame2: Approval request created, token: zO6oa9JprA18EEn1... ({'attempt': 1, 'namespace': 'default', 'run_id': '019bb5d6-6346-728f-8703-1b87e07fb68a', 'task_queue': 'comfyui-gpu-farm', 'workflow_id': 'chain-image-edit-to-video-pipeline-57daefb4-a902-444c-a46e-d44e489df9f4', 'workflow_type': 'ChainExecutorWorkflow'})
2026-01-13 11:01:26,475 - temporalio.workflow - INFO - Downloaded 1 file(s) locally ({'attempt': 1, 'namespace': 'default', 'run_id': '019bb5d6-6544-7e93-9e10-bbf90b5a593c', 'task_queue': 'comfyui-gpu-farm', 'workflow_id': 'chain-image-edit-to-video-pipeline-57daefb4-a902-444c-a46e-d44e489df9f4-extract_frame1', 'workflow_type': 'ComfyUIWorkflow'})
2026-01-13 11:01:26,496 - temporalio.activity - INFO - Updating workflow ae95e9a0-41ac-4050-96cd-7d1da1ef136d status to: completed ({'activity_id': '13', 'activity_type': 'update_workflow_status_activity', 'attempt': 1, 'namespace': 'default', 'task_queue': 'comfyui-gpu-farm', 'workflow_id': 'chain-image-edit-to-video-pipeline-57daefb4-a902-444c-a46e-d44e489df9f4', 'workflow_run_id': '019bb5d6-6346-728f-8703-1b87e07fb68a', 'workflow_type': 'ChainExecutorWorkflow'})
2026-01-13 11:01:26,499 - temporalio.activity - INFO - ✓ Updated workflow status ({'activity_id': '13', 'activity_type': 'update_workflow_status_activity', 'attempt': 1, 'namespace': 'default', 'task_queue': 'comfyui-gpu-farm', 'workflow_id': 'chain-image-edit-to-video-pipeline-57daefb4-a902-444c-a46e-d44e489df9f4', 'workflow_run_id': '019bb5d6-6346-728f-8703-1b87e07fb68a', 'workflow_type': 'ChainExecutorWorkflow'})
2026-01-13 11:01:26,509 - temporalio.workflow - INFO - Step extract_frame1: Approval required, fetching artifacts... ({'attempt': 1, 'namespace': 'default', 'run_id': '019bb5d6-6346-728f-8703-1b87e07fb68a', 'task_queue': 'comfyui-gpu-farm', 'workflow_id': 'chain-image-edit-to-video-pipeline-57daefb4-a902-444c-a46e-d44e489df9f4', 'workflow_type': 'ChainExecutorWorkflow'})
2026-01-13 11:01:26,516 - temporalio.activity - INFO - Getting artifacts for workflow: ae95e9a0-41ac-4050-96cd-7d1da1ef136d ({'activity_id': '14', 'activity_type': 'get_workflow_artifacts', 'attempt': 1, 'namespace': 'default', 'task_queue': 'comfyui-gpu-farm', 'workflow_id': 'chain-image-edit-to-video-pipeline-57daefb4-a902-444c-a46e-d44e489df9f4', 'workflow_run_id': '019bb5d6-6346-728f-8703-1b87e07fb68a', 'workflow_type': 'ChainExecutorWorkflow'})
2026-01-13 11:01:26,534 - temporalio.activity - INFO - Creating approval request for artifact: f137a905-8aa4-44b1-8c14-f59b6b085f53 ({'activity_id': '15', 'activity_type': 'create_approval_request_activity', 'attempt': 1, 'namespace': 'default', 'task_queue': 'comfyui-gpu-farm', 'workflow_id': 'chain-image-edit-to-video-pipeline-57daefb4-a902-444c-a46e-d44e489df9f4', 'workflow_run_id': '019bb5d6-6346-728f-8703-1b87e07fb68a', 'workflow_type': 'ChainExecutorWorkflow'})
2026-01-13 11:01:26,538 - temporalio.activity - INFO - ✓ Created approval request: d323e3b2-36d2-4314-93ea-53370f4e7dd3, token: V4NFsP8vmVC7qzwI... ({'activity_id': '15', 'activity_type': 'create_approval_request_activity', 'attempt': 1, 'namespace': 'default', 'task_queue': 'comfyui-gpu-farm', 'workflow_id': 'chain-image-edit-to-video-pipeline-57daefb4-a902-444c-a46e-d44e489df9f4', 'workflow_run_id': '019bb5d6-6346-728f-8703-1b87e07fb68a', 'workflow_type': 'ChainExecutorWorkflow'})
2026-01-13 11:01:26,539 - temporal_gateway.services.broadcast - INFO - Published approval_requested to chain:8099e20b-4302-4e5b-bfe2-84aa0e5e8105
2026-01-13 11:01:26,539 - temporalio.activity - INFO - Published approval_requested event for chain 8099e20b-4302-4e5b-bfe2-84aa0e5e8105 ({'activity_id': '15', 'activity_type': 'create_approval_request_activity', 'attempt': 1, 'namespace': 'default', 'task_queue': 'comfyui-gpu-farm', 'workflow_id': 'chain-image-edit-to-video-pipeline-57daefb4-a902-444c-a46e-d44e489df9f4', 'workflow_run_id': '019bb5d6-6346-728f-8703-1b87e07fb68a', 'workflow_type': 'ChainExecutorWorkflow'})
2026-01-13 11:01:26,548 - temporalio.workflow - INFO - Step extract_frame1: Approval request created, token: V4NFsP8vmVC7qzwI... ({'attempt': 1, 'namespace': 'default', 'run_id': '019bb5d6-6346-728f-8703-1b87e07fb68a', 'task_queue': 'comfyui-gpu-farm', 'workflow_id': 'chain-image-edit-to-video-pipeline-57daefb4-a902-444c-a46e-d44e489df9f4', 'workflow_type': 'ChainExecutorWorkflow'})
2026-01-13 11:03:29,531 - temporalio.worker._worker - INFO - Worker cancelled, shutting down
2026-01-13 11:03:29,531 - temporalio.worker._worker - INFO - Beginning worker shutdown, will wait 0:00:00 before cancelling activities
